Component: ARM Compiler 5.06 update 7 (build 960) Tool: armlink [4d3601]

==============================================================================

Section Cross References

    startup_gr55xx.o(RESET) refers to startup_gr55xx.o(.text) for Reset_Handler
    startup_gr55xx.o(RESET) refers to interrupt_gr55xx.o(RAM_CODE) for HardFault_Handler
    startup_gr55xx.o(RESET) refers to interrupt_gr55xx.o(RAM_CODE) for MemManage_Handler
    startup_gr55xx.o(RESET) refers to port.o(.emb_text) for PendSV_Handler
    startup_gr55xx.o(RESET) refers to port.o(i.SysTick_Handler) for SysTick_Handler
    startup_gr55xx.o(RESET) refers to app_dma.o(RAM_CODE) for DMA_IRQHandler
    startup_gr55xx.o(RESET) refers to app_spi.o(RAM_CODE) for SPI_M_IRQHandler
    startup_gr55xx.o(RESET) refers to app_gpiote.o(RAM_CODE) for EXT0_IRQHandler
    startup_gr55xx.o(RESET) refers to app_uart.o(RAM_CODE) for UART0_IRQHandler
    startup_gr55xx.o(RESET) refers to app_i2c.o(RAM_CODE) for I2C0_IRQHandler
    startup_gr55xx.o(RESET) refers to app_i2s.o(RAM_CODE) for I2S_M_IRQHandler
    startup_gr55xx.o(.text) refers to system_gr55xx.o(i.set_msp) for set_msp
    startup_gr55xx.o(.text) refers to system_gr55xx.o(i.SystemInit) for SystemInit
    startup_gr55xx.o(.text) refers to system_gr55xx.o(i.main_init) for main_init
    interrupt_gr55xx.o(RAM_CODE) refers to interrupt_gr55xx.o(RAM_CODE) for cortex_backtrace_fault_handler
    system_gr55xx.o(i.SystemCoreSetClock) refers to system_gr55xx.o(.constdata) for .constdata
    system_gr55xx.o(i.SystemCoreSetClock) refers to system_gr55xx.o(.data) for .data
    system_gr55xx.o(i.SystemCoreUpdateClock) refers to system_gr55xx.o(.constdata) for .constdata
    system_gr55xx.o(i.SystemCoreUpdateClock) refers to system_gr55xx.o(.data) for .data
    system_gr55xx.o(i.SystemInit) refers to sdk_ram_init_patch.o(i.sdk_init) for sdk_init
    system_gr55xx.o(i.main_init) refers to platform_sdk.o(i.pwr_mgmt_warm_boot) for pwr_mgmt_warm_boot
    system_gr55xx.o(i.main_init) refers to entry.o(.ARM.Collect$$$$00000000) for __main
    system_gr55xx.o(i.system_platform_init) refers to platform_gr55xx.o(i.platform_init) for platform_init
    system_gr55xx.o(i.system_platform_init) refers to system_gr55xx.o(.data) for .data
    platform_gr55xx.o(i.$Sub$$main) refers to system_gr55xx.o(i.system_platform_init) for system_platform_init
    platform_gr55xx.o(i.$Sub$$main) refers to main.o(i.main) for $Super$$main
    platform_gr55xx.o(i.ble_sdk_env_init) refers to cold_patch.o(i.ble_con_env_init) for ble_con_env_init
    platform_gr55xx.o(i.ble_sdk_env_init) refers to cold_patch.o(i.ble_scan_env_init) for ble_scan_env_init
    platform_gr55xx.o(i.ble_sdk_env_init) refers to cold_patch.o(i.ble_adv_env_init) for ble_adv_env_init
    platform_gr55xx.o(i.nvds_setup) refers to hal_flash_patch.o(i.hal_flash_erase) for hal_flash_erase
    platform_gr55xx.o(i.platform_init) refers to warm_boot_patch.o(i.warm_boot_set_exflash_readid_delay) for warm_boot_set_exflash_readid_delay
    platform_gr55xx.o(i.platform_init) refers to platform_sdk.o(i.ble_wakeup_osc_time_get) for ble_wakeup_osc_time_get
    platform_gr55xx.o(i.platform_init) refers to platform_sdk.o(i.ble_wakeup_osc_time_set) for ble_wakeup_osc_time_set
    platform_gr55xx.o(i.platform_init) refers to platform_sdk.o(i.platform_init_push) for platform_init_push
    platform_gr55xx.o(i.platform_init) refers to platform_sram.o(i.mem_pwr_mgmt_init) for mem_pwr_mgmt_init
    platform_gr55xx.o(i.platform_init) refers to hal_flash_patch.o(i.hal_flash_init) for hal_flash_init
    platform_gr55xx.o(i.platform_init) refers to platform_exflash.o(i.platform_flash_enable_quad) for platform_flash_enable_quad
    platform_gr55xx.o(i.platform_init) refers to platform_exflash.o(i.platform_flash_protection) for platform_flash_protection
    platform_gr55xx.o(i.platform_init) refers to platform_gr55xx.o(i.nvds_setup) for nvds_setup
    platform_gr55xx.o(i.platform_init) refers to platform_clock.o(i.platform_clock_init) for platform_clock_init
    platform_gr55xx.o(i.platform_init) refers to platform_sdk.o(i.platform_sdk_init) for platform_sdk_init
    platform_gr55xx.o(i.platform_init) refers to pmu_calibration.o(i.system_pmu_calibration_init) for system_pmu_calibration_init
    platform_gr55xx.o(i.platform_init) refers to platform_sdk.o(i.system_pmu_deinit) for system_pmu_deinit
    platform_gr55xx.o(i.platform_init) refers to system_gr55xx.o(i.SystemCoreSetClock) for SystemCoreSetClock
    platform_gr55xx.o(i.platform_init) refers to platform_sdk.o(i.system_pmu_init) for system_pmu_init
    platform_gr55xx.o(i.platform_init) refers to platform_sdk.o(i.pmu_calibration_handler) for pmu_calibration_handler
    platform_gr55xx.o(i.platform_init) refers to system_sdk_patch.o(i.rtc_calibration) for rtc_calibration
    platform_gr55xx.o(i.platform_init) refers to system_sdk_patch.o(i.rng_calibration) for rng_calibration
[...]
    0x0100659c   0x0100659c   0x00000054   Code   RO         5074    i.audio_storage_process  audio_storage.o
    0x010065f0   0x010065f0   0x00000214   Code   RO         5077    i.audio_storage_start_wav_for_samples  audio_storage.o
    0x01006804   0x01006804   0x000000a8   Code   RO         5078    i.audio_storage_stop  audio_storage.o
    0x010068ac   0x010068ac   0x000000b8   Code   RO         5079    i.audio_storage_write  audio_storage.o
    0x01006964   0x01006964   0x00000074   Code   RO         5080    i.audio_storage_write_pcm16  audio_storage.o
    0x010069d8   0x010069d8   0x00000014   Code   RO         4814    i.audio_task        main.o
    0x010069ec   0x010069ec   0x00000004   Code   RO         6368    i.ble_adv_env_init  ble_sdk.lib(cold_patch.o)
    0x010069f0   0x010069f0   0x000000ac   Code   RO         6531    i.ble_bm_set_sec_info_patch  ble_sdk.lib(ble_bondmgr_patch.o)
    0x01006a9c   0x01006a9c   0x00000032   Code   RO         6369    i.ble_common_env_init  ble_sdk.lib(cold_patch.o)
    0x01006ace   0x01006ace   0x0000003e   Code   RO         6370    i.ble_con_env_init  ble_sdk.lib(cold_patch.o)
    0x01006b0c   0x01006b0c   0x0000001e   Code   RO         6110    i.ble_gattc_indicate_cfm  ble_sdk.lib(ble_sdk_gattc_patch.o)
    0x01006b2a   0x01006b2a   0x0000001c   Code   RO         6136    i.ble_gatts_noti_ind  ble_sdk.lib(ble_sdk_gattc_patch.o)
    0x01006b46   0x01006b46   0x0000001e   Code   RO         6138    i.ble_gatts_read_cfm  ble_sdk.lib(ble_sdk_gattc_patch.o)
    0x01006b64   0x01006b64   0x0000001c   Code   RO         6139    i.ble_gatts_write_cfm  ble_sdk.lib(ble_sdk_gattc_patch.o)
    0x01006b80   0x01006b80   0x00000178   Code   RO         4888    i.ble_init_cmp_callback  user_app.o
    0x01006cf8   0x01006cf8   0x0000000c   Code   RO         6035    i.ble_nvds_del      ble_sdk.lib(sdk_nvds_patch.o)
    0x01006d04   0x01006d04   0x0000000c   Code   RO         6038    i.ble_nvds_put      ble_sdk.lib(sdk_nvds_patch.o)
    0x01006d10   0x01006d10   0x00000024   Code   RO         6039    i.ble_nvds_set_entry  ble_sdk.lib(sdk_nvds_patch.o)
    0x01006d34   0x01006d34   0x00000020   Code   RO         4948    i.ble_ring_has_space  transport_scheduler.o
    0x01006d54   0x01006d54   0x0000001e   Code   RO         6371    i.ble_scan_env_init  ble_sdk.lib(cold_patch.o)
    0x01006d72   0x01006d72   0x00000010   Code   RO          404    i.ble_sdk_env_init  platform_gr55xx.o
    0x01006d82   0x01006d82   0x00000002   PAD
    0x01006d84   0x01006d84   0x00000020   Code   RO         7025    i.ble_sdk_gapm_replace  ble_sdk.lib(ble_sdk_gapm_patch.o)
    0x01006da4   0x01006da4   0x00000068   Code   RO         7079    i.ble_sdk_gattc_event_ind_handler_patch  ble_sdk.lib(ble_sdk_gatt_task_patch.o)
    0x01006e0c   0x01006e0c   0x00000070   Code   RO         7080    i.ble_sdk_gatts_svc_changed_cfg_ind_handler_patch  ble_sdk.lib(ble_sdk_gatt_task_patch.o)
    0x01006e7c   0x01006e7c   0x00000016   Code   RO         7001    i.ble_sdk_init_patch  ble_sdk.lib(ble_sdk_patch.o)
    0x01006e92   0x01006e92   0x00000002   PAD
    0x01006e94   0x01006e94   0x00000010   Code   RO         7002    i.ble_sdk_replace   ble_sdk.lib(ble_sdk_patch.o)
    0x01006ea4   0x01006ea4   0x00000060   Code   RO         5908    i.ble_sdk_rwip_init  ble_sdk.lib(system_sdk_patch.o)
    0x01006f04   0x01006f04   0x00000104   Code   RO         5909    i.ble_stack_init    ble_sdk.lib(system_sdk_patch.o)
    0x01007008   0x01007008   0x00000038   Code   RO         4949    i.ble_to_uart_push  transport_scheduler.o
    0x01007040   0x01007040   0x00000014   Code   RO         6209    i.ble_wakeup_osc_time_get  ble_sdk.lib(platform_sdk.o)
    0x01007054   0x01007054   0x00000014   Code   RO         6210    i.ble_wakeup_osc_time_set  ble_sdk.lib(platform_sdk.o)
    0x01007068   0x01007068   0x00000014   Code   RO         2357    i.bsp_segger_rtt_init  bsp.o
    0x0100707c   0x0100707c   0x0000000a   Code   RO         2358    i.bsp_segger_rtt_send  bsp.o
    0x01007086   0x01007086   0x00000002   PAD
    0x01007088   0x01007088   0x00000028   Code   RO         5081    i.build_file_path   audio_storage.o
    0x010070b0   0x010070b0   0x00000070   Code   RO         4300    i.check_fs          ff.o
    0x01007120   0x01007120   0x00000010   Code   RO         4301    i.chk_chr           ff.o
    0x01007130   0x01007130   0x0000007c   Code   RO         6211    i.clk_period_1V_set  ble_sdk.lib(platform_sdk.o)
    0x010071ac   0x010071ac   0x00000018   Code   RO         4302    i.clst2sect         ff.o
    0x010071c4   0x010071c4   0x00000016   Code   RO         6372    i.cold_patch_apply  ble_sdk.lib(cold_patch.o)
    0x010071da   0x010071da   0x00000002   PAD
    0x010071dc   0x010071dc   0x0000023c   Code   RO         6040    i.compact_nvds      ble_sdk.lib(sdk_nvds_patch.o)
    0x01007418   0x01007418   0x00000028   Code   RO         6736    i.compute_pref_period  ble_sdk.lib(llc_con_upd_patch.o)
    0x01007440   0x01007440   0x0000001e   Code   RO         6041    i.cp_hdr_incr       ble_sdk.lib(sdk_nvds_patch.o)
    0x0100745e   0x0100745e   0x00000002   PAD
    0x01007460   0x01007460   0x0000001c   Code   RO         6212    i.cpll_calibration  ble_sdk.lib(platform_sdk.o)
    0x0100747c   0x0100747c   0x000000c4   Code   RO         6213    i.cpll_calibration_init  ble_sdk.lib(platform_sdk.o)
    0x01007540   0x01007540   0x000000d0   Code   RO         6214    i.cpll_lock_check_recover  ble_sdk.lib(platform_sdk.o)
    0x01007610   0x01007610   0x000001a8   Code   RO         6215    i.cpll_renew_vco_base  ble_sdk.lib(platform_sdk.o)
    0x010077b8   0x010077b8   0x000000ee   Code   RO         4303    i.create_chain      ff.o
    0x010078a6   0x010078a6   0x00000002   PAD
    0x010078a8   0x010078a8   0x00000100   Code   RO         4304    i.create_name       ff.o
    0x010079a8   0x010079a8   0x00000040   Code   RO         6624    i.create_sch_arb_sync_event  ble_sdk.lib(sch_arb_patch.o)
    0x010079e8   0x010079e8   0x00000050   Code   RO         6216    i.current_shape_set  ble_sdk.lib(platform_sdk.o)
    0x01007a38   0x01007a38   0x0000000c   Code   RO         4305    i.dbc_1st           ff.o
    0x01007a44   0x01007a44   0x0000000c   Code   RO         4306    i.dbc_2nd           ff.o
    0x01007a50   0x01007a50   0x00000034   Code   RO         6042    i.dec_flash_read    ble_sdk.lib(sdk_nvds_patch.o)
    0x01007a84   0x01007a84   0x00000034   Code   RO         6043    i.dec_flash_write   ble_sdk.lib(sdk_nvds_patch.o)
    0x01007ab8   0x01007ab8   0x00000010   Code   RO         6964    i.dfu_cmd_handler_replace  ble_sdk.lib(dfu_cmd_handler_patch.o)
    0x01007ac8   0x01007ac8   0x0000004a   Code   RO         4307    i.dir_alloc         ff.o
    0x01007b12   0x01007b12   0x0000005e   Code   RO         4308    i.dir_clear         ff.o
    0x01007b70   0x01007b70   0x00000054   Code   RO         4309    i.dir_find          ff.o
    0x01007bc4   0x01007bc4   0x000000c6   Code   RO         4310    i.dir_next          ff.o
    0x01007c8a   0x01007c8a   0x0000003c   Code   RO         4312    i.dir_register      ff.o
    0x01007cc6   0x01007cc6   0x00000094   Code   RO         4314    i.dir_sdi           ff.o
    0x01007d5a   0x01007d5a   0x00000002   PAD
    0x01007d5c   0x01007d5c   0x0000002c   Code   RO         4595    i.disk_initialize   diskio.o
    0x01007d88   0x01007d88   0x0000001c   Code   RO         4596    i.disk_ioctl        diskio.o
    0x01007da4   0x01007da4   0x0000001c   Code   RO         4597    i.disk_read         diskio.o
    0x01007dc0   0x01007dc0   0x00000018   Code   RO         4598    i.disk_status       diskio.o
    0x01007dd8   0x01007dd8   0x0000001c   Code   RO         4599    i.disk_write        diskio.o
    0x01007df4   0x01007df4   0x00000040   Code   RO         1109    i.dma_err_callback  app_dma.o
    0x01007e34   0x01007e34   0x0000003c   Code   RO         1110    i.dma_prepare_for_sleep  app_dma.o
    0x01007e70   0x01007e70   0x00000002   Code   RO         1111    i.dma_sleep_canceled  app_dma.o
    0x01007e72   0x01007e72   0x00000002   PAD
    0x01007e74   0x01007e74   0x00000040   Code   RO         1112    i.dma_tfr_callback  app_dma.o
    0x01007eb4   0x01007eb4   0x00000120   Code   RO         6492    i.ext_hp_gain_calibration  ble_sdk.lib(rf_gdx_patch.o)
    0x01007fd4   0x01007fd4   0x00000020   Code   RO         4315    i.f_close           ff.o
    0x01007ff4   0x01007ff4   0x0000011a   Code   RO         4317    i.f_expand          ff.o
    0x0100810e   0x0100810e   0x00000160   Code   RO         4319    i.f_lseek           ff.o
    0x0100826e   0x0100826e   0x00000002   PAD
    0x01008270   0x01008270   0x00000048   Code   RO         4321    i.f_mount           ff.o
    0x010082b8   0x010082b8   0x000001b0   Code   RO         4322    i.f_open            ff.o
    0x01008468   0x01008468   0x00000164   Code   RO         4324    i.f_read            ff.o
    0x010085cc   0x010085cc   0x00000090   Code   RO         4328    i.f_sync            ff.o
    0x0100865c   0x0100865c   0x000000a8   Code   RO         4329    i.f_truncate        ff.o
    0x01008704   0x01008704   0x000001a2   Code   RO         4331    i.f_write           ff.o
    0x010088a6   0x010088a6   0x00000006   Code   RO         4638    i.fatfs_init_driver  ff_gen_drv.o
    0x010088ac   0x010088ac   0x00000040   Code   RO         4639    i.fatfs_init_driver_ex  ff_gen_drv.o
    0x010088ec   0x010088ec   0x00000094   Code   RO         6044    i.find_item         ble_sdk.lib(sdk_nvds_patch.o)
    0x01008980   0x01008980   0x00000030   Code   RO         7224    i.find_ltk_again    ble_sdk.lib(ble_sdk_sec_patch.o)
    0x010089b0   0x010089b0   0x0000028c   Code   RO         4332    i.find_volume       ff.o
    0x01008c3c   0x01008c3c   0x00000014   Code   RO         6605    i.finish_encryt_check_by_llcp  ble_sdk.lib(llc_encrypt_patch.o)
    0x01008c50   0x01008c50   0x0000007a   Code   RO         4333    i.follow_path       ff.o
    0x01008cca   0x01008cca   0x00000002   PAD
    0x01008ccc   0x01008ccc   0x00000034   Code   RO         6572    i.fpb_enable        ble_sdk.lib(platform_patch.o)
    0x01008d00   0x01008d00   0x00000058   Code   RO         6573    i.fun_replace_by_svc  ble_sdk.lib(platform_patch.o)
    0x01008d58   0x01008d58   0x00000168   Code   RO         7026    i.gap_activity_stopped_ind_handler_patch  ble_sdk.lib(ble_sdk_gapm_patch.o)
    0x01008ec0   0x01008ec0   0x000001c4   Code   RO         7059    i.gap_cmp_evt_handler_patch  ble_sdk.lib(ble_sdk_gapc_patch.o)
    0x01009084   0x01009084   0x00000184   Code   RO         7060    i.gap_connection_req_ind_handler_patch  ble_sdk.lib(ble_sdk_gapc_patch.o)
    0x01009208   0x01009208   0x00000080   Code   RO         7027    i.gap_dev_bdaddr_ind_handler_patch  ble_sdk.lib(ble_sdk_gapm_patch.o)
    0x01009288   0x01009288   0x00000104   Code   RO         7028    i.gap_device_config_params_init_patch  ble_sdk.lib(ble_sdk_gapm_patch.o)
    0x0100938c   0x0100938c   0x000000ac   Code   RO         7061    i.gap_disconnect_ind_handler_patch  ble_sdk.lib(ble_sdk_gapc_patch.o)
    0x01009438   0x01009438   0x0000024c   Code   RO         7029    i.gap_init_fsm_next_func_patch  ble_sdk.lib(ble_sdk_gapm_patch.o)
    0x01009684   0x01009684   0x00000110   Code   RO         4889    i.gap_params_init   user_app.o
    0x01009794   0x01009794   0x00000048   Code   RO         6945    i.gapc_hci_handler_patch  ble_sdk.lib(gapc_hci_patch.o)
    0x010097dc   0x010097dc   0x00000038   Code   RO         6946    i.gapc_msg_handler_tab_func_replace  ble_sdk.lib(gapc_hci_patch.o)
    0x01009814   0x01009814   0x00000044   Code   RO         6947    i.gapc_msg_handler_tab_replace  ble_sdk.lib(gapc_hci_patch.o)
    0x01009858   0x01009858   0x000000bc   Code   RO         7185    i.gapm_activity_create_cmd_handler_patch  ble_sdk.lib(gapm_actv_patch.o)
    0x01009914   0x01009914   0x000000a4   Code   RO         7030    i.gapm_cmp_evt_handler_patch  ble_sdk.lib(ble_sdk_gapm_patch.o)
    0x010099b8   0x010099b8   0x0000012c   Code   RO         6892    i.gapm_init_connection_ind_func_patch  ble_sdk.lib(gapm_init_patch.o)
    0x01009ae4   0x01009ae4   0x00000080   Code   RO         6893    i.gapm_init_create_patch  ble_sdk.lib(gapm_init_patch.o)
    0x01009b64   0x01009b64   0x00000010   Code   RO         6894    i.gapm_init_replace  ble_sdk.lib(gapm_init_patch.o)
    0x01009b74   0x01009b74   0x00000088   Code   RO         6895    i.gapm_init_start_patch  ble_sdk.lib(gapm_init_patch.o)
    0x01009bfc   0x01009bfc   0x0000002c   Code   RO         6896    i.gapm_init_stop_patch  ble_sdk.lib(gapm_init_patch.o)
    0x01009c28   0x01009c28   0x0000009c   Code   RO         6912    i.gapm_msg_handler_replace  ble_sdk.lib(gapm_task_patch.o)
    0x01009cc4   0x01009cc4   0x00000014   Code   RO         6913    i.gapm_msg_init_handler_replace  ble_sdk.lib(gapm_task_patch.o)
    0x01009cd8   0x01009cd8   0x000000b0   Code   RO         7093    i.gatt_on_disconnection_func_patch  ble_sdk.lib(ble_sdk_gatts_patch.o)
    0x01009d88   0x01009d88   0x00000010   Code   RO         7094    i.gatt_on_disconnection_replace  ble_sdk.lib(ble_sdk_gatts_patch.o)
    0x01009d98   0x01009d98   0x00000038   Code   RO         6761    i.gattc_msg_handler_tab_func_replace  ble_sdk.lib(gattc_task_patch.o)
    0x01009dd0   0x01009dd0   0x00000030   Code   RO         6762    i.gattc_msg_handler_tab_replace  ble_sdk.lib(gattc_task_patch.o)
    0x01009e00   0x01009e00   0x000000ec   Code   RO         7104    i.gattc_write_req_ind_handler_patch  ble_sdk.lib(ble_sdk_prf_patch.o)
    0x01009eec   0x01009eec   0x0000000e   Code   RO         6045    i.gen_hdr_checksum  ble_sdk.lib(sdk_nvds_patch.o)
    0x01009efa   0x01009efa   0x0000001e   Code   RO         6046    i.gen_value_checksum  ble_sdk.lib(sdk_nvds_patch.o)
    0x01009f18   0x01009f18   0x00000028   Code   RO         6493    i.get_F_value_patch  ble_sdk.lib(rf_gdx_patch.o)
    0x01009f40   0x01009f40   0x00000030   Code   RO         6864    i.get_conn_idx_by_id  ble_sdk.lib(l2cm_patch.o)
    0x01009f70   0x01009f70   0x000000e0   Code   RO         6592    i.get_data_from_adc  ble_sdk.lib(platform_adc.o)
    0x0100a050   0x0100a050   0x000000c4   Code   RO         4334    i.get_fat           ff.o
    0x0100a114   0x0100a114   0x00000028   Code   RO         6877    i.get_id_by_conn_idx  ble_sdk.lib(l2cc_task_patch.o)
    0x0100a13c   0x0100a13c   0x00000050   Code   RO         6968    i.get_info          ble_sdk.lib(dfu_cmd_handler_patch.o)
    0x0100a18c   0x0100a18c   0x00000040   Code   RO         4336    i.get_ldnumber      ff.o
    0x0100a1cc   0x0100a1cc   0x00000004   Code   RO         6574    i.get_ori_cmd       ble_sdk.lib(platform_patch.o)
    0x0100a1d0   0x0100a1d0   0x00000006   Code   RO         6576    i.get_svc_cmd       ble_sdk.lib(platform_patch.o)
    0x0100a1d6   0x0100a1d6   0x00000002   PAD
    0x0100a1d8   0x0100a1d8   0x00000108   Code   RO         6218    i.get_ton_value_for_1p5uH  ble_sdk.lib(platform_sdk.o)
    0x0100a2e0   0x0100a2e0   0x00000158   Code   RO         6219    i.get_ton_value_for_2p2uH  ble_sdk.lib(platform_sdk.o)
    0x0100a438   0x0100a438   0x00000004   Code   RO         1194    i.gpiote_prepare_for_sleep  app_gpiote.o
    0x0100a43c   0x0100a43c   0x00000002   Code   RO         1195    i.gpiote_sleep_canceled  app_gpiote.o
    0x0100a43e   0x0100a43e   0x00000002   PAD
    0x0100a440   0x0100a440   0x0000007c   Code   RO         3080    i.gus_cccd_set_cb   gus.o
    0x0100a4bc   0x0100a4bc   0x00000074   Code   RO         3081    i.gus_init          gus.o
    0x0100a530   0x0100a530   0x00000028   Code   RO         3082    i.gus_ntf_ind_cb    gus.o
    0x0100a558   0x0100a558   0x00000068   Code   RO         3083    i.gus_read_att_cb   gus.o
    0x0100a5c0   0x0100a5c0   0x00000044   Code   RO         3084    i.gus_rx_flow_ctrl_set  gus.o
    0x0100a604   0x0100a604   0x0000001c   Code   RO         3085    i.gus_service_init  gus.o
    0x0100a620   0x0100a620   0x0000007c   Code   RO         4890    i.gus_service_process_event  user_app.o
    0x0100a69c   0x0100a69c   0x00000044   Code   RO         3086    i.gus_tx_data_send  gus.o
    0x0100a6e0   0x0100a6e0   0x000000c4   Code   RO         3087    i.gus_write_att_cb  gus.o
    0x0100a7a4   0x0100a7a4   0x00000090   Code   RO         1196    i.hal_aon_gpio_callback  app_gpiote.o
    0x0100a834   0x0100a834   0x00000022   Code   RO          797    i.hal_aon_gpio_deinit  gr55xx_hal_aon_gpio.o
    0x0100a856   0x0100a856   0x00000002   PAD
    0x0100a858   0x0100a858   0x00000078   Code   RO         5660    i.hal_aon_gpio_deinit_ext  ble_sdk.lib(gr55xx_hal_aon_gpio_patch.o)
    0x0100a8d0   0x0100a8d0   0x00000030   Code   RO          798    i.hal_aon_gpio_init  gr55xx_hal_aon_gpio.o
    0x0100a900   0x0100a900   0x00000028   Code   RO         5661    i.hal_aon_gpio_init_ext  ble_sdk.lib(gr55xx_hal_aon_gpio_patch.o)
    0x0100a928   0x0100a928   0x00000068   Code   RO         5662    i.hal_aon_gpio_irq_handler  ble_sdk.lib(gr55xx_hal_aon_gpio_patch.o)
    0x0100a990   0x0100a990   0x00000040   Code   RO         5664    i.hal_aon_gpio_write_pin  ble_sdk.lib(gr55xx_hal_aon_gpio_patch.o)
    0x0100a9d0   0x0100a9d0   0x00000060   Code   RO         5847    i.hal_dma_deinit    ble_sdk.lib(gr55xx_hal_dma_patch.o)
    0x0100aa30   0x0100aa30   0x0000008c   Code   RO         5848    i.hal_dma_init      ble_sdk.lib(gr55xx_hal_dma_patch.o)
    0x0100aabc   0x0100aabc   0x00000098   Code   RO         6439    i.hal_efuse_deinit_ext  ble_sdk.lib(gr55xx_hal_efuse_patch.o)
    0x0100ab54   0x0100ab54   0x000000b8   Code   RO         6440    i.hal_efuse_init_ext  ble_sdk.lib(gr55xx_hal_efuse_patch.o)
    0x0100ac0c   0x0100ac0c   0x00000004   Code   RO          701    i.hal_exflash_read  gr55xx_hal_exflash.o
    0x0100ac10   0x0100ac10   0x0000001c   Code   RO         6008    i.hal_flash_erase   ble_sdk.lib(hal_flash_patch.o)
    0x0100ac2c   0x0100ac2c   0x00000064   Code   RO         6010    i.hal_flash_init    ble_sdk.lib(hal_flash_patch.o)
    0x0100ac90   0x0100ac90   0x00000020   Code   RO         6011    i.hal_flash_read    ble_sdk.lib(hal_flash_patch.o)
    0x0100acb0   0x0100acb0   0x00000074   Code   RO         6016    i.hal_flash_write_r  ble_sdk.lib(hal_flash_patch.o)
    0x0100ad24   0x0100ad24   0x00000034   Code   RO          658    i.hal_gpio_deinit   gr55xx_hal_gpio.o
    0x0100ad58   0x0100ad58   0x0000004c   Code   RO         1197    i.hal_gpio_exti_callback  app_gpiote.o
    0x0100ada4   0x0100ada4   0x00000034   Code   RO          660    i.hal_gpio_init     gr55xx_hal_gpio.o
    0x0100add8   0x0100add8   0x00000002   Code   RO          932    i.hal_i2c_abort_cplt_callback  gr55xx_hal_i2c.o
    0x0100adda   0x0100adda   0x00000002   PAD
    0x0100addc   0x0100addc   0x00000030   Code   RO          933    i.hal_i2c_deinit    gr55xx_hal_i2c.o
    0x0100ae0c   0x0100ae0c   0x0000009c   Code   RO         5689    i.hal_i2c_deinit_ext  ble_sdk.lib(gr55xx_hal_i2c_patch.o)
    0x0100aea8   0x0100aea8   0x00000006   Code   RO         1767    i.hal_i2c_error_callback  app_i2c.o
    0x0100aeae   0x0100aeae   0x00000006   Code   RO         5694    i.hal_i2c_get_state  ble_sdk.lib(gr55xx_hal_i2c_patch.o)
    0x0100aeb4   0x0100aeb4   0x00000030   Code   RO          935    i.hal_i2c_init      gr55xx_hal_i2c.o
    0x0100aee4   0x0100aee4   0x00000188   Code   RO         5695    i.hal_i2c_init_ext  ble_sdk.lib(gr55xx_hal_i2c_patch.o)
    0x0100b06c   0x0100b06c   0x0000007a   Code   RO         5696    i.hal_i2c_irq_handler  ble_sdk.lib(gr55xx_hal_i2c_patch.o)
    0x0100b0e6   0x0100b0e6   0x00000002   Code   RO          936    i.hal_i2c_listen_cplt_callback  gr55xx_hal_i2c.o
    0x0100b0e8   0x0100b0e8   0x0000008e   Code   RO         5698    i.hal_i2c_master_receive  ble_sdk.lib(gr55xx_hal_i2c_patch.o)
    0x0100b176   0x0100b176   0x00000006   Code   RO         1768    i.hal_i2c_master_rx_cplt_callback  app_i2c.o
    0x0100b17c   0x0100b17c   0x0000008c   Code   RO         5703    i.hal_i2c_master_transmit  ble_sdk.lib(gr55xx_hal_i2c_patch.o)
    0x0100b208   0x0100b208   0x00000006   Code   RO         1769    i.hal_i2c_master_tx_cplt_callback  app_i2c.o
    0x0100b20e   0x0100b20e   0x00000006   Code   RO         1770    i.hal_i2c_mem_rx_cplt_callback  app_i2c.o
    0x0100b214   0x0100b214   0x00000006   Code   RO         1771    i.hal_i2c_mem_tx_cplt_callback  app_i2c.o
    0x0100b21a   0x0100b21a   0x00000002   Code   RO          941    i.hal_i2c_msp_deinit  gr55xx_hal_i2c.o
    0x0100b21c   0x0100b21c   0x00000002   Code   RO          942    i.hal_i2c_msp_init  gr55xx_hal_i2c.o
    0x0100b21e   0x0100b21e   0x0000006a   Code   RO         5712    i.hal_i2c_slave_receive  ble_sdk.lib(gr55xx_hal_i2c_patch.o)
    0x0100b288   0x0100b288   0x00000006   Code   RO         1772    i.hal_i2c_slave_rx_cplt_callback  app_i2c.o
    0x0100b28e   0x0100b28e   0x00000088   Code   RO         5717    i.hal_i2c_slave_transmit  ble_sdk.lib(gr55xx_hal_i2c_patch.o)
    0x0100b316   0x0100b316   0x00000006   Code   RO         1773    i.hal_i2c_slave_tx_cplt_callback  app_i2c.o
    0x0100b31c   0x0100b31c   0x00000030   Code   RO          864    i.hal_i2s_deinit    gr55xx_hal_i2s.o
    0x0100b34c   0x0100b34c   0x00000006   Code   RO         1601    i.hal_i2s_error_callback  app_i2s.o
    0x0100b352   0x0100b352   0x00000002   PAD
    0x0100b354   0x0100b354   0x00000030   Code   RO          866    i.hal_i2s_init      gr55xx_hal_i2s.o
    0x0100b384   0x0100b384   0x00000002   Code   RO          867    i.hal_i2s_msp_deinit  gr55xx_hal_i2s.o
    0x0100b386   0x0100b386   0x00000002   Code   RO          868    i.hal_i2s_msp_init  gr55xx_hal_i2s.o
    0x0100b388   0x0100b388   0x00000006   Code   RO         1602    i.hal_i2s_rx_cplt_callback  app_i2s.o
    0x0100b38e   0x0100b38e   0x00000006   Code   RO         1603    i.hal_i2s_tx_cplt_callback  app_i2s.o
    0x0100b394   0x0100b394   0x00000002   Code   RO          871    i.hal_i2s_tx_rx_cplt_callback  gr55xx_hal_i2s.o
    0x0100b396   0x0100b396   0x00000002   PAD
    0x0100b398   0x0100b398   0x0000002c   Code   RO          615    i.hal_init          gr55xx_hal.o
    0x0100b3c4   0x0100b3c4   0x000000b4   Code   RO         5857    i.hal_msio_deinit   ble_sdk.lib(gr55xx_hal_msio_patch.o)
    0x0100b478   0x0100b478   0x00000004   Code   RO         5858    i.hal_msio_init     ble_sdk.lib(gr55xx_hal_msio_patch.o)
    0x0100b47c   0x0100b47c   0x00000002   Code   RO          616    i.hal_msp_deinit    gr55xx_hal.o
    0x0100b47e   0x0100b47e   0x00000002   Code   RO          617    i.hal_msp_init      gr55xx_hal.o
    0x0100b480   0x0100b480   0x000000a4   Code   RO         7201    i.hal_rng_deinit_ext  ble_sdk.lib(gr55xx_hal_rng_patch.o)
    0x0100b524   0x0100b524   0x00000138   Code   RO         7202    i.hal_rng_generate_random_number  ble_sdk.lib(gr55xx_hal_rng_patch.o)
    0x0100b65c   0x0100b65c   0x0000009c   Code   RO         7204    i.hal_rng_init_ext  ble_sdk.lib(gr55xx_hal_rng_patch.o)
    0x0100b6f8   0x0100b6f8   0x00000002   Code   RO         1030    i.hal_spi_abort_cplt_callback  gr55xx_hal_spi.o
    0x0100b6fa   0x0100b6fa   0x00000002   PAD
    0x0100b6fc   0x0100b6fc   0x00000030   Code   RO         1031    i.hal_spi_deinit    gr55xx_hal_spi.o
    0x0100b72c   0x0100b72c   0x00000006   Code   RO         1952    i.hal_spi_error_callback  app_spi.o
    0x0100b732   0x0100b732   0x00000002   PAD
    0x0100b734   0x0100b734   0x00000030   Code   RO         1033    i.hal_spi_init      gr55xx_hal_spi.o
    0x0100b764   0x0100b764   0x00000002   Code   RO         1034    i.hal_spi_msp_deinit  gr55xx_hal_spi.o
    0x0100b766   0x0100b766   0x00000002   Code   RO         1035    i.hal_spi_msp_init  gr55xx_hal_spi.o
    0x0100b768   0x0100b768   0x00000006   Code   RO         1953    i.hal_spi_rx_cplt_callback  app_spi.o
    0x0100b76e   0x0100b76e   0x00000006   Code   RO         1954    i.hal_spi_tx_cplt_callback  app_spi.o
    0x0100b774   0x0100b774   0x00000006   Code   RO         1955    i.hal_spi_tx_rx_cplt_callback  app_spi.o
    0x0100b77a   0x0100b77a   0x00000002   Code   RO          527    i.hal_uart_abort_cplt_callback  gr55xx_hal_uart.o
    0x0100b77c   0x0100b77c   0x00000006   Code   RO         1373    i.hal_uart_abort_rx_cplt_callback  app_uart.o
    0x0100b782   0x0100b782   0x00000006   Code   RO         1374    i.hal_uart_abort_tx_cplt_callback  app_uart.o
    0x0100b788   0x0100b788   0x00000030   Code   RO          530    i.hal_uart_deinit   gr55xx_hal_uart.o
    0x0100b7b8   0x0100b7b8   0x00000006   Code   RO         1375    i.hal_uart_error_callback  app_uart.o
    0x0100b7be   0x0100b7be   0x00000012   Code   RO         6194    i.hal_uart_get_state  ble_sdk.lib(gr55xx_hal_uart_patch.o)
    0x0100b7d0   0x0100b7d0   0x00000030   Code   RO          532    i.hal_uart_init     gr55xx_hal_uart.o
    0x0100b800   0x0100b800   0x00000002   Code   RO          533    i.hal_uart_msp_deinit  gr55xx_hal_uart.o
    0x0100b802   0x0100b802   0x00000002   Code   RO          534    i.hal_uart_msp_init  gr55xx_hal_uart.o
    0x0100b804   0x0100b804   0x00000006   Code   RO         1376    i.hal_uart_rx_cplt_callback  app_uart.o
    0x0100b80a   0x0100b80a   0x00000006   Code   RO         1377    i.hal_uart_tx_cplt_callback  app_uart.o
    0x0100b810   0x0100b810   0x00000020   Code   RO         6948    i.hci_cmd_handler_tab_info_replace  ble_sdk.lib(gapc_hci_patch.o)
    0x0100b830   0x0100b830   0x000000a4   Code   RO         6663    i.hci_le_add_dev_to_wlst_cmd_handler_patch  ble_sdk.lib(llm_hci_patch.o)
    0x0100b8d4   0x0100b8d4   0x0000005c   Code   RO         6664    i.hci_le_clear_wlst_cmd_handler_patch  ble_sdk.lib(llm_hci_patch.o)
    0x0100b930   0x0100b930   0x00000042   Code   RO         6897    i.hci_le_cmd_cmp_evt_init_handler_patch  ble_sdk.lib(gapm_init_patch.o)
    0x0100b972   0x0100b972   0x00000038   Code   RO         6898    i.hci_le_cmd_cmp_evt_starting_handler_patch  ble_sdk.lib(gapm_init_patch.o)
    0x0100b9aa   0x0100b9aa   0x00000002   PAD
    0x0100b9ac   0x0100b9ac   0x00000034   Code   RO         6949    i.hci_le_event_handler_tab_func_replace  ble_sdk.lib(gapc_hci_patch.o)
    0x0100b9e0   0x0100b9e0   0x00000384   Code   RO         6665    i.hci_le_ext_create_con_cmd_handler_patch  ble_sdk.lib(llm_hci_patch.o)
    0x0100bd64   0x0100bd64   0x000000b8   Code   RO         6950    i.hci_le_ltk_request_evt_handler_patch  ble_sdk.lib(gapc_hci_patch.o)
    0x0100be1c   0x0100be1c   0x0000006c   Code   RO         6666    i.hci_le_rmv_dev_from_wlst_cmd_handler_patch  ble_sdk.lib(llm_hci_patch.o)
    0x0100be88   0x0100be88   0x00000224   Code   RO         7122    i.hci_le_set_ext_scan_en_cmd_handler_patch  ble_sdk.lib(llm_scan_patch.o)
    0x0100c0ac   0x0100c0ac   0x000000ec   Code   RO         7123    i.hci_le_set_ext_scan_param_cmd_handler_patch  ble_sdk.lib(llm_scan_patch.o)
    0x0100c198   0x0100c198   0x000000b4   Code   RO         6878    i.hci_nb_cmp_pkts_evt_handler_patch  ble_sdk.lib(l2cc_task_patch.o)
    0x0100c24c   0x0100c24c   0x00000054   Code   RO         6220    i.i0nd_ioldo_3v_get  ble_sdk.lib(platform_sdk.o)
    0x0100c2a0   0x0100c2a0   0x00000064   Code   RO         5545    i.i2c_bus_init      wm8962_inmp441.o
    0x0100c304   0x0100c304   0x000000c0   Code   RO         5720    i.i2c_dma_abort     ble_sdk.lib(gr55xx_hal_i2c_patch.o)
    0x0100c3c4   0x0100c3c4   0x0000005c   Code   RO         1774    i.i2c_gpio_config   app_i2c.o
    0x0100c420   0x0100c420   0x0000014c   Code   RO         5726    i.i2c_it_error      ble_sdk.lib(gr55xx_hal_i2c_patch.o)
    0x0100c56c   0x0100c56c   0x0000006c   Code   RO         5727    i.i2c_it_listen_cplt  ble_sdk.lib(gr55xx_hal_i2c_patch.o)
    0x0100c5d8   0x0100c5d8   0x000001ac   Code   RO         5729    i.i2c_it_slave_cplt  ble_sdk.lib(gr55xx_hal_i2c_patch.o)
    0x0100c784   0x0100c784   0x00000002   Code   RO         5730    i.i2c_it_slave_sequential_cplt  ble_sdk.lib(gr55xx_hal_i2c_patch.o)
    0x0100c786   0x0100c786   0x0000004c   Code   RO         5731    i.i2c_master_check_error  ble_sdk.lib(gr55xx_hal_i2c_patch.o)
    0x0100c7d2   0x0100c7d2   0x00000090   Code   RO         5734    i.i2c_master_start_receive  ble_sdk.lib(gr55xx_hal_i2c_patch.o)
    0x0100c862   0x0100c862   0x00000070   Code   RO         5737    i.i2c_master_start_transmit  ble_sdk.lib(gr55xx_hal_i2c_patch.o)
    0x0100c8d2   0x0100c8d2   0x00000036   Code   RO         5740    i.i2c_master_transfer_config  ble_sdk.lib(gr55xx_hal_i2c_patch.o)
    0x0100c908   0x0100c908   0x00000060   Code   RO         1775    i.i2c_prepare_for_sleep  app_i2c.o
    0x0100c968   0x0100c968   0x00000048   Code   RO         5742    i.i2c_slave_check_error  ble_sdk.lib(gr55xx_hal_i2c_patch.o)
    0x0100c9b0   0x0100c9b0   0x000000ee   Code   RO         5744    i.i2c_slave_isr_it  ble_sdk.lib(gr55xx_hal_i2c_patch.o)
    0x0100ca9e   0x0100ca9e   0x00000002   PAD
    0x0100caa0   0x0100caa0   0x00000098   Code   RO         5745    i.i2c_slave_start_receive  ble_sdk.lib(gr55xx_hal_i2c_patch.o)
    0x0100cb38   0x0100cb38   0x00000098   Code   RO         5746    i.i2c_slave_start_transmit  ble_sdk.lib(gr55xx_hal_i2c_patch.o)
    0x0100cbd0   0x0100cbd0   0x00000034   Code   RO         5747    i.i2c_slave_transfer_config  ble_sdk.lib(gr55xx_hal_i2c_patch.o)
    0x0100cc04   0x0100cc04   0x00000002   Code   RO         1776    i.i2c_sleep_canceled  app_i2c.o
    0x0100cc06   0x0100cc06   0x00000002   PAD
    0x0100cc08   0x0100cc08   0x0000007c   Code   RO         5748    i.i2c_wait_on_flag_until_timeout  ble_sdk.lib(gr55xx_hal_i2c_patch.o)
    0x0100cc84   0x0100cc84   0x00000014   Code   RO         5749    i.i2c_wait_on_raw_flag_until_timeout  ble_sdk.lib(gr55xx_hal_i2c_patch.o)
    0x0100cc98   0x0100cc98   0x00000014   Code   RO         5750    i.i2c_wait_on_sta_flag_until_timeout  ble_sdk.lib(gr55xx_hal_i2c_patch.o)
    0x0100ccac   0x0100ccac   0x0000002e   Code   RO         5751    i.i2c_wait_until_timeout  ble_sdk.lib(gr55xx_hal_i2c_patch.o)
    0x0100ccda   0x0100ccda   0x00000002   PAD
    0x0100ccdc   0x0100ccdc   0x0000008c   Code   RO         5546    i.i2s_bus_init      wm8962_inmp441.o
    0x0100cd68   0x0100cd68   0x000000a0   Code   RO         1604    i.i2s_gpio_config   app_i2s.o
    0x0100ce08   0x0100ce08   0x00000060   Code   RO         1605    i.i2s_prepare_for_sleep  app_i2s.o
    0x0100ce68   0x0100ce68   0x00000002   Code   RO         1606    i.i2s_sleep_canceled  app_i2s.o
    0x0100ce6a   0x0100ce6a   0x00000002   PAD
    0x0100ce6c   0x0100ce6c   0x00000138   Code   RO         7031    i.init_ltk_list     ble_sdk.lib(ble_sdk_gapm_patch.o)
    0x0100cfa4   0x0100cfa4   0x00000080   Code   RO         6221    i.internal_3p3_ioldo_update  ble_sdk.lib(platform_sdk.o)
    0x0100d024   0x0100d024   0x00000028   Code   RO         6049    i.is_item_same      ble_sdk.lib(sdk_nvds_patch.o)
    0x0100d04c   0x0100d04c   0x00000030   Code   RO         6879    i.l2cc_msg_handler_replace  ble_sdk.lib(l2cc_task_patch.o)
    0x0100d07c   0x0100d07c   0x0000002c   Code   RO         6880    i.l2cc_msg_handler_tab_replace  ble_sdk.lib(l2cc_task_patch.o)
    0x0100d0a8   0x0100d0a8   0x000000c8   Code   RO         6763    i.l2cc_pdu_recv_ind_handler_patch  ble_sdk.lib(gattc_task_patch.o)
    0x0100d170   0x0100d170   0x000000a4   Code   RO         6865    i.l2cm_l2cap_tx_handler_patch  ble_sdk.lib(l2cm_patch.o)
    0x0100d214   0x0100d214   0x0000000c   Code   RO         6866    i.l2cm_l2cap_tx_handler_replace  ble_sdk.lib(l2cm_patch.o)
    0x0100d220   0x0100d220   0x00000026   Code   RO         4337    i.ld_clust          ff.o
    0x0100d246   0x0100d246   0x00000016   Code   RO         4338    i.ld_dword          ff.o
    0x0100d25c   0x0100d25c   0x0000000a   Code   RO         4339    i.ld_word           ff.o
    0x0100d266   0x0100d266   0x00000002   PAD
    0x0100d268   0x0100d268   0x000000e8   Code   RO         6222    i.ldo_bypass_mode_set  ble_sdk.lib(platform_sdk.o)
    0x0100d350   0x0100d350   0x00000134   Code   RO         6223    i.ldo_voltage_set   ble_sdk.lib(platform_sdk.o)
    0x0100d484   0x0100d484   0x0000000a   Code   RO         2534    i.le16toh           utility.o
    0x0100d48e   0x0100d48e   0x00000002   PAD
    0x0100d490   0x0100d490   0x0000002c   Code   RO         6593    i.ll_adc_disable_clock  ble_sdk.lib(platform_adc.o)
    0x0100d4bc   0x0100d4bc   0x00000104   Code   RO         6450    i.ll_aon_gpio_init  ble_sdk.lib(gr55xx_ll_aon_gpio_patch.o)
    0x0100d5c0   0x0100d5c0   0x00000014   Code   RO         6224    i.ll_aon_gpio_is_enabled_it  ble_sdk.lib(platform_sdk.o)
    0x0100d5d4   0x0100d5d4   0x00000034   Code   RO         5665    i.ll_aon_gpio_reset_output_pin  ble_sdk.lib(gr55xx_hal_aon_gpio_patch.o)
    0x0100d608   0x0100d608   0x00000034   Code   RO         6451    i.ll_aon_gpio_set_pin_mode  ble_sdk.lib(gr55xx_ll_aon_gpio_patch.o)
    0x0100d63c   0x0100d63c   0x0000001c   Code   RO         5910    i.ll_aon_wdt_get_counter  ble_sdk.lib(system_sdk_patch.o)
    0x0100d658   0x0100d658   0x0000002c   Code   RO         5911    i.ll_calendar_clear_flag_alarm  ble_sdk.lib(system_sdk_patch.o)
    0x0100d684   0x0100d684   0x00000034   Code   RO         5912    i.ll_calendar_get_counter  ble_sdk.lib(system_sdk_patch.o)
    0x0100d6b8   0x0100d6b8   0x00000018   Code   RO         5913    i.ll_calendar_reload_counter  ble_sdk.lib(system_sdk_patch.o)
    0x0100d6d0   0x0100d6d0   0x00000014   Code   RO         5914    i.ll_calendar_set_clock_div  ble_sdk.lib(system_sdk_patch.o)
    0x0100d6e4   0x0100d6e4   0x0000009c   Code   RO         7165    i.ll_channel_map_ind_handler_patch  ble_sdk.lib(llc_chmap_upd_patch.o)
    0x0100d780   0x0100d780   0x000000e4   Code   RO         6737    i.ll_connection_param_req_handler_patch  ble_sdk.lib(llc_con_upd_patch.o)
    0x0100d864   0x0100d864   0x00000154   Code   RO         6738    i.ll_connection_update_ind_handler_patch  ble_sdk.lib(llc_con_upd_patch.o)
    0x0100d9b8   0x0100d9b8   0x00000116   Code   RO         6461    i.ll_dma_deinit     ble_sdk.lib(gr55xx_ll_dma_patch.o)
    0x0100dace   0x0100dace   0x00000010   Code   RO         5752    i.ll_dma_get_destination_address  ble_sdk.lib(gr55xx_hal_i2c_patch.o)
    0x0100dade   0x0100dade   0x0000000e   Code   RO         5753    i.ll_dma_get_source_address  ble_sdk.lib(gr55xx_hal_i2c_patch.o)
    0x0100daec   0x0100daec   0x000000f4   Code   RO         6462    i.ll_dma_init       ble_sdk.lib(gr55xx_ll_dma_patch.o)
    0x0100dbe0   0x0100dbe0   0x00000014   Code   RO         6463    i.ll_dma_is_empty_fifo  ble_sdk.lib(gr55xx_ll_dma_patch.o)
    0x0100dbf4   0x0100dbf4   0x00000014   Code   RO         6464    i.ll_dma_is_enabled_channel  ble_sdk.lib(gr55xx_ll_dma_patch.o)
    0x0100dc08   0x0100dc08   0x00000016   Code   RO         6465    i.ll_dma_resume_channel  ble_sdk.lib(gr55xx_ll_dma_patch.o)
    0x0100dc1e   0x0100dc1e   0x00000016   Code   RO         6466    i.ll_dma_suspend_channel  ble_sdk.lib(gr55xx_ll_dma_patch.o)
    0x0100dc34   0x0100dc34   0x00000064   Code   RO         6522    i.ll_i2c_deinit     ble_sdk.lib(gr55xx_ll_i2c_patch.o)
    0x0100dc98   0x0100dc98   0x00000008   Code   RO         5760    i.ll_i2c_is_active_flag_status_rfne  ble_sdk.lib(gr55xx_hal_i2c_patch.o)
    0x0100dca0   0x0100dca0   0x0000000a   Code   RO         5762    i.ll_i2c_is_enabled_dma_req_rx  ble_sdk.lib(gr55xx_hal_i2c_patch.o)
    0x0100dcaa   0x0100dcaa   0x0000000a   Code   RO         5763    i.ll_i2c_is_enabled_dma_req_tx  ble_sdk.lib(gr55xx_hal_i2c_patch.o)
    0x0100dcb4   0x0100dcb4   0x00000138   Code   RO         6480    i.ll_msio_init      ble_sdk.lib(gr55xx_ll_msio_patch.o)
    0x0100ddec   0x0100ddec   0x0000003c   Code   RO         6481    i.ll_msio_set_pin_mode  ble_sdk.lib(gr55xx_ll_msio_patch.o)
    0x0100de28   0x0100de28   0x000000bc   Code   RO         7153    i.ll_phy_req_handler_patch  ble_sdk.lib(llc_phy_upd_patch.o)
    0x0100dee4   0x0100dee4   0x0000003c   Code   RO         7175    i.llc_auth_payl_nearly_to_handler_patch  ble_sdk.lib(llc_le_ping_patch.o)
    0x0100df20   0x0100df20   0x0000003c   Code   RO         7176    i.llc_auth_payl_real_to_handler_patch  ble_sdk.lib(llc_le_ping_patch.o)
    0x0100df5c   0x0100df5c   0x00000020   Code   RO         6739    i.llc_con_upd_replace  ble_sdk.lib(llc_con_upd_patch.o)
    0x0100df7c   0x0100df7c   0x00000010   Code   RO         6606    i.llc_encrypt_replace  ble_sdk.lib(llc_encrypt_patch.o)
    0x0100df8c   0x0100df8c   0x00000048   Code   RO         6785    i.llc_llcp_rsp_to   ble_sdk.lib(llc_task_patch.o)
    0x0100dfd4   0x0100dfd4   0x00000010   Code   RO         6740    i.llc_loc_con_upd_proc_stop  ble_sdk.lib(llc_con_upd_patch.o)
    0x0100dfe4   0x0100dfe4   0x0000000c   Code   RO         6786    i.llc_loc_llcp_rsp_to_handler_patch  ble_sdk.lib(llc_task_patch.o)
    0x0100dff0   0x0100dff0   0x00000010   Code   RO         7154    i.llc_loc_phy_upd_proc_stop  ble_sdk.lib(llc_phy_upd_patch.o)
    0x0100e000   0x0100e000   0x00000030   Code   RO         6787    i.llc_msg_handler_replace  ble_sdk.lib(llc_task_patch.o)
    0x0100e030   0x0100e030   0x000000e0   Code   RO         6788    i.llc_msg_handler_tab_replace  ble_sdk.lib(llc_task_patch.o)
    0x0100e110   0x0100e110   0x00000130   Code   RO         6741    i.llc_pref_param_compute_func_patch  ble_sdk.lib(llc_con_upd_patch.o)
    0x0100e240   0x0100e240   0x00000046   Code   RO         7145    i.llc_proc_collision_check_slave  ble_sdk.lib(llc_patch.o)
    0x0100e286   0x0100e286   0x00000002   PAD
    0x0100e288   0x0100e288   0x000001f4   Code   RO         6742    i.llc_rem_con_upd_proc_continue_patch  ble_sdk.lib(llc_con_upd_patch.o)
    0x0100e47c   0x0100e47c   0x000002c8   Code   RO         6607    i.llc_rem_encrypt_proc_continue_patch  ble_sdk.lib(llc_encrypt_patch.o)
    0x0100e744   0x0100e744   0x000000b0   Code   RO         6608    i.llc_rem_encrypt_proc_finish  ble_sdk.lib(llc_encrypt_patch.o)
    0x0100e7f4   0x0100e7f4   0x0000000c   Code   RO         6789    i.llc_rem_llcp_rsp_to_handler_patch  ble_sdk.lib(llc_task_patch.o)
    0x0100e800   0x0100e800   0x00000044   Code   RO         6724    i.llcp_pdu_handler_tab_replace  ble_sdk.lib(llc_llcp_patch.o)
    0x0100e844   0x0100e844   0x0000002a   Code   RO         6790    i.lld_acl_rx_ind_handler_patch  ble_sdk.lib(llc_task_patch.o)
    0x0100e86e   0x0100e86e   0x00000002   PAD
    0x0100e870   0x0100e870   0x0000004c   Code   RO         6923    i.lld_adv_frm_cbk_func_patch  ble_sdk.lib(lld_adv_patch.o)
    0x0100e8bc   0x0100e8bc   0x00000394   Code   RO         6924    i.lld_adv_frm_isr_patch  ble_sdk.lib(lld_adv_patch.o)
    0x0100ec50   0x0100ec50   0x00000010   Code   RO         6925    i.lld_adv_replace   ble_sdk.lib(lld_adv_patch.o)
    0x0100ec60   0x0100ec60   0x00000048   Code   RO         6705    i.lld_adv_start_func_patch  ble_sdk.lib(lld_scan_patch.o)
    0x0100eca8   0x0100eca8   0x00000050   Code   RO         7166    i.lld_ch_map_upd_cfm_handler_patch  ble_sdk.lib(llc_chmap_upd_patch.o)
    0x0100ecf8   0x0100ecf8   0x00000014   Code   RO         6806    i.lld_con_ci_get    ble_sdk.lib(lld_con_patch.o)
    0x0100ed0c   0x0100ed0c   0x00000018   Code   RO         6807    i.lld_con_env_is_free  ble_sdk.lib(lld_con_patch.o)
    0x0100ed24   0x0100ed24   0x00000014   Code   RO         6808    i.lld_con_instant_proc_type_reset  ble_sdk.lib(lld_con_patch.o)
    0x0100ed38   0x0100ed38   0x00000028   Code   RO         6809    i.lld_con_last_sync_time_get  ble_sdk.lib(lld_con_patch.o)
    0x0100ed60   0x0100ed60   0x00000050   Code   RO         6743    i.lld_con_offset_upd_ind_handler_patch  ble_sdk.lib(llc_con_upd_patch.o)
    0x0100edb0   0x0100edb0   0x0000002a   Code   RO         6744    i.lld_con_param_upd_cfm_handler_patch  ble_sdk.lib(llc_con_upd_patch.o)
    0x0100edda   0x0100edda   0x00000002   PAD
    0x0100eddc   0x0100eddc   0x00000044   Code   RO         6810    i.lld_con_replace   ble_sdk.lib(lld_con_patch.o)
    0x0100ee20   0x0100ee20   0x00000084   Code   RO         6811    i.lld_con_start_sync  ble_sdk.lib(lld_con_patch.o)
    0x0100eea4   0x0100eea4   0x00000028   Code   RO         6813    i.lld_con_ultra_link_update  ble_sdk.lib(lld_con_patch.o)
    0x0100eecc   0x0100eecc   0x00000012   Code   RO         6775    i.lld_init_patch    ble_sdk.lib(lld_patch.o)
    0x0100eede   0x0100eede   0x00000002   PAD
    0x0100eee0   0x0100eee0   0x00000010   Code   RO         6776    i.lld_init_replace  ble_sdk.lib(lld_patch.o)
    0x0100eef0   0x0100eef0   0x0000081c   Code   RO         6852    i.lld_init_start_patch  ble_sdk.lib(lld_init_patch.o)
    0x0100f70c   0x0100f70c   0x00000010   Code   RO         6853    i.lld_init_start_replace  ble_sdk.lib(lld_init_patch.o)
    0x0100f71c   0x0100f71c   0x00000050   Code   RO         7155    i.lld_phy_upd_cfm_handler_patch  ble_sdk.lib(llc_phy_upd_patch.o)
    0x0100f76c   0x0100f76c   0x0000002c   Code   RO         6706    i.lld_scan_frm_cbk_replace  ble_sdk.lib(lld_scan_patch.o)
    0x0100f798   0x0100f798   0x0000005c   Code   RO         6707    i.lld_scan_start_func_patch  ble_sdk.lib(lld_scan_patch.o)
    0x0100f7f4   0x0100f7f4   0x00000040   Code   RO         6926    i.lld_try_to_free_old_buffer  ble_sdk.lib(lld_adv_patch.o)
    0x0100f834   0x0100f834   0x00000058   Code   RO         6668    i.llm_hci_apply_cmd_handler_patch  ble_sdk.lib(llm_hci_patch.o)
    0x0100f88c   0x0100f88c   0x00000058   Code   RO         6670    i.llm_hci_apply_scan_cmd_handler_patch  ble_sdk.lib(llm_hci_patch.o)
    0x0100f8e4   0x0100f8e4   0x00000060   Code   RO         6671    i.llm_hci_command_handler_tab_replace  ble_sdk.lib(llm_hci_patch.o)
    0x0100f944   0x0100f944   0x00000054   Code   RO         6672    i.llm_is_wl_accessible_patch  ble_sdk.lib(llm_hci_patch.o)
    0x0100f998   0x0100f998   0x0000001e   Code   RO         6673    i.llm_scan_cmd_replace  ble_sdk.lib(llm_hci_patch.o)
    0x0100f9b6   0x0100f9b6   0x00000006   Code   RO         4753    i.log_flush         user_periph_setup.o
    0x0100f9bc   0x0100f9bc   0x00000040   Code   RO         4815    i.main              main.o
    0x0100f9fc   0x0100f9fc   0x00000020   Code   RO          329    i.main_init         system_gr55xx.o
    0x0100fa1c   0x0100fa1c   0x00000018   Code   RO         4340    i.mem_cmp           ff.o
    0x0100fa34   0x0100fa34   0x00000012   Code   RO         4341    i.mem_cpy           ff.o
    0x0100fa46   0x0100fa46   0x00000016   Code   RO         6353    i.mem_pwr_mgmt_init  ble_sdk.lib(platform_sram.o)
    0x0100fa5c   0x0100fa5c   0x0000000c   Code   RO         4342    i.mem_set           ff.o
    0x0100fa68   0x0100fa68   0x00000034   Code   RO         4343    i.move_window       ff.o
    0x0100fa9c   0x0100fa9c   0x00000134   Code   RO         6053    i.nvds_put          ble_sdk.lib(sdk_nvds_patch.o)
    0x0100fbd0   0x0100fbd0   0x0000003c   Code   RO          406    i.nvds_setup        platform_gr55xx.o
    0x0100fc0c   0x0100fc0c   0x00000092   Code   RO         5413    i.oled_draw_scaled_glyph  oled_ssd1315.o
    0x0100fc9e   0x0100fc9e   0x00000002   PAD
    0x0100fca0   0x0100fca0   0x0000005c   Code   RO         5414    i.oled_i2c_bus_init  oled_ssd1315.o
    0x0100fcfc   0x0100fcfc   0x0000001c   Code   RO         5415    i.oled_i2c_write    oled_ssd1315.o
    0x0100fd18   0x0100fd18   0x00000028   Code   RO         5416    i.oled_io_config    oled_ssd1315.o
    0x0100fd40   0x0100fd40   0x00000020   Code   RO         5417    i.oled_set_page_column  oled_ssd1315.o
    0x0100fd60   0x0100fd60   0x0000002c   Code   RO         5418    i.oled_ssd1315_clear  oled_ssd1315.o
    0x0100fd8c   0x0100fd8c   0x00000204   Code   RO         5420    i.oled_ssd1315_init  oled_ssd1315.o
    0x0100ff90   0x0100ff90   0x0000006c   Code   RO         5422    i.oled_ssd1315_power_on  oled_ssd1315.o
    0x0100fffc   0x0100fffc   0x00000058   Code   RO         5424    i.oled_ssd1315_show_position  oled_ssd1315.o
    0x01010054   0x01010054   0x00000058   Code   RO         5426    i.oled_ssd1315_show_working  oled_ssd1315.o
    0x010100ac   0x010100ac   0x00000050   Code   RO         5427    i.oled_write_buffer  oled_ssd1315.o
    0x010100fc   0x010100fc   0x00000016   Code   RO         5428    i.oled_write_command  oled_ssd1315.o
    0x01010112   0x01010112   0x0000001a   Code   RO         5429    i.oled_write_command2  oled_ssd1315.o
    0x0101012c   0x0101012c   0x00000050   Code   RO         5430    i.oled_write_page_pattern  oled_ssd1315.o
    0x0101017c   0x0101017c   0x00000048   Code   RO         5082    i.pcm_ring_pop      audio_storage.o
    0x010101c4   0x010101c4   0x00000068   Code   RO         5083    i.pcm_ring_push     audio_storage.o
    0x0101022c   0x0101022c   0x00000014   Code   RO         5084    i.pcm_ring_reset    audio_storage.o
    0x01010240   0x01010240   0x00000050   Code   RO         6300    i.platform_clock_init  ble_sdk.lib(platform_clock.o)
    0x01010290   0x01010290   0x00000014   Code   RO         6302    i.platform_disable_sleep_timer  ble_sdk.lib(platform_clock.o)
    0x010102a4   0x010102a4   0x00000020   Code   RO         6339    i.platform_flash_enable_quad  ble_sdk.lib(platform_exflash.o)
    0x010102c4   0x010102c4   0x0000000c   Code   RO         6340    i.platform_flash_protection  ble_sdk.lib(platform_exflash.o)
    0x010102d0   0x010102d0   0x00000110   Code   RO          407    i.platform_init     platform_gr55xx.o
    0x010103e0   0x010103e0   0x0000001c   Code   RO         6225    i.platform_init_pop  ble_sdk.lib(platform_sdk.o)
    0x010103fc   0x010103fc   0x00000048   Code   RO         6226    i.platform_init_push  ble_sdk.lib(platform_sdk.o)
    0x01010444   0x01010444   0x000000b4   Code   RO         6227    i.platform_param_adjust  ble_sdk.lib(platform_sdk.o)
    0x010104f8   0x010104f8   0x00000098   Code   RO         6228    i.platform_sdk_init  ble_sdk.lib(platform_sdk.o)
    0x01010590   0x01010590   0x000000ac   Code   RO         6307    i.platform_set_ble_rtc_clk  ble_sdk.lib(platform_clock.o)
    0x0101063c   0x0101063c   0x00000050   Code   RO         6308    i.platform_set_psc_clk  ble_sdk.lib(platform_clock.o)
    0x0101068c   0x0101068c   0x000000d8   Code   RO         6229    i.pmu_calibration_handler  ble_sdk.lib(platform_sdk.o)
    0x01010764   0x01010764   0x00000036   Code   RO         3002    i.prf_find_handle_by_idx  ble_prf_utils.o
    0x0101079a   0x0101079a   0x00000034   Code   RO         3003    i.prf_find_idx_by_handle  ble_prf_utils.o
    0x010107ce   0x010107ce   0x00000014   Code   RO         3004    i.prf_is_cccd_value_valid  ble_prf_utils.o
    0x010107e2   0x010107e2   0x00000002   PAD
    0x010107e4   0x010107e4   0x00000070   Code   RO         3599    i.prvAddCurrentTaskToDelayedList  tasks.o
    0x01010854   0x01010854   0x00000088   Code   RO         3600    i.prvAddNewTaskToReadyList  tasks.o
    0x010108dc   0x010108dc   0x00000050   Code   RO         3454    i.prvCheckForValidListAndQueue  timers.o
    0x0101092c   0x0101092c   0x0000003c   Code   RO         3601    i.prvCheckTasksWaitingTermination  tasks.o
    0x01010968   0x01010968   0x00000028   Code   RO         3978    i.prvCopyDataFromQueue  queue.o
    0x01010990   0x01010990   0x0000006e   Code   RO         3979    i.prvCopyDataToQueue  queue.o
    0x010109fe   0x010109fe   0x00000014   Code   RO         3602    i.prvDeleteTCB      tasks.o
    0x01010a12   0x01010a12   0x00000002   PAD
    0x01010a14   0x01010a14   0x00000038   Code   RO         3603    i.prvGetExpectedIdleTime  tasks.o
    0x01010a4c   0x01010a4c   0x00000024   Code   RO         3455    i.prvGetNextExpireTime  timers.o
    0x01010a70   0x01010a70   0x0000004c   Code   RO         4242    i.prvHeapInit       heap_4.o
    0x01010abc   0x01010abc   0x0000003c   Code   RO         3604    i.prvIdleTask       tasks.o
    0x01010af8   0x01010af8   0x00000018   Code   RO         3982    i.prvInitialiseNewQueue  queue.o
    0x01010b10   0x01010b10   0x0000007c   Code   RO         3605    i.prvInitialiseNewTask  tasks.o
    0x01010b8c   0x01010b8c   0x00000034   Code   RO         3456    i.prvInitialiseNewTimer  timers.o
    0x01010bc0   0x01010bc0   0x00000058   Code   RO         3606    i.prvInitialiseTaskLists  tasks.o
    0x01010c18   0x01010c18   0x00000054   Code   RO         4243    i.prvInsertBlockIntoFreeList  heap_4.o
    0x01010c6c   0x01010c6c   0x00000040   Code   RO         3457    i.prvInsertTimerInActiveList  timers.o
    0x01010cac   0x01010cac   0x0000001a   Code   RO         3983    i.prvIsQueueEmpty   queue.o
    0x01010cc6   0x01010cc6   0x0000001e   Code   RO         3984    i.prvIsQueueFull    queue.o
    0x01010ce4   0x01010ce4   0x0000004c   Code   RO         3458    i.prvProcessExpiredTimer  timers.o
    0x01010d30   0x01010d30   0x00000094   Code   RO         3459    i.prvProcessReceivedCommands  timers.o
    0x01010dc4   0x01010dc4   0x0000006c   Code   RO         3460    i.prvProcessTimerOrBlockTask  timers.o
    0x01010e30   0x01010e30   0x00000024   Code   RO         3607    i.prvResetNextTaskUnblockTime  tasks.o
    0x01010e54   0x01010e54   0x0000002c   Code   RO         3461    i.prvSampleTimeNow  timers.o
    0x01010e80   0x01010e80   0x0000005c   Code   RO         3462    i.prvSwitchTimerLists  timers.o
    0x01010edc   0x01010edc   0x00000010   Code   RO         3366    i.prvTaskExitError  port.o
    0x01010eec   0x01010eec   0x00000014   Code   RO         3463    i.prvTimerTask      timers.o
    0x01010f00   0x01010f00   0x0000006a   Code   RO         3985    i.prvUnlockQueue    queue.o
    0x01010f6a   0x01010f6a   0x000000fa   Code   RO         4344    i.put_fat           ff.o
    0x01011064   0x01011064   0x00000008   Code   RO         5085    i.put_u16_le        audio_storage.o
    0x0101106c   0x0101106c   0x00000010   Code   RO         5086    i.put_u32_le        audio_storage.o
    0x0101107c   0x0101107c   0x00000098   Code   RO         4244    i.pvPortMalloc      heap_4.o
    0x01011114   0x01011114   0x00000048   Code   RO         1315    i.pwr_enter_sleep_check  app_pwr_mgmt.o
    0x0101115c   0x0101115c   0x00000010   Code   RO         5980    i.pwr_mgmt_shutdown_replace  ble_sdk.lib(sdk_pwr_mgmt_patch.o)
    0x0101116c   0x0101116c   0x0000001c   Code   RO         6230    i.pwr_mgmt_warm_boot  ble_sdk.lib(platform_sdk.o)
    0x01011188   0x01011188   0x0000008c   Code   RO         1316    i.pwr_register_sleep_cb  app_pwr_mgmt.o
    0x01011214   0x01011214   0x00000014   Code   RO         1317    i.pwr_unregister_sleep_cb  app_pwr_mgmt.o
    0x01011228   0x01011228   0x00000024   Code   RO         3367    i.pxPortInitialiseStack  port.o
    0x0101124c   0x0101124c   0x00000016   Code   RO         7003    i.rand_seed_gen     ble_sdk.lib(ble_sdk_patch.o)
    0x01011262   0x01011262   0x0000002c   Code   RO         6055    i.read_incr         ble_sdk.lib(sdk_nvds_patch.o)
    0x0101128e   0x0101128e   0x00000002   PAD
    0x01011290   0x01011290   0x00000028   Code   RO         5349    i.record_elapsed_ms_get  record_key.o
    0x010112b8   0x010112b8   0x00000024   Code   RO         5350    i.record_file_name_make  record_key.o
    0x010112dc   0x010112dc   0x0000005c   Code   RO         5351    i.record_key_init   record_key.o
    0x01011338   0x01011338   0x00000028   Code   RO         5352    i.record_key_irq_callback  record_key.o
    0x01011360   0x01011360   0x000000c0   Code   RO         5353    i.record_key_process  record_key.o
    0x01011420   0x01011420   0x00000034   Code   RO         5354    i.record_position_next  record_key.o
    0x01011454   0x01011454   0x00000180   Code   RO         5355    i.record_start      record_key.o
    0x010115d4   0x010115d4   0x00000024   Code   RO         5356    i.record_timebase_init  record_key.o
    0x010115f8   0x010115f8   0x00000078   Code   RO         4345    i.remove_chain      ff.o
    0x01011670   0x01011670   0x000000dc   Code   RO         6056    i.replace_item      ble_sdk.lib(sdk_nvds_patch.o)
    0x0101174c   0x0101174c   0x0000006c   Code   RO         6231    i.retention_mem_set  ble_sdk.lib(platform_sdk.o)
    0x010117b8   0x010117b8   0x00000016   Code   RO         6232    i.rf_calibration_set  ble_sdk.lib(platform_sdk.o)
    0x010117ce   0x010117ce   0x00000002   PAD
    0x010117d0   0x010117d0   0x00000010   Code   RO         6494    i.rf_gdx_replace    ble_sdk.lib(rf_gdx_patch.o)
    0x010117e0   0x010117e0   0x0000005c   Code   RO         6495    i.rf_hp_gain_offset_cfg  ble_sdk.lib(rf_gdx_patch.o)
    0x0101183c   0x0101183c   0x00000084   Code   RO         6496    i.rf_init_patch     ble_sdk.lib(rf_gdx_patch.o)
    0x010118c0   0x010118c0   0x00000154   Code   RO         6497    i.rf_modulation_accuracy_calibration_patch  ble_sdk.lib(rf_gdx_patch.o)
    0x01011a14   0x01011a14   0x00000060   Code   RO         6498    i.rf_tx_pw_conv_tbl_get  ble_sdk.lib(rf_gdx_patch.o)
    0x01011a74   0x01011a74   0x00000070   Code   RO         6499    i.rf_txpwr_cs_get_patch  ble_sdk.lib(rf_gdx_patch.o)
    0x01011ae4   0x01011ae4   0x0000006c   Code   RO         6500    i.rf_txpwr_dbm_get_patch  ble_sdk.lib(rf_gdx_patch.o)
    0x01011b50   0x01011b50   0x00000070   Code   RO         6309    i.rf_xo_offset_init  ble_sdk.lib(platform_clock.o)
    0x01011bc0   0x01011bc0   0x00000018   Code   RO         2457    i.ring_buffer_init  ring_buffer.o
    0x01011bd8   0x01011bd8   0x00000014   Code   RO         2458    i.ring_buffer_is_reach_left_threshold  ring_buffer.o
    0x01011bec   0x01011bec   0x00000014   Code   RO         2459    i.ring_buffer_items_count_get  ring_buffer.o
    0x01011c00   0x01011c00   0x00000088   Code   RO         2461    i.ring_buffer_read  ring_buffer.o
    0x01011c88   0x01011c88   0x00000034   Code   RO         2462    i.ring_buffer_surplus_space_get  ring_buffer.o
    0x01011cbc   0x01011cbc   0x0000007e   Code   RO         2463    i.ring_buffer_write  ring_buffer.o
    0x01011d3a   0x01011d3a   0x00000002   PAD
    0x01011d3c   0x01011d3c   0x0000014c   Code   RO         5915    i.rng_calibration   ble_sdk.lib(system_sdk_patch.o)
    0x01011e88   0x01011e88   0x00000060   Code   RO         7004    i.rng_rand_get      ble_sdk.lib(ble_sdk_patch.o)
    0x01011ee8   0x01011ee8   0x00000044   Code   RO         5889    i.rom_callback_replace  ble_sdk.lib(rwip_sleep_patch.o)
    0x01011f2c   0x01011f2c   0x00000004   PAD
    0x01011f30   0x01011f30   0x000000d8   Code   RO         7241    i.round             m_wm.l(round.o)
    0x01012008   0x01012008   0x00000240   Code   RO         5916    i.rtc_calibration   ble_sdk.lib(system_sdk_patch.o)
    0x01012248   0x01012248   0x00000010   Code   RO         6648    i.rwble_replace     ble_sdk.lib(rwble_patch.o)
    0x01012258   0x01012258   0x00000020   Code   RO         5890    i.rwip_sleep_func_replace  ble_sdk.lib(rwip_sleep_patch.o)
    0x01012278   0x01012278   0x00000016   Code   RO         6625    i.sch_arb_get_current_time  ble_sdk.lib(sch_arb_patch.o)
    0x0101228e   0x0101228e   0x00000002   PAD
    0x01012290   0x01012290   0x00000074   Code   RO         6626    i.sch_arb_hus_timer_set  ble_sdk.lib(sch_arb_patch.o)
    0x01012304   0x01012304   0x00000028   Code   RO         6628    i.sch_arb_replace   ble_sdk.lib(sch_arb_patch.o)
    0x0101232c   0x0101232c   0x0000002c   Code   RO         6388    i.sch_prog_frm_cbk_replace  ble_sdk.lib(sch_prog_patch.o)
    0x01012358   0x01012358   0x000000a4   Code   RO         7063    i.sdk_gapc_msg_handler_tab_replace  ble_sdk.lib(ble_sdk_gapc_patch.o)
    0x010123fc   0x010123fc   0x00000078   Code   RO         7032    i.sdk_gapm_msg_handler_tab_replace  ble_sdk.lib(ble_sdk_gapm_patch.o)
    0x01012474   0x01012474   0x00000020   Code   RO         6140    i.sdk_gatt_check_conidx  ble_sdk.lib(ble_sdk_gattc_patch.o)
    0x01012494   0x01012494   0x00000064   Code   RO         7081    i.sdk_gatt_msg_handler_tab_replace  ble_sdk.lib(ble_sdk_gatt_task_patch.o)
    0x010124f8   0x010124f8   0x00000058   Code   RO         5989    i.sdk_init          ble_sdk.lib(sdk_ram_init_patch.o)
    0x01012550   0x01012550   0x0000002c   Code   RO         7105    i.sdk_prf_msg_handler_tab_replace  ble_sdk.lib(ble_sdk_prf_patch.o)
    0x0101257c   0x0101257c   0x0000004c   Code   RO         7225    i.sec_bond_info_miss_check  ble_sdk.lib(ble_sdk_sec_patch.o)
    0x010125c8   0x010125c8   0x00000088   Code   RO         7226    i.sec_check_conn_bond_patch  ble_sdk.lib(ble_sdk_sec_patch.o)
    0x01012650   0x01012650   0x000001f8   Code   RO         7228    i.sec_rcv_encrypt_req_ind_handler_patch  ble_sdk.lib(ble_sdk_sec_patch.o)
    0x01012848   0x01012848   0x000000ec   Code   RO         7229    i.sec_rcv_sec_req_ind_handler_patch  ble_sdk.lib(ble_sdk_sec_patch.o)
    0x01012934   0x01012934   0x00000034   Code   RO         4891    i.services_init     user_app.o
    0x01012968   0x01012968   0x00000018   Code   RO          330    i.set_msp           system_gr55xx.o
    0x01012980   0x01012980   0x00000074   Code   RO         6501    i.set_sx_frequence  ble_sdk.lib(rf_gdx_patch.o)
    0x010129f4   0x010129f4   0x00000284   Code   RO         6841    i.smpc_handle_enc_change_evt_func_patch  ble_sdk.lib(smpc_patch.o)
    0x01012c78   0x01012c78   0x00000010   Code   RO         6842    i.smpc_handle_enc_change_evt_func_replace  ble_sdk.lib(smpc_patch.o)
    0x01012c88   0x01012c88   0x00000114   Code   RO         1956    i.spi_gpio_config   app_spi.o
    0x01012d9c   0x01012d9c   0x00000060   Code   RO         1957    i.spi_prepare_for_sleep  app_spi.o
    0x01012dfc   0x01012dfc   0x00000002   Code   RO         1958    i.spi_sleep_canceled  app_spi.o
    0x01012dfe   0x01012dfe   0x00000028   Code   RO         4346    i.st_clust          ff.o
    0x01012e26   0x01012e26   0x00000010   Code   RO         4347    i.st_dword          ff.o
    0x01012e36   0x01012e36   0x00000008   Code   RO         4348    i.st_word           ff.o
    0x01012e3e   0x01012e3e   0x00000002   PAD
    0x01012e40   0x01012e40   0x00000088   Code   RO         4816    i.start_task        main.o
    0x01012ec8   0x01012ec8   0x0000003c   Code   RO         6629    i.sync_evt_sch_arb_cb  ble_sdk.lib(sch_arb_patch.o)
    0x01012f04   0x01012f04   0x00000088   Code   RO         4349    i.sync_fs           ff.o
    0x01012f8c   0x01012f8c   0x00000048   Code   RO         4350    i.sync_window       ff.o
    0x01012fd4   0x01012fd4   0x000000d0   Code   RO         5917    i.sys_adc_trim_get  ble_sdk.lib(system_sdk_patch.o)
    0x010130a4   0x010130a4   0x00000020   Code   RO         5921    i.sys_device_lp_gain_offset_2m_get  ble_sdk.lib(system_sdk_patch.o)
    0x010130c4   0x010130c4   0x00000024   Code   RO         5922    i.sys_device_package_get  ble_sdk.lib(system_sdk_patch.o)
    0x010130e8   0x010130e8   0x00000024   Code   RO         5923    i.sys_device_sram_get  ble_sdk.lib(system_sdk_patch.o)
    0x0101310c   0x0101310c   0x00000028   Code   RO         5924    i.sys_device_uid_get  ble_sdk.lib(system_sdk_patch.o)
    0x01013134   0x01013134   0x000000dc   Code   RO         5925    i.sys_efuse_info_sync  ble_sdk.lib(system_sdk_patch.o)
    0x01013210   0x01013210   0x00000074   Code   RO         5928    i.sys_get_efuse_io_ldo  ble_sdk.lib(system_sdk_patch.o)
    0x01013284   0x01013284   0x0000001c   Code   RO         6233    i.sys_is_use_ext_flash  ble_sdk.lib(platform_sdk.o)
    0x010132a0   0x010132a0   0x00000028   Code   RO         6234    i.sys_is_use_internal_3p3_ioldo  ble_sdk.lib(platform_sdk.o)
    0x010132c8   0x010132c8   0x00000084   Code   RO         5932    i.sys_pmu_trim_get  ble_sdk.lib(system_sdk_patch.o)
    0x0101334c   0x0101334c   0x0000000c   Code   RO         6236    i.sys_sdk_verison_get  ble_sdk.lib(platform_sdk.o)
    0x01013358   0x01013358   0x00000020   Code   RO         5937    i.sys_trim_sum_get  ble_sdk.lib(system_sdk_patch.o)
    0x01013378   0x01013378   0x00000038   Code   RO         6311    i.system_clk_mgmt_init  ble_sdk.lib(platform_clock.o)
    0x010133b0   0x010133b0   0x00000004   Code   RO         6373    i.system_conf_correction  ble_sdk.lib(cold_patch.o)
    0x010133b4   0x010133b4   0x000000e8   Code   RO         6237    i.system_low_power_set  ble_sdk.lib(platform_sdk.o)
    0x0101349c   0x0101349c   0x00000018   Code   RO          331    i.system_platform_init  system_gr55xx.o
    0x010134b4   0x010134b4   0x00000058   Code   RO         2639    i.system_pmu_calibration_init  pmu_calibration.o
    0x0101350c   0x0101350c   0x0000002c   Code   RO         2640    i.system_pmu_calibration_start  pmu_calibration.o
    0x01013538   0x01013538   0x00000010   Code   RO         2642    i.system_pmu_calibration_task  pmu_calibration.o
    0x01013548   0x01013548   0x0000000a   Code   RO         6239    i.system_pmu_deinit  ble_sdk.lib(platform_sdk.o)
    0x01013552   0x01013552   0x00000002   PAD
    0x01013554   0x01013554   0x000000ec   Code   RO         6240    i.system_pmu_init   ble_sdk.lib(platform_sdk.o)
    0x01013640   0x01013640   0x000000b0   Code   RO         6241    i.system_priority_init  ble_sdk.lib(platform_sdk.o)
    0x010136f0   0x010136f0   0x00000010   Code   RO         5938    i.system_sdk_replace  ble_sdk.lib(system_sdk_patch.o)
    0x01013700   0x01013700   0x00000024   Code   RO         4817    i.system_task       main.o
    0x01013724   0x01013724   0x00000004   Code   RO         1538    i.systick_prepare_for_sleep  app_systick.o
    0x01013728   0x01013728   0x00000002   Code   RO         1539    i.systick_sleep_canceled  app_systick.o
    0x0101372a   0x0101372a   0x00000002   PAD
    0x0101372c   0x0101372c   0x0000001c   Code   RO         6057    i.tags_cache_clean  ble_sdk.lib(sdk_nvds_patch.o)
    0x01013748   0x01013748   0x00000038   Code   RO         6058    i.tags_cache_rec_add  ble_sdk.lib(sdk_nvds_patch.o)
    0x01013780   0x01013780   0x00000140   Code   RO         6059    i.tags_cache_rec_del  ble_sdk.lib(sdk_nvds_patch.o)
    0x010138c0   0x010138c0   0x00000088   Code   RO         6060    i.tags_cache_rec_find  ble_sdk.lib(sdk_nvds_patch.o)
    0x01013948   0x01013948   0x00000044   Code   RO         6242    i.temperature_calibrations  ble_sdk.lib(platform_sdk.o)
    0x0101398c   0x0101398c   0x00000230   Code   RO         5087    i.tf_card_init      audio_storage.o
    0x01013bbc   0x01013bbc   0x0000000a   Code   RO         5088    i.tf_cs_high        audio_storage.o
    0x01013bc6   0x01013bc6   0x0000000c   Code   RO         5089    i.tf_cs_low         audio_storage.o
    0x01013bd2   0x01013bd2   0x00000010   Code   RO         5090    i.tf_deselect       audio_storage.o
    0x01013be2   0x01013be2   0x00000002   PAD
    0x01013be4   0x01013be4   0x0000001c   Code   RO         5091    i.tf_disk_initialize  audio_storage.o
    0x01013c00   0x01013c00   0x00000084   Code   RO         5092    i.tf_disk_ioctl     audio_storage.o
    0x01013c84   0x01013c84   0x0000003c   Code   RO         5093    i.tf_disk_read      audio_storage.o
    0x01013cc0   0x01013cc0   0x0000000c   Code   RO         5094    i.tf_disk_status    audio_storage.o
    0x01013ccc   0x01013ccc   0x0000003c   Code   RO         5095    i.tf_disk_write     audio_storage.o
    0x01013d08   0x01013d08   0x00000022   Code   RO         5096    i.tf_read_csd       audio_storage.o
    0x01013d2a   0x01013d2a   0x00000002   PAD
    0x01013d2c   0x01013d2c   0x00000030   Code   RO         5097    i.tf_read_sector    audio_storage.o
    0x01013d5c   0x01013d5c   0x000000b8   Code   RO         5098    i.tf_receive_data   audio_storage.o
    0x01013e14   0x01013e14   0x0000004c   Code   RO         5099    i.tf_sector_count_from_csd  audio_storage.o
    0x01013e60   0x01013e60   0x00000022   Code   RO         5100    i.tf_select         audio_storage.o
    0x01013e82   0x01013e82   0x00000090   Code   RO         5101    i.tf_send_cmd       audio_storage.o
    0x01013f12   0x01013f12   0x00000002   PAD
    0x01013f14   0x01013f14   0x0000003c   Code   RO         5102    i.tf_spi_init       audio_storage.o
    0x01013f50   0x01013f50   0x00000094   Code   RO         5103    i.tf_spi_set_speed  audio_storage.o
    0x01013fe4   0x01013fe4   0x00000026   Code   RO         5104    i.tf_spi_txrx       audio_storage.o
    0x0101400a   0x0101400a   0x0000005e   Code   RO         5105    i.tf_transmit_data  audio_storage.o
    0x01014068   0x01014068   0x00000070   Code   RO         5106    i.tf_wait_ready     audio_storage.o
    0x010140d8   0x010140d8   0x00000030   Code   RO         5107    i.tf_write_sector   audio_storage.o
    0x01014108   0x01014108   0x0000003c   Code   RO         6243    i.ton_value_set     ble_sdk.lib(platform_sdk.o)
    0x01014144   0x01014144   0x0000005c   Code   RO         4950    i.transport_ble_continue_send  transport_scheduler.o
    0x010141a0   0x010141a0   0x00000044   Code   RO         4951    i.transport_ble_data_send  transport_scheduler.o
    0x010141e4   0x010141e4   0x0000004c   Code   RO         4952    i.transport_ble_init  transport_scheduler.o
    0x01014230   0x01014230   0x0000000c   Code   RO         4953    i.transport_flag_cfm  transport_scheduler.o
    0x0101423c   0x0101423c   0x0000000c   Code   RO         4954    i.transport_flag_set  transport_scheduler.o
    0x01014248   0x01014248   0x0000000c   Code   RO         4955    i.transport_is_file_send_active  transport_scheduler.o
    0x01014254   0x01014254   0x00000038   Code   RO         4957    i.transport_schedule  transport_scheduler.o
    0x0101428c   0x0101428c   0x0000000c   Code   RO         4958    i.transport_set_file_send_active  transport_scheduler.o
    0x01014298   0x01014298   0x00000030   Code   RO         4959    i.transport_uart_data_send  transport_scheduler.o
    0x010142c8   0x010142c8   0x00000024   Code   RO         4960    i.transport_uart_init  transport_scheduler.o
    0x010142ec   0x010142ec   0x0000003c   Code   RO         4754    i.uart_evt_handler  user_periph_setup.o
    0x01014328   0x01014328   0x000000a4   Code   RO         1378    i.uart_gpio_config  app_uart.o
    0x010143cc   0x010143cc   0x00000074   Code   RO         4755    i.uart_init         user_periph_setup.o
    0x01014440   0x01014440   0x00000060   Code   RO         1379    i.uart_prepare_for_sleep  app_uart.o
    0x010144a0   0x010144a0   0x00000010   Code   RO         4756    i.uart_rx_restart   user_periph_setup.o
    0x010144b0   0x010144b0   0x00000002   Code   RO         1380    i.uart_sleep_canceled  app_uart.o
    0x010144b2   0x010144b2   0x00000002   PAD
    0x010144b4   0x010144b4   0x00000028   Code   RO         4961    i.uart_to_ble_push  transport_scheduler.o
    0x010144dc   0x010144dc   0x0000000a   Code   RO         4757    i.uart_tx_data_send  user_periph_setup.o
    0x010144e6   0x010144e6   0x00000002   PAD
    0x010144e8   0x010144e8   0x00000038   Code   RO         4962    i.update_ble_flow_ctrl_state  transport_scheduler.o
    0x01014520   0x01014520   0x00000010   Code   RO         6312    i.update_lp_clk     ble_sdk.lib(platform_clock.o)
    0x01014530   0x01014530   0x0000000c   Code   RO         4963    i.update_mtu_size   transport_scheduler.o
    0x0101453c   0x0101453c   0x00000026   Code   RO         4194    i.uxListRemove      list.o
    0x01014562   0x01014562   0x00000016   Code   RO         4195    i.vListInitialise   list.o
    0x01014578   0x01014578   0x00000006   Code   RO         4196    i.vListInitialiseItem  list.o
    0x0101457e   0x0101457e   0x00000030   Code   RO         4197    i.vListInsert       list.o
    0x010145ae   0x010145ae   0x00000018   Code   RO         4198    i.vListInsertEnd    list.o
    0x010145c6   0x010145c6   0x00000002   PAD
    0x010145c8   0x010145c8   0x0000001c   Code   RO         3369    i.vPortEnterCritical  port.o
    0x010145e4   0x010145e4   0x00000018   Code   RO         3370    i.vPortExitCritical  port.o
    0x010145fc   0x010145fc   0x00000040   Code   RO         4245    i.vPortFree         heap_4.o
    0x0101463c   0x0101463c   0x00000030   Code   RO         3371    i.vPortSetupTimerInterrupt  port.o
    0x0101466c   0x0101466c   0x00000024   Code   RO         3989    i.vQueueAddToRegistry  queue.o
    0x01014690   0x01014690   0x00000014   Code   RO         3990    i.vQueueDelete      queue.o
    0x010146a4   0x010146a4   0x00000028   Code   RO         3991    i.vQueueUnregisterQueue  queue.o
    0x010146cc   0x010146cc   0x00000046   Code   RO         3992    i.vQueueWaitForMessageRestricted  queue.o
    0x01014712   0x01014712   0x00000002   PAD
    0x01014714   0x01014714   0x00000034   Code   RO         3615    i.vTaskDelay        tasks.o
    0x01014748   0x01014748   0x00000098   Code   RO         3617    i.vTaskDelete       tasks.o
    0x010147e0   0x010147e0   0x00000010   Code   RO         3619    i.vTaskInternalSetTimeOutState  tasks.o
    0x010147f0   0x010147f0   0x0000000c   Code   RO         3620    i.vTaskMissedYield  tasks.o
    0x010147fc   0x010147fc   0x00000020   Code   RO         3623    i.vTaskPlaceOnEventList  tasks.o
    0x0101481c   0x0101481c   0x00000028   Code   RO         3624    i.vTaskPlaceOnEventListRestricted  tasks.o
    0x01014844   0x01014844   0x0000005c   Code   RO         3633    i.vTaskStartScheduler  tasks.o
    0x010148a0   0x010148a0   0x00000020   Code   RO         3634    i.vTaskStepTick     tasks.o
    0x010148c0   0x010148c0   0x00000010   Code   RO         3636    i.vTaskSuspendAll   tasks.o
    0x010148d0   0x010148d0   0x00000048   Code   RO         3637    i.vTaskSwitchContext  tasks.o
    0x01014918   0x01014918   0x00000036   Code   RO         4351    i.validate          ff.o
    0x0101494e   0x0101494e   0x0000001a   Code   RO         6244    i.vbatt_calibrations  ble_sdk.lib(platform_sdk.o)
    0x01014968   0x01014968   0x00000016   Code   RO         6061    i.verify_hdr_checksum  ble_sdk.lib(sdk_nvds_patch.o)
    0x0101497e   0x0101497e   0x00000002   PAD
    0x01014980   0x01014980   0x00000020   Code   RO         7114    i.warm_boot_cfg_patch  ble_sdk.lib(boot_patch.o)
    0x010149a0   0x010149a0   0x0000000c   Code   RO         5996    i.warm_boot_set_exflash_readid_delay  ble_sdk.lib(warm_boot_patch.o)
    0x010149ac   0x010149ac   0x0000003c   Code   RO         5108    i.wav_file_preallocate  audio_storage.o
    0x010149e8   0x010149e8   0x000000e4   Code   RO         5109    i.wav_header_update  audio_storage.o
    0x01014acc   0x01014acc   0x000000ec   Code   RO         5547    i.wm8962_debug_read_snapshot  wm8962_inmp441.o
    0x01014bb8   0x01014bb8   0x00000538   Code   RO         5548    i.wm8962_init       wm8962_inmp441.o
    0x010150f0   0x010150f0   0x00000050   Code   RO         5549    i.wm8962_probe      wm8962_inmp441.o
    0x01015140   0x01015140   0x00000050   Code   RO         5550    i.wm8962_read_reg   wm8962_inmp441.o
    0x01015190   0x01015190   0x00000038   Code   RO         5551    i.wm8962_write_reg  wm8962_inmp441.o
    0x010151c8   0x010151c8   0x00000050   Code   RO         5552    i.wm8962_write_reg_checked  wm8962_inmp441.o
    0x01015218   0x01015218   0x00000190   Code   RO         6063    i.write_compacted_items  ble_sdk.lib(sdk_nvds_patch.o)
    0x010153a8   0x010153a8   0x00000044   Code   RO         6064    i.write_incr        ble_sdk.lib(sdk_nvds_patch.o)
    0x010153ec   0x010153ec   0x00000170   Code   RO         6065    i.write_item        ble_sdk.lib(sdk_nvds_patch.o)
    0x0101555c   0x0101555c   0x00000050   Code   RO         3373    i.xPortStartScheduler  port.o
    0x010155ac   0x010155ac   0x00000032   Code   RO         3995    i.xQueueGenericCreate  queue.o
    0x010155de   0x010155de   0x00000002   PAD
    0x010155e0   0x010155e0   0x00000078   Code   RO         3996    i.xQueueGenericReset  queue.o
    0x01015658   0x01015658   0x000000f8   Code   RO         3997    i.xQueueGenericSend  queue.o
    0x01015750   0x01015750   0x00000066   Code   RO         3998    i.xQueueGenericSendFromISR  queue.o
    0x010157b6   0x010157b6   0x00000056   Code   RO         3999    i.xQueueGiveFromISR  queue.o
    0x0101580c   0x0101580c   0x000000f0   Code   RO         4005    i.xQueueReceive     queue.o
    0x010158fc   0x010158fc   0x00000054   Code   RO         3638    i.xTaskCheckForTimeOut  tasks.o
    0x01015950   0x01015950   0x00000060   Code   RO         3639    i.xTaskCreate       tasks.o
    0x010159b0   0x010159b0   0x0000001c   Code   RO         3643    i.xTaskGetSchedulerState  tasks.o
    0x010159cc   0x010159cc   0x0000000c   Code   RO         3644    i.xTaskGetTickCount  tasks.o
    0x010159d8   0x010159d8   0x000000b8   Code   RO         3646    i.xTaskIncrementTick  tasks.o
    0x01015a90   0x01015a90   0x00000070   Code   RO         3649    i.xTaskPriorityDisinherit  tasks.o
    0x01015b00   0x01015b00   0x0000006c   Code   RO         3651    i.xTaskRemoveFromEventList  tasks.o
    0x01015b6c   0x01015b6c   0x000000b4   Code   RO         3652    i.xTaskResumeAll    tasks.o
    0x01015c20   0x01015c20   0x0000002e   Code   RO         3466    i.xTimerCreate      timers.o
    0x01015c4e   0x01015c4e   0x00000002   PAD
    0x01015c50   0x01015c50   0x0000003c   Code   RO         3467    i.xTimerCreateTimerTask  timers.o
    0x01015c8c   0x01015c8c   0x00000054   Code   RO         3468    i.xTimerGenericCommand  timers.o
    0x01015ce0   0x01015ce0   0x0000001a   Code   RO         3472    i.xTimerIsTimerActive  timers.o
    0x01015cfa   0x01015cfa   0x00000002   PAD
    0x01015cfc   0x01015cfc   0x00000030   Data   RO          332    .constdata          system_gr55xx.o
    0x01015d2c   0x01015d2c   0x0000000c   Data   RO         1114    .constdata          app_dma.o
    0x01015d38   0x01015d38   0x0000000c   Data   RO         1199    .constdata          app_gpiote.o
    0x01015d44   0x01015d44   0x00000084   Data   RO         1269    .constdata          app_io.o
    0x01015dc8   0x01015dc8   0x00000020   Data   RO         1382    .constdata          app_uart.o
    0x01015de8   0x01015de8   0x0000000c   Data   RO         1540    .constdata          app_systick.o
    0x01015df4   0x01015df4   0x00000020   Data   RO         1608    .constdata          app_i2s.o
    0x01015e14   0x01015e14   0x00000020   Data   RO         1778    .constdata          app_i2c.o
    0x01015e34   0x01015e34   0x00000020   Data   RO         1960    .constdata          app_spi.o
    0x01015e54   0x01015e54   0x000000d4   Data   RO         3089    .constdata          gus.o
    0x01015f28   0x01015f28   0x00000080   Data   RO         4352    .constdata          ff.o
    0x01015fa8   0x01015fa8   0x00000064   Data   RO         4681    .constdata          user_gap_callback.o
    0x0101600c   0x0101600c   0x0000003e   Data   RO         4682    .constdata          user_gap_callback.o
    0x0101604a   0x0101604a   0x00000002   PAD
    0x0101604c   0x0101604c   0x00000008   Data   RO         4723    .constdata          user_gatt_common_callback.o
    0x01016054   0x01016054   0x00000006   Data   RO         4759    .constdata          user_periph_setup.o
    0x0101605a   0x0101605a   0x00000002   PAD
    0x0101605c   0x0101605c   0x000000f4   Data   RO         4893    .constdata          user_app.o
    0x01016150   0x01016150   0x00000010   Data   RO         4894    .constdata          user_app.o
    0x01016160   0x01016160   0x0000000e   Data   RO         4895    .constdata          user_app.o
    0x0101616e   0x0101616e   0x00000019   Data   RO         4896    .constdata          user_app.o
    0x01016187   0x01016187   0x00000001   PAD
    0x01016188   0x01016188   0x00000099   Data   RO         5111    .constdata          audio_storage.o
    0x01016221   0x01016221   0x0000000d   Data   RO         5357    .constdata          record_key.o
    0x0101622e   0x0101622e   0x00000002   PAD
    0x01016230   0x01016230   0x0000002b   Data   RO         5431    .constdata          oled_ssd1315.o
    0x0101625b   0x0101625b   0x00000014   Data   RO         5554    .constdata          wm8962_inmp441.o
    0x0101626f   0x0101626f   0x00000001   PAD
    0x01016270   0x01016270   0x00000030   Data   RO         5650    .constdata          ble_sdk.lib(fpb_patch_init.o)
    0x010162a0   0x010162a0   0x0000005f   Data   RO         6067    .constdata          ble_sdk.lib(sdk_nvds_patch.o)
    0x010162ff   0x010162ff   0x00000001   PAD
    0x01016300   0x01016300   0x00000008   Data   RO         6245    .constdata          ble_sdk.lib(platform_sdk.o)
    0x01016308   0x01016308   0x00000074   Data   RO         6503    .constdata          ble_sdk.lib(rf_gdx_patch.o)
    0x0101637c   0x0101637c   0x00000020   Data   RO         6765    .constdata          ble_sdk.lib(gattc_task_patch.o)
    0x0101639c   0x0101639c   0x00000008   Data   RO         6979    .constdata          ble_sdk.lib(dfu_cmd_handler_patch.o)
    0x010163a4   0x010163a4   0x00000010   Data   RO         7005    .constdata          ble_sdk.lib(ble_sdk_patch.o)
    0x010163b4   0x010163b4   0x0000001a   Data   RO         7065    .constdata          ble_sdk.lib(ble_sdk_gapc_patch.o)
    0x010163ce   0x010163ce   0x00000021   Data   RO         7095    .constdata          ble_sdk.lib(ble_sdk_gatts_patch.o)
    0x010163ef   0x010163ef   0x00000001   PAD
    0x010163f0   0x010163f0   0x00000081   Data   RO         7135    .constdata          ble_sdk.lib(atts_patch.o)
    0x01016471   0x01016471   0x00000003   PAD
    0x01016474   0x01016474   0x00000584   Data   RO         2856    .conststring        app_error.o
    0x010169f8   0x010169f8   0x00000020   Data   RO         2907    .conststring        app_log.o
    0x01016a18   0x01016a18   0x00000017   Data   RO         4897    .conststring        user_app.o
    0x01016a2f   0x01016a2f   0x00000001   PAD
    0x01016a30   0x01016a30   0x00000051   Data   RO         6390    .conststring        ble_sdk.lib(sch_prog_patch.o)
    0x01016a81   0x01016a81   0x00000003   PAD
    0x01016a84   0x01016a84   0x00000074   Data   RO         6708    .conststring        ble_sdk.lib(lld_scan_patch.o)
    0x01016af8   0x01016af8   0x00000010   Data   RO         6745    .conststring        ble_sdk.lib(llc_con_upd_patch.o)
    0x01016b08   0x01016b08   0x00000179   Data   RO         6819    .conststring        ble_sdk.lib(lld_con_patch.o)
    0x01016c81   0x01016c81   0x00000003   PAD
    0x01016c84   0x01016c84   0x0000022d   Data   RO         6854    .conststring        ble_sdk.lib(lld_init_patch.o)
    0x01016eb1   0x01016eb1   0x00000003   PAD
    0x01016eb4   0x01016eb4   0x00000040   Data   RO         7600    Region$$Table       anon$$obj.o


    Execution Region FPB_TABLE (Exec base: 0x30004000, Load base: 0x01016ef4, Size: 0x00000020, Max: 0x00000020, ABSOLUTE)

    Exec Addr    Load Addr    Size         Type   Attr      Idx    E Section Name        Object

    0x30004000   0x01016ef4   0x00000020   Data   RW         6577    FPB                 ble_sdk.lib(platform_patch.o)


==============================================================================

Image component sizes


      Code (inc. data)   RO Data    RW Data    ZI Data      Debug   Object Name

       536        118          0         12        156       5425   app_assert.o
       722         52         12          4        768      11120   app_dma.o
       240        118       1412        344          0       3018   app_error.o
       686         44         12          4        548       9897   app_gpiote.o
      1276         58         32          4        296      15289   app_i2c.o
      1572         68         32          4        336      13239   app_i2s.o
       500         40        132          0          0       4351   app_io.o
       654         78         32         16        292      45334   app_log.o
       284         28          0          0         84       4220   app_pwr_mgmt.o
        94          4          0          0          0       2765   app_rtos_cfg.o
      1998         76         32          4        392      15653   app_spi.o
        84         16         12          2          0       3548   app_systick.o
      1916         80         32          4        632      29307   app_uart.o
      4126        742        153        108      68492      36755   audio_storage.o
       126          0          0          0          0       4356   ble_prf_utils.o
        30          0          0          0          0       1512   bsp.o
       152         26          0          0          0       4535   diskio.o
      5490         72        128          8          0      54547   ff.o
        70          4          0          0         12       1660   ff_gen_drv.o
        48          4          0          8          0       2175   gr55xx_hal.o
        82          4          0          4          0       2546   gr55xx_hal_aon_gpio.o
         8          0          0          0          0       1620   gr55xx_hal_exflash.o
       104          8          0          4          0       2610   gr55xx_hal_gpio.o
       104          8          0         44          0       4549   gr55xx_hal_i2c.o
       102          8          0         24          0       3982   gr55xx_hal_i2s.o
       102          8          0         28          0       3982   gr55xx_hal_spi.o
       102          8          0         32          0       9147   gr55xx_hal_uart.o
       744         84        212         32         48       9149   gus.o
       376         24          0         24      24576       4159   heap_4.o
        64          2          0          0          0     297899   interrupt_gr55xx.o
       138          0          0          0          0       3494   list.o
       256         60          0         76      31100       4600   main.o
      1390         82         43          2          0      11885   oled_ssd1315.o
       362         18          0         16          0      53895   platform_gr55xx.o
       148         42          0          4          0       2209   pmu_calibration.o
       478         62          0         20          0      10364   port.o
       328         14          0          8          0      10302   port_pm_low_power.o
      1348         22          0          0         64      23773   queue.o
       872        218         13         34          0       6541   record_key.o
       378          0          0          0          0       7150   ring_buffer.o
       548         42          0          0       1160       9586   segger_rtt.o
        40         12        200          0          0        844   startup_gr55xx.o
       264         64         48          8          0      12423   system_gr55xx.o
      2012        192          0         60        300      31176   tasks.o
       936         92          0         20         40      13440   timers.o
       620        110          0         19      10760      10003   transport_scheduler.o
       922        214        322          4         18       7095   user_app.o
       434        290        162          0          0       3264   user_gap_callback.o
         6          0          8          0          0       1751   user_gatt_common_callback.o
       304         42          6          8       8516       5136   user_periph_setup.o
        10          0          0          0          0       1082   utility.o
      3104        668         20         80      34816      19342   wm8962_inmp441.o

    ----------------------------------------------------------------------
     37552       4026       3128       1076     200004     857704   Object Totals
       180          0         64          0      16484          0   (incl. Generated)
        82          0          9          3        114          0   (incl. Padding)

    ----------------------------------------------------------------------

      Code (inc. data)   RO Data    RW Data    ZI Data      Debug   Library Member Name

       708        164        129          0          0        248   atts_patch.o
       376         42          0          0          0        192   ble_bondmgr_patch.o
      1176        236         26          0        184        344   ble_sdk_gapc_patch.o
      2066        394          0          8        508        772   ble_sdk_gapm_patch.o
       316         40          0          0         88        240   ble_sdk_gatt_task_patch.o
       148          6          0          0          0        412   ble_sdk_gattc_patch.o
       192         86         33          0          0        148   ble_sdk_gatts_patch.o
       156         18         16          0          0        320   ble_sdk_patch.o
       280         66          0          0          0        156   ble_sdk_prf_patch.o
      1000        228          0          0          0        432   ble_sdk_sec_patch.o
        32          6          0          0          0         68   boot_patch.o
       172          0          0          0          0        456   cold_patch.o
        96         16          8          0          0        144   dfu_cmd_handler_patch.o
       104         10         48          4          0        104   fpb_patch_init.o
       464         50          0          0        504        476   gapc_hci_patch.o
       188         16          0          0          0         84   gapm_actv_patch.o
       746        106          0          0          0        564   gapm_init_patch.o
       176         76          0          0        696        148   gapm_task_patch.o
       304         74         32          0        224        236   gattc_task_patch.o
       408         38          0          1          0        480   gr55xx_hal_aon_gpio_patch.o
         0          0          0          1          0          0   gr55xx_hal_comp_patch.o
       236         18          0          0          0        168   gr55xx_hal_dma_patch.o
       336         36          0          0          0        156   gr55xx_hal_efuse_patch.o
      1960         26          0          4          0        436   gr55xx_hal_exflash_patch.o
      3694        104          0          0          0       2648   gr55xx_hal_i2c_patch.o
       184          4          0          0          0        148   gr55xx_hal_msio_patch.o
       292          8          0          0          0        148   gr55xx_hal_pwr_patch.o
       632         34          0          0          0        260   gr55xx_hal_rng_patch.o
        18          0          0          0          0         68   gr55xx_hal_uart_patch.o
       312         16          0          0          0        160   gr55xx_ll_aon_gpio_patch.o
       606          6          0          0          0        444   gr55xx_ll_dma_patch.o
       100          0          0          0          0         76   gr55xx_ll_i2c_patch.o
       372         14          0          0          0        160   gr55xx_ll_msio_patch.o
       276         34          0         24          0        332   hal_flash_patch.o
       300         42          0          1          0         88   hci_patch.o
       312         64          0          0        120        320   l2cc_task_patch.o
       224         26          0          1          0        252   l2cm_patch.o
       236         12          0          0          0        172   llc_chmap_upd_patch.o
      1582        110         16          0          0        752   llc_con_upd_patch.o
       924         72          0          1          0        324   llc_encrypt_patch.o
       120          8          0          0          0        168   llc_le_ping_patch.o
       328         32          0          0        420        204   llc_llcp_patch.o
        70          0          0          0          0        100   llc_patch.o
       284         26          0          0          0        240   llc_phy_upd_patch.o
       410         90          0          0        640        484   llc_task_patch.o
      1072         70          0          0          0        296   lld_adv_patch.o
      3240        266        377          1        144        856   lld_con_patch.o
      2428        238        557          0          0        264   lld_init_patch.o
        34          8          0          0          0        148   lld_patch.o
      3488        192        116          2          0        524   lld_scan_patch.o
      1650        178          0          0        640        756   llm_hci_patch.o
       784         26          0          0          0        180   llm_scan_patch.o
       924         66          0          4          0        352   platform_adc.o
       604         82          0         12          0        720   platform_clock.o
       792         32          0          0          0        476   platform_exflash.o
       150         24          0         32          0        292   platform_patch.o
      5014        524          8        316          0       3024   platform_sdk.o
       338          8          0          0          0        300   platform_sram.o
       180         24          0        200        200        128   platform_sys_context.o
      1396        190        116         20        160        860   rf_gdx_patch.o
       352         54          0          8          0        220   rwble_patch.o
      1896        208          0         28          0        760   rwip_sleep_patch.o
      1014        200          0          0         60        524   sch_arb_patch.o
      1072        130         81         16         12        616   sch_prog_patch.o
      3216        584         95          0       4096       1948   sdk_nvds_patch.o
      1164         84          0          8          0        372   sdk_pwr_mgmt_patch.o
        88          8          0          0          0         80   sdk_ram_init_patch.o
       660        232          0          0          0        224   smpc_patch.o
      2380        258          0          0          0       1592   system_sdk_patch.o
       496         56          0          8          0        200   warm_boot_patch.o
       216         24          0          0          0        164   round.o
        86          0          0          0          0          0   __dczerorl2.o
         0          0          0          0          0          0   entry.o
         0          0          0          0          0          0   entry10a.o
         0          0          0          0          0          0   entry11a.o
         4          0          0          0          0          0   entry12b.o
         8          4          0          0          0          0   entry3.o
         4          0          0          0          0          0   entry5.o
         0          0          0          0          0          0   entry7b.o
         0          0          0          0          0          0   entry8b.o
         8          4          0          0          0          0   entry9a.o
        30          0          0          0          0          0   handlers.o
        36          8          0          0          0         68   init.o
         0          0          0          0          0          0   iusefp.o
        30          0          0          0          0         68   llshl.o
        36          0          0          0          0         68   llsshr.o
        32          0          0          0          0         68   llushr.o
        26          0          0          0          0         80   memcmp.o
        36          0          0          0          0         68   memcpya.o
        36          0          0          0          0        108   memseta.o
      2362         96          0          0          0        768   printfa.o
        36         10          0          4          0        136   rand.o
        18          0          0          0          0         68   strcpy.o
        14          0          0          0          0         68   strlen.o
        40          0          0          0          0         76   strncat.o
        44          0          0          0          0         80   uidiv.o
        98          0          0          0          0         92   uldiv.o
        48          0          0          0          0         68   cdcmple.o
        48          0          0          0          0         68   cdrcmple.o
       334          0          0          0          0        148   dadd.o
       222          0          0          0          0        100   ddiv.o
       186          0          0          0          0        176   depilogue.o
        62          0          0          0          0         80   dfixi.o
        50          0          0          0          0         76   dfixui.o
        48          0          0          0          0         68   dfixul.o
        34          0          0          0          0         76   dflti.o
        26          0          0          0          0         76   dfltui.o
        24          0          0          0          0         76   dfltul.o
       228          0          0          0          0         96   dmul.o
       136          4          0          0          0         92   drnd.o
        46          0          0          0          0         80   dscalb.o

    ----------------------------------------------------------------------
     62084       6350       1672        712       8696      33304   Library Totals
        44          4         14          8          0          0   (incl. Padding)

    ----------------------------------------------------------------------

      Code (inc. data)   RO Data    RW Data    ZI Data      Debug   Library Name

     57348       6196       1658        700       8696      30044   ble_sdk.lib
       216         24          0          0          0        164   m_wm.l
      2984        122          0          4          0       1816   mc_w.l
      1492          4          0          0          0       1280   mf_w.l

    ----------------------------------------------------------------------
     62084       6350       1672        712       8696      33304   Library Totals

    ----------------------------------------------------------------------

==============================================================================


      Code (inc. data)   RO Data    RW Data    ZI Data      Debug   

     99636      10376       4800       1788     208700     831004   Grand Totals
     99636      10376       4800        768     208700     831004   ELF Image Totals (compressed)
     99636      10376       4800        768          0          0   ROM Totals

==============================================================================

    Total RO  Size (Code + RO Data)               104436 ( 101.99kB)
    Total RW  Size (RW Data + ZI Data)            210488 ( 205.55kB)
    Total ROM Size (Code + RO Data + RW Data)     105204 ( 102.74kB)

==============================================================================

