Component: ARM Compiler 5.06 update 1 (build 61) Tool: armlink [4d35a8]

==============================================================================

Section Cross References

    startup_gr55xx.o(RESET) refers to startup_gr55xx.o(.text) for Reset_Handler
    startup_gr55xx.o(RESET) refers to interrupt_gr55xx.o(RAM_CODE) for HardFault_Handler
    startup_gr55xx.o(RESET) refers to interrupt_gr55xx.o(RAM_CODE) for MemManage_Handler
    startup_gr55xx.o(RESET) refers to interrupt_gr55xx.o(i.SysTick_Handler) for SysTick_Handler
    startup_gr55xx.o(RESET) refers to app_dma.o(RAM_CODE) for DMA_IRQHandler
    startup_gr55xx.o(RESET) refers to app_gpiote.o(RAM_CODE) for EXT0_IRQHandler
    startup_gr55xx.o(RESET) refers to app_uart.o(RAM_CODE) for UART0_IRQHandler
    startup_gr55xx.o(.text) refers to system_gr55xx.o(i.set_msp) for set_msp
    startup_gr55xx.o(.text) refers to system_gr55xx.o(i.SystemInit) for SystemInit
    startup_gr55xx.o(.text) refers to system_gr55xx.o(i.main_init) for main_init
    interrupt_gr55xx.o(RAM_CODE) refers to interrupt_gr55xx.o(RAM_CODE) for cortex_backtrace_fault_handler
    system_gr55xx.o(i.SystemCoreSetClock) refers to system_gr55xx.o(.constdata) for .constdata
    system_gr55xx.o(i.SystemCoreSetClock) refers to system_gr55xx.o(.data) for .data
    system_gr55xx.o(i.SystemCoreUpdateClock) refers to system_gr55xx.o(.constdata) for .constdata
    system_gr55xx.o(i.SystemCoreUpdateClock) refers to system_gr55xx.o(.data) for .data
    system_gr55xx.o(i.SystemInit) refers to sdk_ram_init_patch.o(i.sdk_init) for sdk_init
    system_gr55xx.o(i.main_init) refers to platform_sdk.o(i.pwr_mgmt_warm_boot) for pwr_mgmt_warm_boot
    system_gr55xx.o(i.main_init) refers to entry.o(.ARM.Collect$$$$00000000) for __main
    system_gr55xx.o(i.system_platform_init) refers to platform_gr55xx.o(i.platform_init) for platform_init
    system_gr55xx.o(i.system_platform_init) refers to system_gr55xx.o(.data) for .data
    platform_gr55xx.o(i.$Sub$$main) refers to system_gr55xx.o(i.system_platform_init) for system_platform_init
    platform_gr55xx.o(i.$Sub$$main) refers to main.o(i.main) for $Super$$main
    platform_gr55xx.o(i.ble_sdk_env_init) refers to cold_patch.o(i.ble_con_env_init) for ble_con_env_init
    platform_gr55xx.o(i.ble_sdk_env_init) refers to cold_patch.o(i.ble_scan_env_init) for ble_scan_env_init
    platform_gr55xx.o(i.ble_sdk_env_init) refers to cold_patch.o(i.ble_adv_env_init) for ble_adv_env_init
    platform_gr55xx.o(i.nvds_setup) refers to hal_flash_patch.o(i.hal_flash_erase) for hal_flash_erase
    platform_gr55xx.o(i.platform_init) refers to warm_boot_patch.o(i.warm_boot_set_exflash_readid_delay) for warm_boot_set_exflash_readid_delay
    platform_gr55xx.o(i.platform_init) refers to platform_sdk.o(i.ble_wakeup_osc_time_get) for ble_wakeup_osc_time_get
    platform_gr55xx.o(i.platform_init) refers to platform_sdk.o(i.ble_wakeup_osc_time_set) for ble_wakeup_osc_time_set
    platform_gr55xx.o(i.platform_init) refers to platform_sdk.o(i.platform_init_push) for platform_init_push
    platform_gr55xx.o(i.platform_init) refers to platform_sram.o(i.mem_pwr_mgmt_init) for mem_pwr_mgmt_init
    platform_gr55xx.o(i.platform_init) refers to hal_flash_patch.o(i.hal_flash_init) for hal_flash_init
    platform_gr55xx.o(i.platform_init) refers to platform_exflash.o(i.platform_flash_enable_quad) for platform_flash_enable_quad
    platform_gr55xx.o(i.platform_init) refers to platform_exflash.o(i.platform_flash_protection) for platform_flash_protection
    platform_gr55xx.o(i.platform_init) refers to platform_gr55xx.o(i.nvds_setup) for nvds_setup
    platform_gr55xx.o(i.platform_init) refers to platform_clock.o(i.platform_clock_init) for platform_clock_init
    platform_gr55xx.o(i.platform_init) refers to platform_sdk.o(i.platform_sdk_init) for platform_sdk_init
    platform_gr55xx.o(i.platform_init) refers to pmu_calibration.o(i.system_pmu_calibration_init) for system_pmu_calibration_init
    platform_gr55xx.o(i.platform_init) refers to platform_sdk.o(i.system_pmu_deinit) for system_pmu_deinit
    platform_gr55xx.o(i.platform_init) refers to system_gr55xx.o(i.SystemCoreSetClock) for SystemCoreSetClock
    platform_gr55xx.o(i.platform_init) refers to platform_sdk.o(i.system_pmu_init) for system_pmu_init
    platform_gr55xx.o(i.platform_init) refers to platform_sdk.o(i.pmu_calibration_handler) for pmu_calibration_handler
    platform_gr55xx.o(i.platform_init) refers to system_sdk_patch.o(i.rtc_calibration) for rtc_calibration
    platform_gr55xx.o(i.platform_init) refers to system_sdk_patch.o(i.rng_calibration) for rng_calibration
    platform_gr55xx.o(i.platform_init) refers to platform_sdk.o(i.platform_init_pop) for platform_init_pop
    platform_gr55xx.o(i.platform_init) refers to platform_gr55xx.o(SVC_TABLE) for SVC_TABLE
    platform_gr55xx.o(i.platform_init) refers to fpb_patch_init.o(RAM_CODE) for fpb_patch_enable
[...]
    lld_ch_map_upd_cfm_handler_patch         0x0100a53d   Thumb Code    76  llc_chmap_upd_patch.o(i.lld_ch_map_upd_cfm_handler_patch)
    lld_con_ci_get                           0x0100a58d   Thumb Code    16  lld_con_patch.o(i.lld_con_ci_get)
    lld_con_env_is_free                      0x0100a5a1   Thumb Code    18  lld_con_patch.o(i.lld_con_env_is_free)
    lld_con_instant_proc_type_reset          0x0100a5b9   Thumb Code    14  lld_con_patch.o(i.lld_con_instant_proc_type_reset)
    lld_con_last_sync_time_get               0x0100a5cd   Thumb Code    36  lld_con_patch.o(i.lld_con_last_sync_time_get)
    lld_con_offset_upd_ind_handler_patch     0x0100a5f5   Thumb Code    76  llc_con_upd_patch.o(i.lld_con_offset_upd_ind_handler_patch)
    lld_con_param_upd_cfm_handler_patch      0x0100a645   Thumb Code    42  llc_con_upd_patch.o(i.lld_con_param_upd_cfm_handler_patch)
    lld_con_replace                          0x0100a671   Thumb Code    32  lld_con_patch.o(i.lld_con_replace)
    lld_con_start_sync                       0x0100a6b5   Thumb Code   132  lld_con_patch.o(i.lld_con_start_sync)
    lld_con_ultra_link_update                0x0100a739   Thumb Code    30  lld_con_patch.o(i.lld_con_ultra_link_update)
    lld_init_patch                           0x0100a761   Thumb Code    18  lld_patch.o(i.lld_init_patch)
    lld_init_replace                         0x0100a775   Thumb Code     8  lld_patch.o(i.lld_init_replace)
    lld_init_start_patch                     0x0100a785   Thumb Code  1986  lld_init_patch.o(i.lld_init_start_patch)
    lld_init_start_replace                   0x0100afa1   Thumb Code     8  lld_init_patch.o(i.lld_init_start_replace)
    lld_phy_upd_cfm_handler_patch            0x0100afb1   Thumb Code    76  llc_phy_upd_patch.o(i.lld_phy_upd_cfm_handler_patch)
    lld_scan_frm_cbk_replace                 0x0100b001   Thumb Code    20  lld_scan_patch.o(i.lld_scan_frm_cbk_replace)
    lld_scan_start_func_patch                0x0100b02d   Thumb Code    66  lld_scan_patch.o(i.lld_scan_start_func_patch)
    llm_hci_command_handler_tab_replace      0x0100b179   Thumb Code    70  llm_hci_patch.o(i.llm_hci_command_handler_tab_replace)
    llm_scan_cmd_replace                     0x0100b22d   Thumb Code    30  llm_hci_patch.o(i.llm_scan_cmd_replace)
    $Super$$main                             0x0100b251   Thumb Code   110  main.o(i.main)
    main_init                                0x0100b2e5   Thumb Code    28  system_gr55xx.o(i.main_init)
    mem_pwr_mgmt_init                        0x0100b305   Thumb Code    22  platform_sram.o(i.mem_pwr_mgmt_init)
    nvds_put                                 0x0100b31d   Thumb Code   188  sdk_nvds_patch.o(i.nvds_put)
    platform_clock_init                      0x0100b48d   Thumb Code    68  platform_clock.o(i.platform_clock_init)
    platform_disable_sleep_timer             0x0100b4dd   Thumb Code    20  platform_clock.o(i.platform_disable_sleep_timer)
    platform_flash_enable_quad               0x0100b4f1   Thumb Code    22  platform_exflash.o(i.platform_flash_enable_quad)
    platform_flash_protection                0x0100b511   Thumb Code     8  platform_exflash.o(i.platform_flash_protection)
    platform_init                            0x0100b51d   Thumb Code   254  platform_gr55xx.o(i.platform_init)
    platform_init_pop                        0x0100b62d   Thumb Code    22  platform_sdk.o(i.platform_init_pop)
    platform_init_push                       0x0100b649   Thumb Code    68  platform_sdk.o(i.platform_init_push)
    platform_param_adjust                    0x0100b691   Thumb Code   170  platform_sdk.o(i.platform_param_adjust)
    platform_sdk_init                        0x0100b745   Thumb Code   112  platform_sdk.o(i.platform_sdk_init)
    pmu_calibration_handler                  0x0100b8d9   Thumb Code   196  platform_sdk.o(i.pmu_calibration_handler)
    prf_find_handle_by_idx                   0x0100b9b1   Thumb Code    54  ble_prf_utils.o(i.prf_find_handle_by_idx)
    prf_find_idx_by_handle                   0x0100b9e7   Thumb Code    52  ble_prf_utils.o(i.prf_find_idx_by_handle)
    prf_is_cccd_value_valid                  0x0100ba1b   Thumb Code    20  ble_prf_utils.o(i.prf_is_cccd_value_valid)
    pwr_enter_sleep_check                    0x0100ba31   Thumb Code    68  app_pwr_mgmt.o(i.pwr_enter_sleep_check)
    pwr_mgmt_shutdown_replace                0x0100ba79   Thumb Code     8  sdk_pwr_mgmt_patch.o(i.pwr_mgmt_shutdown_replace)
    pwr_mgmt_warm_boot                       0x0100ba89   Thumb Code    22  platform_sdk.o(i.pwr_mgmt_warm_boot)
    pwr_register_sleep_cb                    0x0100baa5   Thumb Code   126  app_pwr_mgmt.o(i.pwr_register_sleep_cb)
    rand_seed_gen                            0x0100bb31   Thumb Code    22  ble_sdk_patch.o(i.rand_seed_gen)
    rf_calibration_set                       0x0100bcbd   Thumb Code    22  platform_sdk.o(i.rf_calibration_set)
    rf_gdx_replace                           0x0100bcd5   Thumb Code     8  rf_gdx_patch.o(i.rf_gdx_replace)
    rf_hp_gain_offset_cfg                    0x0100bce5   Thumb Code    80  rf_gdx_patch.o(i.rf_hp_gain_offset_cfg)
    rf_modulation_accuracy_calibration_patch 0x0100bdc5   Thumb Code   310  rf_gdx_patch.o(i.rf_modulation_accuracy_calibration_patch)
    ring_buffer_init                         0x0100c0c5   Thumb Code    24  ring_buffer.o(i.ring_buffer_init)
    ring_buffer_is_reach_left_threshold      0x0100c0dd   Thumb Code    20  ring_buffer.o(i.ring_buffer_is_reach_left_threshold)
    ring_buffer_items_count_get              0x0100c0f1   Thumb Code    20  ring_buffer.o(i.ring_buffer_items_count_get)
    ring_buffer_read                         0x0100c105   Thumb Code   136  ring_buffer.o(i.ring_buffer_read)
    ring_buffer_surplus_space_get            0x0100c18d   Thumb Code    52  ring_buffer.o(i.ring_buffer_surplus_space_get)
    ring_buffer_write                        0x0100c1c1   Thumb Code   126  ring_buffer.o(i.ring_buffer_write)
    rng_calibration                          0x0100c241   Thumb Code   298  system_sdk_patch.o(i.rng_calibration)
    rng_rand_get                             0x0100c38d   Thumb Code    86  ble_sdk_patch.o(i.rng_rand_get)
    rom_callback_replace                     0x0100c3ed   Thumb Code    52  rwip_sleep_patch.o(i.rom_callback_replace)
    round                                    0x0100c431   Thumb Code   192  round.o(i.round)
    rtc_calibration                          0x0100c509   Thumb Code   544  system_sdk_patch.o(i.rtc_calibration)
    rwble_replace                            0x0100c749   Thumb Code     8  rwble_patch.o(i.rwble_replace)
    rwip_sleep_func_replace                  0x0100c759   Thumb Code    16  rwip_sleep_patch.o(i.rwip_sleep_func_replace)
    sch_arb_get_current_time                 0x0100c779   Thumb Code    22  sch_arb_patch.o(i.sch_arb_get_current_time)
    sch_arb_hus_timer_set                    0x0100c791   Thumb Code    86  sch_arb_patch.o(i.sch_arb_hus_timer_set)
    sch_arb_replace                          0x0100c805   Thumb Code    20  sch_arb_patch.o(i.sch_arb_replace)
    sch_prog_frm_cbk_replace                 0x0100c82d   Thumb Code    20  sch_prog_patch.o(i.sch_prog_frm_cbk_replace)
    sdk_gapc_msg_handler_tab_replace         0x0100c859   Thumb Code   136  ble_sdk_gapc_patch.o(i.sdk_gapc_msg_handler_tab_replace)
    sdk_gapm_msg_handler_tab_replace         0x0100c8fd   Thumb Code   100  ble_sdk_gapm_patch.o(i.sdk_gapm_msg_handler_tab_replace)
    sdk_gatt_msg_handler_tab_replace         0x0100c995   Thumb Code    84  ble_sdk_gatt_task_patch.o(i.sdk_gatt_msg_handler_tab_replace)
    sdk_init                                 0x0100c9f9   Thumb Code    80  sdk_ram_init_patch.o(i.sdk_init)
    sdk_prf_msg_handler_tab_replace          0x0100ca51   Thumb Code    36  ble_sdk_prf_patch.o(i.sdk_prf_msg_handler_tab_replace)
    sec_check_conn_bond_patch                0x0100cac9   Thumb Code    92  ble_sdk_sec_patch.o(i.sec_check_conn_bond_patch)
    sec_rcv_encrypt_req_ind_handler_patch    0x0100cb51   Thumb Code   366  ble_sdk_sec_patch.o(i.sec_rcv_encrypt_req_ind_handler_patch)
    sec_rcv_sec_req_ind_handler_patch        0x0100cd49   Thumb Code   200  ble_sdk_sec_patch.o(i.sec_rcv_sec_req_ind_handler_patch)
    set_msp                                  0x0100ce69   Thumb Code    18  system_gr55xx.o(i.set_msp)
    set_sx_frequence                         0x0100ce81   Thumb Code   110  rf_gdx_patch.o(i.set_sx_frequence)
    smpc_handle_enc_change_evt_func_patch    0x0100cef5   Thumb Code   420  smpc_patch.o(i.smpc_handle_enc_change_evt_func_patch)
    smpc_handle_enc_change_evt_func_replace  0x0100d179   Thumb Code     8  smpc_patch.o(i.smpc_handle_enc_change_evt_func_replace)
    sync_evt_sch_arb_cb                      0x0100d189   Thumb Code    54  sch_arb_patch.o(i.sync_evt_sch_arb_cb)
    sys_adc_trim_get                         0x0100d1c5   Thumb Code   170  system_sdk_patch.o(i.sys_adc_trim_get)
    sys_device_lp_gain_offset_2m_get         0x0100d295   Thumb Code    28  system_sdk_patch.o(i.sys_device_lp_gain_offset_2m_get)
    sys_device_package_get                   0x0100d2b5   Thumb Code    32  system_sdk_patch.o(i.sys_device_package_get)
    sys_device_sram_get                      0x0100d2d9   Thumb Code    30  system_sdk_patch.o(i.sys_device_sram_get)
    sys_device_uid_get                       0x0100d2fd   Thumb Code    36  system_sdk_patch.o(i.sys_device_uid_get)
    sys_efuse_info_sync                      0x0100d325   Thumb Code   208  system_sdk_patch.o(i.sys_efuse_info_sync)
    sys_get_efuse_io_ldo                     0x0100d401   Thumb Code   108  system_sdk_patch.o(i.sys_get_efuse_io_ldo)
    sys_is_use_ext_flash                     0x0100d475   Thumb Code    28  platform_sdk.o(i.sys_is_use_ext_flash)
    sys_is_use_internal_3p3_ioldo            0x0100d491   Thumb Code    36  platform_sdk.o(i.sys_is_use_internal_3p3_ioldo)
    sys_pmu_trim_get                         0x0100d4b9   Thumb Code   128  system_sdk_patch.o(i.sys_pmu_trim_get)
    sys_sdk_verison_get                      0x0100d53d   Thumb Code     8  platform_sdk.o(i.sys_sdk_verison_get)
    sys_trim_sum_get                         0x0100d549   Thumb Code    28  system_sdk_patch.o(i.sys_trim_sum_get)
    system_conf_correction                   0x0100d5a1   Thumb Code     4  cold_patch.o(i.system_conf_correction)
    system_low_power_set                     0x0100d5a5   Thumb Code   202  platform_sdk.o(i.system_low_power_set)
    system_platform_init                     0x0100d68d   Thumb Code    16  system_gr55xx.o(i.system_platform_init)
    system_pmu_calibration_init              0x0100d6a5   Thumb Code    42  pmu_calibration.o(i.system_pmu_calibration_init)
    system_pmu_deinit                        0x0100d6d9   Thumb Code    10  platform_sdk.o(i.system_pmu_deinit)
    system_pmu_init                          0x0100d6e5   Thumb Code   218  platform_sdk.o(i.system_pmu_init)
    system_priority_init                     0x0100d7d1   Thumb Code   158  platform_sdk.o(i.system_priority_init)
    system_sdk_replace                       0x0100d881   Thumb Code     8  system_sdk_patch.o(i.system_sdk_replace)
    transport_ble_continue_send              0x0100db35   Thumb Code    84  transport_scheduler.o(i.transport_ble_continue_send)
    transport_ble_init                       0x0100dbd5   Thumb Code    66  transport_scheduler.o(i.transport_ble_init)
    transport_flag_cfm                       0x0100dc21   Thumb Code     6  transport_scheduler.o(i.transport_flag_cfm)
    transport_flag_set                       0x0100dc2d   Thumb Code     6  transport_scheduler.o(i.transport_flag_set)
    transport_schedule                       0x0100dc39   Thumb Code    56  transport_scheduler.o(i.transport_schedule)
    transport_uart_init                      0x0100dca1   Thumb Code    26  transport_scheduler.o(i.transport_uart_init)
    uart_to_ble_push                         0x0100de6d   Thumb Code    10  transport_scheduler.o(i.uart_to_ble_push)
    uart_tx_data_send                        0x0100de7d   Thumb Code    10  user_periph_setup.o(i.uart_tx_data_send)
    update_ble_flow_ctrl_state               0x0100de89   Thumb Code    46  transport_scheduler.o(i.update_ble_flow_ctrl_state)
    update_lp_clk                            0x0100dec1   Thumb Code    12  platform_clock.o(i.update_lp_clk)
    update_mtu_size                          0x0100ded1   Thumb Code     6  transport_scheduler.o(i.update_mtu_size)
    warm_boot_cfg_patch                      0x0100df0d   Thumb Code    26  boot_patch.o(i.warm_boot_cfg_patch)
    warm_boot_set_exflash_readid_delay       0x0100df2d   Thumb Code     6  warm_boot_patch.o(i.warm_boot_set_exflash_readid_delay)
    mcu_clk_2_qspi_clk                       0x0100e294   Data          24  system_gr55xx.o(.constdata)
    app_gap_callbacks                        0x0100e43c   Data         100  user_gap_callback.o(.constdata)
    app_gatt_common_callback                 0x0100e4e0   Data           8  user_gatt_common_callback.o(.constdata)
    RF_25OHM_LP_TX_PW_CONV_TBL_PATCH         0x0100e6dc   Data         116  rf_gdx_patch.o(.constdata)
    atts_handlers_patch                      0x0100e79c   Data         104  atts_patch.o(.constdata)
    Region$$Table$$Base                      0x0100f260   Number         0  anon$$obj.o(Region$$Table)
    Image$$FLASH_CODE$$Limit                 0x0100f2a0   Number         0  anon$$obj.o ABSOLUTE
    Region$$Table$$Limit                     0x0100f2a0   Number         0  anon$$obj.o(Region$$Table)
    patch_value                              0x30004000   Data          32  platform_patch.o(FPB)



==============================================================================

Memory Map of the image

  Image Entry point : 0x010020c9

  Load Region LR_FLASH (Base: 0x01002000, Size: 0x00011f80, Max: 0x00800000, ABSOLUTE, COMPRESSED[0x00011cfc])

    Execution Region RAM_TINY_RW (Base: 0x00802000, Size: 0x00000000, Max: 0x00001e00, ABSOLUTE)

    **** No section assigned to this execution region ****


    Execution Region RAM_RW (Base: 0x00804020, Size: 0x000004f0, Max: 0x00030000, ABSOLUTE, COMPRESSED[0x0000026c])

    Base Addr    Size         Type   Attr      Idx    E Section Name        Object

    0x00804020   0x00000008   Data   RW          333    .data               system_gr55xx.o
    0x00804028   0x00000020   Data   RW          510    .data               gr55xx_hal_uart.o
    0x00804048   0x00000008   Data   RW          591    .data               gr55xx_hal.o
    0x00804050   0x00000004   Data   RW          634    .data               gr55xx_hal_gpio.o
    0x00804054   0x00000004   Data   RW          772    .data               gr55xx_hal_aon_gpio.o
    0x00804058   0x00000004   Data   RW          848    .data               app_dma.o
    0x0080405c   0x00000004   Data   RW         1114    .data               app_uart.o
    0x00804060   0x00000002   Data   RW         1247    .data               app_systick.o
    0x00804062   0x00000002   PAD
    0x00804064   0x00000004   Data   RW         1687    .data               pmu_calibration.o
    0x00804068   0x0000000c   Data   RW         1830    .data               app_assert.o
    0x00804074   0x00000158   Data   RW         1889    .data               app_error.o
    0x008041cc   0x00000010   Data   RW         1940    .data               app_log.o
    0x008041dc   0x0000000c   Data   RW         2116    .data               gus.o
    0x008041e8   0x00000014   Data   RW         2117    .data               gus.o
    0x008041fc   0x00000008   Data   RW         2430    .data               user_periph_setup.o
    0x00804204   0x00000044   Data   RW         2487    .data               main.o
    0x00804248   0x00000004   Data   RW         2535    .data               user_app.o
    0x0080424c   0x00000009   Data   RW         2598    .data               transport_scheduler.o
    0x00804255   0x00000003   PAD
    0x00804258   0x00000004   Data   RW         2678    .data               ble_sdk.lib(fpb_patch_init.o)
    0x0080425c   0x00000001   Data   RW         2693    .data               ble_sdk.lib(gr55xx_hal_aon_gpio_patch.o)
    0x0080425d   0x00000003   PAD
    0x00804260   0x00000008   Data   RW         2809    .data               ble_sdk.lib(sdk_pwr_mgmt_patch.o)
    0x00804268   0x00000008   Data   RW         2825    .data               ble_sdk.lib(warm_boot_patch.o)
    0x00804270   0x00000018   Data   RW         2845    .data               ble_sdk.lib(hal_flash_patch.o)
    0x00804288   0x00000134   Data   RW         3062    .data               ble_sdk.lib(platform_sdk.o)
    0x008043bc   0x00000004   Data   RW         3063    .data               ble_sdk.lib(platform_sdk.o)
    0x008043c0   0x00000004   Data   RW         3064    .data               ble_sdk.lib(platform_sdk.o)
    0x008043c4   0x0000000c   Data   RW         3131    .data               ble_sdk.lib(platform_clock.o)
    0x008043d0   0x00000001   Data   RW         3203    .data               ble_sdk.lib(hci_patch.o)
    0x008043d1   0x00000001   Data   RW         3217    .data               ble_sdk.lib(gr55xx_hal_comp_patch.o)
    0x008043d2   0x00000002   PAD
    0x008043d4   0x00000004   Data   RW         3231    .data               ble_sdk.lib(gr55xx_hal_exflash_patch.o)
    0x008043d8   0x0000001c   Data   RW         3299    .data               ble_sdk.lib(rwip_sleep_patch.o)
    0x008043f4   0x000000c8   Data   RW         3346    .data               ble_sdk.lib(platform_sys_context.o)
    0x008044bc   0x00000004   Data   RW         3377    .data               ble_sdk.lib(platform_adc.o)
    0x008044c0   0x00000001   Data   RW         3392    .data               ble_sdk.lib(llc_encrypt_patch.o)
    0x008044c1   0x00000003   PAD
    0x008044c4   0x00000010   Data   RW         3409    .data               ble_sdk.lib(sch_prog_patch.o)
    0x008044d4   0x00000008   Data   RW         3448    .data               ble_sdk.lib(rwble_patch.o)
    0x008044dc   0x00000002   Data   RW         3508    .data               ble_sdk.lib(lld_scan_patch.o)
    0x008044de   0x00000001   Data   RW         3619    .data               ble_sdk.lib(lld_con_patch.o)
    0x008044df   0x00000001   Data   RW         3666    .data               ble_sdk.lib(l2cm_patch.o)
    0x008044e0   0x00000014   Data   RW         3813    .data               ble_sdk.lib(rf_gdx_patch.o)
    0x008044f4   0x00000008   Data   RW         3864    .data               ble_sdk.lib(ble_sdk_gapm_patch.o)
    0x008044fc   0x00000004   Data   RW         4080    .data               mc_w.l(rand.o)
    0x00804500   0x00000010   Data   RW          408    SVC_TABLE           platform_gr55xx.o


    Execution Region RAM_CODE (Base: 0x00804510, Size: 0x000047d0, Max: 0x00010000, ABSOLUTE)

    Base Addr    Size         Type   Attr      Idx    E Section Name        Object

    0x00804510   0x00000034   Code   RO           13    RAM_CODE            interrupt_gr55xx.o
    0x00804544   0x0000000c   Code   RO           14    RAM_CODE            interrupt_gr55xx.o
    0x00804550   0x00000004   Code   RO          669    RAM_CODE            gr55xx_hal_exflash.o
    0x00804554   0x00000064   Code   RO          837    RAM_CODE            app_dma.o
    0x008045b8   0x00000064   Code   RO          923    RAM_CODE            app_gpiote.o
    0x0080461c   0x00000034   Code   RO         1047    RAM_CODE            app_pwr_mgmt.o
    0x00804650   0x00000078   Code   RO         1092    RAM_CODE            app_uart.o
    0x008046c8   0x00000014   Code   RO         1241    RAM_CODE            app_systick.o
    0x008046dc   0x00000258   Code   RO         1718    RAM_CODE            app_timer.o
    0x00804934   0x00000068   Code   RO         2676    RAM_CODE            ble_sdk.lib(fpb_patch_init.o)
    0x0080499c   0x00000124   Code   RO         2707    RAM_CODE            ble_sdk.lib(gr55xx_hal_pwr_patch.o)
    0x00804ac0   0x00000050   Code   RO         2735    RAM_CODE            ble_sdk.lib(system_sdk_patch.o)
    0x00804b10   0x0000047c   Code   RO         2806    RAM_CODE            ble_sdk.lib(sdk_pwr_mgmt_patch.o)
    0x00804f8c   0x000001e4   Code   RO         2822    RAM_CODE            ble_sdk.lib(warm_boot_patch.o)
    0x00805170   0x000002dc   Code   RO         3018    RAM_CODE            ble_sdk.lib(platform_sdk.o)
    0x0080544c   0x00000044   Code   RO         3114    RAM_CODE            ble_sdk.lib(platform_clock.o)
    0x00805490   0x000002ec   Code   RO         3154    RAM_CODE            ble_sdk.lib(platform_exflash.o)
    0x0080577c   0x0000013c   Code   RO         3166    RAM_CODE            ble_sdk.lib(platform_sram.o)
    0x008058b8   0x0000012c   Code   RO         3202    RAM_CODE            ble_sdk.lib(hci_patch.o)
    0x008059e4   0x000007a8   Code   RO         3230    RAM_CODE            ble_sdk.lib(gr55xx_hal_exflash_patch.o)
    0x0080618c   0x00000704   Code   RO         3291    RAM_CODE            ble_sdk.lib(rwip_sleep_patch.o)
    0x00806890   0x000000b4   Code   RO         3344    RAM_CODE            ble_sdk.lib(platform_sys_context.o)
    0x00806944   0x00000088   Code   RO         3373    RAM_CODE            ble_sdk.lib(platform_adc.o)
    0x008069cc   0x00000404   Code   RO         3403    RAM_CODE            ble_sdk.lib(sch_prog_patch.o)
    0x00806dd0   0x000002c8   Code   RO         3419    RAM_CODE            ble_sdk.lib(sch_arb_patch.o)
    0x00807098   0x00000150   Code   RO         3446    RAM_CODE            ble_sdk.lib(rwble_patch.o)
    0x008071e8   0x00000cd0   Code   RO         3502    RAM_CODE            ble_sdk.lib(lld_scan_patch.o)
    0x00807eb8   0x00000104   Code   RO         3520    RAM_CODE            ble_sdk.lib(llc_llcp_patch.o)
    0x00807fbc   0x00000b50   Code   RO         3603    RAM_CODE            ble_sdk.lib(lld_con_patch.o)
    0x00808b0c   0x00000150   Code   RO         3650    RAM_CODE            ble_sdk.lib(lld_init_patch.o)
    0x00808c5c   0x00000038   Code   RO         3800    RAM_CODE            ble_sdk.lib(rf_gdx_patch.o)
    0x00808c94   0x00000004   Ven    RO         4436    Veneer$$Code        anon$$obj.o
    0x00808c98   0x00000004   Ven    RO         4437    Veneer$$Code        anon$$obj.o
    0x00808c9c   0x00000004   Ven    RO         4438    Veneer$$Code        anon$$obj.o
    0x00808ca0   0x00000004   Ven    RO         4439    Veneer$$Code        anon$$obj.o
    0x00808ca4   0x00000004   Ven    RO         4440    Veneer$$Code        anon$$obj.o
    0x00808ca8   0x00000004   Ven    RO         4441    Veneer$$Code        anon$$obj.o
    0x00808cac   0x00000004   Ven    RO         4442    Veneer$$Code        anon$$obj.o
    0x00808cb0   0x00000004   Ven    RO         4443    Veneer$$Code        anon$$obj.o
    0x00808cb4   0x00000004   Ven    RO         4444    Veneer$$Code        anon$$obj.o
    0x00808cb8   0x00000004   Ven    RO         4445    Veneer$$Code        anon$$obj.o
    0x00808cbc   0x00000004   Ven    RO         4446    Veneer$$Code        anon$$obj.o
    0x00808cc0   0x00000004   Ven    RO         4447    Veneer$$Code        anon$$obj.o
    0x00808cc4   0x00000004   Ven    RO         4448    Veneer$$Code        anon$$obj.o
    0x00808cc8   0x00000004   Ven    RO         4449    Veneer$$Code        anon$$obj.o
    0x00808ccc   0x00000004   Ven    RO         4450    Veneer$$Code        anon$$obj.o
    0x00808cd0   0x00000004   Ven    RO         4451    Veneer$$Code        anon$$obj.o
    0x00808cd4   0x00000004   Ven    RO         4452    Veneer$$Code        anon$$obj.o
    0x00808cd8   0x00000004   Ven    RO         4453    Veneer$$Code        anon$$obj.o
    0x00808cdc   0x00000004   Ven    RO         4454    Veneer$$Code        anon$$obj.o


    Execution Region UNUSED_RAM_SECTION (Base: 0x00808ce0, Size: 0x00000064, Max: 0x00000064, ABSOLUTE)

    Base Addr    Size         Type   Attr      Idx    E Section Name        Object

    0x00808ce0   0x00000064   Zero   RW            1    UNUSED_RAM_SECTION.bss  anon$$obj.o


    Execution Region RAM_ZI (Base: 0x00808d44, Size: 0x0000f2ac, Max: 0x00030000, ABSOLUTE)

    Base Addr    Size         Type   Attr      Idx    E Section Name        Object

    0x00808d44   0x00000300   Zero   RW          846    .bss                app_dma.o
    0x00809044   0x00000224   Zero   RW          931    .bss                app_gpiote.o
    0x00809268   0x00000054   Zero   RW         1051    .bss                app_pwr_mgmt.o
    0x008092bc   0x00000268   Zero   RW         1112    .bss                app_uart.o
    0x00809524   0x000001a4   Zero   RW         1731    .bss                app_timer.o
    0x008096c8   0x0000009c   Zero   RW         1829    .bss                app_assert.o
    0x00809764   0x00000124   Zero   RW         1938    .bss                app_log.o
    0x00809888   0x00000030   Zero   RW         2114    .bss                gus.o
    0x008098b8   0x00002144   Zero   RW         2428    .bss                user_periph_setup.o
    0x0080b9fc   0x00000004   PAD
    0x0080ba00   0x00000398   Zero   RW         2480    .bss                main.o
    0x0080bd98   0x00000008   PAD
    0x0080bda0   0x00000020   Zero   RW         2481    .bss                main.o
    0x0080bdc0   0x00000e88   Zero   RW         2482    .bss                main.o
    0x0080cc48   0x00000018   PAD
    0x0080cc60   0x000021c4   Zero   RW         2483    .bss                main.o
    0x0080ee24   0x0000001c   PAD
    0x0080ee40   0x00000c0c   Zero   RW         2484    .bss                main.o
    0x0080fa4c   0x00000014   PAD
    0x0080fa60   0x000036d0   Zero   RW         2485    .bss                main.o
    0x00813130   0x00000010   PAD
    0x00813140   0x0000029c   Zero   RW         2486    .bss                main.o
    0x008133dc   0x00000012   Zero   RW         2529    .bss                user_app.o
    0x008133ee   0x00000002   PAD
    0x008133f0   0x00002a08   Zero   RW         2597    .bss                transport_scheduler.o
    0x00815df8   0x00001000   Zero   RW         2894    .bss                ble_sdk.lib(sdk_nvds_patch.o)
    0x00816df8   0x000000c8   Zero   RW         3345    .bss                ble_sdk.lib(platform_sys_context.o)
    0x00816ec0   0x0000000c   Zero   RW         3406    .bss                ble_sdk.lib(sch_prog_patch.o)
    0x00816ecc   0x0000003c   Zero   RW         3429    .bss                ble_sdk.lib(sch_arb_patch.o)
    0x00816f08   0x00000280   Zero   RW         3476    .bss                ble_sdk.lib(llm_hci_patch.o)
    0x00817188   0x000001a4   Zero   RW         3524    .bss                ble_sdk.lib(llc_llcp_patch.o)
    0x0081732c   0x000000e0   Zero   RW         3563    .bss                ble_sdk.lib(gattc_task_patch.o)
    0x0081740c   0x00000280   Zero   RW         3590    .bss                ble_sdk.lib(llc_task_patch.o)
    0x0081768c   0x00000090   Zero   RW         3617    .bss                ble_sdk.lib(lld_con_patch.o)
    0x0081771c   0x00000078   Zero   RW         3680    .bss                ble_sdk.lib(l2cc_task_patch.o)
    0x00817794   0x000002b8   Zero   RW         3713    .bss                ble_sdk.lib(gapm_task_patch.o)
    0x00817a4c   0x000001f8   Zero   RW         3750    .bss                ble_sdk.lib(gapc_hci_patch.o)
    0x00817c44   0x000000a0   Zero   RW         3811    .bss                ble_sdk.lib(rf_gdx_patch.o)
    0x00817ce4   0x000001fc   Zero   RW         3863    .bss                ble_sdk.lib(ble_sdk_gapm_patch.o)
    0x00817ee0   0x000000b8   Zero   RW         3894    .bss                ble_sdk.lib(ble_sdk_gapc_patch.o)
    0x00817f98   0x00000058   Zero   RW         3912    .bss                ble_sdk.lib(ble_sdk_gatt_task_patch.o)


    Execution Region ARM_LIB_STACKHEAP (Base: 0x0083c000, Size: 0x00004000, Max: 0x00004000, ABSOLUTE)

    Base Addr    Size         Type   Attr      Idx    E Section Name        Object

    0x0083c000   0x00004000   Zero   RW            2    ARM_LIB_STACKHEAP.bss  anon$$obj.o


    Execution Region FLASH_CODE (Base: 0x01002000, Size: 0x0000d2a0, Max: 0x00800000, ABSOLUTE)

    Base Addr    Size         Type   Attr      Idx    E Section Name        Object

    0x01002000   0x000000c8   Data   RO            3    RESET               startup_gr55xx.o
    0x010020c8   0x00000000   Code   RO         4074  * .ARM.Collect$$$$00000000  mc_w.l(entry.o)
    0x010020c8   0x00000004   Code   RO         4393    .ARM.Collect$$$$00000002  mc_w.l(entry3.o)
    0x010020cc   0x00000004   Code   RO         4396    .ARM.Collect$$$$00000004  mc_w.l(entry5.o)
    0x010020d0   0x00000000   Code   RO         4398    .ARM.Collect$$$$00000008  mc_w.l(entry7b.o)
    0x010020d0   0x00000000   Code   RO         4400    .ARM.Collect$$$$0000000A  mc_w.l(entry8b.o)
    0x010020d0   0x00000008   Code   RO         4401    .ARM.Collect$$$$0000000B  mc_w.l(entry9a.o)
    0x010020d8   0x00000000   Code   RO         4403    .ARM.Collect$$$$0000000D  mc_w.l(entry10a.o)
    0x010020d8   0x00000000   Code   RO         4405    .ARM.Collect$$$$0000000F  mc_w.l(entry11a.o)
    0x010020d8   0x00000004   Code   RO         4394    .ARM.Collect$$$$00002713  mc_w.l(entry3.o)
    0x010020dc   0x00000028   Code   RO            4    .text               startup_gr55xx.o
    0x01002104   0x00000062   Code   RO         4077    .text               mc_w.l(uldiv.o)
    0x01002166   0x00000002   PAD
    0x01002168   0x00000024   Code   RO         4079    .text               mc_w.l(rand.o)
    0x0100218c   0x00000024   Code   RO         4082    .text               mc_w.l(memcpya.o)
    0x010021b0   0x00000024   Code   RO         4084    .text               mc_w.l(memseta.o)
    0x010021d4   0x0000000e   Code   RO         4086    .text               mc_w.l(strlen.o)
    0x010021e2   0x0000001a   Code   RO         4088    .text               mc_w.l(memcmp.o)
    0x010021fc   0x0000014e   Code   RO         4361    .text               mf_w.l(dadd.o)
    0x0100234a   0x000000e4   Code   RO         4363    .text               mf_w.l(dmul.o)
    0x0100242e   0x000000de   Code   RO         4365    .text               mf_w.l(ddiv.o)
    0x0100250c   0x0000002e   Code   RO         4367    .text               mf_w.l(dscalb.o)
    0x0100253a   0x00000022   Code   RO         4373    .text               mf_w.l(dflti.o)
    0x0100255c   0x0000001a   Code   RO         4375    .text               mf_w.l(dfltui.o)
    0x01002576   0x00000018   Code   RO         4377    .text               mf_w.l(dfltul.o)
    0x0100258e   0x0000003e   Code   RO         4381    .text               mf_w.l(dfixi.o)
    0x010025cc   0x00000032   Code   RO         4383    .text               mf_w.l(dfixui.o)
    0x010025fe   0x00000002   PAD
    0x01002600   0x00000030   Code   RO         4387    .text               mf_w.l(cdcmple.o)
    0x01002630   0x00000030   Code   RO         4389    .text               mf_w.l(cdrcmple.o)
    0x01002660   0x0000002c   Code   RO         4407    .text               mc_w.l(uidiv.o)
    0x0100268c   0x0000001e   Code   RO         4409    .text               mc_w.l(llshl.o)
    0x010026aa   0x00000020   Code   RO         4411    .text               mc_w.l(llushr.o)
    0x010026ca   0x00000024   Code   RO         4413    .text               mc_w.l(llsshr.o)
    0x010026ee   0x00000000   Code   RO         4415    .text               mc_w.l(iusefp.o)
    0x010026ee   0x000000ba   Code   RO         4418    .text               mf_w.l(depilogue.o)
    0x010027a8   0x00000088   Code   RO         4420    .text               mf_w.l(drnd.o)
    0x01002830   0x00000030   Code   RO         4422    .text               mf_w.l(dfixul.o)
    0x01002860   0x00000024   Code   RO         4424    .text               mc_w.l(init.o)
    0x01002884   0x00000056   Code   RO         4434    .text               mc_w.l(__dczerorl2.o)
    0x010028da   0x0000000e   Code   RO          399    i.$Sub$$main        platform_gr55xx.o
    0x010028e8   0x00000002   Code   RO           15    i.SysTick_Handler   interrupt_gr55xx.o
    0x010028ea   0x00000002   PAD
    0x010028ec   0x00000010   Code   RO          325    i.SystemCoreGetClock  system_gr55xx.o
    0x010028fc   0x00000064   Code   RO          326    i.SystemCoreSetClock  system_gr55xx.o
    0x01002960   0x00000020   Code   RO          327    i.SystemCoreUpdateClock  system_gr55xx.o
    0x01002980   0x00000024   Code   RO          328    i.SystemInit        system_gr55xx.o
    0x010029a4   0x00000028   Code   RO         4328    i.__0snprintf       mc_w.l(printfa.o)
    0x010029cc   0x00000028   Code   RO         4329    i.__0sprintf        mc_w.l(printfa.o)
    0x010029f4   0x00000024   Code   RO         4332    i.__0vsnprintf      mc_w.l(printfa.o)
    0x01002a18   0x0000001a   Code   RO         1719    i.__NVIC_ClearPendingIRQ  app_timer.o
    0x01002a32   0x0000001c   Code   RO         1720    i.__NVIC_GetPriority  app_timer.o
    0x01002a4e   0x0000001c   Code   RO         1927    i.__NVIC_GetPriority  app_log.o
    0x01002a6a   0x00000002   PAD
    0x01002a6c   0x00000010   Code   RO         1721    i.__NVIC_GetPriorityGrouping  app_timer.o
    0x01002a7c   0x0000000e   Code   RO         4428    i.__scatterload_copy  mc_w.l(handlers.o)
    0x01002a8a   0x00000002   Code   RO         4429    i.__scatterload_null  mc_w.l(handlers.o)
    0x01002a8c   0x0000000e   Code   RO         4430    i.__scatterload_zeroinit  mc_w.l(handlers.o)
    0x01002a9a   0x00000002   PAD
    0x01002a9c   0x00000164   Code   RO         4334    i._fp_digits        mc_w.l(printfa.o)
    0x01002c00   0x000006dc   Code   RO         4335    i._printf_core      mc_w.l(printfa.o)
    0x010032dc   0x00000024   Code   RO         4336    i._printf_post_padding  mc_w.l(printfa.o)
    0x01003300   0x0000002e   Code   RO         4337    i._printf_pre_padding  mc_w.l(printfa.o)
    0x0100332e   0x00000016   Code   RO         4338    i._snputc           mc_w.l(printfa.o)
    0x01003344   0x0000000a   Code   RO         4339    i._sputc            mc_w.l(printfa.o)
    0x0100334e   0x00000002   PAD
    0x01003350   0x00000208   Code   RO         3374    i.adc_conversion    ble_sdk.lib(platform_adc.o)
    0x01003558   0x000000cc   Code   RO         3313    i.add_ltk_item      ble_sdk.lib(ble_bondmgr_patch.o)
    0x01003624   0x0000001c   Code   RO         2686    i.aon_gpio_read_flag_it_patch  ble_sdk.lib(gr55xx_hal_aon_gpio_patch.o)
    0x01003640   0x0000006c   Code   RO         3019    i.aon_voltage_set   ble_sdk.lib(platform_sdk.o)
    0x010036ac   0x0000000c   Code   RO         1823    i.app_assert_default_cb_register  app_assert.o
    0x010036b8   0x0000007c   Code   RO         1824    i.app_assert_err_cb  app_assert.o
    0x01003734   0x000000d4   Code   RO         1826    i.app_assert_info_output  app_assert.o
    0x01003808   0x0000005c   Code   RO         1827    i.app_assert_param_cb  app_assert.o
    0x01003864   0x00000060   Code   RO         1828    i.app_assert_warn_cb  app_assert.o
    0x010038c4   0x00000002   Code   RO         2523    i.app_connected_handler  user_app.o
    0x010038c6   0x00000002   PAD
    0x010038c8   0x00000038   Code   RO         2524    i.app_disconnected_handler  user_app.o
    0x01003900   0x00000020   Code   RO          839    i.app_dma_get_handle  app_dma.o
    0x01003920   0x00000110   Code   RO          840    i.app_dma_init      app_dma.o
    0x01003a30   0x000000f0   Code   RO         1887    i.app_error_fault_handler  app_error.o
    0x01003b20   0x0000007c   Code   RO         2348    i.app_gap_adv_start_cb  user_gap_callback.o
    0x01003b9c   0x000000b4   Code   RO         2349    i.app_gap_connect_cb  user_gap_callback.o
    0x01003c50   0x00000006   Code   RO         2350    i.app_gap_connection_update_req_cb  user_gap_callback.o
    0x01003c56   0x00000002   PAD
    0x01003c58   0x0000007c   Code   RO         2351    i.app_gap_disconnect_cb  user_gap_callback.o
    0x01003cd4   0x00000006   Code   RO         2393    i.app_gatt_mtu_exchange_cb  user_gatt_common_callback.o
    0x01003cda   0x00000002   PAD
    0x01003cdc   0x000000f4   Code   RO          998    i.app_io_init       app_io.o
    0x01003dd0   0x0000003c   Code   RO         2422    i.app_log_assert_init  user_periph_setup.o
    0x01003e0c   0x00000018   Code   RO         1928    i.app_log_data_trans  app_log.o
    0x01003e24   0x00000010   Code   RO         1929    i.app_log_flush     app_log.o
    0x01003e34   0x0000004c   Code   RO         1931    i.app_log_init      app_log.o
    0x01003e80   0x00000018   Code   RO         1932    i.app_log_is_fmt_set  app_log.o
    0x01003e98   0x000001b0   Code   RO         1933    i.app_log_output    app_log.o
    0x01004048   0x00000010   Code   RO         1934    i.app_log_output_api_cfg  app_log.o
    0x01004058   0x00000026   Code   RO         1936    i.app_log_strcpy    app_log.o
    0x0100407e   0x00000002   PAD
    0x01004080   0x00000024   Code   RO         2423    i.app_periph_init   user_periph_setup.o
    0x010040a4   0x00000038   Code   RO         1243    i.app_systick_init  app_systick.o
    0x010040dc   0x00000078   Code   RO         1722    i.app_timer_create  app_timer.o
    0x01004154   0x00000080   Code   RO         1723    i.app_timer_delete  app_timer.o
    0x010041d4   0x00000008   Code   RO         1724    i.app_timer_drv_stop  app_timer.o
    0x010041dc   0x0000002c   Code   RO         1726    i.app_timer_get_valid_node  app_timer.o
    0x01004208   0x00000014   Code   RO         1727    i.app_timer_set_var  app_timer.o
    0x0100421c   0x000000dc   Code   RO         1093    i.app_uart_config_dma  app_uart.o
    0x010042f8   0x000000d4   Code   RO         1095    i.app_uart_event_call  app_uart.o
    0x010043cc   0x0000011c   Code   RO         1096    i.app_uart_flush    app_uart.o
    0x010044e8   0x0000013c   Code   RO         1098    i.app_uart_init     app_uart.o
    0x01004624   0x0000004c   Code   RO         1099    i.app_uart_receive_async  app_uart.o
    0x01004670   0x0000008c   Code   RO         1101    i.app_uart_start_transmit_async  app_uart.o
    0x010046fc   0x00000064   Code   RO         1102    i.app_uart_transmit_async  app_uart.o
    0x01004760   0x000000f8   Code   RO         2862    i.append_item       ble_sdk.lib(sdk_nvds_patch.o)
    0x01004858   0x00000066   Code   RO         3846    i.attm_update_max_len  ble_sdk.lib(ble_sdk_gapm_patch.o)
    0x010048be   0x00000002   PAD
    0x010048c0   0x000000e4   Code   RO         3962    i.atts_l2cc_pdu_recv_handler_patch  ble_sdk.lib(atts_patch.o)
    0x010049a4   0x00000014   Code   RO         3963    i.atts_pdu_handler_table_replace  ble_sdk.lib(atts_patch.o)
    0x010049b8   0x000001cc   Code   RO         3964    i.atts_read_mult_req_patch  ble_sdk.lib(atts_patch.o)
    0x01004b84   0x00000004   Code   RO         3184    i.ble_adv_env_init  ble_sdk.lib(cold_patch.o)
    0x01004b88   0x000000ac   Code   RO         3314    i.ble_bm_set_sec_info_patch  ble_sdk.lib(ble_bondmgr_patch.o)
    0x01004c34   0x00000032   Code   RO         3185    i.ble_common_env_init  ble_sdk.lib(cold_patch.o)
    0x01004c66   0x0000003e   Code   RO         3186    i.ble_con_env_init  ble_sdk.lib(cold_patch.o)
    0x01004ca4   0x0000001e   Code   RO         2938    i.ble_gattc_indicate_cfm  ble_sdk.lib(ble_sdk_gattc_patch.o)
    0x01004cc2   0x0000001c   Code   RO         2964    i.ble_gatts_noti_ind  ble_sdk.lib(ble_sdk_gattc_patch.o)
    0x01004cde   0x0000001e   Code   RO         2966    i.ble_gatts_read_cfm  ble_sdk.lib(ble_sdk_gattc_patch.o)
    0x01004cfc   0x0000001c   Code   RO         2967    i.ble_gatts_write_cfm  ble_sdk.lib(ble_sdk_gattc_patch.o)
    0x01004d18   0x00000178   Code   RO         2525    i.ble_init_cmp_callback  user_app.o
    0x01004e90   0x0000000c   Code   RO         2863    i.ble_nvds_del      ble_sdk.lib(sdk_nvds_patch.o)
    0x01004e9c   0x0000000c   Code   RO         2866    i.ble_nvds_put      ble_sdk.lib(sdk_nvds_patch.o)
    0x01004ea8   0x00000024   Code   RO         2867    i.ble_nvds_set_entry  ble_sdk.lib(sdk_nvds_patch.o)
    0x01004ecc   0x0000001e   Code   RO         3187    i.ble_scan_env_init  ble_sdk.lib(cold_patch.o)
    0x01004eea   0x00000010   Code   RO          404    i.ble_sdk_env_init  platform_gr55xx.o
    0x01004efa   0x00000002   PAD
    0x01004efc   0x00000020   Code   RO         3855    i.ble_sdk_gapm_replace  ble_sdk.lib(ble_sdk_gapm_patch.o)
    0x01004f1c   0x00000068   Code   RO         3909    i.ble_sdk_gattc_event_ind_handler_patch  ble_sdk.lib(ble_sdk_gatt_task_patch.o)
    0x01004f84   0x00000070   Code   RO         3910    i.ble_sdk_gatts_svc_changed_cfg_ind_handler_patch  ble_sdk.lib(ble_sdk_gatt_task_patch.o)
    0x01004ff4   0x00000016   Code   RO         3831    i.ble_sdk_init_patch  ble_sdk.lib(ble_sdk_patch.o)
    0x0100500a   0x00000002   PAD
    0x0100500c   0x00000010   Code   RO         3832    i.ble_sdk_replace   ble_sdk.lib(ble_sdk_patch.o)
    0x0100501c   0x00000060   Code   RO         2736    i.ble_sdk_rwip_init  ble_sdk.lib(system_sdk_patch.o)
    0x0100507c   0x00000104   Code   RO         2737    i.ble_stack_init    ble_sdk.lib(system_sdk_patch.o)
    0x01005180   0x00000038   Code   RO         2585    i.ble_to_uart_push  transport_scheduler.o
    0x010051b8   0x00000014   Code   RO         3025    i.ble_wakeup_osc_time_get  ble_sdk.lib(platform_sdk.o)
    0x010051cc   0x00000014   Code   RO         3026    i.ble_wakeup_osc_time_set  ble_sdk.lib(platform_sdk.o)
    0x010051e0   0x00000006   Code   RO         1422    i.bsp_uart_flush    bsp.o
    0x010051e6   0x0000000a   Code   RO         1424    i.bsp_uart_send     bsp.o
    0x010051f0   0x00000034   Code   RO         1729    i.clear_total_ticks  app_timer.o
    0x01005224   0x0000007c   Code   RO         3027    i.clk_period_1V_set  ble_sdk.lib(platform_sdk.o)
    0x010052a0   0x00000016   Code   RO         3188    i.cold_patch_apply  ble_sdk.lib(cold_patch.o)
    0x010052b6   0x00000002   PAD
    0x010052b8   0x0000023c   Code   RO         2868    i.compact_nvds      ble_sdk.lib(sdk_nvds_patch.o)
    0x010054f4   0x00000028   Code   RO         3535    i.compute_pref_period  ble_sdk.lib(llc_con_upd_patch.o)
    0x0100551c   0x0000001e   Code   RO         2869    i.cp_hdr_incr       ble_sdk.lib(sdk_nvds_patch.o)
    0x0100553a   0x00000002   PAD
    0x0100553c   0x0000001c   Code   RO         3028    i.cpll_calibration  ble_sdk.lib(platform_sdk.o)
    0x01005558   0x000000c4   Code   RO         3029    i.cpll_calibration_init  ble_sdk.lib(platform_sdk.o)
    0x0100561c   0x000000d0   Code   RO         3030    i.cpll_lock_check_recover  ble_sdk.lib(platform_sdk.o)
    0x010056ec   0x000001a8   Code   RO         3031    i.cpll_renew_vco_base  ble_sdk.lib(platform_sdk.o)
    0x01005894   0x00000040   Code   RO         3423    i.create_sch_arb_sync_event  ble_sdk.lib(sch_arb_patch.o)
    0x010058d4   0x00000050   Code   RO         3032    i.current_shape_set  ble_sdk.lib(platform_sdk.o)
    0x01005924   0x00000034   Code   RO         2870    i.dec_flash_read    ble_sdk.lib(sdk_nvds_patch.o)
    0x01005958   0x00000034   Code   RO         2871    i.dec_flash_write   ble_sdk.lib(sdk_nvds_patch.o)
    0x0100598c   0x00000010   Code   RO         3763    i.dfu_cmd_handler_replace  ble_sdk.lib(dfu_cmd_handler_patch.o)
    0x0100599c   0x00000040   Code   RO          842    i.dma_err_callback  app_dma.o
    0x010059dc   0x0000003c   Code   RO          843    i.dma_prepare_for_sleep  app_dma.o
    0x01005a18   0x00000002   Code   RO          844    i.dma_sleep_canceled  app_dma.o
    0x01005a1a   0x00000002   PAD
    0x01005a1c   0x00000040   Code   RO          845    i.dma_tfr_callback  app_dma.o
    0x01005a5c   0x00000120   Code   RO         3801    i.ext_hp_gain_calibration  ble_sdk.lib(rf_gdx_patch.o)
    0x01005b7c   0x00000094   Code   RO         2872    i.find_item         ble_sdk.lib(sdk_nvds_patch.o)
    0x01005c10   0x00000030   Code   RO         4054    i.find_ltk_again    ble_sdk.lib(ble_sdk_sec_patch.o)
    0x01005c40   0x00000014   Code   RO         3388    i.finish_encryt_check_by_llcp  ble_sdk.lib(llc_encrypt_patch.o)
    0x01005c54   0x00000034   Code   RO         3355    i.fpb_enable        ble_sdk.lib(platform_patch.o)
    0x01005c88   0x00000058   Code   RO         3356    i.fun_replace_by_svc  ble_sdk.lib(platform_patch.o)
    0x01005ce0   0x00000168   Code   RO         3856    i.gap_activity_stopped_ind_handler_patch  ble_sdk.lib(ble_sdk_gapm_patch.o)
    0x01005e48   0x000001c4   Code   RO         3889    i.gap_cmp_evt_handler_patch  ble_sdk.lib(ble_sdk_gapc_patch.o)
    0x0100600c   0x00000184   Code   RO         3890    i.gap_connection_req_ind_handler_patch  ble_sdk.lib(ble_sdk_gapc_patch.o)
    0x01006190   0x00000080   Code   RO         3857    i.gap_dev_bdaddr_ind_handler_patch  ble_sdk.lib(ble_sdk_gapm_patch.o)
    0x01006210   0x00000104   Code   RO         3858    i.gap_device_config_params_init_patch  ble_sdk.lib(ble_sdk_gapm_patch.o)
    0x01006314   0x000000ac   Code   RO         3891    i.gap_disconnect_ind_handler_patch  ble_sdk.lib(ble_sdk_gapc_patch.o)
    0x010063c0   0x0000024c   Code   RO         3859    i.gap_init_fsm_next_func_patch  ble_sdk.lib(ble_sdk_gapm_patch.o)
    0x0100660c   0x00000110   Code   RO         2526    i.gap_params_init   user_app.o
    0x0100671c   0x00000048   Code   RO         3744    i.gapc_hci_handler_patch  ble_sdk.lib(gapc_hci_patch.o)
    0x01006764   0x00000038   Code   RO         3745    i.gapc_msg_handler_tab_func_replace  ble_sdk.lib(gapc_hci_patch.o)
    0x0100679c   0x00000044   Code   RO         3746    i.gapc_msg_handler_tab_replace  ble_sdk.lib(gapc_hci_patch.o)
    0x010067e0   0x000000bc   Code   RO         4015    i.gapm_activity_create_cmd_handler_patch  ble_sdk.lib(gapm_actv_patch.o)
    0x0100689c   0x000000a4   Code   RO         3860    i.gapm_cmp_evt_handler_patch  ble_sdk.lib(ble_sdk_gapm_patch.o)
    0x01006940   0x0000012c   Code   RO         3691    i.gapm_init_connection_ind_func_patch  ble_sdk.lib(gapm_init_patch.o)
    0x01006a6c   0x00000080   Code   RO         3692    i.gapm_init_create_patch  ble_sdk.lib(gapm_init_patch.o)
    0x01006aec   0x00000010   Code   RO         3693    i.gapm_init_replace  ble_sdk.lib(gapm_init_patch.o)
    0x01006afc   0x00000088   Code   RO         3694    i.gapm_init_start_patch  ble_sdk.lib(gapm_init_patch.o)
    0x01006b84   0x0000002c   Code   RO         3695    i.gapm_init_stop_patch  ble_sdk.lib(gapm_init_patch.o)
    0x01006bb0   0x0000009c   Code   RO         3711    i.gapm_msg_handler_replace  ble_sdk.lib(gapm_task_patch.o)
    0x01006c4c   0x00000014   Code   RO         3712    i.gapm_msg_init_handler_replace  ble_sdk.lib(gapm_task_patch.o)
    0x01006c60   0x000000b0   Code   RO         3923    i.gatt_on_disconnection_func_patch  ble_sdk.lib(ble_sdk_gatts_patch.o)
    0x01006d10   0x00000010   Code   RO         3924    i.gatt_on_disconnection_replace  ble_sdk.lib(ble_sdk_gatts_patch.o)
    0x01006d20   0x00000038   Code   RO         3560    i.gattc_msg_handler_tab_func_replace  ble_sdk.lib(gattc_task_patch.o)
    0x01006d58   0x00000030   Code   RO         3561    i.gattc_msg_handler_tab_replace  ble_sdk.lib(gattc_task_patch.o)
    0x01006d88   0x000000ec   Code   RO         3934    i.gattc_write_req_ind_handler_patch  ble_sdk.lib(ble_sdk_prf_patch.o)
    0x01006e74   0x0000000e   Code   RO         2873    i.gen_hdr_checksum  ble_sdk.lib(sdk_nvds_patch.o)
    0x01006e82   0x0000001e   Code   RO         2874    i.gen_value_checksum  ble_sdk.lib(sdk_nvds_patch.o)
    0x01006ea0   0x00000028   Code   RO         3802    i.get_F_value_patch  ble_sdk.lib(rf_gdx_patch.o)
    0x01006ec8   0x00000030   Code   RO         3663    i.get_conn_idx_by_id  ble_sdk.lib(l2cm_patch.o)
    0x01006ef8   0x000000e0   Code   RO         3375    i.get_data_from_adc  ble_sdk.lib(platform_adc.o)
    0x01006fd8   0x00000028   Code   RO         3676    i.get_id_by_conn_idx  ble_sdk.lib(l2cc_task_patch.o)
    0x01007000   0x00000050   Code   RO         3767    i.get_info          ble_sdk.lib(dfu_cmd_handler_patch.o)
    0x01007050   0x00000064   Code   RO         1730    i.get_next_timer    app_timer.o
    0x010070b4   0x00000004   Code   RO         3357    i.get_ori_cmd       ble_sdk.lib(platform_patch.o)
    0x010070b8   0x00000006   Code   RO         3359    i.get_svc_cmd       ble_sdk.lib(platform_patch.o)
    0x010070be   0x00000002   PAD
    0x010070c0   0x00000108   Code   RO         3034    i.get_ton_value_for_1p5uH  ble_sdk.lib(platform_sdk.o)
    0x010071c8   0x00000158   Code   RO         3035    i.get_ton_value_for_2p2uH  ble_sdk.lib(platform_sdk.o)
    0x01007320   0x0000007c   Code   RO         2106    i.gus_cccd_set_cb   gus.o
    0x0100739c   0x00000074   Code   RO         2107    i.gus_init          gus.o
    0x01007410   0x00000028   Code   RO         2108    i.gus_ntf_ind_cb    gus.o
    0x01007438   0x00000060   Code   RO         2109    i.gus_read_att_cb   gus.o
    0x01007498   0x00000044   Code   RO         2110    i.gus_rx_flow_ctrl_set  gus.o
    0x010074dc   0x0000001c   Code   RO         2111    i.gus_service_init  gus.o
    0x010074f8   0x0000007c   Code   RO         2527    i.gus_service_process_event  user_app.o
    0x01007574   0x00000044   Code   RO         2112    i.gus_tx_data_send  gus.o
    0x010075b8   0x000000c4   Code   RO         2113    i.gus_write_att_cb  gus.o
    0x0100767c   0x00000090   Code   RO          929    i.hal_aon_gpio_callback  app_gpiote.o
    0x0100770c   0x00000030   Code   RO          771    i.hal_aon_gpio_init  gr55xx_hal_aon_gpio.o
    0x0100773c   0x00000028   Code   RO         2688    i.hal_aon_gpio_init_ext  ble_sdk.lib(gr55xx_hal_aon_gpio_patch.o)
    0x01007764   0x00000068   Code   RO         2689    i.hal_aon_gpio_irq_handler  ble_sdk.lib(gr55xx_hal_aon_gpio_patch.o)
    0x010077cc   0x0000008c   Code   RO         2716    i.hal_dma_init      ble_sdk.lib(gr55xx_hal_dma_patch.o)
    0x01007858   0x00000098   Code   RO         3239    i.hal_efuse_deinit_ext  ble_sdk.lib(gr55xx_hal_efuse_patch.o)
    0x010078f0   0x000000b8   Code   RO         3240    i.hal_efuse_init_ext  ble_sdk.lib(gr55xx_hal_efuse_patch.o)
    0x010079a8   0x00000004   Code   RO          674    i.hal_exflash_read  gr55xx_hal_exflash.o
    0x010079ac   0x0000001c   Code   RO         2836    i.hal_flash_erase   ble_sdk.lib(hal_flash_patch.o)
    0x010079c8   0x00000064   Code   RO         2838    i.hal_flash_init    ble_sdk.lib(hal_flash_patch.o)
    0x01007a2c   0x00000020   Code   RO         2839    i.hal_flash_read    ble_sdk.lib(hal_flash_patch.o)
    0x01007a4c   0x00000074   Code   RO         2844    i.hal_flash_write_r  ble_sdk.lib(hal_flash_patch.o)
    0x01007ac0   0x0000004c   Code   RO          930    i.hal_gpio_exti_callback  app_gpiote.o
    0x01007b0c   0x00000034   Code   RO          633    i.hal_gpio_init     gr55xx_hal_gpio.o
    0x01007b40   0x0000002c   Code   RO          588    i.hal_init          gr55xx_hal.o
    0x01007b6c   0x00000004   Code   RO         2726    i.hal_msio_init     ble_sdk.lib(gr55xx_hal_msio_patch.o)
    0x01007b70   0x00000002   Code   RO          589    i.hal_msp_deinit    gr55xx_hal.o
    0x01007b72   0x00000002   Code   RO          590    i.hal_msp_init      gr55xx_hal.o
    0x01007b74   0x0000001c   Code   RO          807    i.hal_pwr_config_timer_wakeup  gr55xx_hal_pwr.o
    0x01007b90   0x000000a4   Code   RO         4031    i.hal_rng_deinit_ext  ble_sdk.lib(gr55xx_hal_rng_patch.o)
    0x01007c34   0x00000138   Code   RO         4032    i.hal_rng_generate_random_number  ble_sdk.lib(gr55xx_hal_rng_patch.o)
    0x01007d6c   0x0000009c   Code   RO         4034    i.hal_rng_init_ext  ble_sdk.lib(gr55xx_hal_rng_patch.o)
    0x01007e08   0x00000002   Code   RO          500    i.hal_uart_abort_cplt_callback  gr55xx_hal_uart.o
    0x01007e0a   0x00000006   Code   RO         1104    i.hal_uart_abort_rx_cplt_callback  app_uart.o
    0x01007e10   0x00000006   Code   RO         1105    i.hal_uart_abort_tx_cplt_callback  app_uart.o
    0x01007e16   0x00000002   PAD
    0x01007e18   0x00000030   Code   RO          503    i.hal_uart_deinit   gr55xx_hal_uart.o
    0x01007e48   0x00000006   Code   RO         1106    i.hal_uart_error_callback  app_uart.o
    0x01007e4e   0x00000012   Code   RO         3010    i.hal_uart_get_state  ble_sdk.lib(gr55xx_hal_uart_patch.o)
    0x01007e60   0x00000030   Code   RO          505    i.hal_uart_init     gr55xx_hal_uart.o
    0x01007e90   0x00000002   Code   RO          506    i.hal_uart_msp_deinit  gr55xx_hal_uart.o
    0x01007e92   0x00000002   Code   RO          507    i.hal_uart_msp_init  gr55xx_hal_uart.o
    0x01007e94   0x00000006   Code   RO         1107    i.hal_uart_rx_cplt_callback  app_uart.o
    0x01007e9a   0x00000006   Code   RO         1108    i.hal_uart_tx_cplt_callback  app_uart.o
    0x01007ea0   0x00000020   Code   RO         3747    i.hci_cmd_handler_tab_info_replace  ble_sdk.lib(gapc_hci_patch.o)
    0x01007ec0   0x000000a4   Code   RO         3462    i.hci_le_add_dev_to_wlst_cmd_handler_patch  ble_sdk.lib(llm_hci_patch.o)
    0x01007f64   0x0000005c   Code   RO         3463    i.hci_le_clear_wlst_cmd_handler_patch  ble_sdk.lib(llm_hci_patch.o)
    0x01007fc0   0x00000042   Code   RO         3696    i.hci_le_cmd_cmp_evt_init_handler_patch  ble_sdk.lib(gapm_init_patch.o)
    0x01008002   0x00000038   Code   RO         3697    i.hci_le_cmd_cmp_evt_starting_handler_patch  ble_sdk.lib(gapm_init_patch.o)
    0x0100803a   0x00000002   PAD
    0x0100803c   0x00000034   Code   RO         3748    i.hci_le_event_handler_tab_func_replace  ble_sdk.lib(gapc_hci_patch.o)
    0x01008070   0x00000384   Code   RO         3464    i.hci_le_ext_create_con_cmd_handler_patch  ble_sdk.lib(llm_hci_patch.o)
    0x010083f4   0x000000b8   Code   RO         3749    i.hci_le_ltk_request_evt_handler_patch  ble_sdk.lib(gapc_hci_patch.o)
    0x010084ac   0x0000006c   Code   RO         3465    i.hci_le_rmv_dev_from_wlst_cmd_handler_patch  ble_sdk.lib(llm_hci_patch.o)
    0x01008518   0x00000224   Code   RO         3952    i.hci_le_set_ext_scan_en_cmd_handler_patch  ble_sdk.lib(llm_scan_patch.o)
    0x0100873c   0x000000ec   Code   RO         3953    i.hci_le_set_ext_scan_param_cmd_handler_patch  ble_sdk.lib(llm_scan_patch.o)
    0x01008828   0x000000b4   Code   RO         3677    i.hci_nb_cmp_pkts_evt_handler_patch  ble_sdk.lib(l2cc_task_patch.o)
    0x010088dc   0x00000054   Code   RO         3036    i.i0nd_ioldo_3v_get  ble_sdk.lib(platform_sdk.o)
    0x01008930   0x00000138   Code   RO         3861    i.init_ltk_list     ble_sdk.lib(ble_sdk_gapm_patch.o)
    0x01008a68   0x00000080   Code   RO         3037    i.internal_3p3_ioldo_update  ble_sdk.lib(platform_sdk.o)
    0x01008ae8   0x00000028   Code   RO         2877    i.is_item_same      ble_sdk.lib(sdk_nvds_patch.o)
    0x01008b10   0x00000030   Code   RO         3678    i.l2cc_msg_handler_replace  ble_sdk.lib(l2cc_task_patch.o)
    0x01008b40   0x0000002c   Code   RO         3679    i.l2cc_msg_handler_tab_replace  ble_sdk.lib(l2cc_task_patch.o)
    0x01008b6c   0x000000c8   Code   RO         3562    i.l2cc_pdu_recv_ind_handler_patch  ble_sdk.lib(gattc_task_patch.o)
    0x01008c34   0x000000a4   Code   RO         3664    i.l2cm_l2cap_tx_handler_patch  ble_sdk.lib(l2cm_patch.o)
    0x01008cd8   0x0000000c   Code   RO         3665    i.l2cm_l2cap_tx_handler_replace  ble_sdk.lib(l2cm_patch.o)
    0x01008ce4   0x000000e8   Code   RO         3038    i.ldo_bypass_mode_set  ble_sdk.lib(platform_sdk.o)
    0x01008dcc   0x00000134   Code   RO         3039    i.ldo_voltage_set   ble_sdk.lib(platform_sdk.o)
    0x01008f00   0x0000000a   Code   RO         1580    i.le16toh           utility.o
    0x01008f0a   0x00000002   PAD
    0x01008f0c   0x0000002c   Code   RO         3376    i.ll_adc_disable_clock  ble_sdk.lib(platform_adc.o)
    0x01008f38   0x00000104   Code   RO         3250    i.ll_aon_gpio_init  ble_sdk.lib(gr55xx_ll_aon_gpio_patch.o)
    0x0100903c   0x00000014   Code   RO         3040    i.ll_aon_gpio_is_enabled_it  ble_sdk.lib(platform_sdk.o)
    0x01009050   0x00000034   Code   RO         3251    i.ll_aon_gpio_set_pin_mode  ble_sdk.lib(gr55xx_ll_aon_gpio_patch.o)
    0x01009084   0x0000001c   Code   RO         2738    i.ll_aon_wdt_get_counter  ble_sdk.lib(system_sdk_patch.o)
    0x010090a0   0x0000002c   Code   RO         2739    i.ll_calendar_clear_flag_alarm  ble_sdk.lib(system_sdk_patch.o)
    0x010090cc   0x00000034   Code   RO         2740    i.ll_calendar_get_counter  ble_sdk.lib(system_sdk_patch.o)
    0x01009100   0x00000018   Code   RO         2741    i.ll_calendar_reload_counter  ble_sdk.lib(system_sdk_patch.o)
    0x01009118   0x00000014   Code   RO         2742    i.ll_calendar_set_clock_div  ble_sdk.lib(system_sdk_patch.o)
    0x0100912c   0x0000009c   Code   RO         3995    i.ll_channel_map_ind_handler_patch  ble_sdk.lib(llc_chmap_upd_patch.o)
    0x010091c8   0x000000e4   Code   RO         3536    i.ll_connection_param_req_handler_patch  ble_sdk.lib(llc_con_upd_patch.o)
    0x010092ac   0x00000154   Code   RO         3537    i.ll_connection_update_ind_handler_patch  ble_sdk.lib(llc_con_upd_patch.o)
    0x01009400   0x000000f4   Code   RO         3262    i.ll_dma_init       ble_sdk.lib(gr55xx_ll_dma_patch.o)
    0x010094f4   0x00000014   Code   RO         3263    i.ll_dma_is_empty_fifo  ble_sdk.lib(gr55xx_ll_dma_patch.o)
    0x01009508   0x00000014   Code   RO         3264    i.ll_dma_is_enabled_channel  ble_sdk.lib(gr55xx_ll_dma_patch.o)
    0x0100951c   0x00000016   Code   RO         3265    i.ll_dma_resume_channel  ble_sdk.lib(gr55xx_ll_dma_patch.o)
    0x01009532   0x00000016   Code   RO         3266    i.ll_dma_suspend_channel  ble_sdk.lib(gr55xx_ll_dma_patch.o)
    0x01009548   0x00000138   Code   RO         3280    i.ll_msio_init      ble_sdk.lib(gr55xx_ll_msio_patch.o)
    0x01009680   0x0000003c   Code   RO         3281    i.ll_msio_set_pin_mode  ble_sdk.lib(gr55xx_ll_msio_patch.o)
    0x010096bc   0x000000bc   Code   RO         3983    i.ll_phy_req_handler_patch  ble_sdk.lib(llc_phy_upd_patch.o)
    0x01009778   0x0000003c   Code   RO         4005    i.llc_auth_payl_nearly_to_handler_patch  ble_sdk.lib(llc_le_ping_patch.o)
    0x010097b4   0x0000003c   Code   RO         4006    i.llc_auth_payl_real_to_handler_patch  ble_sdk.lib(llc_le_ping_patch.o)
    0x010097f0   0x00000020   Code   RO         3538    i.llc_con_upd_replace  ble_sdk.lib(llc_con_upd_patch.o)
    0x01009810   0x00000010   Code   RO         3389    i.llc_encrypt_replace  ble_sdk.lib(llc_encrypt_patch.o)
    0x01009820   0x00000048   Code   RO         3584    i.llc_llcp_rsp_to   ble_sdk.lib(llc_task_patch.o)
    0x01009868   0x00000010   Code   RO         3539    i.llc_loc_con_upd_proc_stop  ble_sdk.lib(llc_con_upd_patch.o)
    0x01009878   0x0000000c   Code   RO         3585    i.llc_loc_llcp_rsp_to_handler_patch  ble_sdk.lib(llc_task_patch.o)
    0x01009884   0x00000010   Code   RO         3984    i.llc_loc_phy_upd_proc_stop  ble_sdk.lib(llc_phy_upd_patch.o)
    0x01009894   0x00000030   Code   RO         3586    i.llc_msg_handler_replace  ble_sdk.lib(llc_task_patch.o)
    0x010098c4   0x000000e0   Code   RO         3587    i.llc_msg_handler_tab_replace  ble_sdk.lib(llc_task_patch.o)
    0x010099a4   0x00000130   Code   RO         3540    i.llc_pref_param_compute_func_patch  ble_sdk.lib(llc_con_upd_patch.o)
    0x01009ad4   0x00000046   Code   RO         3975    i.llc_proc_collision_check_slave  ble_sdk.lib(llc_patch.o)
    0x01009b1a   0x00000002   PAD
    0x01009b1c   0x000001f4   Code   RO         3541    i.llc_rem_con_upd_proc_continue_patch  ble_sdk.lib(llc_con_upd_patch.o)
    0x01009d10   0x000002c8   Code   RO         3390    i.llc_rem_encrypt_proc_continue_patch  ble_sdk.lib(llc_encrypt_patch.o)
    0x01009fd8   0x000000b0   Code   RO         3391    i.llc_rem_encrypt_proc_finish  ble_sdk.lib(llc_encrypt_patch.o)
    0x0100a088   0x0000000c   Code   RO         3588    i.llc_rem_llcp_rsp_to_handler_patch  ble_sdk.lib(llc_task_patch.o)
    0x0100a094   0x00000044   Code   RO         3523    i.llcp_pdu_handler_tab_replace  ble_sdk.lib(llc_llcp_patch.o)
    0x0100a0d8   0x0000002a   Code   RO         3589    i.lld_acl_rx_ind_handler_patch  ble_sdk.lib(llc_task_patch.o)
    0x0100a102   0x00000002   PAD
    0x0100a104   0x0000004c   Code   RO         3722    i.lld_adv_frm_cbk_func_patch  ble_sdk.lib(lld_adv_patch.o)
    0x0100a150   0x00000394   Code   RO         3723    i.lld_adv_frm_isr_patch  ble_sdk.lib(lld_adv_patch.o)
    0x0100a4e4   0x00000010   Code   RO         3724    i.lld_adv_replace   ble_sdk.lib(lld_adv_patch.o)
    0x0100a4f4   0x00000048   Code   RO         3504    i.lld_adv_start_func_patch  ble_sdk.lib(lld_scan_patch.o)
    0x0100a53c   0x00000050   Code   RO         3996    i.lld_ch_map_upd_cfm_handler_patch  ble_sdk.lib(llc_chmap_upd_patch.o)
    0x0100a58c   0x00000014   Code   RO         3605    i.lld_con_ci_get    ble_sdk.lib(lld_con_patch.o)
    0x0100a5a0   0x00000018   Code   RO         3606    i.lld_con_env_is_free  ble_sdk.lib(lld_con_patch.o)
    0x0100a5b8   0x00000014   Code   RO         3607    i.lld_con_instant_proc_type_reset  ble_sdk.lib(lld_con_patch.o)
    0x0100a5cc   0x00000028   Code   RO         3608    i.lld_con_last_sync_time_get  ble_sdk.lib(lld_con_patch.o)
    0x0100a5f4   0x00000050   Code   RO         3542    i.lld_con_offset_upd_ind_handler_patch  ble_sdk.lib(llc_con_upd_patch.o)
    0x0100a644   0x0000002a   Code   RO         3543    i.lld_con_param_upd_cfm_handler_patch  ble_sdk.lib(llc_con_upd_patch.o)
    0x0100a66e   0x00000002   PAD
    0x0100a670   0x00000044   Code   RO         3609    i.lld_con_replace   ble_sdk.lib(lld_con_patch.o)
    0x0100a6b4   0x00000084   Code   RO         3610    i.lld_con_start_sync  ble_sdk.lib(lld_con_patch.o)
    0x0100a738   0x00000028   Code   RO         3612    i.lld_con_ultra_link_update  ble_sdk.lib(lld_con_patch.o)
    0x0100a760   0x00000012   Code   RO         3574    i.lld_init_patch    ble_sdk.lib(lld_patch.o)
    0x0100a772   0x00000002   PAD
    0x0100a774   0x00000010   Code   RO         3575    i.lld_init_replace  ble_sdk.lib(lld_patch.o)
    0x0100a784   0x0000081c   Code   RO         3651    i.lld_init_start_patch  ble_sdk.lib(lld_init_patch.o)
    0x0100afa0   0x00000010   Code   RO         3652    i.lld_init_start_replace  ble_sdk.lib(lld_init_patch.o)
    0x0100afb0   0x00000050   Code   RO         3985    i.lld_phy_upd_cfm_handler_patch  ble_sdk.lib(llc_phy_upd_patch.o)
    0x0100b000   0x0000002c   Code   RO         3505    i.lld_scan_frm_cbk_replace  ble_sdk.lib(lld_scan_patch.o)
    0x0100b02c   0x0000005c   Code   RO         3506    i.lld_scan_start_func_patch  ble_sdk.lib(lld_scan_patch.o)
    0x0100b088   0x00000040   Code   RO         3725    i.lld_try_to_free_old_buffer  ble_sdk.lib(lld_adv_patch.o)
    0x0100b0c8   0x00000058   Code   RO         3467    i.llm_hci_apply_cmd_handler_patch  ble_sdk.lib(llm_hci_patch.o)
    0x0100b120   0x00000058   Code   RO         3469    i.llm_hci_apply_scan_cmd_handler_patch  ble_sdk.lib(llm_hci_patch.o)
    0x0100b178   0x00000060   Code   RO         3470    i.llm_hci_command_handler_tab_replace  ble_sdk.lib(llm_hci_patch.o)
    0x0100b1d8   0x00000054   Code   RO         3471    i.llm_is_wl_accessible_patch  ble_sdk.lib(llm_hci_patch.o)
    0x0100b22c   0x0000001e   Code   RO         3472    i.llm_scan_cmd_replace  ble_sdk.lib(llm_hci_patch.o)
    0x0100b24a   0x00000006   Code   RO         2424    i.log_flush         user_periph_setup.o
    0x0100b250   0x00000094   Code   RO         2479    i.main              main.o
    0x0100b2e4   0x00000020   Code   RO          329    i.main_init         system_gr55xx.o
    0x0100b304   0x00000016   Code   RO         3169    i.mem_pwr_mgmt_init  ble_sdk.lib(platform_sram.o)
    0x0100b31a   0x00000002   PAD
    0x0100b31c   0x00000134   Code   RO         2881    i.nvds_put          ble_sdk.lib(sdk_nvds_patch.o)
    0x0100b450   0x0000003c   Code   RO          406    i.nvds_setup        platform_gr55xx.o
    0x0100b48c   0x00000050   Code   RO         3116    i.platform_clock_init  ble_sdk.lib(platform_clock.o)
    0x0100b4dc   0x00000014   Code   RO         3118    i.platform_disable_sleep_timer  ble_sdk.lib(platform_clock.o)
    0x0100b4f0   0x00000020   Code   RO         3155    i.platform_flash_enable_quad  ble_sdk.lib(platform_exflash.o)
    0x0100b510   0x0000000c   Code   RO         3156    i.platform_flash_protection  ble_sdk.lib(platform_exflash.o)
    0x0100b51c   0x00000110   Code   RO          407    i.platform_init     platform_gr55xx.o
    0x0100b62c   0x0000001c   Code   RO         3041    i.platform_init_pop  ble_sdk.lib(platform_sdk.o)
    0x0100b648   0x00000048   Code   RO         3042    i.platform_init_push  ble_sdk.lib(platform_sdk.o)
    0x0100b690   0x000000b4   Code   RO         3043    i.platform_param_adjust  ble_sdk.lib(platform_sdk.o)
    0x0100b744   0x00000098   Code   RO         3044    i.platform_sdk_init  ble_sdk.lib(platform_sdk.o)
    0x0100b7dc   0x000000ac   Code   RO         3123    i.platform_set_ble_rtc_clk  ble_sdk.lib(platform_clock.o)
    0x0100b888   0x00000050   Code   RO         3124    i.platform_set_psc_clk  ble_sdk.lib(platform_clock.o)
    0x0100b8d8   0x000000d8   Code   RO         3045    i.pmu_calibration_handler  ble_sdk.lib(platform_sdk.o)
    0x0100b9b0   0x00000036   Code   RO         2028    i.prf_find_handle_by_idx  ble_prf_utils.o
    0x0100b9e6   0x00000034   Code   RO         2029    i.prf_find_idx_by_handle  ble_prf_utils.o
    0x0100ba1a   0x00000014   Code   RO         2030    i.prf_is_cccd_value_valid  ble_prf_utils.o
    0x0100ba2e   0x00000002   PAD
    0x0100ba30   0x00000048   Code   RO         1048    i.pwr_enter_sleep_check  app_pwr_mgmt.o
    0x0100ba78   0x00000010   Code   RO         2808    i.pwr_mgmt_shutdown_replace  ble_sdk.lib(sdk_pwr_mgmt_patch.o)
    0x0100ba88   0x0000001c   Code   RO         3046    i.pwr_mgmt_warm_boot  ble_sdk.lib(platform_sdk.o)
    0x0100baa4   0x0000008c   Code   RO         1049    i.pwr_register_sleep_cb  app_pwr_mgmt.o
    0x0100bb30   0x00000016   Code   RO         3833    i.rand_seed_gen     ble_sdk.lib(ble_sdk_patch.o)
    0x0100bb46   0x0000002c   Code   RO         2883    i.read_incr         ble_sdk.lib(sdk_nvds_patch.o)
    0x0100bb72   0x00000002   PAD
    0x0100bb74   0x000000dc   Code   RO         2884    i.replace_item      ble_sdk.lib(sdk_nvds_patch.o)
    0x0100bc50   0x0000006c   Code   RO         3047    i.retention_mem_set  ble_sdk.lib(platform_sdk.o)
    0x0100bcbc   0x00000016   Code   RO         3048    i.rf_calibration_set  ble_sdk.lib(platform_sdk.o)
    0x0100bcd2   0x00000002   PAD
    0x0100bcd4   0x00000010   Code   RO         3803    i.rf_gdx_replace    ble_sdk.lib(rf_gdx_patch.o)
    0x0100bce4   0x0000005c   Code   RO         3804    i.rf_hp_gain_offset_cfg  ble_sdk.lib(rf_gdx_patch.o)
    0x0100bd40   0x00000084   Code   RO         3805    i.rf_init_patch     ble_sdk.lib(rf_gdx_patch.o)
    0x0100bdc4   0x00000154   Code   RO         3806    i.rf_modulation_accuracy_calibration_patch  ble_sdk.lib(rf_gdx_patch.o)
    0x0100bf18   0x00000060   Code   RO         3807    i.rf_tx_pw_conv_tbl_get  ble_sdk.lib(rf_gdx_patch.o)
    0x0100bf78   0x00000070   Code   RO         3808    i.rf_txpwr_cs_get_patch  ble_sdk.lib(rf_gdx_patch.o)
    0x0100bfe8   0x0000006c   Code   RO         3809    i.rf_txpwr_dbm_get_patch  ble_sdk.lib(rf_gdx_patch.o)
    0x0100c054   0x00000070   Code   RO         3125    i.rf_xo_offset_init  ble_sdk.lib(platform_clock.o)
    0x0100c0c4   0x00000018   Code   RO         1503    i.ring_buffer_init  ring_buffer.o
    0x0100c0dc   0x00000014   Code   RO         1504    i.ring_buffer_is_reach_left_threshold  ring_buffer.o
    0x0100c0f0   0x00000014   Code   RO         1505    i.ring_buffer_items_count_get  ring_buffer.o
    0x0100c104   0x00000088   Code   RO         1507    i.ring_buffer_read  ring_buffer.o
    0x0100c18c   0x00000034   Code   RO         1508    i.ring_buffer_surplus_space_get  ring_buffer.o
    0x0100c1c0   0x0000007e   Code   RO         1509    i.ring_buffer_write  ring_buffer.o
    0x0100c23e   0x00000002   PAD
    0x0100c240   0x0000014c   Code   RO         2743    i.rng_calibration   ble_sdk.lib(system_sdk_patch.o)
    0x0100c38c   0x00000060   Code   RO         3834    i.rng_rand_get      ble_sdk.lib(ble_sdk_patch.o)
    0x0100c3ec   0x00000044   Code   RO         3295    i.rom_callback_replace  ble_sdk.lib(rwip_sleep_patch.o)
    0x0100c430   0x000000d8   Code   RO         4071    i.round             m_wm.l(round.o)
    0x0100c508   0x00000240   Code   RO         2744    i.rtc_calibration   ble_sdk.lib(system_sdk_patch.o)
    0x0100c748   0x00000010   Code   RO         3447    i.rwble_replace     ble_sdk.lib(rwble_patch.o)
    0x0100c758   0x00000020   Code   RO         3296    i.rwip_sleep_func_replace  ble_sdk.lib(rwip_sleep_patch.o)
    0x0100c778   0x00000016   Code   RO         3424    i.sch_arb_get_current_time  ble_sdk.lib(sch_arb_patch.o)
    0x0100c78e   0x00000002   PAD
    0x0100c790   0x00000074   Code   RO         3425    i.sch_arb_hus_timer_set  ble_sdk.lib(sch_arb_patch.o)
    0x0100c804   0x00000028   Code   RO         3427    i.sch_arb_replace   ble_sdk.lib(sch_arb_patch.o)
    0x0100c82c   0x0000002c   Code   RO         3405    i.sch_prog_frm_cbk_replace  ble_sdk.lib(sch_prog_patch.o)
    0x0100c858   0x000000a4   Code   RO         3893    i.sdk_gapc_msg_handler_tab_replace  ble_sdk.lib(ble_sdk_gapc_patch.o)
    0x0100c8fc   0x00000078   Code   RO         3862    i.sdk_gapm_msg_handler_tab_replace  ble_sdk.lib(ble_sdk_gapm_patch.o)
    0x0100c974   0x00000020   Code   RO         2968    i.sdk_gatt_check_conidx  ble_sdk.lib(ble_sdk_gattc_patch.o)
    0x0100c994   0x00000064   Code   RO         3911    i.sdk_gatt_msg_handler_tab_replace  ble_sdk.lib(ble_sdk_gatt_task_patch.o)
    0x0100c9f8   0x00000058   Code   RO         2817    i.sdk_init          ble_sdk.lib(sdk_ram_init_patch.o)
    0x0100ca50   0x0000002c   Code   RO         3935    i.sdk_prf_msg_handler_tab_replace  ble_sdk.lib(ble_sdk_prf_patch.o)
    0x0100ca7c   0x0000004c   Code   RO         4055    i.sec_bond_info_miss_check  ble_sdk.lib(ble_sdk_sec_patch.o)
    0x0100cac8   0x00000088   Code   RO         4056    i.sec_check_conn_bond_patch  ble_sdk.lib(ble_sdk_sec_patch.o)
    0x0100cb50   0x000001f8   Code   RO         4058    i.sec_rcv_encrypt_req_ind_handler_patch  ble_sdk.lib(ble_sdk_sec_patch.o)
    0x0100cd48   0x000000ec   Code   RO         4059    i.sec_rcv_sec_req_ind_handler_patch  ble_sdk.lib(ble_sdk_sec_patch.o)
    0x0100ce34   0x00000034   Code   RO         2528    i.services_init     user_app.o
    0x0100ce68   0x00000018   Code   RO          330    i.set_msp           system_gr55xx.o
    0x0100ce80   0x00000074   Code   RO         3810    i.set_sx_frequence  ble_sdk.lib(rf_gdx_patch.o)
    0x0100cef4   0x00000284   Code   RO         3640    i.smpc_handle_enc_change_evt_func_patch  ble_sdk.lib(smpc_patch.o)
    0x0100d178   0x00000010   Code   RO         3641    i.smpc_handle_enc_change_evt_func_replace  ble_sdk.lib(smpc_patch.o)
    0x0100d188   0x0000003c   Code   RO         3428    i.sync_evt_sch_arb_cb  ble_sdk.lib(sch_arb_patch.o)
    0x0100d1c4   0x000000d0   Code   RO         2745    i.sys_adc_trim_get  ble_sdk.lib(system_sdk_patch.o)
    0x0100d294   0x00000020   Code   RO         2749    i.sys_device_lp_gain_offset_2m_get  ble_sdk.lib(system_sdk_patch.o)
    0x0100d2b4   0x00000024   Code   RO         2750    i.sys_device_package_get  ble_sdk.lib(system_sdk_patch.o)
    0x0100d2d8   0x00000024   Code   RO         2751    i.sys_device_sram_get  ble_sdk.lib(system_sdk_patch.o)
    0x0100d2fc   0x00000028   Code   RO         2752    i.sys_device_uid_get  ble_sdk.lib(system_sdk_patch.o)
    0x0100d324   0x000000dc   Code   RO         2753    i.sys_efuse_info_sync  ble_sdk.lib(system_sdk_patch.o)
    0x0100d400   0x00000074   Code   RO         2756    i.sys_get_efuse_io_ldo  ble_sdk.lib(system_sdk_patch.o)
    0x0100d474   0x0000001c   Code   RO         3049    i.sys_is_use_ext_flash  ble_sdk.lib(platform_sdk.o)
    0x0100d490   0x00000028   Code   RO         3050    i.sys_is_use_internal_3p3_ioldo  ble_sdk.lib(platform_sdk.o)
    0x0100d4b8   0x00000084   Code   RO         2760    i.sys_pmu_trim_get  ble_sdk.lib(system_sdk_patch.o)
    0x0100d53c   0x0000000c   Code   RO         3052    i.sys_sdk_verison_get  ble_sdk.lib(platform_sdk.o)
    0x0100d548   0x00000020   Code   RO         2765    i.sys_trim_sum_get  ble_sdk.lib(system_sdk_patch.o)
    0x0100d568   0x00000038   Code   RO         3127    i.system_clk_mgmt_init  ble_sdk.lib(platform_clock.o)
    0x0100d5a0   0x00000004   Code   RO         3189    i.system_conf_correction  ble_sdk.lib(cold_patch.o)
    0x0100d5a4   0x000000e8   Code   RO         3053    i.system_low_power_set  ble_sdk.lib(platform_sdk.o)
    0x0100d68c   0x00000018   Code   RO          331    i.system_platform_init  system_gr55xx.o
    0x0100d6a4   0x00000034   Code   RO         1685    i.system_pmu_calibration_init  pmu_calibration.o
    0x0100d6d8   0x0000000a   Code   RO         3055    i.system_pmu_deinit  ble_sdk.lib(platform_sdk.o)
    0x0100d6e2   0x00000002   PAD
    0x0100d6e4   0x000000ec   Code   RO         3056    i.system_pmu_init   ble_sdk.lib(platform_sdk.o)
    0x0100d7d0   0x000000b0   Code   RO         3057    i.system_priority_init  ble_sdk.lib(platform_sdk.o)
    0x0100d880   0x00000010   Code   RO         2766    i.system_sdk_replace  ble_sdk.lib(system_sdk_patch.o)
    0x0100d890   0x00000004   Code   RO         1244    i.systick_prepare_for_sleep  app_systick.o
    0x0100d894   0x00000002   Code   RO         1245    i.systick_sleep_canceled  app_systick.o
    0x0100d896   0x00000002   PAD
    0x0100d898   0x0000001c   Code   RO         2885    i.tags_cache_clean  ble_sdk.lib(sdk_nvds_patch.o)
    0x0100d8b4   0x00000038   Code   RO         2886    i.tags_cache_rec_add  ble_sdk.lib(sdk_nvds_patch.o)
    0x0100d8ec   0x00000140   Code   RO         2887    i.tags_cache_rec_del  ble_sdk.lib(sdk_nvds_patch.o)
    0x0100da2c   0x00000088   Code   RO         2888    i.tags_cache_rec_find  ble_sdk.lib(sdk_nvds_patch.o)
    0x0100dab4   0x00000044   Code   RO         3058    i.temperature_calibrations  ble_sdk.lib(platform_sdk.o)
    0x0100daf8   0x0000003c   Code   RO         3059    i.ton_value_set     ble_sdk.lib(platform_sdk.o)
    0x0100db34   0x0000005c   Code   RO         2586    i.transport_ble_continue_send  transport_scheduler.o
    0x0100db90   0x00000044   Code   RO         2587    i.transport_ble_data_send  transport_scheduler.o
    0x0100dbd4   0x0000004c   Code   RO         2588    i.transport_ble_init  transport_scheduler.o
    0x0100dc20   0x0000000c   Code   RO         2589    i.transport_flag_cfm  transport_scheduler.o
    0x0100dc2c   0x0000000c   Code   RO         2590    i.transport_flag_set  transport_scheduler.o
    0x0100dc38   0x00000038   Code   RO         2591    i.transport_schedule  transport_scheduler.o
    0x0100dc70   0x00000030   Code   RO         2592    i.transport_uart_data_send  transport_scheduler.o
    0x0100dca0   0x00000024   Code   RO         2593    i.transport_uart_init  transport_scheduler.o
    0x0100dcc4   0x00000030   Code   RO         2425    i.uart_evt_handler  user_periph_setup.o
    0x0100dcf4   0x000000a4   Code   RO         1109    i.uart_gpio_config  app_uart.o
    0x0100dd98   0x00000074   Code   RO         2426    i.uart_init         user_periph_setup.o
    0x0100de0c   0x0000005c   Code   RO         1110    i.uart_prepare_for_sleep  app_uart.o
    0x0100de68   0x00000002   Code   RO         1111    i.uart_sleep_canceled  app_uart.o
    0x0100de6a   0x00000002   PAD
    0x0100de6c   0x00000010   Code   RO         2594    i.uart_to_ble_push  transport_scheduler.o
    0x0100de7c   0x0000000a   Code   RO         2427    i.uart_tx_data_send  user_periph_setup.o
    0x0100de86   0x00000002   PAD
    0x0100de88   0x00000038   Code   RO         2595    i.update_ble_flow_ctrl_state  transport_scheduler.o
    0x0100dec0   0x00000010   Code   RO         3128    i.update_lp_clk     ble_sdk.lib(platform_clock.o)
    0x0100ded0   0x0000000c   Code   RO         2596    i.update_mtu_size   transport_scheduler.o
    0x0100dedc   0x0000001a   Code   RO         3060    i.vbatt_calibrations  ble_sdk.lib(platform_sdk.o)
    0x0100def6   0x00000016   Code   RO         2889    i.verify_hdr_checksum  ble_sdk.lib(sdk_nvds_patch.o)
    0x0100df0c   0x00000020   Code   RO         3944    i.warm_boot_cfg_patch  ble_sdk.lib(boot_patch.o)
    0x0100df2c   0x0000000c   Code   RO         2824    i.warm_boot_set_exflash_readid_delay  ble_sdk.lib(warm_boot_patch.o)
    0x0100df38   0x00000190   Code   RO         2891    i.write_compacted_items  ble_sdk.lib(sdk_nvds_patch.o)
    0x0100e0c8   0x00000044   Code   RO         2892    i.write_incr        ble_sdk.lib(sdk_nvds_patch.o)
    0x0100e10c   0x00000170   Code   RO         2893    i.write_item        ble_sdk.lib(sdk_nvds_patch.o)
    0x0100e27c   0x00000030   Data   RO          332    .constdata          system_gr55xx.o
    0x0100e2ac   0x0000000c   Data   RO          847    .constdata          app_dma.o
    0x0100e2b8   0x00000084   Data   RO         1002    .constdata          app_io.o
    0x0100e33c   0x00000020   Data   RO         1113    .constdata          app_uart.o
    0x0100e35c   0x0000000c   Data   RO         1246    .constdata          app_systick.o
    0x0100e368   0x000000d4   Data   RO         2115    .constdata          gus.o
    0x0100e43c   0x00000064   Data   RO         2352    .constdata          user_gap_callback.o
    0x0100e4a0   0x0000003e   Data   RO         2353    .constdata          user_gap_callback.o
    0x0100e4de   0x00000002   PAD
    0x0100e4e0   0x00000008   Data   RO         2394    .constdata          user_gatt_common_callback.o
    0x0100e4e8   0x00000006   Data   RO         2429    .constdata          user_periph_setup.o
    0x0100e4ee   0x00000002   PAD
    0x0100e4f0   0x000000f4   Data   RO         2530    .constdata          user_app.o
    0x0100e5e4   0x00000010   Data   RO         2531    .constdata          user_app.o
    0x0100e5f4   0x0000000e   Data   RO         2532    .constdata          user_app.o
    0x0100e602   0x00000019   Data   RO         2533    .constdata          user_app.o
    0x0100e61b   0x00000001   PAD
    0x0100e61c   0x00000030   Data   RO         2677    .constdata          ble_sdk.lib(fpb_patch_init.o)
    0x0100e64c   0x0000005f   Data   RO         2895    .constdata          ble_sdk.lib(sdk_nvds_patch.o)
    0x0100e6ab   0x00000001   PAD
    0x0100e6ac   0x00000008   Data   RO         3061    .constdata          ble_sdk.lib(platform_sdk.o)
    0x0100e6b4   0x00000020   Data   RO         3564    .constdata          ble_sdk.lib(gattc_task_patch.o)
    0x0100e6d4   0x00000008   Data   RO         3778    .constdata          ble_sdk.lib(dfu_cmd_handler_patch.o)
    0x0100e6dc   0x00000074   Data   RO         3812    .constdata          ble_sdk.lib(rf_gdx_patch.o)
    0x0100e750   0x00000010   Data   RO         3835    .constdata          ble_sdk.lib(ble_sdk_patch.o)
    0x0100e760   0x0000001a   Data   RO         3895    .constdata          ble_sdk.lib(ble_sdk_gapc_patch.o)
    0x0100e77a   0x00000021   Data   RO         3925    .constdata          ble_sdk.lib(ble_sdk_gatts_patch.o)
    0x0100e79b   0x00000001   PAD
    0x0100e79c   0x00000081   Data   RO         3965    .constdata          ble_sdk.lib(atts_patch.o)
    0x0100e81d   0x00000003   PAD
    0x0100e820   0x00000584   Data   RO         1888    .conststring        app_error.o
    0x0100eda4   0x00000020   Data   RO         1939    .conststring        app_log.o
    0x0100edc4   0x00000017   Data   RO         2534    .conststring        user_app.o
    0x0100eddb   0x00000001   PAD
    0x0100eddc   0x00000051   Data   RO         3407    .conststring        ble_sdk.lib(sch_prog_patch.o)
    0x0100ee2d   0x00000003   PAD
    0x0100ee30   0x00000074   Data   RO         3507    .conststring        ble_sdk.lib(lld_scan_patch.o)
    0x0100eea4   0x00000010   Data   RO         3544    .conststring        ble_sdk.lib(llc_con_upd_patch.o)
    0x0100eeb4   0x00000179   Data   RO         3618    .conststring        ble_sdk.lib(lld_con_patch.o)
    0x0100f02d   0x00000003   PAD
    0x0100f030   0x0000022d   Data   RO         3653    .conststring        ble_sdk.lib(lld_init_patch.o)
    0x0100f25d   0x00000003   PAD
    0x0100f260   0x00000040   Data   RO         4426    Region$$Table       anon$$obj.o


    Execution Region FPB_TABLE (Base: 0x30004000, Size: 0x00000020, Max: 0x00000020, ABSOLUTE)

    Base Addr    Size         Type   Attr      Idx    E Section Name        Object

    0x30004000   0x00000020   Data   RW         3360    FPB                 ble_sdk.lib(platform_patch.o)


==============================================================================

Image component sizes


      Code (inc. data)   RO Data    RW Data    ZI Data      Debug   Object Name

       536        118          0         12        156       5649   app_assert.o
       594         44         12          4        768      10387   app_dma.o
       240        118       1412        344          0       3146   app_error.o
       320         28          0          0        548       7867   app_gpiote.o
       244         14        132          0          0       1914   app_io.o
       654         80         32         16        292      45762   app_log.o
       264         22          0          0         84       3766   app_pwr_mgmt.o
        82         16         12          2          0       3223   app_systick.o
      1142         48          0          0        420      47807   app_timer.o
      1756         82         32          4        616      24603   app_uart.o
       126          0          0          0          0       4512   ble_prf_utils.o
        16          0          0          0          0       1553   bsp.o
        48          4          0          8          0       2319   gr55xx_hal.o
        48          4          0          4          0       1664   gr55xx_hal_aon_gpio.o
         8          0          0          0          0       1716   gr55xx_hal_exflash.o
        52          4          0          4          0       1680   gr55xx_hal_gpio.o
        28          4          0          0          0        722   gr55xx_hal_pwr.o
       102          8          0         32          0       9383   gr55xx_hal_uart.o
       736         84        212         32         48       9433   gus.o
        66          2          0          0          0     283217   interrupt_gr55xx.o
       148         38          0         68      31100       2946   main.o
       362         18          0         16          0      42371   platform_gr55xx.o
        52         10          0          4          0       1066   pmu_calibration.o
       378          0          0          0          0       7346   ring_buffer.o
        40         12        200          0          0        876   startup_gr55xx.o
       264         64         48          8          0      12815   system_gr55xx.o
       540         90          0          9      10760       8717   transport_scheduler.o
       882        214        322          4         18       7403   user_app.o
       434        290        162          0          0       3548   user_gap_callback.o
         6          0          8          0          0       1951   user_gatt_common_callback.o
       276         34          6          8       8516       4766   user_periph_setup.o
        10          0          0          0          0       1138   utility.o

    ----------------------------------------------------------------------
     10560       1450       2660        584      69912     565266   Object Totals
        76          0         64          0      16484          0   (incl. Generated)
        30          0          6          5        102          0   (incl. Padding)

    ----------------------------------------------------------------------

      Code (inc. data)   RO Data    RW Data    ZI Data      Debug   Library Member Name

       708        164        129          0          0        248   atts_patch.o
       376         42          0          0          0        192   ble_bondmgr_patch.o
      1176        236         26          0        184        344   ble_sdk_gapc_patch.o
      2066        394          0          8        508        772   ble_sdk_gapm_patch.o
       316         40          0          0         88        240   ble_sdk_gatt_task_patch.o
       148          6          0          0          0        412   ble_sdk_gattc_patch.o
       192         86         33          0          0        148   ble_sdk_gatts_patch.o
       156         18         16          0          0        320   ble_sdk_patch.o
       280         66          0          0          0        156   ble_sdk_prf_patch.o
      1000        228          0          0          0        432   ble_sdk_sec_patch.o
        32          6          0          0          0         68   boot_patch.o
       172          0          0          0          0        456   cold_patch.o
        96         16          8          0          0        144   dfu_cmd_handler_patch.o
       104         10         48          4          0        104   fpb_patch_init.o
       464         50          0          0        504        476   gapc_hci_patch.o
       188         16          0          0          0         84   gapm_actv_patch.o
       746        106          0          0          0        564   gapm_init_patch.o
       176         76          0          0        696        148   gapm_task_patch.o
       304         74         32          0        224        236   gattc_task_patch.o
       172         18          0          1          0        240   gr55xx_hal_aon_gpio_patch.o
         0          0          0          1          0          0   gr55xx_hal_comp_patch.o
       140         10          0          0          0         88   gr55xx_hal_dma_patch.o
       336         36          0          0          0        156   gr55xx_hal_efuse_patch.o
      1960         26          0          4          0        436   gr55xx_hal_exflash_patch.o
         4          0          0          0          0         68   gr55xx_hal_msio_patch.o
       292          8          0          0          0        148   gr55xx_hal_pwr_patch.o
       632         34          0          0          0        260   gr55xx_hal_rng_patch.o
        18          0          0          0          0         68   gr55xx_hal_uart_patch.o
       312         16          0          0          0        160   gr55xx_ll_aon_gpio_patch.o
       328          6          0          0          0        356   gr55xx_ll_dma_patch.o
       372         14          0          0          0        160   gr55xx_ll_msio_patch.o
       276         34          0         24          0        332   hal_flash_patch.o
       300         42          0          1          0         88   hci_patch.o
       312         64          0          0        120        320   l2cc_task_patch.o
       224         26          0          1          0        252   l2cm_patch.o
       236         12          0          0          0        172   llc_chmap_upd_patch.o
      1582        110         16          0          0        752   llc_con_upd_patch.o
       924         72          0          1          0        324   llc_encrypt_patch.o
       120          8          0          0          0        168   llc_le_ping_patch.o
       328         32          0          0        420        204   llc_llcp_patch.o
        70          0          0          0          0        100   llc_patch.o
       284         26          0          0          0        240   llc_phy_upd_patch.o
       410         90          0          0        640        484   llc_task_patch.o
      1072         70          0          0          0        296   lld_adv_patch.o
      3240        266        377          1        144        856   lld_con_patch.o
      2428        238        557          0          0        264   lld_init_patch.o
        34          8          0          0          0        148   lld_patch.o
      3488        192        116          2          0        524   lld_scan_patch.o
      1650        178          0          0        640        756   llm_hci_patch.o
       784         26          0          0          0        180   llm_scan_patch.o
       924         66          0          4          0        352   platform_adc.o
       604         82          0         12          0        720   platform_clock.o
       792         32          0          0          0        476   platform_exflash.o
       150         24          0         32          0        292   platform_patch.o
      5014        524          8        316          0       3024   platform_sdk.o
       338          8          0          0          0        300   platform_sram.o
       180         24          0        200        200        128   platform_sys_context.o
      1396        190        116         20        160        860   rf_gdx_patch.o
       352         54          0          8          0        220   rwble_patch.o
      1896        208          0         28          0        760   rwip_sleep_patch.o
      1014        200          0          0         60        524   sch_arb_patch.o
      1072        130         81         16         12        616   sch_prog_patch.o
      3216        584         95          0       4096       1948   sdk_nvds_patch.o
      1164         84          0          8          0        372   sdk_pwr_mgmt_patch.o
        88          8          0          0          0         80   sdk_ram_init_patch.o
       660        232          0          0          0        224   smpc_patch.o
      2380        258          0          0          0       1592   system_sdk_patch.o
       496         56          0          8          0        200   warm_boot_patch.o
       216         24          0          0          0        164   round.o
        86          0          0          0          0          0   __dczerorl2.o
         0          0          0          0          0          0   entry.o
         0          0          0          0          0          0   entry10a.o
         0          0          0          0          0          0   entry11a.o
         8          4          0          0          0          0   entry3.o
         4          0          0          0          0          0   entry5.o
         0          0          0          0          0          0   entry7b.o
         0          0          0          0          0          0   entry8b.o
         8          4          0          0          0          0   entry9a.o
        30          0          0          0          0          0   handlers.o
        36          8          0          0          0         68   init.o
         0          0          0          0          0          0   iusefp.o
        30          0          0          0          0         68   llshl.o
        36          0          0          0          0         68   llsshr.o
        32          0          0          0          0         68   llushr.o
        26          0          0          0          0         80   memcmp.o
        36          0          0          0          0         68   memcpya.o
        36          0          0          0          0        108   memseta.o
      2342         94          0          0          0        744   printfa.o
        36         10          0          4          0        136   rand.o
        14          0          0          0          0         68   strlen.o
        44          0          0          0          0         80   uidiv.o
        98          0          0          0          0         92   uldiv.o
        48          0          0          0          0         68   cdcmple.o
        48          0          0          0          0         68   cdrcmple.o
       334          0          0          0          0        148   dadd.o
       222          0          0          0          0        100   ddiv.o
       186          0          0          0          0        176   depilogue.o
        62          0          0          0          0         80   dfixi.o
        50          0          0          0          0         76   dfixui.o
        48          0          0          0          0         68   dfixul.o
        34          0          0          0          0         76   dflti.o
        26          0          0          0          0         76   dfltui.o
        24          0          0          0          0         76   dfltul.o
       228          0          0          0          0         96   dmul.o
       136          4          0          0          0         92   drnd.o
        46          0          0          0          0         80   dscalb.o

    ----------------------------------------------------------------------
     57412       6208       1672        712       8696      29924   Library Totals
        38          0         14          8          0          0   (incl. Padding)

    ----------------------------------------------------------------------

      Code (inc. data)   RO Data    RW Data    ZI Data      Debug   Library Name

     52764       6060       1658        700       8696      26832   ble_sdk.lib
       216         24          0          0          0        164   m_wm.l
      2902        120          0          4          0       1648   mc_w.l
      1492          4          0          0          0       1280   mf_w.l

    ----------------------------------------------------------------------
     57412       6208       1672        712       8696      29924   Library Totals

    ----------------------------------------------------------------------

==============================================================================


      Code (inc. data)   RO Data    RW Data    ZI Data      Debug   

     67972       7658       4332       1296      78608     565118   Grand Totals
     67972       7658       4332        652      78608     565118   ELF Image Totals (compressed)
     67972       7658       4332        652          0          0   ROM Totals

==============================================================================

    Total RO  Size (Code + RO Data)                72304 (  70.61kB)
    Total RW  Size (RW Data + ZI Data)             79904 (  78.03kB)
    Total ROM Size (Code + RO Data + RW Data)      72956 (  71.25kB)

==============================================================================

