<!doctype html public "-//w3c//dtd html 4.0 transitional//en">
<html><head>
<title>Static Call Graph - [.\Objects\avf_recorder.axf]</title></head>
<body><HR>
<H1>Static Call Graph for image .\Objects\avf_recorder.axf</H1><HR>
<BR><P>#&#060CALLGRAPH&#062# ARM Linker, 5060960: Last Updated: Thu Jun 18 11:15:49 2026
<BR><P>
<H3>Maximum Stack Usage =       1216 bytes + Unknown(Cycles, Untraceable Function Pointers)</H3><H3>
Call chain for Maximum Stack Depth:</H3>
main &rArr; system_platform_init &rArr; platform_init &rArr; platform_clock_init &rArr; platform_set_ble_rtc_clk &rArr; nvds_put &rArr; replace_item &rArr; append_item &rArr; compact_nvds &rArr; write_compacted_items &rArr; write_incr &rArr; dec_flash_write &rArr; hal_flash_write_r &rArr; hal_exflash_write
<P>
<H3>
Mutually Recursive functions
</H3> <LI><a href="#[4bb]">cortex_backtrace_fault_handler</a>&nbsp;&nbsp;&nbsp;&rArr;&nbsp;&nbsp;&nbsp;<a href="#[4bb]">cortex_backtrace_fault_handler</a><BR>
 <LI><a href="#[35]">MemManage_Handler</a>&nbsp;&nbsp;&nbsp;&rArr;&nbsp;&nbsp;&nbsp;<a href="#[35]">MemManage_Handler</a><BR>
 <LI><a href="#[36]">BusFault_Handler</a>&nbsp;&nbsp;&nbsp;&rArr;&nbsp;&nbsp;&nbsp;<a href="#[36]">BusFault_Handler</a><BR>
 <LI><a href="#[37]">UsageFault_Handler</a>&nbsp;&nbsp;&nbsp;&rArr;&nbsp;&nbsp;&nbsp;<a href="#[37]">UsageFault_Handler</a><BR>
 <LI><a href="#[33]">NMI_Handler</a>&nbsp;&nbsp;&nbsp;&rArr;&nbsp;&nbsp;&nbsp;<a href="#[33]">NMI_Handler</a><BR>
 <LI><a href="#[39]">DebugMon_Handler</a>&nbsp;&nbsp;&nbsp;&rArr;&nbsp;&nbsp;&nbsp;<a href="#[39]">DebugMon_Handler</a><BR>
 <LI><a href="#[d9]">audio_task</a>&nbsp;&nbsp;&nbsp;&rArr;&nbsp;&nbsp;&nbsp;<a href="#[d9]">audio_task</a><BR>
 <LI><a href="#[da]">system_task</a>&nbsp;&nbsp;&nbsp;&rArr;&nbsp;&nbsp;&nbsp;<a href="#[da]">system_task</a><BR>
 <LI><a href="#[48e]">tf_send_cmd</a>&nbsp;&nbsp;&nbsp;&rArr;&nbsp;&nbsp;&nbsp;<a href="#[48e]">tf_send_cmd</a><BR>
</UL>
<P>
<H3>
Function Pointers
</H3><UL>
 <LI><a href="#[4c]">AES_IRQHandler</a> from startup_gr55xx.o(.text) referenced from startup_gr55xx.o(RESET)
 <LI><a href="#[58]">AON_WDT_IRQHandler</a> from startup_gr55xx.o(.text) referenced from startup_gr55xx.o(RESET)
 <LI><a href="#[c6]">BLESLEEP_IRQHandler_patch</a> from rwip_sleep_patch.o(RAM_CODE) referenced from rwip_sleep_patch.o(i.rwip_sleep_func_replace)
 <LI><a href="#[55]">BLESLP_IRQHandler</a> from rom_symbol.txt(ABSOLUTE) referenced from startup_gr55xx.o(RESET)
 <LI><a href="#[3e]">BLE_IRQHandler</a> from rom_symbol.txt(ABSOLUTE) referenced from startup_gr55xx.o(RESET)
 <LI><a href="#[c4]">BLE_IRQHandler_patch</a> from rwble_patch.o(RAM_CODE) referenced from rwble_patch.o(i.rwble_replace)
 <LI><a href="#[3d]">BLE_SDK_Handler</a> from rom_symbol.txt(ABSOLUTE) referenced from startup_gr55xx.o(RESET)
 <LI><a href="#[dd]">BLE_SDK_Handler_patch</a> from system_sdk_patch.o(RAM_CODE) referenced from system_sdk_patch.o(i.system_sdk_replace)
 <LI><a href="#[36]">BusFault_Handler</a> from interrupt_gr55xx.o(RAM_CODE) referenced from startup_gr55xx.o(RESET)
 <LI><a href="#[5d]">CALENDAR_IRQHandler</a> from startup_gr55xx.o(.text) referenced from startup_gr55xx.o(RESET)
 <LI><a href="#[57]">COMP_IRQHandler</a> from startup_gr55xx.o(.text) referenced from startup_gr55xx.o(RESET)
 <LI><a href="#[3f]">DMA_IRQHandler</a> from app_dma.o(RAM_CODE) referenced from startup_gr55xx.o(RESET)
 <LI><a href="#[46]">DUAL_TIMER_IRQHandler</a> from startup_gr55xx.o(.text) referenced from startup_gr55xx.o(RESET)
 <LI><a href="#[39]">DebugMon_Handler</a> from startup_gr55xx.o(.text) referenced from startup_gr55xx.o(RESET)
 <LI><a href="#[42]">EXT0_IRQHandler</a> from app_gpiote.o(RAM_CODE) referenced from startup_gr55xx.o(RESET)
 <LI><a href="#[43]">EXT1_IRQHandler</a> from app_gpiote.o(RAM_CODE) referenced from startup_gr55xx.o(RESET)
 <LI><a href="#[4e]">EXT2_IRQHandler</a> from app_gpiote.o(RAM_CODE) referenced from startup_gr55xx.o(RESET)
 <LI><a href="#[4d]">HMAC_IRQHandler</a> from startup_gr55xx.o(.text) referenced from startup_gr55xx.o(RESET)
 <LI><a href="#[34]">HardFault_Handler</a> from interrupt_gr55xx.o(RAM_CODE) referenced from startup_gr55xx.o(RESET)
 <LI><a href="#[4a]">I2C0_IRQHandler</a> from app_i2c.o(RAM_CODE) referenced from startup_gr55xx.o(RESET)
 <LI><a href="#[4b]">I2C1_IRQHandler</a> from app_i2c.o(RAM_CODE) referenced from startup_gr55xx.o(RESET)
 <LI><a href="#[59]">I2S_M_IRQHandler</a> from app_i2s.o(RAM_CODE) referenced from startup_gr55xx.o(RESET)
 <LI><a href="#[5a]">I2S_S_IRQHandler</a> from app_i2s.o(RAM_CODE) referenced from startup_gr55xx.o(RESET)
 <LI><a href="#[5b]">ISO7816_IRQHandler</a> from startup_gr55xx.o(.text) referenced from startup_gr55xx.o(RESET)
 <LI><a href="#[35]">MemManage_Handler</a> from interrupt_gr55xx.o(RAM_CODE) referenced from startup_gr55xx.o(RESET)
 <LI><a href="#[33]">NMI_Handler</a> from startup_gr55xx.o(.text) referenced from startup_gr55xx.o(RESET)
 <LI><a href="#[51]">PKC_IRQHandler</a> from startup_gr55xx.o(.text) referenced from startup_gr55xx.o(RESET)
 <LI><a href="#[50]">PMU_IRQHandler</a> from startup_gr55xx.o(.text) referenced from startup_gr55xx.o(RESET)
 <LI><a href="#[5c]">PRESENT_IRQHandler</a> from startup_gr55xx.o(.text) referenced from startup_gr55xx.o(RESET)
 <LI><a href="#[54]">PWR_CMD_IRQHandler</a> from startup_gr55xx.o(.text) referenced from startup_gr55xx.o(RESET)
 <LI><a href="#[3a]">PendSV_Handler</a> from port.o(.emb_text) referenced from startup_gr55xx.o(RESET)
 <LI><a href="#[47]">QSPI0_IRQHandler</a> from startup_gr55xx.o(.text) referenced from startup_gr55xx.o(RESET)
 <LI><a href="#[53]">QSPI1_IRQHandler</a> from startup_gr55xx.o(.text) referenced from startup_gr55xx.o(RESET)
 <LI><a href="#[4f]">RNG_IRQHandler</a> from startup_gr55xx.o(.text) referenced from startup_gr55xx.o(RESET)
 <LI><a href="#[32]">Reset_Handler</a> from startup_gr55xx.o(.text) referenced from startup_gr55xx.o(RESET)
 <LI><a href="#[56]">SLPTIMER_IRQHandler</a> from interrupt_gr55xx.o(RAM_CODE) referenced from startup_gr55xx.o(RESET)
 <LI><a href="#[40]">SPI_M_IRQHandler</a> from app_spi.o(RAM_CODE) referenced from startup_gr55xx.o(RESET)
 <LI><a href="#[41]">SPI_S_IRQHandler</a> from app_spi.o(RAM_CODE) referenced from startup_gr55xx.o(RESET)
 <LI><a href="#[38]">SVC_Handler</a> from interrupt_gr55xx.o(RAM_CODE) referenced from startup_gr55xx.o(RESET)
 <LI><a href="#[3b]">SysTick_Handler</a> from port.o(i.SysTick_Handler) referenced from startup_gr55xx.o(RESET)
 <LI><a href="#[60]">SystemInit</a> from system_gr55xx.o(i.SystemInit) referenced from startup_gr55xx.o(.text)
 <LI><a href="#[44]">TIMER0_IRQHandler</a> from startup_gr55xx.o(.text) referenced from startup_gr55xx.o(RESET)
 <LI><a href="#[45]">TIMER1_IRQHandler</a> from startup_gr55xx.o(.text) referenced from startup_gr55xx.o(RESET)
 <LI><a href="#[48]">UART0_IRQHandler</a> from app_uart.o(RAM_CODE) referenced from startup_gr55xx.o(RESET)
 <LI><a href="#[49]">UART1_IRQHandler</a> from app_uart.o(RAM_CODE) referenced from startup_gr55xx.o(RESET)
 <LI><a href="#[37]">UsageFault_Handler</a> from interrupt_gr55xx.o(RAM_CODE) referenced from startup_gr55xx.o(RESET)
 <LI><a href="#[3c]">WDT_IRQHandler</a> from startup_gr55xx.o(.text) referenced from startup_gr55xx.o(RESET)
 <LI><a href="#[52]">XQSPI_IRQHandler</a> from startup_gr55xx.o(.text) referenced from startup_gr55xx.o(RESET)
 <LI><a href="#[62]">_snputc</a> from printfa.o(i._snputc) referenced from printfa.o(i.__0snprintf)
 <LI><a href="#[62]">_snputc</a> from printfa.o(i._snputc) referenced from printfa.o(i.__0vsnprintf)
 <LI><a href="#[63]">_sputc</a> from printfa.o(i._sputc) referenced from printfa.o(i.__0sprintf)
 <LI><a href="#[24]">app_assert_err_cb</a> from app_assert.o(i.app_assert_err_cb) referenced 2 times from app_assert.o(.data)
 <LI><a href="#[25]">app_assert_param_cb</a> from app_assert.o(i.app_assert_param_cb) referenced 2 times from app_assert.o(.data)
 <LI><a href="#[26]">app_assert_warn_cb</a> from app_assert.o(i.app_assert_warn_cb) referenced 2 times from app_assert.o(.data)
 <LI><a href="#[f7]">app_gap_adv_start_cb</a> from user_gap_callback.o(i.app_gap_adv_start_cb) referenced from user_gap_callback.o(.constdata)
 <LI><a href="#[f8]">app_gap_connect_cb</a> from user_gap_callback.o(i.app_gap_connect_cb) referenced from user_gap_callback.o(.constdata)
 <LI><a href="#[fa]">app_gap_connection_update_req_cb</a> from user_gap_callback.o(i.app_gap_connection_update_req_cb) referenced from user_gap_callback.o(.constdata)
 <LI><a href="#[f9]">app_gap_disconnect_cb</a> from user_gap_callback.o(i.app_gap_disconnect_cb) referenced from user_gap_callback.o(.constdata)
 <LI><a href="#[fb]">app_gatt_mtu_exchange_cb</a> from user_gatt_common_callback.o(i.app_gatt_mtu_exchange_cb) referenced from user_gatt_common_callback.o(.constdata)
 <LI><a href="#[86]">app_i2s_dma_rx_cplt_callback</a> from audio_capture_hw.o(i.app_i2s_dma_rx_cplt_callback) referenced from audio_capture_hw.o(i.i2s_bus_init)
 <LI><a href="#[10c]">atts_execute_write_req</a> from rom_symbol.txt(ABSOLUTE) referenced from atts_patch.o(.constdata)
 <LI><a href="#[102]">atts_find_by_type_req</a> from rom_symbol.txt(ABSOLUTE) referenced from atts_patch.o(.constdata)
 <LI><a href="#[101]">atts_find_info_req</a> from rom_symbol.txt(ABSOLUTE) referenced from atts_patch.o(.constdata)
 <LI><a href="#[100]">atts_mtu_exc_req</a> from rom_symbol.txt(ABSOLUTE) referenced from atts_patch.o(.constdata)
 <LI><a href="#[10b]">atts_prepare_write_req</a> from rom_symbol.txt(ABSOLUTE) referenced from atts_patch.o(.constdata)
 <LI><a href="#[106]">atts_read_blob_req</a> from rom_symbol.txt(ABSOLUTE) referenced from atts_patch.o(.constdata)
 <LI><a href="#[104]">atts_read_by_grp_type_req</a> from rom_symbol.txt(ABSOLUTE) referenced from atts_patch.o(.constdata)
 <LI><a href="#[103]">atts_read_by_type_req</a> from rom_symbol.txt(ABSOLUTE) referenced from atts_patch.o(.constdata)
 <LI><a href="#[107]">atts_read_mult_req_patch</a> from atts_patch.o(i.atts_read_mult_req_patch) referenced from atts_patch.o(.constdata)
 <LI><a href="#[105]">atts_read_req</a> from rom_symbol.txt(ABSOLUTE) referenced from atts_patch.o(.constdata)
 <LI><a href="#[108]">atts_write_cmd</a> from rom_symbol.txt(ABSOLUTE) referenced from atts_patch.o(.constdata)
 <LI><a href="#[109]">atts_write_req</a> from rom_symbol.txt(ABSOLUTE) referenced from atts_patch.o(.constdata)
 <LI><a href="#[10a]">atts_write_signed</a> from rom_symbol.txt(ABSOLUTE) referenced from atts_patch.o(.constdata)
 <LI><a href="#[d9]">audio_task</a> from main.o(i.audio_task) referenced from main.o(i.start_task)
 <LI><a href="#[cb]">bb_watch_timer_cbk_patch</a> from sch_prog_patch.o(RAM_CODE) referenced from sch_prog_patch.o(i.sch_prog_frm_cbk_replace)
 <LI><a href="#[c9]">bb_watch_timer_start_patch</a> from sch_prog_patch.o(RAM_CODE) referenced from sch_prog_patch.o(i.sch_prog_frm_cbk_replace)
 <LI><a href="#[ff]">ble_bm_set_sec_info_patch</a> from ble_bondmgr_patch.o(i.ble_bm_set_sec_info_patch) referenced from fpb_patch_init.o(.constdata)
 <LI><a href="#[c5]">ble_core_sleep_patch</a> from rwip_sleep_patch.o(RAM_CODE) referenced from rwip_sleep_patch.o(i.rwip_sleep_func_replace)
 <LI><a href="#[2c]">ble_init_cmp_callback</a> from user_app.o(i.ble_init_cmp_callback) referenced 2 times from main.o(.data)
 <LI><a href="#[6c]">ble_nvds_del</a> from sdk_nvds_patch.o(i.ble_nvds_del) referenced from sdk_nvds_patch.o(i.ble_nvds_set_entry)
 <LI><a href="#[6a]">ble_nvds_get</a> from rom_symbol.txt(ABSOLUTE) referenced from sdk_nvds_patch.o(i.ble_nvds_set_entry)
 <LI><a href="#[69]">ble_nvds_initialized</a> from rom_symbol.txt(ABSOLUTE) referenced from sdk_nvds_patch.o(i.ble_nvds_set_entry)
 <LI><a href="#[6b]">ble_nvds_put</a> from sdk_nvds_patch.o(i.ble_nvds_put) referenced from sdk_nvds_patch.o(i.ble_nvds_set_entry)
 <LI><a href="#[71]">ble_rwip_wakeup</a> from rom_symbol.txt(ABSOLUTE) referenced from system_sdk_patch.o(i.ble_stack_init)
 <LI><a href="#[72]">ble_rwip_wakeup_end</a> from rom_symbol.txt(ABSOLUTE) referenced from system_sdk_patch.o(i.ble_stack_init)
 <LI><a href="#[4e0]">ble_rwip_wakeup_patch</a> from rwip_sleep_patch.o(RAM_CODE) referenced from rwip_sleep_patch.o(RAM_CODE)
 <LI><a href="#[d4]">ble_sdk_gattc_event_ind_handler_patch</a> from ble_sdk_gatt_task_patch.o(i.ble_sdk_gattc_event_ind_handler_patch) referenced from ble_sdk_gatt_task_patch.o(i.sdk_gatt_msg_handler_tab_replace)
 <LI><a href="#[d5]">ble_sdk_gatts_svc_changed_cfg_ind_handler_patch</a> from ble_sdk_gatt_task_patch.o(i.ble_sdk_gatts_svc_changed_cfg_ind_handler_patch) referenced from ble_sdk_gatt_task_patch.o(i.sdk_gatt_msg_handler_tab_replace)
 <LI><a href="#[6f]">ble_sdk_init_patch</a> from ble_sdk_patch.o(i.ble_sdk_init_patch) referenced from ble_sdk_patch.o(i.ble_sdk_replace)
 <LI><a href="#[68]">bsp_segger_rtt_send</a> from bsp.o(i.bsp_segger_rtt_send) referenced from app_log.o(i.app_log_init)
 <LI><a href="#[74]">config_1M_tx_gain_value</a> from rom_symbol.txt(ABSOLUTE) referenced from system_sdk_patch.o(i.ble_stack_init)
 <LI><a href="#[75]">config_2M_tx_gain_value</a> from rom_symbol.txt(ABSOLUTE) referenced from system_sdk_patch.o(i.ble_stack_init)
 <LI><a href="#[76]">config_coded_tx_gain_value</a> from rom_symbol.txt(ABSOLUTE) referenced from system_sdk_patch.o(i.ble_stack_init)
 <LI><a href="#[ba]">cpll_calibration</a> from platform_sdk.o(i.cpll_calibration) referenced from platform_sdk.o(i.platform_sdk_init)
 <LI><a href="#[65]">dma_err_callback</a> from app_dma.o(i.dma_err_callback) referenced from app_dma.o(i.app_dma_init)
 <LI><a href="#[e2]">dma_prepare_for_sleep</a> from app_dma.o(i.dma_prepare_for_sleep) referenced from app_dma.o(.constdata)
 <LI><a href="#[e3]">dma_sleep_canceled</a> from app_dma.o(i.dma_sleep_canceled) referenced from app_dma.o(.constdata)
 <LI><a href="#[64]">dma_tfr_callback</a> from app_dma.o(i.dma_tfr_callback) referenced from app_dma.o(i.app_dma_init)
 <LI><a href="#[e4]">dma_wake_up_ind</a> from app_dma.o(RAM_CODE) referenced from app_dma.o(.constdata)
 <LI><a href="#[b6]">fpb_patch_enable</a> from fpb_patch_init.o(RAM_CODE) referenced from platform_gr55xx.o(i.platform_init)
 <LI><a href="#[d1]">gap_activity_stopped_ind_handler_patch</a> from ble_sdk_gapm_patch.o(i.gap_activity_stopped_ind_handler_patch) referenced from ble_sdk_gapm_patch.o(i.sdk_gapm_msg_handler_tab_replace)
 <LI><a href="#[d0]">gap_cmp_evt_handler_patch</a> from ble_sdk_gapc_patch.o(i.gap_cmp_evt_handler_patch) referenced from ble_sdk_gapc_patch.o(i.sdk_gapc_msg_handler_tab_replace)
 <LI><a href="#[cc]">gap_connection_req_ind_handler_patch</a> from ble_sdk_gapc_patch.o(i.gap_connection_req_ind_handler_patch) referenced from ble_sdk_gapc_patch.o(i.sdk_gapc_msg_handler_tab_replace)
 <LI><a href="#[d3]">gap_dev_bdaddr_ind_handler_patch</a> from ble_sdk_gapm_patch.o(i.gap_dev_bdaddr_ind_handler_patch) referenced from ble_sdk_gapm_patch.o(i.sdk_gapm_msg_handler_tab_replace)
 <LI><a href="#[6d]">gap_device_config_params_init_patch</a> from ble_sdk_gapm_patch.o(i.gap_device_config_params_init_patch) referenced from ble_sdk_gapm_patch.o(i.ble_sdk_gapm_replace)
 <LI><a href="#[cd]">gap_disconnect_ind_handler_patch</a> from ble_sdk_gapc_patch.o(i.gap_disconnect_ind_handler_patch) referenced from ble_sdk_gapc_patch.o(i.sdk_gapc_msg_handler_tab_replace)
 <LI><a href="#[6e]">gap_init_fsm_next_func_patch</a> from ble_sdk_gapm_patch.o(i.gap_init_fsm_next_func_patch) referenced from ble_sdk_gapm_patch.o(i.ble_sdk_gapm_replace)
 <LI><a href="#[7a]">gapc_hci_handler_patch</a> from gapc_hci_patch.o(i.gapc_hci_handler_patch) referenced from gapc_hci_patch.o(i.gapc_msg_handler_tab_func_replace)
 <LI><a href="#[80]">gapm_activity_create_cmd_handler_patch</a> from gapm_actv_patch.o(i.gapm_activity_create_cmd_handler_patch) referenced from gapm_task_patch.o(i.gapm_msg_init_handler_replace)
 <LI><a href="#[d2]">gapm_cmp_evt_handler_patch</a> from ble_sdk_gapm_patch.o(i.gapm_cmp_evt_handler_patch) referenced from ble_sdk_gapm_patch.o(i.sdk_gapm_msg_handler_tab_replace)
 <LI><a href="#[7e]">gapm_init_connection_ind_func_patch</a> from gapm_init_patch.o(i.gapm_init_connection_ind_func_patch) referenced from gapm_init_patch.o(i.gapm_init_replace)
 <LI><a href="#[7d]">gapm_init_delete</a> from rom_symbol.txt(ABSOLUTE) referenced from gapm_init_patch.o(i.gapm_init_create_patch)
 <LI><a href="#[7b]">gapm_init_start_patch</a> from gapm_init_patch.o(i.gapm_init_start_patch) referenced from gapm_init_patch.o(i.gapm_init_create_patch)
 <LI><a href="#[7c]">gapm_init_stop_patch</a> from gapm_init_patch.o(i.gapm_init_stop_patch) referenced from gapm_init_patch.o(i.gapm_init_create_patch)
 <LI><a href="#[81]">gatt_on_disconnection_func_patch</a> from ble_sdk_gatts_patch.o(i.gatt_on_disconnection_func_patch) referenced from ble_sdk_gatts_patch.o(i.gatt_on_disconnection_replace)
 <LI><a href="#[d6]">gattc_write_req_ind_handler_patch</a> from ble_sdk_prf_patch.o(i.gattc_write_req_ind_handler_patch) referenced from ble_sdk_prf_patch.o(i.sdk_prf_msg_handler_tab_replace)
 <LI><a href="#[79]">get_info</a> from dfu_cmd_handler_patch.o(i.get_info) referenced from dfu_cmd_handler_patch.o(i.dfu_cmd_handler_replace)
 <LI><a href="#[e5]">gpiote_prepare_for_sleep</a> from app_gpiote.o(i.gpiote_prepare_for_sleep) referenced from app_gpiote.o(.constdata)
 <LI><a href="#[e6]">gpiote_sleep_canceled</a> from app_gpiote.o(i.gpiote_sleep_canceled) referenced from app_gpiote.o(.constdata)
 <LI><a href="#[e7]">gpiote_wake_up_ind</a> from app_gpiote.o(RAM_CODE) referenced from app_gpiote.o(.constdata)
 <LI><a href="#[2b]">gus_cccd_set_cb</a> from gus.o(i.gus_cccd_set_cb) referenced 2 times from gus.o(.data)
 <LI><a href="#[27]">gus_init</a> from gus.o(i.gus_init) referenced 2 times from gus.o(.data)
 <LI><a href="#[2a]">gus_ntf_ind_cb</a> from gus.o(i.gus_ntf_ind_cb) referenced 2 times from gus.o(.data)
 <LI><a href="#[28]">gus_read_att_cb</a> from gus.o(i.gus_read_att_cb) referenced 2 times from gus.o(.data)
 <LI><a href="#[d7]">gus_service_process_event</a> from user_app.o(i.gus_service_process_event) referenced from user_app.o(i.services_init)
 <LI><a href="#[29]">gus_write_att_cb</a> from gus.o(i.gus_write_att_cb) referenced 2 times from gus.o(.data)
 <LI><a href="#[b]">hal_aon_gpio_callback</a> from app_gpiote.o(i.hal_aon_gpio_callback) referenced 2 times from gr55xx_hal_aon_gpio.o(.data)
 <LI><a href="#[fe]">hal_exflash_erase</a> from gr55xx_hal_exflash_patch.o(RAM_CODE) referenced from fpb_patch_init.o(.constdata)
 <LI><a href="#[fd]">hal_exflash_write</a> from gr55xx_hal_exflash_patch.o(RAM_CODE) referenced from fpb_patch_init.o(.constdata)
 <LI><a href="#[a]">hal_gpio_exti_callback</a> from app_gpiote.o(i.hal_gpio_exti_callback) referenced 2 times from gr55xx_hal_gpio.o(.data)
 <LI><a href="#[1c]">hal_i2c_abort_cplt_callback</a> from gr55xx_hal_i2c.o(i.hal_i2c_abort_cplt_callback) referenced 2 times from gr55xx_hal_i2c.o(.data)
 <LI><a href="#[1b]">hal_i2c_error_callback</a> from app_i2c.o(i.hal_i2c_error_callback) referenced 2 times from gr55xx_hal_i2c.o(.data)
 <LI><a href="#[18]">hal_i2c_listen_cplt_callback</a> from gr55xx_hal_i2c.o(i.hal_i2c_listen_cplt_callback) referenced 2 times from gr55xx_hal_i2c.o(.data)
 <LI><a href="#[15]">hal_i2c_master_rx_cplt_callback</a> from app_i2c.o(i.hal_i2c_master_rx_cplt_callback) referenced 2 times from gr55xx_hal_i2c.o(.data)
 <LI><a href="#[14]">hal_i2c_master_tx_cplt_callback</a> from app_i2c.o(i.hal_i2c_master_tx_cplt_callback) referenced 2 times from gr55xx_hal_i2c.o(.data)
 <LI><a href="#[1a]">hal_i2c_mem_rx_cplt_callback</a> from app_i2c.o(i.hal_i2c_mem_rx_cplt_callback) referenced 2 times from gr55xx_hal_i2c.o(.data)
 <LI><a href="#[19]">hal_i2c_mem_tx_cplt_callback</a> from app_i2c.o(i.hal_i2c_mem_tx_cplt_callback) referenced 2 times from gr55xx_hal_i2c.o(.data)
 <LI><a href="#[13]">hal_i2c_msp_deinit</a> from gr55xx_hal_i2c.o(i.hal_i2c_msp_deinit) referenced 2 times from gr55xx_hal_i2c.o(.data)
 <LI><a href="#[12]">hal_i2c_msp_init</a> from gr55xx_hal_i2c.o(i.hal_i2c_msp_init) referenced 2 times from gr55xx_hal_i2c.o(.data)
 <LI><a href="#[17]">hal_i2c_slave_rx_cplt_callback</a> from app_i2c.o(i.hal_i2c_slave_rx_cplt_callback) referenced 2 times from gr55xx_hal_i2c.o(.data)
 <LI><a href="#[16]">hal_i2c_slave_tx_cplt_callback</a> from app_i2c.o(i.hal_i2c_slave_tx_cplt_callback) referenced 2 times from gr55xx_hal_i2c.o(.data)
 <LI><a href="#[e]">hal_i2s_error_callback</a> from app_i2s.o(i.hal_i2s_error_callback) referenced 2 times from gr55xx_hal_i2s.o(.data)
 <LI><a href="#[d]">hal_i2s_msp_deinit</a> from gr55xx_hal_i2s.o(i.hal_i2s_msp_deinit) referenced 2 times from gr55xx_hal_i2s.o(.data)
 <LI><a href="#[c]">hal_i2s_msp_init</a> from gr55xx_hal_i2s.o(i.hal_i2s_msp_init) referenced 2 times from gr55xx_hal_i2s.o(.data)
 <LI><a href="#[f]">hal_i2s_rx_cplt_callback</a> from app_i2s.o(i.hal_i2s_rx_cplt_callback) referenced 2 times from gr55xx_hal_i2s.o(.data)
 <LI><a href="#[10]">hal_i2s_tx_cplt_callback</a> from app_i2s.o(i.hal_i2s_tx_cplt_callback) referenced 2 times from gr55xx_hal_i2s.o(.data)
 <LI><a href="#[11]">hal_i2s_tx_rx_cplt_callback</a> from gr55xx_hal_i2s.o(i.hal_i2s_tx_rx_cplt_callback) referenced 2 times from gr55xx_hal_i2s.o(.data)
 <LI><a href="#[9]">hal_msp_deinit</a> from gr55xx_hal.o(i.hal_msp_deinit) referenced 2 times from gr55xx_hal.o(.data)
 <LI><a href="#[8]">hal_msp_init</a> from gr55xx_hal.o(i.hal_msp_init) referenced 2 times from gr55xx_hal.o(.data)
 <LI><a href="#[20]">hal_spi_abort_cplt_callback</a> from gr55xx_hal_spi.o(i.hal_spi_abort_cplt_callback) referenced 2 times from gr55xx_hal_spi.o(.data)
 <LI><a href="#[1f]">hal_spi_error_callback</a> from app_spi.o(i.hal_spi_error_callback) referenced 2 times from gr55xx_hal_spi.o(.data)
 <LI><a href="#[1e]">hal_spi_msp_deinit</a> from gr55xx_hal_spi.o(i.hal_spi_msp_deinit) referenced 2 times from gr55xx_hal_spi.o(.data)
 <LI><a href="#[1d]">hal_spi_msp_init</a> from gr55xx_hal_spi.o(i.hal_spi_msp_init) referenced 2 times from gr55xx_hal_spi.o(.data)
 <LI><a href="#[21]">hal_spi_rx_cplt_callback</a> from app_spi.o(i.hal_spi_rx_cplt_callback) referenced 2 times from gr55xx_hal_spi.o(.data)
 <LI><a href="#[22]">hal_spi_tx_cplt_callback</a> from app_spi.o(i.hal_spi_tx_cplt_callback) referenced 2 times from gr55xx_hal_spi.o(.data)
 <LI><a href="#[23]">hal_spi_tx_rx_cplt_callback</a> from app_spi.o(i.hal_spi_tx_rx_cplt_callback) referenced 2 times from gr55xx_hal_spi.o(.data)
 <LI><a href="#[5]">hal_uart_abort_cplt_callback</a> from gr55xx_hal_uart.o(i.hal_uart_abort_cplt_callback) referenced 2 times from gr55xx_hal_uart.o(.data)
 <LI><a href="#[7]">hal_uart_abort_rx_cplt_callback</a> from app_uart.o(i.hal_uart_abort_rx_cplt_callback) referenced 2 times from gr55xx_hal_uart.o(.data)
 <LI><a href="#[6]">hal_uart_abort_tx_cplt_callback</a> from app_uart.o(i.hal_uart_abort_tx_cplt_callback) referenced 2 times from gr55xx_hal_uart.o(.data)
 <LI><a href="#[4]">hal_uart_error_callback</a> from app_uart.o(i.hal_uart_error_callback) referenced 2 times from gr55xx_hal_uart.o(.data)
 <LI><a href="#[1]">hal_uart_msp_deinit</a> from gr55xx_hal_uart.o(i.hal_uart_msp_deinit) referenced 2 times from gr55xx_hal_uart.o(.data)
 <LI><a href="#[0]">hal_uart_msp_init</a> from gr55xx_hal_uart.o(i.hal_uart_msp_init) referenced 2 times from gr55xx_hal_uart.o(.data)
 <LI><a href="#[3]">hal_uart_rx_cplt_callback</a> from app_uart.o(i.hal_uart_rx_cplt_callback) referenced 2 times from gr55xx_hal_uart.o(.data)
 <LI><a href="#[2]">hal_uart_tx_cplt_callback</a> from app_uart.o(i.hal_uart_tx_cplt_callback) referenced 2 times from gr55xx_hal_uart.o(.data)
 <LI><a href="#[af]">hci_le_add_dev_to_wlst_cmd_handler_patch</a> from llm_hci_patch.o(i.hci_le_add_dev_to_wlst_cmd_handler_patch) referenced from llm_hci_patch.o(i.llm_hci_apply_cmd_handler_patch)
 <LI><a href="#[b1]">hci_le_clear_wlst_cmd_handler_patch</a> from llm_hci_patch.o(i.hci_le_clear_wlst_cmd_handler_patch) referenced from llm_hci_patch.o(i.llm_hci_apply_cmd_handler_patch)
 <LI><a href="#[7f]">hci_le_cmd_cmp_evt_init_handler_patch</a> from gapm_init_patch.o(i.hci_le_cmd_cmp_evt_init_handler_patch) referenced from gapm_task_patch.o(i.gapm_msg_handler_replace)
 <LI><a href="#[b2]">hci_le_ext_create_con_cmd_handler_patch</a> from llm_hci_patch.o(i.hci_le_ext_create_con_cmd_handler_patch) referenced from llm_hci_patch.o(i.llm_hci_apply_scan_cmd_handler_patch)
 <LI><a href="#[83]">hci_le_ltk_request_evt_handler_patch</a> from gapc_hci_patch.o(i.hci_le_ltk_request_evt_handler_patch) referenced from gapc_hci_patch.o(i.hci_le_event_handler_tab_func_replace)
 <LI><a href="#[b0]">hci_le_rmv_dev_from_wlst_cmd_handler_patch</a> from llm_hci_patch.o(i.hci_le_rmv_dev_from_wlst_cmd_handler_patch) referenced from llm_hci_patch.o(i.llm_hci_apply_cmd_handler_patch)
 <LI><a href="#[b3]">hci_le_set_ext_scan_en_cmd_handler_patch</a> from llm_scan_patch.o(i.hci_le_set_ext_scan_en_cmd_handler_patch) referenced from llm_hci_patch.o(i.llm_hci_apply_scan_cmd_handler_patch)
 <LI><a href="#[b4]">hci_le_set_ext_scan_param_cmd_handler_patch</a> from llm_scan_patch.o(i.hci_le_set_ext_scan_param_cmd_handler_patch) referenced from llm_hci_patch.o(i.llm_hci_apply_scan_cmd_handler_patch)
 <LI><a href="#[87]">hci_nb_cmp_pkts_evt_handler_patch</a> from l2cc_task_patch.o(i.hci_nb_cmp_pkts_evt_handler_patch) referenced from l2cc_task_patch.o(i.l2cc_msg_handler_tab_replace)
 <LI><a href="#[fc]">hci_send_2_controller_patch</a> from hci_patch.o(RAM_CODE) referenced from fpb_patch_init.o(.constdata)
 <LI><a href="#[84]">i2c_dma_abort</a> from gr55xx_hal_i2c_patch.o(i.i2c_dma_abort) referenced from gr55xx_hal_i2c_patch.o(i.i2c_it_error)
 <LI><a href="#[f1]">i2c_prepare_for_sleep</a> from app_i2c.o(i.i2c_prepare_for_sleep) referenced from app_i2c.o(.constdata)
 <LI><a href="#[85]">i2c_slave_isr_it</a> from gr55xx_hal_i2c_patch.o(i.i2c_slave_isr_it) referenced from gr55xx_hal_i2c_patch.o(i.i2c_it_error)
 <LI><a href="#[f2]">i2c_sleep_canceled</a> from app_i2c.o(i.i2c_sleep_canceled) referenced from app_i2c.o(.constdata)
 <LI><a href="#[f3]">i2c_wake_up_ind</a> from app_i2c.o(RAM_CODE) referenced from app_i2c.o(.constdata)
 <LI><a href="#[ee]">i2s_prepare_for_sleep</a> from app_i2s.o(i.i2s_prepare_for_sleep) referenced from app_i2s.o(.constdata)
 <LI><a href="#[ef]">i2s_sleep_canceled</a> from app_i2s.o(i.i2s_sleep_canceled) referenced from app_i2s.o(.constdata)
 <LI><a href="#[f0]">i2s_wake_up_ind</a> from app_i2s.o(RAM_CODE) referenced from app_i2s.o(.constdata)
 <LI><a href="#[82]">l2cc_pdu_recv_ind_handler_patch</a> from gattc_task_patch.o(i.l2cc_pdu_recv_ind_handler_patch) referenced from gattc_task_patch.o(i.gattc_msg_handler_tab_func_replace)
 <LI><a href="#[88]">l2cm_l2cap_tx_handler_patch</a> from l2cm_patch.o(i.l2cm_l2cap_tx_handler_patch) referenced from l2cm_patch.o(i.l2cm_l2cap_tx_handler_replace)
 <LI><a href="#[9e]">ll_channel_map_ind_handler_patch</a> from llc_chmap_upd_patch.o(i.ll_channel_map_ind_handler_patch) referenced from llc_llcp_patch.o(i.llcp_pdu_handler_tab_replace)
 <LI><a href="#[a0]">ll_connection_param_req_handler_patch</a> from llc_con_upd_patch.o(i.ll_connection_param_req_handler_patch) referenced from llc_llcp_patch.o(i.llcp_pdu_handler_tab_replace)
 <LI><a href="#[9f]">ll_connection_update_ind_handler_patch</a> from llc_con_upd_patch.o(i.ll_connection_update_ind_handler_patch) referenced from llc_llcp_patch.o(i.llcp_pdu_handler_tab_replace)
 <LI><a href="#[a1]">ll_phy_req_handler_patch</a> from llc_phy_upd_patch.o(i.ll_phy_req_handler_patch) referenced from llc_llcp_patch.o(i.llcp_pdu_handler_tab_replace)
 <LI><a href="#[98]">llc_auth_payl_nearly_to_handler_patch</a> from llc_le_ping_patch.o(i.llc_auth_payl_nearly_to_handler_patch) referenced from llc_task_patch.o(i.llc_msg_handler_tab_replace)
 <LI><a href="#[99]">llc_auth_payl_real_to_handler_patch</a> from llc_le_ping_patch.o(i.llc_auth_payl_real_to_handler_patch) referenced from llc_task_patch.o(i.llc_msg_handler_tab_replace)
 <LI><a href="#[89]">llc_ch_map_up_proc_err_cb</a> from rom_symbol.txt(ABSOLUTE) referenced from llc_chmap_upd_patch.o(i.ll_channel_map_ind_handler_patch)
 <LI><a href="#[9c]">llc_ll_enc_rsp_ack_handler</a> from rom_symbol.txt(ABSOLUTE) referenced from llc_encrypt_patch.o(i.llc_rem_encrypt_proc_continue_patch)
 <LI><a href="#[9b]">llc_ll_reject_ind_ack_handler</a> from rom_symbol.txt(ABSOLUTE) referenced from llc_encrypt_patch.o(i.llc_rem_encrypt_proc_continue_patch)
 <LI><a href="#[9d]">llc_ll_start_enc_rsp_ack_handler</a> from rom_symbol.txt(ABSOLUTE) referenced from llc_encrypt_patch.o(i.llc_rem_encrypt_proc_continue_patch)
 <LI><a href="#[9a]">llc_loc_con_upd_proc_err_cb</a> from rom_symbol.txt(ABSOLUTE) referenced from llc_con_upd_patch.o(i.llc_rem_con_upd_proc_continue_patch)
 <LI><a href="#[8f]">llc_loc_llcp_rsp_to_handler_patch</a> from llc_task_patch.o(i.llc_loc_llcp_rsp_to_handler_patch) referenced from llc_task_patch.o(i.llc_msg_handler_tab_replace)
 <LI><a href="#[8c]">llc_pref_param_compute_func_patch</a> from llc_con_upd_patch.o(i.llc_pref_param_compute_func_patch) referenced from llc_con_upd_patch.o(i.llc_con_upd_replace)
 <LI><a href="#[8d]">llc_rem_con_upd_proc_continue_patch</a> from llc_con_upd_patch.o(i.llc_rem_con_upd_proc_continue_patch) referenced from llc_con_upd_patch.o(i.llc_con_upd_replace)
 <LI><a href="#[8a]">llc_rem_con_upd_proc_err_cb</a> from rom_symbol.txt(ABSOLUTE) referenced from llc_con_upd_patch.o(i.ll_connection_param_req_handler_patch)
 <LI><a href="#[8a]">llc_rem_con_upd_proc_err_cb</a> from rom_symbol.txt(ABSOLUTE) referenced from llc_con_upd_patch.o(i.ll_connection_update_ind_handler_patch)
 <LI><a href="#[8e]">llc_rem_encrypt_proc_continue_patch</a> from llc_encrypt_patch.o(i.llc_rem_encrypt_proc_continue_patch) referenced from llc_encrypt_patch.o(i.llc_encrypt_replace)
 <LI><a href="#[90]">llc_rem_llcp_rsp_to_handler_patch</a> from llc_task_patch.o(i.llc_rem_llcp_rsp_to_handler_patch) referenced from llc_task_patch.o(i.llc_msg_handler_tab_replace)
 <LI><a href="#[8b]">llc_rem_phy_upd_proc_err_cb</a> from rom_symbol.txt(ABSOLUTE) referenced from llc_phy_upd_patch.o(i.ll_phy_req_handler_patch)
 <LI><a href="#[93]">lld_acl_rx_ind_handler_patch</a> from llc_task_patch.o(i.lld_acl_rx_ind_handler_patch) referenced from llc_task_patch.o(i.llc_msg_handler_tab_replace)
 <LI><a href="#[a2]">lld_adv_frm_cbk_func_patch</a> from lld_adv_patch.o(i.lld_adv_frm_cbk_func_patch) referenced from lld_adv_patch.o(i.lld_adv_replace)
 <LI><a href="#[ad]">lld_adv_start_func_patch</a> from lld_scan_patch.o(i.lld_adv_start_func_patch) referenced from lld_scan_patch.o(i.lld_scan_frm_cbk_replace)
 <LI><a href="#[10f]">lld_bi_frm_cbk</a> from rom_symbol.txt(ABSOLUTE) referenced from sch_prog_patch.o(RAM_CODE)
 <LI><a href="#[95]">lld_ch_map_upd_cfm_handler_patch</a> from llc_chmap_upd_patch.o(i.lld_ch_map_upd_cfm_handler_patch) referenced from llc_task_patch.o(i.llc_msg_handler_tab_replace)
 <LI><a href="#[110]">lld_ci_frm_cbk</a> from rom_symbol.txt(ABSOLUTE) referenced from sch_prog_patch.o(RAM_CODE)
 <LI><a href="#[576]">lld_con_evt_start_cbk_patch</a> from lld_con_patch.o(RAM_CODE) referenced from lld_con_patch.o(RAM_CODE)
 <LI><a href="#[a5]">lld_con_frm_cbk_patch</a> from lld_con_patch.o(RAM_CODE) referenced from lld_con_patch.o(i.lld_con_replace)
 <LI><a href="#[97]">lld_con_offset_upd_ind_handler_patch</a> from llc_con_upd_patch.o(i.lld_con_offset_upd_ind_handler_patch) referenced from llc_task_patch.o(i.llc_msg_handler_tab_replace)
 <LI><a href="#[94]">lld_con_param_upd_cfm_handler_patch</a> from llc_con_upd_patch.o(i.lld_con_param_upd_cfm_handler_patch) referenced from llc_task_patch.o(i.llc_msg_handler_tab_replace)
 <LI><a href="#[a3]">lld_con_sched_patch</a> from lld_con_patch.o(RAM_CODE) referenced from lld_con_patch.o(i.lld_con_replace)
 <LI><a href="#[a4]">lld_con_start_patch</a> from lld_con_patch.o(RAM_CODE) referenced from lld_con_patch.o(i.lld_con_replace)
 <LI><a href="#[a6]">lld_con_tx_prog_patch</a> from lld_con_patch.o(RAM_CODE) referenced from lld_con_patch.o(i.lld_con_replace)
 <LI><a href="#[a8]">lld_init_evt_canceled_cbk</a> from rom_symbol.txt(ABSOLUTE) referenced from lld_init_patch.o(i.lld_init_start_patch)
 <LI><a href="#[a9]">lld_init_evt_start_cbk_patch</a> from lld_init_patch.o(RAM_CODE) referenced from lld_init_patch.o(i.lld_init_start_patch)
 <LI><a href="#[a7]">lld_init_patch</a> from lld_patch.o(i.lld_init_patch) referenced from lld_patch.o(i.lld_init_replace)
 <LI><a href="#[aa]">lld_init_start_patch</a> from lld_init_patch.o(i.lld_init_start_patch) referenced from lld_init_patch.o(i.lld_init_start_replace)
 <LI><a href="#[91]">lld_llcp_rx_ind_handler_patch</a> from llc_llcp_patch.o(RAM_CODE) referenced from llc_task_patch.o(i.llc_msg_handler_tab_replace)
 <LI><a href="#[92]">lld_llcp_tx_cfm_handler_patch</a> from llc_llcp_patch.o(RAM_CODE) referenced from llc_task_patch.o(i.llc_msg_handler_tab_replace)
 <LI><a href="#[96]">lld_phy_upd_cfm_handler_patch</a> from llc_phy_upd_patch.o(i.lld_phy_upd_cfm_handler_patch) referenced from llc_task_patch.o(i.llc_msg_handler_tab_replace)
 <LI><a href="#[ae]">lld_scan_evt_start_cbk_patch</a> from lld_scan_patch.o(RAM_CODE) referenced from lld_scan_patch.o(i.lld_scan_start_func_patch)
 <LI><a href="#[ab]">lld_scan_frm_cbk_func_patch</a> from lld_scan_patch.o(RAM_CODE) referenced from lld_scan_patch.o(i.lld_scan_frm_cbk_replace)
 <LI><a href="#[ac]">lld_scan_start_func_patch</a> from lld_scan_patch.o(i.lld_scan_start_func_patch) referenced from lld_scan_patch.o(i.lld_scan_frm_cbk_replace)
 <LI><a href="#[111]">lld_supervision_to_cb</a> from rom_symbol.txt(ABSOLUTE) referenced from lld_con_patch.o(RAM_CODE)
 <LI><a href="#[10e]">lld_test_frm_cbk</a> from rom_symbol.txt(ABSOLUTE) referenced from sch_prog_patch.o(RAM_CODE)
 <LI><a href="#[66]">log_flush</a> from user_periph_setup.o(i.log_flush) referenced from user_periph_setup.o(i.app_log_assert_init)
 <LI><a href="#[10d]">lp_cali_watch_alarm_cb</a> from sch_prog_patch.o(RAM_CODE) referenced from sch_prog_patch.o(RAM_CODE)
 <LI><a href="#[5e]">main</a> from platform_gr55xx.o(i.$Sub$$main) referenced from entry9a.o(.ARM.Collect$$$$0000000B)
 <LI><a href="#[61]">main_init</a> from system_gr55xx.o(i.main_init) referenced from startup_gr55xx.o(.text)
 <LI><a href="#[db]">pmu_calibration_handler</a> from platform_sdk.o(i.pmu_calibration_handler) referenced from pmu_calibration.o(i.system_pmu_calibration_init)
 <LI><a href="#[df]">prvIdleTask</a> from tasks.o(i.prvIdleTask) referenced from tasks.o(i.vTaskStartScheduler)
 <LI><a href="#[be]">prvTaskExitError</a> from port.o(i.prvTaskExitError) referenced from port.o(i.pxPortInitialiseStack)
 <LI><a href="#[e1]">prvTimerTask</a> from timers.o(i.prvTimerTask) referenced from timers.o(i.xTimerCreateTimerTask)
 <LI><a href="#[bd]">pwr_enter_sleep_check</a> from app_pwr_mgmt.o(i.pwr_enter_sleep_check) referenced from app_pwr_mgmt.o(i.pwr_register_sleep_cb)
 <LI><a href="#[bb]">pwr_mgmt_shutdown_patch</a> from sdk_pwr_mgmt_patch.o(RAM_CODE) referenced from sdk_pwr_mgmt_patch.o(i.pwr_mgmt_shutdown_replace)
 <LI><a href="#[bc]">pwr_wake_up_ind</a> from app_pwr_mgmt.o(RAM_CODE) referenced from app_pwr_mgmt.o(i.pwr_register_sleep_cb)
 <LI><a href="#[bf]">record_key_irq_callback</a> from record_key.o(i.record_key_irq_callback) referenced from record_key.o(i.record_key_init)
 <LI><a href="#[c0]">rf_init_patch</a> from rf_gdx_patch.o(i.rf_init_patch) referenced from rf_gdx_patch.o(i.rf_gdx_replace)
 <LI><a href="#[77]">rf_recalibrate</a> from rom_symbol.txt(ABSOLUTE) referenced from system_sdk_patch.o(i.ble_stack_init)
 <LI><a href="#[c2]">rf_txpwr_cs_get_patch</a> from rf_gdx_patch.o(i.rf_txpwr_cs_get_patch) referenced from rf_gdx_patch.o(i.rf_init_patch)
 <LI><a href="#[c1]">rf_txpwr_dbm_get_patch</a> from rf_gdx_patch.o(i.rf_txpwr_dbm_get_patch) referenced from rf_gdx_patch.o(i.rf_init_patch)
 <LI><a href="#[c3]">rom_callback_patch</a> from rwip_sleep_patch.o(RAM_CODE) referenced from rwip_sleep_patch.o(i.rom_callback_replace)
 <LI><a href="#[70]">rwip_us_2_lpcycles</a> from rom_symbol.txt(ABSOLUTE) referenced from system_sdk_patch.o(i.ble_stack_init)
 <LI><a href="#[c8]">sch_arb_event_start_isr_patch</a> from sch_arb_patch.o(RAM_CODE) referenced from sch_arb_patch.o(i.sch_arb_replace)
 <LI><a href="#[c7]">sch_arb_insert_patch</a> from sch_arb_patch.o(RAM_CODE) referenced from sch_arb_patch.o(i.sch_arb_replace)
 <LI><a href="#[ca]">sch_prog_activity_isr_patch</a> from sch_prog_patch.o(RAM_CODE) referenced from sch_prog_patch.o(i.sch_prog_frm_cbk_replace)
 <LI><a href="#[cf]">sec_rcv_encrypt_req_ind_handler_patch</a> from ble_sdk_sec_patch.o(i.sec_rcv_encrypt_req_ind_handler_patch) referenced from ble_sdk_gapc_patch.o(i.sdk_gapc_msg_handler_tab_replace)
 <LI><a href="#[ce]">sec_rcv_sec_req_ind_handler_patch</a> from ble_sdk_sec_patch.o(i.sec_rcv_sec_req_ind_handler_patch) referenced from ble_sdk_gapc_patch.o(i.sdk_gapc_msg_handler_tab_replace)
 <LI><a href="#[5f]">set_msp</a> from system_gr55xx.o(i.set_msp) referenced from startup_gr55xx.o(.text)
 <LI><a href="#[73]">set_sdk_schedule_event</a> from rom_symbol.txt(ABSOLUTE) referenced from system_sdk_patch.o(i.ble_stack_init)
 <LI><a href="#[d8]">smpc_handle_enc_change_evt_func_patch</a> from smpc_patch.o(i.smpc_handle_enc_change_evt_func_patch) referenced from smpc_patch.o(i.smpc_handle_enc_change_evt_func_replace)
 <LI><a href="#[f4]">spi_prepare_for_sleep</a> from app_spi.o(i.spi_prepare_for_sleep) referenced from app_spi.o(.constdata)
 <LI><a href="#[f5]">spi_sleep_canceled</a> from app_spi.o(i.spi_sleep_canceled) referenced from app_spi.o(.constdata)
 <LI><a href="#[f6]">spi_wake_up_ind</a> from app_spi.o(RAM_CODE) referenced from app_spi.o(.constdata)
 <LI><a href="#[b5]">start_task</a> from main.o(i.start_task) referenced from main.o(i.main)
 <LI><a href="#[78]">sync_evt_sch_arb_cb</a> from sch_arb_patch.o(i.sync_evt_sch_arb_cb) referenced from sch_arb_patch.o(i.create_sch_arb_sync_event)
 <LI><a href="#[78]">sync_evt_sch_arb_cb</a> from sch_arb_patch.o(i.sync_evt_sch_arb_cb) referenced from sch_arb_patch.o(i.sync_evt_sch_arb_cb)
 <LI><a href="#[b8]">sys_context_restore_func</a> from platform_sys_context.o(RAM_CODE) referenced from platform_sdk.o(i.platform_sdk_init)
 <LI><a href="#[b7]">sys_context_save_func</a> from platform_sys_context.o(RAM_CODE) referenced from platform_sdk.o(i.platform_sdk_init)
 <LI><a href="#[dc]">system_pmu_calibration_task</a> from pmu_calibration.o(i.system_pmu_calibration_task) referenced from pmu_calibration.o(i.system_pmu_calibration_init)
 <LI><a href="#[da]">system_task</a> from main.o(i.system_task) referenced from main.o(i.start_task)
 <LI><a href="#[eb]">systick_prepare_for_sleep</a> from app_systick.o(i.systick_prepare_for_sleep) referenced from app_systick.o(.constdata)
 <LI><a href="#[ec]">systick_sleep_canceled</a> from app_systick.o(i.systick_sleep_canceled) referenced from app_systick.o(.constdata)
 <LI><a href="#[ed]">systick_wake_up_ind</a> from app_systick.o(RAM_CODE) referenced from app_systick.o(.constdata)
 <LI><a href="#[2d]">tf_disk_initialize</a> from audio_storage.o(i.tf_disk_initialize) referenced 2 times from audio_storage.o(.data)
 <LI><a href="#[31]">tf_disk_ioctl</a> from audio_storage.o(i.tf_disk_ioctl) referenced 2 times from audio_storage.o(.data)
 <LI><a href="#[2f]">tf_disk_read</a> from audio_storage.o(i.tf_disk_read) referenced 2 times from audio_storage.o(.data)
 <LI><a href="#[2e]">tf_disk_status</a> from audio_storage.o(i.tf_disk_status) referenced 2 times from audio_storage.o(.data)
 <LI><a href="#[30]">tf_disk_write</a> from audio_storage.o(i.tf_disk_write) referenced 2 times from audio_storage.o(.data)
 <LI><a href="#[de]">uart_evt_handler</a> from user_periph_setup.o(i.uart_evt_handler) referenced from user_periph_setup.o(i.uart_init)
 <LI><a href="#[e8]">uart_prepare_for_sleep</a> from app_uart.o(i.uart_prepare_for_sleep) referenced from app_uart.o(.constdata)
 <LI><a href="#[e9]">uart_sleep_canceled</a> from app_uart.o(i.uart_sleep_canceled) referenced from app_uart.o(.constdata)
 <LI><a href="#[67]">uart_tx_data_send</a> from user_periph_setup.o(i.uart_tx_data_send) referenced from user_periph_setup.o(i.app_log_assert_init)
 <LI><a href="#[ea]">uart_wake_up_ind</a> from app_uart.o(RAM_CODE) referenced from app_uart.o(.constdata)
 <LI><a href="#[b9]">ultra_wfi</a> from rom_symbol.txt(ABSOLUTE) referenced from platform_sdk.o(i.platform_sdk_init)
 <LI><a href="#[e0]">vPortSVCHandler</a> from port.o(.emb_text) referenced from port.o(i.xPortStartScheduler)
</UL>
<P>
<H3>
Global Symbols
</H3>
<P><STRONG><a name="[447]"></a>bl1_srand</STRONG> (Thumb, 0 bytes, Stack size 0 bytes, rom_symbol.txt(ABSOLUTE))
<BR><BR>[Called By]<UL><LI><a href="#[248]">&gt;&gt;</a>&nbsp;&nbsp;&nbsp;rand_seed_gen (via Veneer)
</UL>

<P><STRONG><a name="[2d1]"></a>assert_err</STRONG> (Thumb, 0 bytes, Stack size 0 bytes, rom_symbol.txt(ABSOLUTE))
<BR><BR>[Called By]<UL><LI><a href="#[fc]">&gt;&gt;</a>&nbsp;&nbsp;&nbsp;hci_send_2_controller_patch
<LI><a href="#[217]">&gt;&gt;</a>&nbsp;&nbsp;&nbsp;llm_hci_command_handler_tab_replace (via Veneer)
<LI><a href="#[220]">&gt;&gt;</a>&nbsp;&nbsp;&nbsp;llc_msg_handler_tab_replace (via Veneer)
<LI><a href="#[c6]">&gt;&gt;</a>&nbsp;&nbsp;&nbsp;BLESLEEP_IRQHandler_patch
<LI><a href="#[4e0]">&gt;&gt;</a>&nbsp;&nbsp;&nbsp;ble_rwip_wakeup_patch
<LI><a href="#[3b6]">&gt;&gt;</a>&nbsp;&nbsp;&nbsp;lld_adv_frm_isr_patch (via Veneer)
<LI><a href="#[7e]">&gt;&gt;</a>&nbsp;&nbsp;&nbsp;gapm_init_connection_ind_func_patch (via Veneer)
<LI><a href="#[aa]">&gt;&gt;</a>&nbsp;&nbsp;&nbsp;lld_init_start_patch (via Veneer)
<LI><a href="#[a9]">&gt;&gt;</a>&nbsp;&nbsp;&nbsp;lld_init_evt_start_cbk_patch
<LI><a href="#[d8]">&gt;&gt;</a>&nbsp;&nbsp;&nbsp;smpc_handle_enc_change_evt_func_patch (via Veneer)
<LI><a href="#[a6]">&gt;&gt;</a>&nbsp;&nbsp;&nbsp;lld_con_tx_prog_patch
<LI><a href="#[576]">&gt;&gt;</a>&nbsp;&nbsp;&nbsp;lld_con_evt_start_cbk_patch
<LI><a href="#[8c]">&gt;&gt;</a>&nbsp;&nbsp;&nbsp;llc_pref_param_compute_func_patch (via Veneer)
<LI><a href="#[ac]">&gt;&gt;</a>&nbsp;&nbsp;&nbsp;lld_scan_start_func_patch (via Veneer)
<LI><a href="#[ad]">&gt;&gt;</a>&nbsp;&nbsp;&nbsp;lld_adv_start_func_patch (via Veneer)
<LI><a href="#[567]">&gt;&gt;</a>&nbsp;&nbsp;&nbsp;lld_scan_frm_rx_isr_patch
<LI><a href="#[561]">&gt;&gt;</a>&nbsp;&nbsp;&nbsp;lld_scan_process_pkt_rx_patch
<LI><a href="#[b2]">&gt;&gt;</a>&nbsp;&nbsp;&nbsp;hci_le_ext_create_con_cmd_handler_patch (via Veneer)
<LI><a href="#[286]">&gt;&gt;</a>&nbsp;&nbsp;&nbsp;sch_arb_hus_timer_set (via Veneer)
<LI><a href="#[532]">&gt;&gt;</a>&nbsp;&nbsp;&nbsp;rwble_reset_recovery
<LI><a href="#[c8]">&gt;&gt;</a>&nbsp;&nbsp;&nbsp;sch_arb_event_start_isr_patch
<LI><a href="#[6e]">&gt;&gt;</a>&nbsp;&nbsp;&nbsp;gap_init_fsm_next_func_patch (via Veneer)
</UL>

<P><STRONG><a name="[34a]"></a>assert_param</STRONG> (Thumb, 0 bytes, Stack size 0 bytes, rom_symbol.txt(ABSOLUTE))
<BR><BR>[Called By]<UL><LI><a href="#[3b6]">&gt;&gt;</a>&nbsp;&nbsp;&nbsp;lld_adv_frm_isr_patch (via Veneer)
<LI><a href="#[a2]">&gt;&gt;</a>&nbsp;&nbsp;&nbsp;lld_adv_frm_cbk_func_patch (via Veneer)
<LI><a href="#[87]">&gt;&gt;</a>&nbsp;&nbsp;&nbsp;hci_nb_cmp_pkts_evt_handler_patch (via Veneer)
<LI><a href="#[8d]">&gt;&gt;</a>&nbsp;&nbsp;&nbsp;llc_rem_con_upd_proc_continue_patch (via Veneer)
<LI><a href="#[ab]">&gt;&gt;</a>&nbsp;&nbsp;&nbsp;lld_scan_frm_cbk_func_patch
<LI><a href="#[568]">&gt;&gt;</a>&nbsp;&nbsp;&nbsp;lld_scan_frm_eof_isr_patch
<LI><a href="#[b2]">&gt;&gt;</a>&nbsp;&nbsp;&nbsp;hci_le_ext_create_con_cmd_handler_patch (via Veneer)
<LI><a href="#[55d]">&gt;&gt;</a>&nbsp;&nbsp;&nbsp;rwble_isr_patch
<LI><a href="#[8e]">&gt;&gt;</a>&nbsp;&nbsp;&nbsp;llc_rem_encrypt_proc_continue_patch (via Veneer)
</UL>

<P><STRONG><a name="[39e]"></a>assert_warn</STRONG> (Thumb, 0 bytes, Stack size 0 bytes, rom_symbol.txt(ABSOLUTE))
<BR><BR>[Called By]<UL><LI><a href="#[fc]">&gt;&gt;</a>&nbsp;&nbsp;&nbsp;hci_send_2_controller_patch
<LI><a href="#[8d]">&gt;&gt;</a>&nbsp;&nbsp;&nbsp;llc_rem_con_upd_proc_continue_patch (via Veneer)
</UL>

<P><STRONG><a name="[376]"></a>attc_l2cc_pdu_recv_handler</STRONG> (Thumb, 0 bytes, Stack size 0 bytes, rom_symbol.txt(ABSOLUTE))
<BR><BR>[Called By]<UL><LI><a href="#[82]">&gt;&gt;</a>&nbsp;&nbsp;&nbsp;l2cc_pdu_recv_ind_handler_patch (via Veneer)
</UL>

<P><STRONG><a name="[1cd]"></a>attmdb_get_attribute</STRONG> (Thumb, 0 bytes, Stack size 0 bytes, rom_symbol.txt(ABSOLUTE))
<BR><BR>[Called By]<UL><LI><a href="#[1cc]">&gt;&gt;</a>&nbsp;&nbsp;&nbsp;attm_update_max_len (via Veneer)
</UL>

<P><STRONG><a name="[1ce]"></a>attmdb_uuid16_comp</STRONG> (Thumb, 0 bytes, Stack size 0 bytes, rom_symbol.txt(ABSOLUTE))
<BR><BR>[Called By]<UL><LI><a href="#[1cc]">&gt;&gt;</a>&nbsp;&nbsp;&nbsp;attm_update_max_len (via Veneer)
</UL>

<P><STRONG><a name="[1d9]"></a>atts_clear_read_cache</STRONG> (Thumb, 0 bytes, Stack size 0 bytes, rom_symbol.txt(ABSOLUTE))
<BR><BR>[Called By]<UL><LI><a href="#[107]">&gt;&gt;</a>&nbsp;&nbsp;&nbsp;atts_read_mult_req_patch (via Veneer)
</UL>

<P><STRONG><a name="[10c]"></a>atts_execute_write_req</STRONG> (Thumb, 0 bytes, Stack size 0 bytes, rom_symbol.txt(ABSOLUTE), UNUSED)
<BR>[Address Reference Count : 1]<UL><LI> atts_patch.o(.constdata)
</UL>
<P><STRONG><a name="[102]"></a>atts_find_by_type_req</STRONG> (Thumb, 0 bytes, Stack size 0 bytes, rom_symbol.txt(ABSOLUTE), UNUSED)
<BR>[Address Reference Count : 1]<UL><LI> atts_patch.o(.constdata)
</UL>
<P><STRONG><a name="[101]"></a>atts_find_info_req</STRONG> (Thumb, 0 bytes, Stack size 0 bytes, rom_symbol.txt(ABSOLUTE), UNUSED)
<BR>[Address Reference Count : 1]<UL><LI> atts_patch.o(.constdata)
</UL>
<P><STRONG><a name="[1d6]"></a>atts_get_att_chk_perm</STRONG> (Thumb, 0 bytes, Stack size 0 bytes, rom_symbol.txt(ABSOLUTE))
<BR><BR>[Called By]<UL><LI><a href="#[107]">&gt;&gt;</a>&nbsp;&nbsp;&nbsp;atts_read_mult_req_patch (via Veneer)
</UL>

<P><STRONG><a name="[1d7]"></a>atts_get_value</STRONG> (Thumb, 0 bytes, Stack size 0 bytes, rom_symbol.txt(ABSOLUTE))
<BR><BR>[Called By]<UL><LI><a href="#[107]">&gt;&gt;</a>&nbsp;&nbsp;&nbsp;atts_read_mult_req_patch (via Veneer)
</UL>

<P><STRONG><a name="[1d0]"></a>atts_hdl_value_cfm</STRONG> (Thumb, 0 bytes, Stack size 0 bytes, rom_symbol.txt(ABSOLUTE))
<BR><BR>[Called By]<UL><LI><a href="#[1cf]">&gt;&gt;</a>&nbsp;&nbsp;&nbsp;atts_l2cc_pdu_recv_handler_patch (via Veneer)
</UL>

<P><STRONG><a name="[100]"></a>atts_mtu_exc_req</STRONG> (Thumb, 0 bytes, Stack size 0 bytes, rom_symbol.txt(ABSOLUTE), UNUSED)
<BR>[Address Reference Count : 1]<UL><LI> atts_patch.o(.constdata)
</UL>
<P><STRONG><a name="[10b]"></a>atts_prepare_write_req</STRONG> (Thumb, 0 bytes, Stack size 0 bytes, rom_symbol.txt(ABSOLUTE), UNUSED)
<BR>[Address Reference Count : 1]<UL><LI> atts_patch.o(.constdata)
</UL>
<P><STRONG><a name="[1d3]"></a>atts_process_pdu</STRONG> (Thumb, 0 bytes, Stack size 0 bytes, rom_symbol.txt(ABSOLUTE))
<BR><BR>[Called By]<UL><LI><a href="#[1cf]">&gt;&gt;</a>&nbsp;&nbsp;&nbsp;atts_l2cc_pdu_recv_handler_patch (via Veneer)
</UL>

<P><STRONG><a name="[106]"></a>atts_read_blob_req</STRONG> (Thumb, 0 bytes, Stack size 0 bytes, rom_symbol.txt(ABSOLUTE), UNUSED)
<BR>[Address Reference Count : 1]<UL><LI> atts_patch.o(.constdata)
</UL>
<P><STRONG><a name="[104]"></a>atts_read_by_grp_type_req</STRONG> (Thumb, 0 bytes, Stack size 0 bytes, rom_symbol.txt(ABSOLUTE), UNUSED)
<BR>[Address Reference Count : 1]<UL><LI> atts_patch.o(.constdata)
</UL>
<P><STRONG><a name="[103]"></a>atts_read_by_type_req</STRONG> (Thumb, 0 bytes, Stack size 0 bytes, rom_symbol.txt(ABSOLUTE), UNUSED)
<BR>[Address Reference Count : 1]<UL><LI> atts_patch.o(.constdata)
</UL>
<P><STRONG><a name="[105]"></a>atts_read_req</STRONG> (Thumb, 0 bytes, Stack size 0 bytes, rom_symbol.txt(ABSOLUTE), UNUSED)
<BR>[Address Reference Count : 1]<UL><LI> atts_patch.o(.constdata)
</UL>
<P><STRONG><a name="[1dc]"></a>atts_send_error</STRONG> (Thumb, 0 bytes, Stack size 0 bytes, rom_symbol.txt(ABSOLUTE))
<BR><BR>[Called By]<UL><LI><a href="#[107]">&gt;&gt;</a>&nbsp;&nbsp;&nbsp;atts_read_mult_req_patch (via Veneer)
</UL>

<P><STRONG><a name="[1db]"></a>atts_send_pdu</STRONG> (Thumb, 0 bytes, Stack size 0 bytes, rom_symbol.txt(ABSOLUTE))
<BR><BR>[Called By]<UL><LI><a href="#[107]">&gt;&gt;</a>&nbsp;&nbsp;&nbsp;atts_read_mult_req_patch (via Veneer)
</UL>

<P><STRONG><a name="[108]"></a>atts_write_cmd</STRONG> (Thumb, 0 bytes, Stack size 0 bytes, rom_symbol.txt(ABSOLUTE), UNUSED)
<BR>[Address Reference Count : 1]<UL><LI> atts_patch.o(.constdata)
</UL>
<P><STRONG><a name="[109]"></a>atts_write_req</STRONG> (Thumb, 0 bytes, Stack size 0 bytes, rom_symbol.txt(ABSOLUTE), UNUSED)
<BR>[Address Reference Count : 1]<UL><LI> atts_patch.o(.constdata)
</UL>
<P><STRONG><a name="[10a]"></a>atts_write_signed</STRONG> (Thumb, 0 bytes, Stack size 0 bytes, rom_symbol.txt(ABSOLUTE), UNUSED)
<BR>[Address Reference Count : 1]<UL><LI> atts_patch.o(.constdata)
</UL>
<P><STRONG><a name="[53e]"></a>ble_get_role_and_cs_idx_from_et</STRONG> (Thumb, 0 bytes, Stack size 0 bytes, rom_symbol.txt(ABSOLUTE))
<BR><BR>[Called By]<UL><LI><a href="#[ca]">&gt;&gt;</a>&nbsp;&nbsp;&nbsp;sch_prog_activity_isr_patch
</UL>

<P><STRONG><a name="[544]"></a>ble_util_buf_acl_tx_free</STRONG> (Thumb, 0 bytes, Stack size 0 bytes, rom_symbol.txt(ABSOLUTE))
<BR><BR>[Called By]<UL><LI><a href="#[fc]">&gt;&gt;</a>&nbsp;&nbsp;&nbsp;hci_send_2_controller_patch
</UL>

<P><STRONG><a name="[3d3]"></a>ble_util_buf_adv_tx_free</STRONG> (Thumb, 0 bytes, Stack size 0 bytes, rom_symbol.txt(ABSOLUTE))
<BR><BR>[Called By]<UL><LI><a href="#[3bd]">&gt;&gt;</a>&nbsp;&nbsp;&nbsp;lld_try_to_free_old_buffer (via Veneer)
</UL>

<P><STRONG><a name="[56d]"></a>ble_util_buf_rx_free</STRONG> (Thumb, 0 bytes, Stack size 0 bytes, rom_symbol.txt(ABSOLUTE))
<BR><BR>[Called By]<UL><LI><a href="#[91]">&gt;&gt;</a>&nbsp;&nbsp;&nbsp;lld_llcp_rx_ind_handler_patch
</UL>

<P><STRONG><a name="[347]"></a>co_bdaddr_compare</STRONG> (Thumb, 0 bytes, Stack size 0 bytes, rom_symbol.txt(ABSOLUTE))
<BR><BR>[Called By]<UL><LI><a href="#[b3]">&gt;&gt;</a>&nbsp;&nbsp;&nbsp;hci_le_set_ext_scan_en_cmd_handler_patch (via Veneer)
<LI><a href="#[b2]">&gt;&gt;</a>&nbsp;&nbsp;&nbsp;hci_le_ext_create_con_cmd_handler_patch (via Veneer)
</UL>

<P><STRONG><a name="[55f]"></a>co_list_extract</STRONG> (Thumb, 0 bytes, Stack size 0 bytes, rom_symbol.txt(ABSOLUTE))
<BR><BR>[Called By]<UL><LI><a href="#[3cb]">&gt;&gt;</a>&nbsp;&nbsp;&nbsp;lld_scan_discard_last_rx_buff
</UL>

<P><STRONG><a name="[52f]"></a>co_list_find</STRONG> (Thumb, 0 bytes, Stack size 0 bytes, rom_symbol.txt(ABSOLUTE))
<BR><BR>[Called By]<UL><LI><a href="#[4df]">&gt;&gt;</a>&nbsp;&nbsp;&nbsp;lp_cali_watch_alarm_start
<LI><a href="#[3cb]">&gt;&gt;</a>&nbsp;&nbsp;&nbsp;lld_scan_discard_last_rx_buff
</UL>

<P><STRONG><a name="[54f]"></a>co_list_pop_front</STRONG> (Thumb, 0 bytes, Stack size 0 bytes, rom_symbol.txt(ABSOLUTE))
<BR><BR>[Called By]<UL><LI><a href="#[c8]">&gt;&gt;</a>&nbsp;&nbsp;&nbsp;sch_arb_event_start_isr_patch
</UL>

<P><STRONG><a name="[1d2]"></a>co_list_push_back</STRONG> (Thumb, 0 bytes, Stack size 0 bytes, rom_symbol.txt(ABSOLUTE))
<BR><BR>[Called By]<UL><LI><a href="#[1cf]">&gt;&gt;</a>&nbsp;&nbsp;&nbsp;atts_l2cc_pdu_recv_handler_patch (via Veneer)
<LI><a href="#[c8]">&gt;&gt;</a>&nbsp;&nbsp;&nbsp;sch_arb_event_start_isr_patch
<LI><a href="#[107]">&gt;&gt;</a>&nbsp;&nbsp;&nbsp;atts_read_mult_req_patch (via Veneer)
</UL>

<P><STRONG><a name="[1d4]"></a>co_list_size</STRONG> (Thumb, 0 bytes, Stack size 0 bytes, rom_symbol.txt(ABSOLUTE))
<BR><BR>[Called By]<UL><LI><a href="#[107]">&gt;&gt;</a>&nbsp;&nbsp;&nbsp;atts_read_mult_req_patch (via Veneer)
</UL>

<P><STRONG><a name="[14a]"></a>dbg_log_printf</STRONG> (Thumb, 0 bytes, Stack size 0 bytes, rom_symbol.txt(ABSOLUTE))
<BR><BR>[Called By]<UL><LI><a href="#[1a4]">&gt;&gt;</a>&nbsp;&nbsp;&nbsp;nvds_put (via Veneer)
<LI><a href="#[219]">&gt;&gt;</a>&nbsp;&nbsp;&nbsp;gapm_msg_handler_replace (via Veneer)
<LI><a href="#[1cb]">&gt;&gt;</a>&nbsp;&nbsp;&nbsp;write_item (via Veneer)
<LI><a href="#[273]">&gt;&gt;</a>&nbsp;&nbsp;&nbsp;write_compacted_items (via Veneer)
<LI><a href="#[3dd]">&gt;&gt;</a>&nbsp;&nbsp;&nbsp;replace_item (via Veneer)
<LI><a href="#[1ca]">&gt;&gt;</a>&nbsp;&nbsp;&nbsp;compact_nvds (via Veneer)
<LI><a href="#[1c8]">&gt;&gt;</a>&nbsp;&nbsp;&nbsp;append_item (via Veneer)
<LI><a href="#[d8]">&gt;&gt;</a>&nbsp;&nbsp;&nbsp;smpc_handle_enc_change_evt_func_patch (via Veneer)
<LI><a href="#[1cf]">&gt;&gt;</a>&nbsp;&nbsp;&nbsp;atts_l2cc_pdu_recv_handler_patch (via Veneer)
<LI><a href="#[82]">&gt;&gt;</a>&nbsp;&nbsp;&nbsp;l2cc_pdu_recv_ind_handler_patch (via Veneer)
<LI><a href="#[148]">&gt;&gt;</a>&nbsp;&nbsp;&nbsp;add_ltk_item (via Veneer)
<LI><a href="#[107]">&gt;&gt;</a>&nbsp;&nbsp;&nbsp;atts_read_mult_req_patch (via Veneer)
<LI><a href="#[d6]">&gt;&gt;</a>&nbsp;&nbsp;&nbsp;gattc_write_req_ind_handler_patch (via Veneer)
<LI><a href="#[81]">&gt;&gt;</a>&nbsp;&nbsp;&nbsp;gatt_on_disconnection_func_patch (via Veneer)
<LI><a href="#[245]">&gt;&gt;</a>&nbsp;&nbsp;&nbsp;sec_check_conn_bond_patch (via Veneer)
<LI><a href="#[d5]">&gt;&gt;</a>&nbsp;&nbsp;&nbsp;ble_sdk_gatts_svc_changed_cfg_ind_handler_patch (via Veneer)
<LI><a href="#[ce]">&gt;&gt;</a>&nbsp;&nbsp;&nbsp;sec_rcv_sec_req_ind_handler_patch (via Veneer)
<LI><a href="#[cf]">&gt;&gt;</a>&nbsp;&nbsp;&nbsp;sec_rcv_encrypt_req_ind_handler_patch (via Veneer)
<LI><a href="#[cd]">&gt;&gt;</a>&nbsp;&nbsp;&nbsp;gap_disconnect_ind_handler_patch (via Veneer)
<LI><a href="#[cc]">&gt;&gt;</a>&nbsp;&nbsp;&nbsp;gap_connection_req_ind_handler_patch (via Veneer)
<LI><a href="#[d0]">&gt;&gt;</a>&nbsp;&nbsp;&nbsp;gap_cmp_evt_handler_patch (via Veneer)
<LI><a href="#[2c7]">&gt;&gt;</a>&nbsp;&nbsp;&nbsp;init_ltk_list (via Veneer)
<LI><a href="#[6e]">&gt;&gt;</a>&nbsp;&nbsp;&nbsp;gap_init_fsm_next_func_patch (via Veneer)
<LI><a href="#[d1]">&gt;&gt;</a>&nbsp;&nbsp;&nbsp;gap_activity_stopped_ind_handler_patch (via Veneer)
</UL>

<P><STRONG><a name="[511]"></a>exflash_check_id</STRONG> (Thumb, 0 bytes, Stack size 0 bytes, rom_symbol.txt(ABSOLUTE))
<BR><BR>[Called By]<UL><LI><a href="#[fd]">&gt;&gt;</a>&nbsp;&nbsp;&nbsp;hal_exflash_write
<LI><a href="#[fe]">&gt;&gt;</a>&nbsp;&nbsp;&nbsp;hal_exflash_erase
<LI><a href="#[3f9]">&gt;&gt;</a>&nbsp;&nbsp;&nbsp;platform_exflash_enable_quad
<LI><a href="#[50d]">&gt;&gt;</a>&nbsp;&nbsp;&nbsp;hal_exflash_warm_init
</UL>

<P><STRONG><a name="[528]"></a>exflash_deepsleep</STRONG> (Thumb, 0 bytes, Stack size 0 bytes, rom_symbol.txt(ABSOLUTE))
<BR><BR>[Called By]<UL><LI><a href="#[fd]">&gt;&gt;</a>&nbsp;&nbsp;&nbsp;hal_exflash_write
<LI><a href="#[fe]">&gt;&gt;</a>&nbsp;&nbsp;&nbsp;hal_exflash_erase
<LI><a href="#[3f9]">&gt;&gt;</a>&nbsp;&nbsp;&nbsp;platform_exflash_enable_quad
<LI><a href="#[500]">&gt;&gt;</a>&nbsp;&nbsp;&nbsp;hal_exflash_deepsleep_patch
</UL>

<P><STRONG><a name="[522]"></a>exflash_enable_write</STRONG> (Thumb, 0 bytes, Stack size 0 bytes, rom_symbol.txt(ABSOLUTE))
<BR><BR>[Called By]<UL><LI><a href="#[523]">&gt;&gt;</a>&nbsp;&nbsp;&nbsp;enable_quad_mode1
<LI><a href="#[521]">&gt;&gt;</a>&nbsp;&nbsp;&nbsp;enable_quad_mode2
</UL>

<P><STRONG><a name="[549]"></a>exflash_erase_chip</STRONG> (Thumb, 0 bytes, Stack size 0 bytes, rom_symbol.txt(ABSOLUTE))
<BR><BR>[Called By]<UL><LI><a href="#[fe]">&gt;&gt;</a>&nbsp;&nbsp;&nbsp;hal_exflash_erase
</UL>

<P><STRONG><a name="[54a]"></a>exflash_erase_sector</STRONG> (Thumb, 0 bytes, Stack size 0 bytes, rom_symbol.txt(ABSOLUTE))
<BR><BR>[Called By]<UL><LI><a href="#[fe]">&gt;&gt;</a>&nbsp;&nbsp;&nbsp;hal_exflash_erase
</UL>

<P><STRONG><a name="[548]"></a>exflash_page_program</STRONG> (Thumb, 0 bytes, Stack size 0 bytes, rom_symbol.txt(ABSOLUTE))
<BR><BR>[Called By]<UL><LI><a href="#[fd]">&gt;&gt;</a>&nbsp;&nbsp;&nbsp;hal_exflash_write
</UL>

<P><STRONG><a name="[54c]"></a>exflash_resume</STRONG> (Thumb, 0 bytes, Stack size 0 bytes, rom_symbol.txt(ABSOLUTE))
<BR><BR>[Called By]<UL><LI><a href="#[52c]">&gt;&gt;</a>&nbsp;&nbsp;&nbsp;hal_exflash_resume
</UL>

<P><STRONG><a name="[54b]"></a>exflash_suspend</STRONG> (Thumb, 0 bytes, Stack size 0 bytes, rom_symbol.txt(ABSOLUTE))
<BR><BR>[Called By]<UL><LI><a href="#[52a]">&gt;&gt;</a>&nbsp;&nbsp;&nbsp;hal_exflash_suspend
</UL>

<P><STRONG><a name="[520]"></a>exflash_wait_busy</STRONG> (Thumb, 0 bytes, Stack size 0 bytes, rom_symbol.txt(ABSOLUTE))
<BR><BR>[Called By]<UL><LI><a href="#[523]">&gt;&gt;</a>&nbsp;&nbsp;&nbsp;enable_quad_mode1
<LI><a href="#[521]">&gt;&gt;</a>&nbsp;&nbsp;&nbsp;enable_quad_mode2
<LI><a href="#[51e]">&gt;&gt;</a>&nbsp;&nbsp;&nbsp;enable_quad_xmc
</UL>

<P><STRONG><a name="[50f]"></a>exflash_wakeup</STRONG> (Thumb, 0 bytes, Stack size 0 bytes, rom_symbol.txt(ABSOLUTE))
<BR><BR>[Called By]<UL><LI><a href="#[fd]">&gt;&gt;</a>&nbsp;&nbsp;&nbsp;hal_exflash_write
<LI><a href="#[fe]">&gt;&gt;</a>&nbsp;&nbsp;&nbsp;hal_exflash_erase
<LI><a href="#[3f9]">&gt;&gt;</a>&nbsp;&nbsp;&nbsp;platform_exflash_enable_quad
<LI><a href="#[50d]">&gt;&gt;</a>&nbsp;&nbsp;&nbsp;hal_exflash_warm_init
<LI><a href="#[502]">&gt;&gt;</a>&nbsp;&nbsp;&nbsp;hal_exflash_wakeup_patch
</UL>

<P><STRONG><a name="[525]"></a>exflash_write_status</STRONG> (Thumb, 0 bytes, Stack size 0 bytes, rom_symbol.txt(ABSOLUTE))
<BR><BR>[Called By]<UL><LI><a href="#[524]">&gt;&gt;</a>&nbsp;&nbsp;&nbsp;enable_quad_mode0
</UL>

<P><STRONG><a name="[54e]"></a>force_dpad_le_high</STRONG> (Thumb, 0 bytes, Stack size 0 bytes, rom_symbol.txt(ABSOLUTE))
<BR><BR>[Called By]<UL><LI><a href="#[b8]">&gt;&gt;</a>&nbsp;&nbsp;&nbsp;sys_context_restore_func
</UL>

<P><STRONG><a name="[34d]"></a>gapc_get_conidx</STRONG> (Thumb, 0 bytes, Stack size 0 bytes, rom_symbol.txt(ABSOLUTE))
<BR><BR>[Called By]<UL><LI><a href="#[83]">&gt;&gt;</a>&nbsp;&nbsp;&nbsp;hci_le_ltk_request_evt_handler_patch (via Veneer)
<LI><a href="#[87]">&gt;&gt;</a>&nbsp;&nbsp;&nbsp;hci_nb_cmp_pkts_evt_handler_patch (via Veneer)
</UL>

<P><STRONG><a name="[476]"></a>gapc_get_dest_task</STRONG> (Thumb, 0 bytes, Stack size 0 bytes, rom_symbol.txt(ABSOLUTE))
<BR><BR>[Called By]<UL><LI><a href="#[d8]">&gt;&gt;</a>&nbsp;&nbsp;&nbsp;smpc_handle_enc_change_evt_func_patch (via Veneer)
</UL>

<P><STRONG><a name="[34e]"></a>gapc_get_operation</STRONG> (Thumb, 0 bytes, Stack size 0 bytes, rom_symbol.txt(ABSOLUTE))
<BR><BR>[Called By]<UL><LI><a href="#[83]">&gt;&gt;</a>&nbsp;&nbsp;&nbsp;hci_le_ltk_request_evt_handler_patch (via Veneer)
<LI><a href="#[d8]">&gt;&gt;</a>&nbsp;&nbsp;&nbsp;smpc_handle_enc_change_evt_func_patch (via Veneer)
</UL>

<P><STRONG><a name="[477]"></a>gapc_link_encrypted</STRONG> (Thumb, 0 bytes, Stack size 0 bytes, rom_symbol.txt(ABSOLUTE))
<BR><BR>[Called By]<UL><LI><a href="#[d8]">&gt;&gt;</a>&nbsp;&nbsp;&nbsp;smpc_handle_enc_change_evt_func_patch (via Veneer)
</UL>

<P><STRONG><a name="[475]"></a>gapc_send_complete_evt</STRONG> (Thumb, 0 bytes, Stack size 0 bytes, rom_symbol.txt(ABSOLUTE))
<BR><BR>[Called By]<UL><LI><a href="#[d8]">&gt;&gt;</a>&nbsp;&nbsp;&nbsp;smpc_handle_enc_change_evt_func_patch (via Veneer)
</UL>

<P><STRONG><a name="[2e5]"></a>gapc_set_local_addr</STRONG> (Thumb, 0 bytes, Stack size 0 bytes, rom_symbol.txt(ABSOLUTE))
<BR><BR>[Called By]<UL><LI><a href="#[7e]">&gt;&gt;</a>&nbsp;&nbsp;&nbsp;gapm_init_connection_ind_func_patch (via Veneer)
</UL>

<P><STRONG><a name="[474]"></a>gapc_update_state</STRONG> (Thumb, 0 bytes, Stack size 0 bytes, rom_symbol.txt(ABSOLUTE))
<BR><BR>[Called By]<UL><LI><a href="#[d8]">&gt;&gt;</a>&nbsp;&nbsp;&nbsp;smpc_handle_enc_change_evt_func_patch (via Veneer)
</UL>

<P><STRONG><a name="[2ec]"></a>gapm_actv_alloc</STRONG> (Thumb, 0 bytes, Stack size 0 bytes, rom_symbol.txt(ABSOLUTE))
<BR><BR>[Called By]<UL><LI><a href="#[2e0]">&gt;&gt;</a>&nbsp;&nbsp;&nbsp;gapm_init_create_patch (via Veneer)
</UL>

<P><STRONG><a name="[2db]"></a>gapm_actv_check_create_param</STRONG> (Thumb, 0 bytes, Stack size 0 bytes, rom_symbol.txt(ABSOLUTE))
<BR><BR>[Called By]<UL><LI><a href="#[80]">&gt;&gt;</a>&nbsp;&nbsp;&nbsp;gapm_activity_create_cmd_handler_patch (via Veneer)
</UL>

<P><STRONG><a name="[2ee]"></a>gapm_actv_created</STRONG> (Thumb, 0 bytes, Stack size 0 bytes, rom_symbol.txt(ABSOLUTE))
<BR><BR>[Called By]<UL><LI><a href="#[2e0]">&gt;&gt;</a>&nbsp;&nbsp;&nbsp;gapm_init_create_patch (via Veneer)
</UL>

<P><STRONG><a name="[2dc]"></a>gapm_actv_get_free_idx</STRONG> (Thumb, 0 bytes, Stack size 0 bytes, rom_symbol.txt(ABSOLUTE))
<BR><BR>[Called By]<UL><LI><a href="#[80]">&gt;&gt;</a>&nbsp;&nbsp;&nbsp;gapm_activity_create_cmd_handler_patch (via Veneer)
</UL>

<P><STRONG><a name="[341]"></a>gapm_actv_retrieve_cmd_cmp_evt</STRONG> (Thumb, 0 bytes, Stack size 0 bytes, rom_symbol.txt(ABSOLUTE))
<BR><BR>[Called By]<UL><LI><a href="#[7f]">&gt;&gt;</a>&nbsp;&nbsp;&nbsp;hci_le_cmd_cmp_evt_init_handler_patch (via Veneer)
</UL>

<P><STRONG><a name="[345]"></a>gapm_actv_started</STRONG> (Thumb, 0 bytes, Stack size 0 bytes, rom_symbol.txt(ABSOLUTE))
<BR><BR>[Called By]<UL><LI><a href="#[342]">&gt;&gt;</a>&nbsp;&nbsp;&nbsp;hci_le_cmd_cmp_evt_starting_handler_patch (via Veneer)
</UL>

<P><STRONG><a name="[2dd]"></a>gapm_adv_create</STRONG> (Thumb, 0 bytes, Stack size 0 bytes, rom_symbol.txt(ABSOLUTE))
<BR><BR>[Called By]<UL><LI><a href="#[80]">&gt;&gt;</a>&nbsp;&nbsp;&nbsp;gapm_activity_create_cmd_handler_patch (via Veneer)
</UL>

<P><STRONG><a name="[2e4]"></a>gapm_get_address_type</STRONG> (Thumb, 0 bytes, Stack size 0 bytes, rom_symbol.txt(ABSOLUTE))
<BR><BR>[Called By]<UL><LI><a href="#[2e0]">&gt;&gt;</a>&nbsp;&nbsp;&nbsp;gapm_init_create_patch (via Veneer)
<LI><a href="#[7e]">&gt;&gt;</a>&nbsp;&nbsp;&nbsp;gapm_init_connection_ind_func_patch (via Veneer)
</UL>

<P><STRONG><a name="[2e1]"></a>gapm_get_att_handle</STRONG> (Thumb, 0 bytes, Stack size 0 bytes, rom_symbol.txt(ABSOLUTE))
<BR><BR>[Called By]<UL><LI><a href="#[d2]">&gt;&gt;</a>&nbsp;&nbsp;&nbsp;gapm_cmp_evt_handler_patch (via Veneer)
</UL>

<P><STRONG><a name="[2ed]"></a>gapm_get_requester</STRONG> (Thumb, 0 bytes, Stack size 0 bytes, rom_symbol.txt(ABSOLUTE))
<BR><BR>[Called By]<UL><LI><a href="#[2e0]">&gt;&gt;</a>&nbsp;&nbsp;&nbsp;gapm_init_create_patch (via Veneer)
</UL>

<P><STRONG><a name="[2ef]"></a>gapm_init_check_param</STRONG> (Thumb, 0 bytes, Stack size 0 bytes, rom_symbol.txt(ABSOLUTE))
<BR><BR>[Called By]<UL><LI><a href="#[7b]">&gt;&gt;</a>&nbsp;&nbsp;&nbsp;gapm_init_start_patch (via Veneer)
</UL>

<P><STRONG><a name="[7d]"></a>gapm_init_delete</STRONG> (Thumb, 0 bytes, Stack size 0 bytes, rom_symbol.txt(ABSOLUTE), UNUSED)
<BR>[Address Reference Count : 1]<UL><LI> gapm_init_patch.o(i.gapm_init_create_patch)
</UL>
<P><STRONG><a name="[2f1]"></a>gapm_init_send_hci_le_create_con_cancel_cmd</STRONG> (Thumb, 0 bytes, Stack size 0 bytes, rom_symbol.txt(ABSOLUTE))
<BR><BR>[Called By]<UL><LI><a href="#[7c]">&gt;&gt;</a>&nbsp;&nbsp;&nbsp;gapm_init_stop_patch (via Veneer)
</UL>

<P><STRONG><a name="[2e9]"></a>gapm_init_send_hci_le_ext_create_con_cmd</STRONG> (Thumb, 0 bytes, Stack size 0 bytes, rom_symbol.txt(ABSOLUTE))
<BR><BR>[Called By]<UL><LI><a href="#[7b]">&gt;&gt;</a>&nbsp;&nbsp;&nbsp;gapm_init_start_patch (via Veneer)
<LI><a href="#[7e]">&gt;&gt;</a>&nbsp;&nbsp;&nbsp;gapm_init_connection_ind_func_patch (via Veneer)
</UL>

<P><STRONG><a name="[2ea]"></a>gapm_init_stopped</STRONG> (Thumb, 0 bytes, Stack size 0 bytes, rom_symbol.txt(ABSOLUTE))
<BR><BR>[Called By]<UL><LI><a href="#[342]">&gt;&gt;</a>&nbsp;&nbsp;&nbsp;hci_le_cmd_cmp_evt_starting_handler_patch (via Veneer)
<LI><a href="#[7e]">&gt;&gt;</a>&nbsp;&nbsp;&nbsp;gapm_init_connection_ind_func_patch (via Veneer)
</UL>

<P><STRONG><a name="[2eb]"></a>gapm_is_addr_type_valid</STRONG> (Thumb, 0 bytes, Stack size 0 bytes, rom_symbol.txt(ABSOLUTE))
<BR><BR>[Called By]<UL><LI><a href="#[2e0]">&gt;&gt;</a>&nbsp;&nbsp;&nbsp;gapm_init_create_patch (via Veneer)
</UL>

<P><STRONG><a name="[2df]"></a>gapm_per_sync_create</STRONG> (Thumb, 0 bytes, Stack size 0 bytes, rom_symbol.txt(ABSOLUTE))
<BR><BR>[Called By]<UL><LI><a href="#[80]">&gt;&gt;</a>&nbsp;&nbsp;&nbsp;gapm_activity_create_cmd_handler_patch (via Veneer)
</UL>

<P><STRONG><a name="[2da]"></a>gapm_process_op</STRONG> (Thumb, 0 bytes, Stack size 0 bytes, rom_symbol.txt(ABSOLUTE))
<BR><BR>[Called By]<UL><LI><a href="#[80]">&gt;&gt;</a>&nbsp;&nbsp;&nbsp;gapm_activity_create_cmd_handler_patch (via Veneer)
</UL>

<P><STRONG><a name="[2de]"></a>gapm_scan_create</STRONG> (Thumb, 0 bytes, Stack size 0 bytes, rom_symbol.txt(ABSOLUTE))
<BR><BR>[Called By]<UL><LI><a href="#[80]">&gt;&gt;</a>&nbsp;&nbsp;&nbsp;gapm_activity_create_cmd_handler_patch (via Veneer)
</UL>

<P><STRONG><a name="[1d5]"></a>gattc_get_mtu</STRONG> (Thumb, 0 bytes, Stack size 0 bytes, rom_symbol.txt(ABSOLUTE))
<BR><BR>[Called By]<UL><LI><a href="#[107]">&gt;&gt;</a>&nbsp;&nbsp;&nbsp;atts_read_mult_req_patch (via Veneer)
</UL>

<P><STRONG><a name="[30f]"></a>hal_aon_gpio_br_callback</STRONG> (Thumb, 0 bytes, Stack size 0 bytes, rom_symbol.txt(ABSOLUTE))
<BR><BR>[Called By]<UL><LI><a href="#[30d]">&gt;&gt;</a>&nbsp;&nbsp;&nbsp;hal_aon_gpio_irq_handler
</UL>

<P><STRONG><a name="[194]"></a>hal_aon_gpio_read_pin</STRONG> (Thumb, 0 bytes, Stack size 0 bytes, rom_symbol.txt(ABSOLUTE))
<BR><BR>[Called By]<UL><LI><a href="#[191]">&gt;&gt;</a>&nbsp;&nbsp;&nbsp;app_io_read_pin
</UL>

<P><STRONG><a name="[30a]"></a>hal_aon_gpio_register_callback</STRONG> (Thumb, 0 bytes, Stack size 0 bytes, rom_symbol.txt(ABSOLUTE))
<BR><BR>[Called By]<UL><LI><a href="#[18f]">&gt;&gt;</a>&nbsp;&nbsp;&nbsp;hal_aon_gpio_init
</UL>

<P><STRONG><a name="[362]"></a>hal_dma_abort_it</STRONG> (Thumb, 0 bytes, Stack size 0 bytes, rom_symbol.txt(ABSOLUTE))
<BR><BR>[Called By]<UL><LI><a href="#[366]">&gt;&gt;</a>&nbsp;&nbsp;&nbsp;i2c_it_slave_cplt
<LI><a href="#[321]">&gt;&gt;</a>&nbsp;&nbsp;&nbsp;i2c_it_error
</UL>

<P><STRONG><a name="[297]"></a>hal_dma_get_state</STRONG> (Thumb, 0 bytes, Stack size 0 bytes, rom_symbol.txt(ABSOLUTE))
<BR><BR>[Called By]<UL><LI><a href="#[e2]">&gt;&gt;</a>&nbsp;&nbsp;&nbsp;dma_prepare_for_sleep
</UL>

<P><STRONG><a name="[4c0]"></a>hal_dma_irq_handler</STRONG> (Thumb, 0 bytes, Stack size 0 bytes, rom_symbol.txt(ABSOLUTE))
<BR><BR>[Called By]<UL><LI><a href="#[3f]">&gt;&gt;</a>&nbsp;&nbsp;&nbsp;DMA_IRQHandler
</UL>

<P><STRONG><a name="[4bf]"></a>hal_dma_resume_reg</STRONG> (Thumb, 0 bytes, Stack size 0 bytes, rom_symbol.txt(ABSOLUTE))
<BR><BR>[Called By]<UL><LI><a href="#[e4]">&gt;&gt;</a>&nbsp;&nbsp;&nbsp;dma_wake_up_ind
</UL>

<P><STRONG><a name="[298]"></a>hal_dma_suspend_reg</STRONG> (Thumb, 0 bytes, Stack size 0 bytes, rom_symbol.txt(ABSOLUTE))
<BR><BR>[Called By]<UL><LI><a href="#[e2]">&gt;&gt;</a>&nbsp;&nbsp;&nbsp;dma_prepare_for_sleep
</UL>

<P><STRONG><a name="[482]"></a>hal_efuse_read</STRONG> (Thumb, 0 bytes, Stack size 0 bytes, rom_symbol.txt(ABSOLUTE))
<BR><BR>[Called By]<UL><LI><a href="#[35d]">&gt;&gt;</a>&nbsp;&nbsp;&nbsp;sys_get_efuse_io_ldo
<LI><a href="#[47e]">&gt;&gt;</a>&nbsp;&nbsp;&nbsp;sys_efuse_info_sync
</UL>

<P><STRONG><a name="[317]"></a>hal_exflash_init_ext</STRONG> (Thumb, 0 bytes, Stack size 0 bytes, rom_symbol.txt(ABSOLUTE))
<BR><BR>[Called By]<UL><LI><a href="#[315]">&gt;&gt;</a>&nbsp;&nbsp;&nbsp;hal_flash_init
</UL>

<P><STRONG><a name="[314]"></a>hal_exflash_read_rom</STRONG> (Thumb, 0 bytes, Stack size 0 bytes, rom_symbol.txt(ABSOLUTE))
<BR><BR>[Called By]<UL><LI><a href="#[313]">&gt;&gt;</a>&nbsp;&nbsp;&nbsp;hal_exflash_read
</UL>

<P><STRONG><a name="[50e]"></a>hal_exflash_set_retry</STRONG> (Thumb, 0 bytes, Stack size 0 bytes, rom_symbol.txt(ABSOLUTE))
<BR><BR>[Called By]<UL><LI><a href="#[50d]">&gt;&gt;</a>&nbsp;&nbsp;&nbsp;hal_exflash_warm_init
</UL>

<P><STRONG><a name="[319]"></a>hal_gpio_deinit_ext</STRONG> (Thumb, 0 bytes, Stack size 0 bytes, rom_symbol.txt(ABSOLUTE))
<BR><BR>[Called By]<UL><LI><a href="#[18b]">&gt;&gt;</a>&nbsp;&nbsp;&nbsp;hal_gpio_deinit
</UL>

<P><STRONG><a name="[4c1]"></a>hal_gpio_exti_irq_handler</STRONG> (Thumb, 0 bytes, Stack size 0 bytes, rom_symbol.txt(ABSOLUTE))
<BR><BR>[Called By]<UL><LI><a href="#[43]">&gt;&gt;</a>&nbsp;&nbsp;&nbsp;EXT1_IRQHandler
<LI><a href="#[42]">&gt;&gt;</a>&nbsp;&nbsp;&nbsp;EXT0_IRQHandler
</UL>

<P><STRONG><a name="[31a]"></a>hal_gpio_init_ext</STRONG> (Thumb, 0 bytes, Stack size 0 bytes, rom_symbol.txt(ABSOLUTE))
<BR><BR>[Called By]<UL><LI><a href="#[18e]">&gt;&gt;</a>&nbsp;&nbsp;&nbsp;hal_gpio_init
</UL>

<P><STRONG><a name="[193]"></a>hal_gpio_read_pin</STRONG> (Thumb, 0 bytes, Stack size 0 bytes, rom_symbol.txt(ABSOLUTE))
<BR><BR>[Called By]<UL><LI><a href="#[191]">&gt;&gt;</a>&nbsp;&nbsp;&nbsp;app_io_read_pin
</UL>

<P><STRONG><a name="[318]"></a>hal_gpio_register_callback</STRONG> (Thumb, 0 bytes, Stack size 0 bytes, rom_symbol.txt(ABSOLUTE))
<BR><BR>[Called By]<UL><LI><a href="#[18e]">&gt;&gt;</a>&nbsp;&nbsp;&nbsp;hal_gpio_init
<LI><a href="#[18b]">&gt;&gt;</a>&nbsp;&nbsp;&nbsp;hal_gpio_deinit
</UL>

<P><STRONG><a name="[196]"></a>hal_gpio_write_pin</STRONG> (Thumb, 0 bytes, Stack size 0 bytes, rom_symbol.txt(ABSOLUTE))
<BR><BR>[Called By]<UL><LI><a href="#[195]">&gt;&gt;</a>&nbsp;&nbsp;&nbsp;app_io_write_pin
</UL>

<P><STRONG><a name="[31b]"></a>hal_i2c_register_callback</STRONG> (Thumb, 0 bytes, Stack size 0 bytes, rom_symbol.txt(ABSOLUTE))
<BR><BR>[Called By]<UL><LI><a href="#[179]">&gt;&gt;</a>&nbsp;&nbsp;&nbsp;hal_i2c_init
<LI><a href="#[178]">&gt;&gt;</a>&nbsp;&nbsp;&nbsp;hal_i2c_deinit
</UL>

<P><STRONG><a name="[32a]"></a>hal_i2s_deinit_ext</STRONG> (Thumb, 0 bytes, Stack size 0 bytes, rom_symbol.txt(ABSOLUTE))
<BR><BR>[Called By]<UL><LI><a href="#[183]">&gt;&gt;</a>&nbsp;&nbsp;&nbsp;hal_i2s_deinit
</UL>

<P><STRONG><a name="[36f]"></a>hal_i2s_get_state</STRONG> (Thumb, 0 bytes, Stack size 0 bytes, rom_symbol.txt(ABSOLUTE))
<BR><BR>[Called By]<UL><LI><a href="#[ee]">&gt;&gt;</a>&nbsp;&nbsp;&nbsp;i2s_prepare_for_sleep
</UL>

<P><STRONG><a name="[32b]"></a>hal_i2s_init_ext</STRONG> (Thumb, 0 bytes, Stack size 0 bytes, rom_symbol.txt(ABSOLUTE))
<BR><BR>[Called By]<UL><LI><a href="#[188]">&gt;&gt;</a>&nbsp;&nbsp;&nbsp;hal_i2s_init
</UL>

<P><STRONG><a name="[4c5]"></a>hal_i2s_irq_handler</STRONG> (Thumb, 0 bytes, Stack size 0 bytes, rom_symbol.txt(ABSOLUTE))
<BR><BR>[Called By]<UL><LI><a href="#[59]">&gt;&gt;</a>&nbsp;&nbsp;&nbsp;I2S_M_IRQHandler
<LI><a href="#[5a]">&gt;&gt;</a>&nbsp;&nbsp;&nbsp;I2S_S_IRQHandler
</UL>

<P><STRONG><a name="[18a]"></a>hal_i2s_receive_dma</STRONG> (Thumb, 0 bytes, Stack size 0 bytes, rom_symbol.txt(ABSOLUTE))
<BR><BR>[Called By]<UL><LI><a href="#[184]">&gt;&gt;</a>&nbsp;&nbsp;&nbsp;app_i2s_receive_async
</UL>

<P><STRONG><a name="[189]"></a>hal_i2s_receive_it</STRONG> (Thumb, 0 bytes, Stack size 0 bytes, rom_symbol.txt(ABSOLUTE))
<BR><BR>[Called By]<UL><LI><a href="#[184]">&gt;&gt;</a>&nbsp;&nbsp;&nbsp;app_i2s_receive_async
</UL>

<P><STRONG><a name="[329]"></a>hal_i2s_register_callback</STRONG> (Thumb, 0 bytes, Stack size 0 bytes, rom_symbol.txt(ABSOLUTE))
<BR><BR>[Called By]<UL><LI><a href="#[188]">&gt;&gt;</a>&nbsp;&nbsp;&nbsp;hal_i2s_init
<LI><a href="#[183]">&gt;&gt;</a>&nbsp;&nbsp;&nbsp;hal_i2s_deinit
</UL>

<P><STRONG><a name="[4c4]"></a>hal_i2s_resume_reg</STRONG> (Thumb, 0 bytes, Stack size 0 bytes, rom_symbol.txt(ABSOLUTE))
<BR><BR>[Called By]<UL><LI><a href="#[f0]">&gt;&gt;</a>&nbsp;&nbsp;&nbsp;i2s_wake_up_ind
</UL>

<P><STRONG><a name="[370]"></a>hal_i2s_suspend_reg</STRONG> (Thumb, 0 bytes, Stack size 0 bytes, rom_symbol.txt(ABSOLUTE))
<BR><BR>[Called By]<UL><LI><a href="#[ee]">&gt;&gt;</a>&nbsp;&nbsp;&nbsp;i2s_prepare_for_sleep
</UL>

<P><STRONG><a name="[32d]"></a>hal_init_ext</STRONG> (Thumb, 0 bytes, Stack size 0 bytes, rom_symbol.txt(ABSOLUTE))
<BR><BR>[Called By]<UL><LI><a href="#[1b2]">&gt;&gt;</a>&nbsp;&nbsp;&nbsp;hal_init
</UL>

<P><STRONG><a name="[192]"></a>hal_msio_read_pin</STRONG> (Thumb, 0 bytes, Stack size 0 bytes, rom_symbol.txt(ABSOLUTE))
<BR><BR>[Called By]<UL><LI><a href="#[191]">&gt;&gt;</a>&nbsp;&nbsp;&nbsp;app_io_read_pin
</UL>

<P><STRONG><a name="[198]"></a>hal_msio_write_pin</STRONG> (Thumb, 0 bytes, Stack size 0 bytes, rom_symbol.txt(ABSOLUTE))
<BR><BR>[Called By]<UL><LI><a href="#[195]">&gt;&gt;</a>&nbsp;&nbsp;&nbsp;app_io_write_pin
</UL>

<P><STRONG><a name="[162]"></a>hal_nvic_clear_pending_irq</STRONG> (Thumb, 0 bytes, Stack size 0 bytes, rom_symbol.txt(ABSOLUTE))
<BR><BR>[Called By]<UL><LI><a href="#[ea]">&gt;&gt;</a>&nbsp;&nbsp;&nbsp;uart_wake_up_ind
<LI><a href="#[16d]">&gt;&gt;</a>&nbsp;&nbsp;&nbsp;app_gpiote_init
<LI><a href="#[160]">&gt;&gt;</a>&nbsp;&nbsp;&nbsp;app_dma_init
<LI><a href="#[e4]">&gt;&gt;</a>&nbsp;&nbsp;&nbsp;dma_wake_up_ind
<LI><a href="#[1ab]">&gt;&gt;</a>&nbsp;&nbsp;&nbsp;app_spi_init
<LI><a href="#[f6]">&gt;&gt;</a>&nbsp;&nbsp;&nbsp;spi_wake_up_ind
<LI><a href="#[175]">&gt;&gt;</a>&nbsp;&nbsp;&nbsp;app_i2c_init
<LI><a href="#[f3]">&gt;&gt;</a>&nbsp;&nbsp;&nbsp;i2c_wake_up_ind
<LI><a href="#[186]">&gt;&gt;</a>&nbsp;&nbsp;&nbsp;app_i2s_init
<LI><a href="#[f0]">&gt;&gt;</a>&nbsp;&nbsp;&nbsp;i2s_wake_up_ind
<LI><a href="#[1bc]">&gt;&gt;</a>&nbsp;&nbsp;&nbsp;app_uart_init
</UL>

<P><STRONG><a name="[15f]"></a>hal_nvic_disable_irq</STRONG> (Thumb, 0 bytes, Stack size 0 bytes, rom_symbol.txt(ABSOLUTE))
<BR><BR>[Called By]<UL><LI><a href="#[15c]">&gt;&gt;</a>&nbsp;&nbsp;&nbsp;app_dma_deinit
<LI><a href="#[1a8]">&gt;&gt;</a>&nbsp;&nbsp;&nbsp;app_spi_deinit
<LI><a href="#[181]">&gt;&gt;</a>&nbsp;&nbsp;&nbsp;app_i2s_deinit
</UL>

<P><STRONG><a name="[163]"></a>hal_nvic_enable_irq</STRONG> (Thumb, 0 bytes, Stack size 0 bytes, rom_symbol.txt(ABSOLUTE))
<BR><BR>[Called By]<UL><LI><a href="#[ea]">&gt;&gt;</a>&nbsp;&nbsp;&nbsp;uart_wake_up_ind
<LI><a href="#[16d]">&gt;&gt;</a>&nbsp;&nbsp;&nbsp;app_gpiote_init
<LI><a href="#[e7]">&gt;&gt;</a>&nbsp;&nbsp;&nbsp;gpiote_wake_up_ind
<LI><a href="#[160]">&gt;&gt;</a>&nbsp;&nbsp;&nbsp;app_dma_init
<LI><a href="#[e4]">&gt;&gt;</a>&nbsp;&nbsp;&nbsp;dma_wake_up_ind
<LI><a href="#[1ab]">&gt;&gt;</a>&nbsp;&nbsp;&nbsp;app_spi_init
<LI><a href="#[f6]">&gt;&gt;</a>&nbsp;&nbsp;&nbsp;spi_wake_up_ind
<LI><a href="#[175]">&gt;&gt;</a>&nbsp;&nbsp;&nbsp;app_i2c_init
<LI><a href="#[f3]">&gt;&gt;</a>&nbsp;&nbsp;&nbsp;i2c_wake_up_ind
<LI><a href="#[186]">&gt;&gt;</a>&nbsp;&nbsp;&nbsp;app_i2s_init
<LI><a href="#[f0]">&gt;&gt;</a>&nbsp;&nbsp;&nbsp;i2s_wake_up_ind
<LI><a href="#[1bc]">&gt;&gt;</a>&nbsp;&nbsp;&nbsp;app_uart_init
</UL>

<P><STRONG><a name="[501]"></a>hal_pwr_enter_chip_deepsleep</STRONG> (Thumb, 0 bytes, Stack size 0 bytes, rom_symbol.txt(ABSOLUTE))
<BR><BR>[Called By]<UL><LI><a href="#[bb]">&gt;&gt;</a>&nbsp;&nbsp;&nbsp;pwr_mgmt_shutdown_patch
</UL>

<P><STRONG><a name="[4bc]"></a>hal_pwr_sleep_timer_irq_handler</STRONG> (Thumb, 0 bytes, Stack size 0 bytes, rom_symbol.txt(ABSOLUTE))
<BR><BR>[Called By]<UL><LI><a href="#[56]">&gt;&gt;</a>&nbsp;&nbsp;&nbsp;SLPTIMER_IRQHandler
</UL>

<P><STRONG><a name="[32c]"></a>hal_register_callback</STRONG> (Thumb, 0 bytes, Stack size 0 bytes, rom_symbol.txt(ABSOLUTE))
<BR><BR>[Called By]<UL><LI><a href="#[1b2]">&gt;&gt;</a>&nbsp;&nbsp;&nbsp;hal_init
</UL>

<P><STRONG><a name="[334]"></a>hal_spi_deinit_ext</STRONG> (Thumb, 0 bytes, Stack size 0 bytes, rom_symbol.txt(ABSOLUTE))
<BR><BR>[Called By]<UL><LI><a href="#[1a9]">&gt;&gt;</a>&nbsp;&nbsp;&nbsp;hal_spi_deinit
</UL>

<P><STRONG><a name="[47a]"></a>hal_spi_get_state</STRONG> (Thumb, 0 bytes, Stack size 0 bytes, rom_symbol.txt(ABSOLUTE))
<BR><BR>[Called By]<UL><LI><a href="#[f4]">&gt;&gt;</a>&nbsp;&nbsp;&nbsp;spi_prepare_for_sleep
</UL>

<P><STRONG><a name="[335]"></a>hal_spi_init_ext</STRONG> (Thumb, 0 bytes, Stack size 0 bytes, rom_symbol.txt(ABSOLUTE))
<BR><BR>[Called By]<UL><LI><a href="#[1ad]">&gt;&gt;</a>&nbsp;&nbsp;&nbsp;hal_spi_init
</UL>

<P><STRONG><a name="[4c8]"></a>hal_spi_irq_handler</STRONG> (Thumb, 0 bytes, Stack size 0 bytes, rom_symbol.txt(ABSOLUTE))
<BR><BR>[Called By]<UL><LI><a href="#[40]">&gt;&gt;</a>&nbsp;&nbsp;&nbsp;SPI_M_IRQHandler
<LI><a href="#[41]">&gt;&gt;</a>&nbsp;&nbsp;&nbsp;SPI_S_IRQHandler
</UL>

<P><STRONG><a name="[333]"></a>hal_spi_register_callback</STRONG> (Thumb, 0 bytes, Stack size 0 bytes, rom_symbol.txt(ABSOLUTE))
<BR><BR>[Called By]<UL><LI><a href="#[1ad]">&gt;&gt;</a>&nbsp;&nbsp;&nbsp;hal_spi_init
<LI><a href="#[1a9]">&gt;&gt;</a>&nbsp;&nbsp;&nbsp;hal_spi_deinit
</UL>

<P><STRONG><a name="[4c7]"></a>hal_spi_resume_reg</STRONG> (Thumb, 0 bytes, Stack size 0 bytes, rom_symbol.txt(ABSOLUTE))
<BR><BR>[Called By]<UL><LI><a href="#[f6]">&gt;&gt;</a>&nbsp;&nbsp;&nbsp;spi_wake_up_ind
</UL>

<P><STRONG><a name="[47b]"></a>hal_spi_suspend_reg</STRONG> (Thumb, 0 bytes, Stack size 0 bytes, rom_symbol.txt(ABSOLUTE))
<BR><BR>[Called By]<UL><LI><a href="#[f4]">&gt;&gt;</a>&nbsp;&nbsp;&nbsp;spi_prepare_for_sleep
</UL>

<P><STRONG><a name="[1b1]"></a>hal_spi_transmit</STRONG> (Thumb, 0 bytes, Stack size 0 bytes, rom_symbol.txt(ABSOLUTE))
<BR><BR>[Called By]<UL><LI><a href="#[1b0]">&gt;&gt;</a>&nbsp;&nbsp;&nbsp;app_spi_transmit_sync
</UL>

<P><STRONG><a name="[1af]"></a>hal_spi_transmit_receive</STRONG> (Thumb, 0 bytes, Stack size 0 bytes, rom_symbol.txt(ABSOLUTE))
<BR><BR>[Called By]<UL><LI><a href="#[1ae]">&gt;&gt;</a>&nbsp;&nbsp;&nbsp;app_spi_transmit_receive_sync
</UL>

<P><STRONG><a name="[1b9]"></a>hal_uart_abort_transmit_it</STRONG> (Thumb, 0 bytes, Stack size 0 bytes, rom_symbol.txt(ABSOLUTE))
<BR><BR>[Called By]<UL><LI><a href="#[1b6]">&gt;&gt;</a>&nbsp;&nbsp;&nbsp;app_uart_flush
</UL>

<P><STRONG><a name="[337]"></a>hal_uart_deinit_ext</STRONG> (Thumb, 0 bytes, Stack size 0 bytes, rom_symbol.txt(ABSOLUTE))
<BR><BR>[Called By]<UL><LI><a href="#[1bf]">&gt;&gt;</a>&nbsp;&nbsp;&nbsp;hal_uart_deinit
</UL>

<P><STRONG><a name="[338]"></a>hal_uart_init_ext</STRONG> (Thumb, 0 bytes, Stack size 0 bytes, rom_symbol.txt(ABSOLUTE))
<BR><BR>[Called By]<UL><LI><a href="#[1c0]">&gt;&gt;</a>&nbsp;&nbsp;&nbsp;hal_uart_init
</UL>

<P><STRONG><a name="[4c3]"></a>hal_uart_irq_handler</STRONG> (Thumb, 0 bytes, Stack size 0 bytes, rom_symbol.txt(ABSOLUTE))
<BR><BR>[Called By]<UL><LI><a href="#[49]">&gt;&gt;</a>&nbsp;&nbsp;&nbsp;UART1_IRQHandler
<LI><a href="#[48]">&gt;&gt;</a>&nbsp;&nbsp;&nbsp;UART0_IRQHandler
</UL>

<P><STRONG><a name="[1c3]"></a>hal_uart_receive_dma</STRONG> (Thumb, 0 bytes, Stack size 0 bytes, rom_symbol.txt(ABSOLUTE))
<BR><BR>[Called By]<UL><LI><a href="#[1c1]">&gt;&gt;</a>&nbsp;&nbsp;&nbsp;app_uart_receive_async
</UL>

<P><STRONG><a name="[1c2]"></a>hal_uart_receive_it</STRONG> (Thumb, 0 bytes, Stack size 0 bytes, rom_symbol.txt(ABSOLUTE))
<BR><BR>[Called By]<UL><LI><a href="#[1c1]">&gt;&gt;</a>&nbsp;&nbsp;&nbsp;app_uart_receive_async
</UL>

<P><STRONG><a name="[336]"></a>hal_uart_register_callback</STRONG> (Thumb, 0 bytes, Stack size 0 bytes, rom_symbol.txt(ABSOLUTE))
<BR><BR>[Called By]<UL><LI><a href="#[1c0]">&gt;&gt;</a>&nbsp;&nbsp;&nbsp;hal_uart_init
<LI><a href="#[1bf]">&gt;&gt;</a>&nbsp;&nbsp;&nbsp;hal_uart_deinit
</UL>

<P><STRONG><a name="[4c2]"></a>hal_uart_resume_reg</STRONG> (Thumb, 0 bytes, Stack size 0 bytes, rom_symbol.txt(ABSOLUTE))
<BR><BR>[Called By]<UL><LI><a href="#[ea]">&gt;&gt;</a>&nbsp;&nbsp;&nbsp;uart_wake_up_ind
</UL>

<P><STRONG><a name="[4a0]"></a>hal_uart_suspend_reg</STRONG> (Thumb, 0 bytes, Stack size 0 bytes, rom_symbol.txt(ABSOLUTE))
<BR><BR>[Called By]<UL><LI><a href="#[e8]">&gt;&gt;</a>&nbsp;&nbsp;&nbsp;uart_prepare_for_sleep
</UL>

<P><STRONG><a name="[1ba]"></a>hal_uart_transmit</STRONG> (Thumb, 0 bytes, Stack size 0 bytes, rom_symbol.txt(ABSOLUTE))
<BR><BR>[Called By]<UL><LI><a href="#[1b6]">&gt;&gt;</a>&nbsp;&nbsp;&nbsp;app_uart_flush
</UL>

<P><STRONG><a name="[1c5]"></a>hal_uart_transmit_dma</STRONG> (Thumb, 0 bytes, Stack size 0 bytes, rom_symbol.txt(ABSOLUTE))
<BR><BR>[Called By]<UL><LI><a href="#[1b5]">&gt;&gt;</a>&nbsp;&nbsp;&nbsp;app_uart_start_transmit_async
</UL>

<P><STRONG><a name="[1c4]"></a>hal_uart_transmit_it</STRONG> (Thumb, 0 bytes, Stack size 0 bytes, rom_symbol.txt(ABSOLUTE))
<BR><BR>[Called By]<UL><LI><a href="#[1b5]">&gt;&gt;</a>&nbsp;&nbsp;&nbsp;app_uart_start_transmit_async
[...]
<LI><a href="#[393]">&gt;&gt;</a>&nbsp;&nbsp;&nbsp;lld_con_env_is_free
</UL>
<BR>[Called By]<UL><LI><a href="#[90]">&gt;&gt;</a>&nbsp;&nbsp;&nbsp;llc_rem_llcp_rsp_to_handler_patch
<LI><a href="#[8f]">&gt;&gt;</a>&nbsp;&nbsp;&nbsp;llc_loc_llcp_rsp_to_handler_patch
</UL>

<P><STRONG><a name="[8f]"></a>llc_loc_llcp_rsp_to_handler_patch</STRONG> (Thumb, 12 bytes, Stack size 8 bytes, llc_task_patch.o(i.llc_loc_llcp_rsp_to_handler_patch))
<BR><BR>[Stack]<UL><LI>Max Depth = 16<LI>Call Chain = llc_loc_llcp_rsp_to_handler_patch &rArr; llc_llcp_rsp_to
</UL>
<BR>[Calls]<UL><LI><a href="#[392]">&gt;&gt;</a>&nbsp;&nbsp;&nbsp;llc_llcp_rsp_to
</UL>
<BR>[Address Reference Count : 1]<UL><LI> llc_task_patch.o(i.llc_msg_handler_tab_replace)
</UL>
<P><STRONG><a name="[395]"></a>llc_msg_handler_replace</STRONG> (Thumb, 38 bytes, Stack size 12 bytes, llc_task_patch.o(i.llc_msg_handler_replace))
<BR><BR>[Stack]<UL><LI>Max Depth = 12<LI>Call Chain = llc_msg_handler_replace
</UL>
<BR>[Called By]<UL><LI><a href="#[220]">&gt;&gt;</a>&nbsp;&nbsp;&nbsp;llc_msg_handler_tab_replace
</UL>

<P><STRONG><a name="[90]"></a>llc_rem_llcp_rsp_to_handler_patch</STRONG> (Thumb, 12 bytes, Stack size 8 bytes, llc_task_patch.o(i.llc_rem_llcp_rsp_to_handler_patch))
<BR><BR>[Stack]<UL><LI>Max Depth = 16<LI>Call Chain = llc_rem_llcp_rsp_to_handler_patch &rArr; llc_llcp_rsp_to
</UL>
<BR>[Calls]<UL><LI><a href="#[392]">&gt;&gt;</a>&nbsp;&nbsp;&nbsp;llc_llcp_rsp_to
</UL>
<BR>[Address Reference Count : 1]<UL><LI> llc_task_patch.o(i.llc_msg_handler_tab_replace)
</UL>
<P><STRONG><a name="[379]"></a>get_conn_idx_by_id</STRONG> (Thumb, 42 bytes, Stack size 12 bytes, l2cm_patch.o(i.get_conn_idx_by_id))
<BR><BR>[Stack]<UL><LI>Max Depth = 12<LI>Call Chain = get_conn_idx_by_id
</UL>
<BR>[Called By]<UL><LI><a href="#[88]">&gt;&gt;</a>&nbsp;&nbsp;&nbsp;l2cm_l2cap_tx_handler_patch
</UL>

<P><STRONG><a name="[88]"></a>l2cm_l2cap_tx_handler_patch</STRONG> (Thumb, 148 bytes, Stack size 32 bytes, l2cm_patch.o(i.l2cm_l2cap_tx_handler_patch))
<BR><BR>[Stack]<UL><LI>Max Depth = 44<LI>Call Chain = l2cm_l2cap_tx_handler_patch &rArr; get_conn_idx_by_id
</UL>
<BR>[Calls]<UL><LI><a href="#[35b]">&gt;&gt;</a>&nbsp;&nbsp;&nbsp;ke_event_set
<LI><a href="#[378]">&gt;&gt;</a>&nbsp;&nbsp;&nbsp;ke_event_clear
<LI><a href="#[379]">&gt;&gt;</a>&nbsp;&nbsp;&nbsp;get_conn_idx_by_id
</UL>
<BR>[Address Reference Count : 1]<UL><LI> l2cm_patch.o(i.l2cm_l2cap_tx_handler_replace)
</UL>
<P><STRONG><a name="[35a]"></a>get_id_by_conn_idx</STRONG> (Thumb, 34 bytes, Stack size 8 bytes, l2cc_task_patch.o(i.get_id_by_conn_idx))
<BR><BR>[Stack]<UL><LI>Max Depth = 8<LI>Call Chain = get_id_by_conn_idx
</UL>
<BR>[Called By]<UL><LI><a href="#[87]">&gt;&gt;</a>&nbsp;&nbsp;&nbsp;hci_nb_cmp_pkts_evt_handler_patch
</UL>

<P><STRONG><a name="[375]"></a>l2cc_msg_handler_replace</STRONG> (Thumb, 38 bytes, Stack size 12 bytes, l2cc_task_patch.o(i.l2cc_msg_handler_replace))
<BR><BR>[Stack]<UL><LI>Max Depth = 12<LI>Call Chain = l2cc_msg_handler_replace
</UL>
<BR>[Called By]<UL><LI><a href="#[222]">&gt;&gt;</a>&nbsp;&nbsp;&nbsp;l2cc_msg_handler_tab_replace
</UL>

<P><STRONG><a name="[3bd]"></a>lld_try_to_free_old_buffer</STRONG> (Thumb, 56 bytes, Stack size 0 bytes, lld_adv_patch.o(i.lld_try_to_free_old_buffer))
<BR><BR>[Calls]<UL><LI><a href="#[3d3]">&gt;&gt;</a>&nbsp;&nbsp;&nbsp;ble_util_buf_adv_tx_free (via Veneer)
</UL>
<BR>[Called By]<UL><LI><a href="#[3b6]">&gt;&gt;</a>&nbsp;&nbsp;&nbsp;lld_adv_frm_isr_patch
</UL>

<P><STRONG><a name="[83]"></a>hci_le_ltk_request_evt_handler_patch</STRONG> (Thumb, 178 bytes, Stack size 24 bytes, gapc_hci_patch.o(i.hci_le_ltk_request_evt_handler_patch))
<BR><BR>[Stack]<UL><LI>Max Depth = 24<LI>Call Chain = hci_le_ltk_request_evt_handler_patch
</UL>
<BR>[Calls]<UL><LI><a href="#[352]">&gt;&gt;</a>&nbsp;&nbsp;&nbsp;smpc_send_pairing_ind
<LI><a href="#[350]">&gt;&gt;</a>&nbsp;&nbsp;&nbsp;smpc_send_ltk_req_rsp
<LI><a href="#[34f]">&gt;&gt;</a>&nbsp;&nbsp;&nbsp;smpc_secure_connections_enabled
<LI><a href="#[351]">&gt;&gt;</a>&nbsp;&nbsp;&nbsp;smpc_generate_stk
<LI><a href="#[34e]">&gt;&gt;</a>&nbsp;&nbsp;&nbsp;gapc_get_operation (via Veneer)
<LI><a href="#[34d]">&gt;&gt;</a>&nbsp;&nbsp;&nbsp;gapc_get_conidx (via Veneer)
<LI><a href="#[2e7]">&gt;&gt;</a>&nbsp;&nbsp;&nbsp;ke_msg_send
<LI><a href="#[2e6]">&gt;&gt;</a>&nbsp;&nbsp;&nbsp;ke_msg_alloc
</UL>
<BR>[Address Reference Count : 1]<UL><LI> gapc_hci_patch.o(i.hci_le_event_handler_tab_func_replace)
</UL>
<P><STRONG><a name="[79]"></a>get_info</STRONG> (Thumb, 70 bytes, Stack size 16 bytes, dfu_cmd_handler_patch.o(i.get_info))
<BR><BR>[Stack]<UL><LI>Max Depth = 16<LI>Call Chain = get_info
</UL>
<BR>[Calls]<UL><LI><a href="#[2fb]">&gt;&gt;</a>&nbsp;&nbsp;&nbsp;dfu_send_frame
</UL>
<BR>[Address Reference Count : 1]<UL><LI> dfu_cmd_handler_patch.o(i.dfu_cmd_handler_replace)
</UL>
<P><STRONG><a name="[1cc]"></a>attm_update_max_len</STRONG> (Thumb, 102 bytes, Stack size 24 bytes, ble_sdk_gapm_patch.o(i.attm_update_max_len))
<BR><BR>[Stack]<UL><LI>Max Depth = 24<LI>Call Chain = attm_update_max_len
</UL>
<BR>[Calls]<UL><LI><a href="#[1ce]">&gt;&gt;</a>&nbsp;&nbsp;&nbsp;attmdb_uuid16_comp (via Veneer)
<LI><a href="#[1cd]">&gt;&gt;</a>&nbsp;&nbsp;&nbsp;attmdb_get_attribute (via Veneer)
</UL>
<BR>[Called By]<UL><LI><a href="#[d2]">&gt;&gt;</a>&nbsp;&nbsp;&nbsp;gapm_cmp_evt_handler_patch
</UL>

<P><STRONG><a name="[d1]"></a>gap_activity_stopped_ind_handler_patch</STRONG> (Thumb, 274 bytes, Stack size 32 bytes, ble_sdk_gapm_patch.o(i.gap_activity_stopped_ind_handler_patch))
<BR><BR>[Stack]<UL><LI>Max Depth = 32<LI>Call Chain = gap_activity_stopped_ind_handler_patch
</UL>
<BR>[Calls]<UL><LI><a href="#[14a]">&gt;&gt;</a>&nbsp;&nbsp;&nbsp;dbg_log_printf (via Veneer)
<LI><a href="#[2b7]">&gt;&gt;</a>&nbsp;&nbsp;&nbsp;gap_get_per_sync_idx_by_actv_idx
<LI><a href="#[2b6]">&gt;&gt;</a>&nbsp;&nbsp;&nbsp;gap_get_adv_idx_by_actv_idx
</UL>
<BR>[Address Reference Count : 1]<UL><LI> ble_sdk_gapm_patch.o(i.sdk_gapm_msg_handler_tab_replace)
</UL>
<P><STRONG><a name="[6d]"></a>gap_device_config_params_init_patch</STRONG> (Thumb, 256 bytes, Stack size 72 bytes, ble_sdk_gapm_patch.o(i.gap_device_config_params_init_patch))
<BR><BR>[Stack]<UL><LI>Max Depth = 336<LI>Call Chain = gap_device_config_params_init_patch &rArr; init_ltk_list
</UL>
<BR>[Calls]<UL><LI><a href="#[2c6]">&gt;&gt;</a>&nbsp;&nbsp;&nbsp;sec_build_rand16
<LI><a href="#[6a]">&gt;&gt;</a>&nbsp;&nbsp;&nbsp;ble_nvds_get
<LI><a href="#[2c5]">&gt;&gt;</a>&nbsp;&nbsp;&nbsp;rwip_time_get
<LI><a href="#[2c4]">&gt;&gt;</a>&nbsp;&nbsp;&nbsp;sys_trim_sum_get
<LI><a href="#[2c3]">&gt;&gt;</a>&nbsp;&nbsp;&nbsp;sys_device_uid_get
<LI><a href="#[149]">&gt;&gt;</a>&nbsp;&nbsp;&nbsp;memcmp
<LI><a href="#[13b]">&gt;&gt;</a>&nbsp;&nbsp;&nbsp;__aeabi_memcpy
<LI><a href="#[250]">&gt;&gt;</a>&nbsp;&nbsp;&nbsp;srand
<LI><a href="#[2c7]">&gt;&gt;</a>&nbsp;&nbsp;&nbsp;init_ltk_list
</UL>
<BR>[Address Reference Count : 1]<UL><LI> ble_sdk_gapm_patch.o(i.ble_sdk_gapm_replace)
</UL>
<P><STRONG><a name="[6e]"></a>gap_init_fsm_next_func_patch</STRONG> (Thumb, 448 bytes, Stack size 48 bytes, ble_sdk_gapm_patch.o(i.gap_init_fsm_next_func_patch))
<BR><BR>[Stack]<UL><LI>Max Depth = 48<LI>Call Chain = gap_init_fsm_next_func_patch
</UL>
<BR>[Calls]<UL><LI><a href="#[14a]">&gt;&gt;</a>&nbsp;&nbsp;&nbsp;dbg_log_printf (via Veneer)
<LI><a href="#[2d1]">&gt;&gt;</a>&nbsp;&nbsp;&nbsp;assert_err (via Veneer)
<LI><a href="#[2d0]">&gt;&gt;</a>&nbsp;&nbsp;&nbsp;get_conn_idx_by_hdl
<LI><a href="#[2cf]">&gt;&gt;</a>&nbsp;&nbsp;&nbsp;gap_stop_initiating
<LI><a href="#[2ce]">&gt;&gt;</a>&nbsp;&nbsp;&nbsp;gap_start_initiating
<LI><a href="#[2cd]">&gt;&gt;</a>&nbsp;&nbsp;&nbsp;gap_delete_initiating
<LI><a href="#[2cb]">&gt;&gt;</a>&nbsp;&nbsp;&nbsp;gap_create_initiating
<LI><a href="#[2cc]">&gt;&gt;</a>&nbsp;&nbsp;&nbsp;gap_activity_opera_end
<LI><a href="#[240]">&gt;&gt;</a>&nbsp;&nbsp;&nbsp;fpb_save_state
<LI><a href="#[23f]">&gt;&gt;</a>&nbsp;&nbsp;&nbsp;fpb_load_state
</UL>
<BR>[Address Reference Count : 1]<UL><LI> ble_sdk_gapm_patch.o(i.ble_sdk_gapm_replace)
</UL>
<P><STRONG><a name="[d2]"></a>gapm_cmp_evt_handler_patch</STRONG> (Thumb, 158 bytes, Stack size 208 bytes, ble_sdk_gapm_patch.o(i.gapm_cmp_evt_handler_patch))
<BR><BR>[Stack]<UL><LI>Max Depth = 232<LI>Call Chain = gapm_cmp_evt_handler_patch &rArr; attm_update_max_len
</UL>
<BR>[Calls]<UL><LI><a href="#[2e2]">&gt;&gt;</a>&nbsp;&nbsp;&nbsp;ble_bm_get_sec_info_by_peer_irk
<LI><a href="#[2e1]">&gt;&gt;</a>&nbsp;&nbsp;&nbsp;gapm_get_att_handle (via Veneer)
<LI><a href="#[2e3]">&gt;&gt;</a>&nbsp;&nbsp;&nbsp;gapm_cmp_evt_handler
<LI><a href="#[2b8]">&gt;&gt;</a>&nbsp;&nbsp;&nbsp;gap_cache_data_get
<LI><a href="#[2b9]">&gt;&gt;</a>&nbsp;&nbsp;&nbsp;gap_cache_data_init
<LI><a href="#[240]">&gt;&gt;</a>&nbsp;&nbsp;&nbsp;fpb_save_state
<LI><a href="#[23f]">&gt;&gt;</a>&nbsp;&nbsp;&nbsp;fpb_load_state
<LI><a href="#[221]">&gt;&gt;</a>&nbsp;&nbsp;&nbsp;l2cm_l2cap_tx_handler_replace
<LI><a href="#[1cc]">&gt;&gt;</a>&nbsp;&nbsp;&nbsp;attm_update_max_len
</UL>
<BR>[Address Reference Count : 1]<UL><LI> ble_sdk_gapm_patch.o(i.sdk_gapm_msg_handler_tab_replace)
</UL>
<P><STRONG><a name="[2c7]"></a>init_ltk_list</STRONG> (Thumb, 206 bytes, Stack size 264 bytes, ble_sdk_gapm_patch.o(i.init_ltk_list))
<BR><BR>[Stack]<UL><LI>Max Depth = 264<LI>Call Chain = init_ltk_list
</UL>
<BR>[Calls]<UL><LI><a href="#[372]">&gt;&gt;</a>&nbsp;&nbsp;&nbsp;ble_bm_get_sec_info
<LI><a href="#[14a]">&gt;&gt;</a>&nbsp;&nbsp;&nbsp;dbg_log_printf (via Veneer)
<LI><a href="#[371]">&gt;&gt;</a>&nbsp;&nbsp;&nbsp;ble_bm_get_bond_devs
<LI><a href="#[150]">&gt;&gt;</a>&nbsp;&nbsp;&nbsp;__aeabi_memclr4
<LI><a href="#[11a]">&gt;&gt;</a>&nbsp;&nbsp;&nbsp;__aeabi_memclr
<LI><a href="#[13b]">&gt;&gt;</a>&nbsp;&nbsp;&nbsp;__aeabi_memcpy
</UL>
<BR>[Called By]<UL><LI><a href="#[6d]">&gt;&gt;</a>&nbsp;&nbsp;&nbsp;gap_device_config_params_init_patch
</UL>

<P><STRONG><a name="[d0]"></a>gap_cmp_evt_handler_patch</STRONG> (Thumb, 384 bytes, Stack size 48 bytes, ble_sdk_gapc_patch.o(i.gap_cmp_evt_handler_patch))
<BR><BR>[Stack]<UL><LI>Max Depth = 48<LI>Call Chain = gap_cmp_evt_handler_patch
</UL>
<BR>[Calls]<UL><LI><a href="#[14a]">&gt;&gt;</a>&nbsp;&nbsp;&nbsp;dbg_log_printf (via Veneer)
<LI><a href="#[2b8]">&gt;&gt;</a>&nbsp;&nbsp;&nbsp;gap_cache_data_get
<LI><a href="#[2b9]">&gt;&gt;</a>&nbsp;&nbsp;&nbsp;gap_cache_data_init
<LI><a href="#[240]">&gt;&gt;</a>&nbsp;&nbsp;&nbsp;fpb_save_state
<LI><a href="#[23f]">&gt;&gt;</a>&nbsp;&nbsp;&nbsp;fpb_load_state
</UL>
<BR>[Address Reference Count : 1]<UL><LI> ble_sdk_gapc_patch.o(i.sdk_gapc_msg_handler_tab_replace)
</UL>
<P><STRONG><a name="[cc]"></a>gap_connection_req_ind_handler_patch</STRONG> (Thumb, 302 bytes, Stack size 592 bytes, ble_sdk_gapc_patch.o(i.gap_connection_req_ind_handler_patch))
<BR><BR>[Stack]<UL><LI>Max Depth = 592<LI>Call Chain = gap_connection_req_ind_handler_patch
</UL>
<BR>[Calls]<UL><LI><a href="#[2ba]">&gt;&gt;</a>&nbsp;&nbsp;&nbsp;ble_gapc_role_get
<LI><a href="#[14a]">&gt;&gt;</a>&nbsp;&nbsp;&nbsp;dbg_log_printf (via Veneer)
<LI><a href="#[2bc]">&gt;&gt;</a>&nbsp;&nbsp;&nbsp;sec_on_conn_complete
<LI><a href="#[2bd]">&gt;&gt;</a>&nbsp;&nbsp;&nbsp;gatt_on_connection
<LI><a href="#[2be]">&gt;&gt;</a>&nbsp;&nbsp;&nbsp;gap_reslv_addr
<LI><a href="#[2bb]">&gt;&gt;</a>&nbsp;&nbsp;&nbsp;ble_bm_get_ral_dev_list
<LI><a href="#[240]">&gt;&gt;</a>&nbsp;&nbsp;&nbsp;fpb_save_state
<LI><a href="#[23f]">&gt;&gt;</a>&nbsp;&nbsp;&nbsp;fpb_load_state
<LI><a href="#[150]">&gt;&gt;</a>&nbsp;&nbsp;&nbsp;__aeabi_memclr4
<LI><a href="#[13b]">&gt;&gt;</a>&nbsp;&nbsp;&nbsp;__aeabi_memcpy
</UL>
<BR>[Address Reference Count : 1]<UL><LI> ble_sdk_gapc_patch.o(i.sdk_gapc_msg_handler_tab_replace)
</UL>
<P><STRONG><a name="[cd]"></a>gap_disconnect_ind_handler_patch</STRONG> (Thumb, 128 bytes, Stack size 16 bytes, ble_sdk_gapc_patch.o(i.gap_disconnect_ind_handler_patch))
<BR><BR>[Stack]<UL><LI>Max Depth = 16<LI>Call Chain = gap_disconnect_ind_handler_patch
</UL>
<BR>[Calls]<UL><LI><a href="#[14a]">&gt;&gt;</a>&nbsp;&nbsp;&nbsp;dbg_log_printf (via Veneer)
<LI><a href="#[2ca]">&gt;&gt;</a>&nbsp;&nbsp;&nbsp;sec_clear_bond_info_env
<LI><a href="#[2c9]">&gt;&gt;</a>&nbsp;&nbsp;&nbsp;gatt_on_disconnection
<LI><a href="#[2c8]">&gt;&gt;</a>&nbsp;&nbsp;&nbsp;sec_on_disconn
<LI><a href="#[240]">&gt;&gt;</a>&nbsp;&nbsp;&nbsp;fpb_save_state
<LI><a href="#[23f]">&gt;&gt;</a>&nbsp;&nbsp;&nbsp;fpb_load_state
</UL>
<BR>[Address Reference Count : 1]<UL><LI> ble_sdk_gapc_patch.o(i.sdk_gapc_msg_handler_tab_replace)
</UL>
<P><STRONG><a name="[d4]"></a>ble_sdk_gattc_event_ind_handler_patch</STRONG> (Thumb, 98 bytes, Stack size 24 bytes, ble_sdk_gatt_task_patch.o(i.ble_sdk_gattc_event_ind_handler_patch))
<BR><BR>[Stack]<UL><LI>Max Depth = 40<LI>Call Chain = ble_sdk_gattc_event_ind_handler_patch &rArr; ble_gattc_indicate_cfm
</UL>
<BR>[Calls]<UL><LI><a href="#[240]">&gt;&gt;</a>&nbsp;&nbsp;&nbsp;fpb_save_state
<LI><a href="#[23f]">&gt;&gt;</a>&nbsp;&nbsp;&nbsp;fpb_load_state
<LI><a href="#[22a]">&gt;&gt;</a>&nbsp;&nbsp;&nbsp;ble_gattc_indicate_cfm
</UL>
<BR>[Address Reference Count : 1]<UL><LI> ble_sdk_gatt_task_patch.o(i.sdk_gatt_msg_handler_tab_replace)
</UL>
<P><STRONG><a name="[d5]"></a>ble_sdk_gatts_svc_changed_cfg_ind_handler_patch</STRONG> (Thumb, 94 bytes, Stack size 24 bytes, ble_sdk_gatt_task_patch.o(i.ble_sdk_gatts_svc_changed_cfg_ind_handler_patch))
<BR><BR>[Stack]<UL><LI>Max Depth = 48<LI>Call Chain = ble_sdk_gatts_svc_changed_cfg_ind_handler_patch &rArr; sec_check_conn_bond_patch
</UL>
<BR>[Calls]<UL><LI><a href="#[241]">&gt;&gt;</a>&nbsp;&nbsp;&nbsp;sec_get_bond_dev_addr
<LI><a href="#[242]">&gt;&gt;</a>&nbsp;&nbsp;&nbsp;gatt_find_item
<LI><a href="#[244]">&gt;&gt;</a>&nbsp;&nbsp;&nbsp;gatt_add_bond_cccd
<LI><a href="#[243]">&gt;&gt;</a>&nbsp;&nbsp;&nbsp;ble_gattm_svc_start_hdl_get
<LI><a href="#[246]">&gt;&gt;</a>&nbsp;&nbsp;&nbsp;ble_bm_set_gatt_info
<LI><a href="#[14a]">&gt;&gt;</a>&nbsp;&nbsp;&nbsp;dbg_log_printf (via Veneer)
<LI><a href="#[245]">&gt;&gt;</a>&nbsp;&nbsp;&nbsp;sec_check_conn_bond_patch
</UL>
<BR>[Address Reference Count : 1]<UL><LI> ble_sdk_gatt_task_patch.o(i.sdk_gatt_msg_handler_tab_replace)
</UL>
<P><STRONG><a name="[d6]"></a>gattc_write_req_ind_handler_patch</STRONG> (Thumb, 178 bytes, Stack size 40 bytes, ble_sdk_prf_patch.o(i.gattc_write_req_ind_handler_patch))
<BR><BR>[Stack]<UL><LI>Max Depth = 64<LI>Call Chain = gattc_write_req_ind_handler_patch &rArr; sec_check_conn_bond_patch
</UL>
<BR>[Calls]<UL><LI><a href="#[2f6]">&gt;&gt;</a>&nbsp;&nbsp;&nbsp;prf_get_prf_cb_by_task_id
<LI><a href="#[2f9]">&gt;&gt;</a>&nbsp;&nbsp;&nbsp;ble_prf_get_id_from_task
<LI><a href="#[2f8]">&gt;&gt;</a>&nbsp;&nbsp;&nbsp;ble_attmdb_uuid16_comp
<LI><a href="#[2f7]">&gt;&gt;</a>&nbsp;&nbsp;&nbsp;ble_attmdb_get_attribute
<LI><a href="#[241]">&gt;&gt;</a>&nbsp;&nbsp;&nbsp;sec_get_bond_dev_addr
<LI><a href="#[242]">&gt;&gt;</a>&nbsp;&nbsp;&nbsp;gatt_find_item
<LI><a href="#[244]">&gt;&gt;</a>&nbsp;&nbsp;&nbsp;gatt_add_bond_cccd
<LI><a href="#[246]">&gt;&gt;</a>&nbsp;&nbsp;&nbsp;ble_bm_set_gatt_info
<LI><a href="#[14a]">&gt;&gt;</a>&nbsp;&nbsp;&nbsp;dbg_log_printf (via Veneer)
<LI><a href="#[240]">&gt;&gt;</a>&nbsp;&nbsp;&nbsp;fpb_save_state
<LI><a href="#[23f]">&gt;&gt;</a>&nbsp;&nbsp;&nbsp;fpb_load_state
<LI><a href="#[245]">&gt;&gt;</a>&nbsp;&nbsp;&nbsp;sec_check_conn_bond_patch
</UL>
<BR>[Address Reference Count : 1]<UL><LI> ble_sdk_prf_patch.o(i.sdk_prf_msg_handler_tab_replace)
</UL>
<P><STRONG><a name="[107]"></a>atts_read_mult_req_patch</STRONG> (Thumb, 376 bytes, Stack size 56 bytes, atts_patch.o(i.atts_read_mult_req_patch))
<BR><BR>[Stack]<UL><LI>Max Depth = 56<LI>Call Chain = atts_read_mult_req_patch
</UL>
<BR>[Calls]<UL><LI><a href="#[14a]">&gt;&gt;</a>&nbsp;&nbsp;&nbsp;dbg_log_printf (via Veneer)
<LI><a href="#[1d8]">&gt;&gt;</a>&nbsp;&nbsp;&nbsp;ke_malloc
<LI><a href="#[1d5]">&gt;&gt;</a>&nbsp;&nbsp;&nbsp;gattc_get_mtu (via Veneer)
<LI><a href="#[1d4]">&gt;&gt;</a>&nbsp;&nbsp;&nbsp;co_list_size (via Veneer)
<LI><a href="#[1d2]">&gt;&gt;</a>&nbsp;&nbsp;&nbsp;co_list_push_back (via Veneer)
<LI><a href="#[1db]">&gt;&gt;</a>&nbsp;&nbsp;&nbsp;atts_send_pdu (via Veneer)
<LI><a href="#[1dc]">&gt;&gt;</a>&nbsp;&nbsp;&nbsp;atts_send_error (via Veneer)
<LI><a href="#[1d7]">&gt;&gt;</a>&nbsp;&nbsp;&nbsp;atts_get_value (via Veneer)
<LI><a href="#[1d6]">&gt;&gt;</a>&nbsp;&nbsp;&nbsp;atts_get_att_chk_perm (via Veneer)
<LI><a href="#[1d9]">&gt;&gt;</a>&nbsp;&nbsp;&nbsp;atts_clear_read_cache (via Veneer)
<LI><a href="#[1da]">&gt;&gt;</a>&nbsp;&nbsp;&nbsp;l2cc_pdu_alloc
<LI><a href="#[13b]">&gt;&gt;</a>&nbsp;&nbsp;&nbsp;__aeabi_memcpy
</UL>
<BR>[Address Reference Count : 1]<UL><LI> atts_patch.o(.constdata)
</UL>
<P><STRONG><a name="[2ae]"></a>find_ltk_again</STRONG> (Thumb, 44 bytes, Stack size 16 bytes, ble_sdk_sec_patch.o(i.find_ltk_again))
<BR><BR>[Stack]<UL><LI>Max Depth = 28<LI>Call Chain = find_ltk_again &rArr; memcmp
</UL>
<BR>[Calls]<UL><LI><a href="#[149]">&gt;&gt;</a>&nbsp;&nbsp;&nbsp;memcmp
</UL>
<BR>[Called By]<UL><LI><a href="#[cf]">&gt;&gt;</a>&nbsp;&nbsp;&nbsp;sec_rcv_encrypt_req_ind_handler_patch
</UL>

<P><STRONG><a name="[46e]"></a>sec_bond_info_miss_check</STRONG> (Thumb, 70 bytes, Stack size 192 bytes, ble_sdk_sec_patch.o(i.sec_bond_info_miss_check))
<BR><BR>[Stack]<UL><LI>Max Depth = 192<LI>Call Chain = sec_bond_info_miss_check
</UL>
<BR>[Calls]<UL><LI><a href="#[372]">&gt;&gt;</a>&nbsp;&nbsp;&nbsp;ble_bm_get_sec_info
</UL>
<BR>[Called By]<UL><LI><a href="#[ce]">&gt;&gt;</a>&nbsp;&nbsp;&nbsp;sec_rcv_sec_req_ind_handler_patch
</UL>

<P><STRONG><a name="[140]"></a>_fp_digits</STRONG> (Thumb, 366 bytes, Stack size 64 bytes, printfa.o(i._fp_digits), UNUSED)
<BR><BR>[Calls]<UL><LI><a href="#[141]">&gt;&gt;</a>&nbsp;&nbsp;&nbsp;__aeabi_cdrcmple
<LI><a href="#[123]">&gt;&gt;</a>&nbsp;&nbsp;&nbsp;__aeabi_dmul
<LI><a href="#[124]">&gt;&gt;</a>&nbsp;&nbsp;&nbsp;__aeabi_ddiv
<LI><a href="#[11d]">&gt;&gt;</a>&nbsp;&nbsp;&nbsp;__aeabi_dadd
<LI><a href="#[117]">&gt;&gt;</a>&nbsp;&nbsp;&nbsp;__aeabi_uldivmod
<LI><a href="#[12b]">&gt;&gt;</a>&nbsp;&nbsp;&nbsp;__aeabi_d2ulz
</UL>
<BR>[Called By]<UL><LI><a href="#[13d]">&gt;&gt;</a>&nbsp;&nbsp;&nbsp;_printf_core
</UL>

<P><STRONG><a name="[13d]"></a>_printf_core</STRONG> (Thumb, 1704 bytes, Stack size 136 bytes, printfa.o(i._printf_core), UNUSED)
<BR><BR>[Calls]<UL><LI><a href="#[117]">&gt;&gt;</a>&nbsp;&nbsp;&nbsp;__aeabi_uldivmod
<LI><a href="#[144]">&gt;&gt;</a>&nbsp;&nbsp;&nbsp;__aeabi_uidivmod
<LI><a href="#[142]">&gt;&gt;</a>&nbsp;&nbsp;&nbsp;_printf_pre_padding
<LI><a href="#[143]">&gt;&gt;</a>&nbsp;&nbsp;&nbsp;_printf_post_padding
<LI><a href="#[140]">&gt;&gt;</a>&nbsp;&nbsp;&nbsp;_fp_digits
</UL>
<BR>[Called By]<UL><LI><a href="#[13f]">&gt;&gt;</a>&nbsp;&nbsp;&nbsp;__0vsnprintf
<LI><a href="#[13e]">&gt;&gt;</a>&nbsp;&nbsp;&nbsp;__0sprintf
<LI><a href="#[13c]">&gt;&gt;</a>&nbsp;&nbsp;&nbsp;__0snprintf
</UL>

<P><STRONG><a name="[143]"></a>_printf_post_padding</STRONG> (Thumb, 36 bytes, Stack size 24 bytes, printfa.o(i._printf_post_padding), UNUSED)
<BR><BR>[Called By]<UL><LI><a href="#[13d]">&gt;&gt;</a>&nbsp;&nbsp;&nbsp;_printf_core
</UL>

<P><STRONG><a name="[142]"></a>_printf_pre_padding</STRONG> (Thumb, 46 bytes, Stack size 24 bytes, printfa.o(i._printf_pre_padding), UNUSED)
<BR><BR>[Called By]<UL><LI><a href="#[13d]">&gt;&gt;</a>&nbsp;&nbsp;&nbsp;_printf_core
</UL>

<P><STRONG><a name="[62]"></a>_snputc</STRONG> (Thumb, 22 bytes, Stack size 0 bytes, printfa.o(i._snputc))
<BR>[Address Reference Count : 2]<UL><LI> printfa.o(i.__0snprintf)
<LI> printfa.o(i.__0vsnprintf)
</UL>
<P><STRONG><a name="[63]"></a>_sputc</STRONG> (Thumb, 10 bytes, Stack size 0 bytes, printfa.o(i._sputc))
<BR><BR>[Called By]<UL><LI><a href="#[13e]">&gt;&gt;</a>&nbsp;&nbsp;&nbsp;__0sprintf
</UL>
<BR>[Address Reference Count : 1]<UL><LI> printfa.o(i.__0sprintf)
</UL><P>
<H3>
Undefined Global Symbols
</H3><HR></body></html>
