<html>
<body>
<pre>
<h1>µVision Build Log</h1>
<h2>Tool Versions:</h2>
IDE-Version: ¦ÌVision V5.35.0.0
Copyright (C) 2021 ARM Ltd and ARM Germany GmbH. All rights reserved.
License Information: feng yue, 1, LIC=VGXG8-3YP44-II75V-PUCPB-P61JP-0NQZI
 
Tool Versions:
Toolchain:       MDK-ARM Plus  Version: 5.35.0.2
Toolchain Path:  D:\Keil_v5\ARM\ARMCC\Bin
C Compiler:      Armcc.exe V5.06 update 7 (build 960)
Assembler:       Armasm.exe V5.06 update 7 (build 960)
Linker/Locator:  ArmLink.exe V5.06 update 7 (build 960)
Library Manager: ArmAr.exe V5.06 update 7 (build 960)
Hex Converter:   FromElf.exe V5.06 update 7 (build 960)
CPU DLL:         SARMCM3.DLL V5.35.0.2
Dialog DLL:      DCM.DLL V1.17.3.0
Target DLL:      CMSIS_AGDI.dll V1.33.0.0
Dialog DLL:      TCM.DLL V1.53.0.0
 
<h2>Project:</h2>
F:\GR551x\avf_recorder_v1_capture_ble_ok\avf_recorder_project\Keil_5\ble_app_uart.uvprojx
Project File Date:  06/18/2026

<h2>Output:</h2>
*** Using Compiler 'V5.06 update 7 (build 960)', folder: 'D:\Keil_v5\ARM\ARMCC\Bin'
Rebuild target 'GR5515_SK'
assembling startup_gr55xx.s...
compiling platform_gr55xx.c...
compiling gr55xx_hal_aon_gpio.c...
compiling gr55xx_hal_gpio.c...
compiling gr55xx_hal.c...
compiling gr55xx_hal_i2s.c...
compiling gr55xx_hal_exflash.c...
compiling gr55xx_hal_xqspi.c...
compiling gr55xx_hal_uart.c...
compiling gr55xx_hal_pwr.c...
compiling gr55xx_hal_i2c.c...
compiling system_gr55xx.c...
compiling interrupt_gr55xx.c...
compiling gr55xx_hal_spi.c...
compiling app_key_core.c...
compiling app_io.c...
compiling app_dma.c...
compiling app_gpiote.c...
compiling app_systick.c...
compiling app_pwr_mgmt.c...
compiling utility.c...
compiling app_i2c.c...
compiling app_uart.c...
compiling app_i2s.c...
compiling app_spi.c...
compiling app_key.c...
compiling app_rtos_cfg.c...
compiling pmu_calibration.c...
compiling SEGGER_RTT.c...
compiling gus.c...
compiling ble_prf_utils.c...
compiling port.c...
compiling timers.c...
compiling list.c...
compiling queue.c...
compiling tasks.c...
compiling bsp.c...
compiling heap_4.c...
compiling diskio.c...
compiling ff_gen_drv.c...
compiling ff.c...
compiling ring_buffer.c...
compiling user_gatt_common_callback.c...
compiling app_error.c...
compiling app_assert.c...
compiling app_log.c...
compiling app_timer.c...
compiling port_pm_low_power.c...
compiling user_gap_callback.c...
compiling user_periph_setup.c...
compiling user_app.c...
compiling transport_scheduler.c...
compiling record_key.c...
compiling audio_capture_hw.c...
compiling oled_ssd1315.c...
compiling audio_storage.c...
compiling main.c...
linking...
Program Size: Code=99636 RO-data=4800 RW-data=1788 ZI-data=208700  
After Build - User command #1: after_build_avf.bat avf_recorder D:\Keil_v5\
Goodix BLE tools V2.8 [build time:  10:42:01, Jun 25 2021]
---------------------------------------------------------------
boot_info = 
{
    .bin_size       = 0x00019b00,
    .check_sum      = 0x00a36e61,
    .load_addr      = 0x01002000,
    .run_addr       = 0x01002000,
    .xqspi_xip_cmd  = 0x0b,
    .xqspi_speed    = 0x04,
    .code_copy_mode = 0x00,
    .boot_clk       = 0x02,
    .check_image    = 0x01,
    .boot_delay     = 0x01,
}
---------------------------------------------------------------
Firmware has been successfully generated!
".\Objects\avf_recorder.axf" - 0 Error(s), 0 Warning(s).

<h2>Software Packages used:</h2>

Package Vendor: ARM
                http://www.keil.com/pack/ARM.CMSIS.5.8.0.pack
                ARM.CMSIS.5.8.0
                CMSIS (Common Microcontroller Software Interface Standard)

<h2>Collection of Component include folders:</h2>
  D:\Keil_v5\ARM\PACK\ARM\CMSIS\5.8.0\Device\ARM\ARMCM4\Include

<h2>Collection of Component Files used:</h2>
Build Time Elapsed:  00:00:11
</pre>
</body>
</html>
