<!doctype html public "-//w3c//dtd html 4.0 transitional//en">
<html><head>
<title>Static Call Graph - [.\Objects\ble_app_uart.axf]</title></head>
<body><HR>
<H1>Static Call Graph for image .\Objects\ble_app_uart.axf</H1><HR>
<BR><P>#&#060CALLGRAPH&#062# ARM Linker, 5060061: Last Updated: Wed Aug 31 10:44:35 2022
<BR><P>
<H3>Maximum Stack Usage =       1216 bytes + Unknown(Cycles, Untraceable Function Pointers)</H3><H3>
Call chain for Maximum Stack Depth:</H3>
main &rArr; system_platform_init &rArr; platform_init &rArr; platform_clock_init &rArr; platform_set_ble_rtc_clk &rArr; nvds_put &rArr; replace_item &rArr; append_item &rArr; compact_nvds &rArr; write_compacted_items &rArr; write_incr &rArr; dec_flash_write &rArr; hal_flash_write_r &rArr; hal_exflash_write
<P>
<H3>
Mutually Recursive functions
</H3> <LI><a href="#[366]">cortex_backtrace_fault_handler</a>&nbsp;&nbsp;&nbsp;&rArr;&nbsp;&nbsp;&nbsp;<a href="#[366]">cortex_backtrace_fault_handler</a><BR>
 <LI><a href="#[18]">MemManage_Handler</a>&nbsp;&nbsp;&nbsp;&rArr;&nbsp;&nbsp;&nbsp;<a href="#[18]">MemManage_Handler</a><BR>
 <LI><a href="#[19]">BusFault_Handler</a>&nbsp;&nbsp;&nbsp;&rArr;&nbsp;&nbsp;&nbsp;<a href="#[19]">BusFault_Handler</a><BR>
 <LI><a href="#[1a]">UsageFault_Handler</a>&nbsp;&nbsp;&nbsp;&rArr;&nbsp;&nbsp;&nbsp;<a href="#[1a]">UsageFault_Handler</a><BR>
 <LI><a href="#[16]">NMI_Handler</a>&nbsp;&nbsp;&nbsp;&rArr;&nbsp;&nbsp;&nbsp;<a href="#[16]">NMI_Handler</a><BR>
 <LI><a href="#[1c]">DebugMon_Handler</a>&nbsp;&nbsp;&nbsp;&rArr;&nbsp;&nbsp;&nbsp;<a href="#[1c]">DebugMon_Handler</a><BR>
 <LI><a href="#[1d]">PendSV_Handler</a>&nbsp;&nbsp;&nbsp;&rArr;&nbsp;&nbsp;&nbsp;<a href="#[1d]">PendSV_Handler</a><BR>
</UL>
<P>
<H3>
Function Pointers
</H3><UL>
 <LI><a href="#[2f]">AES_IRQHandler</a> from startup_gr55xx.o(.text) referenced from startup_gr55xx.o(RESET)
 <LI><a href="#[3b]">AON_WDT_IRQHandler</a> from startup_gr55xx.o(.text) referenced from startup_gr55xx.o(RESET)
 <LI><a href="#[a5]">BLESLEEP_IRQHandler_patch</a> from rwip_sleep_patch.o(RAM_CODE) referenced from rwip_sleep_patch.o(i.rwip_sleep_func_replace)
 <LI><a href="#[38]">BLESLP_IRQHandler</a> from rom_symbol.txt(ABSOLUTE) referenced from startup_gr55xx.o(RESET)
 <LI><a href="#[21]">BLE_IRQHandler</a> from rom_symbol.txt(ABSOLUTE) referenced from startup_gr55xx.o(RESET)
 <LI><a href="#[a3]">BLE_IRQHandler_patch</a> from rwble_patch.o(RAM_CODE) referenced from rwble_patch.o(i.rwble_replace)
 <LI><a href="#[20]">BLE_SDK_Handler</a> from rom_symbol.txt(ABSOLUTE) referenced from startup_gr55xx.o(RESET)
 <LI><a href="#[b9]">BLE_SDK_Handler_patch</a> from system_sdk_patch.o(RAM_CODE) referenced from system_sdk_patch.o(i.system_sdk_replace)
 <LI><a href="#[19]">BusFault_Handler</a> from interrupt_gr55xx.o(RAM_CODE) referenced from startup_gr55xx.o(RESET)
 <LI><a href="#[40]">CALENDAR_IRQHandler</a> from startup_gr55xx.o(.text) referenced from startup_gr55xx.o(RESET)
 <LI><a href="#[3a]">COMP_IRQHandler</a> from startup_gr55xx.o(.text) referenced from startup_gr55xx.o(RESET)
 <LI><a href="#[22]">DMA_IRQHandler</a> from app_dma.o(RAM_CODE) referenced from startup_gr55xx.o(RESET)
 <LI><a href="#[29]">DUAL_TIMER_IRQHandler</a> from startup_gr55xx.o(.text) referenced from startup_gr55xx.o(RESET)
 <LI><a href="#[1c]">DebugMon_Handler</a> from startup_gr55xx.o(.text) referenced from startup_gr55xx.o(RESET)
 <LI><a href="#[25]">EXT0_IRQHandler</a> from app_gpiote.o(RAM_CODE) referenced from startup_gr55xx.o(RESET)
 <LI><a href="#[26]">EXT1_IRQHandler</a> from app_gpiote.o(RAM_CODE) referenced from startup_gr55xx.o(RESET)
 <LI><a href="#[31]">EXT2_IRQHandler</a> from app_gpiote.o(RAM_CODE) referenced from startup_gr55xx.o(RESET)
 <LI><a href="#[30]">HMAC_IRQHandler</a> from startup_gr55xx.o(.text) referenced from startup_gr55xx.o(RESET)
 <LI><a href="#[17]">HardFault_Handler</a> from interrupt_gr55xx.o(RAM_CODE) referenced from startup_gr55xx.o(RESET)
 <LI><a href="#[2d]">I2C0_IRQHandler</a> from startup_gr55xx.o(.text) referenced from startup_gr55xx.o(RESET)
 <LI><a href="#[2e]">I2C1_IRQHandler</a> from startup_gr55xx.o(.text) referenced from startup_gr55xx.o(RESET)
 <LI><a href="#[3c]">I2S_M_IRQHandler</a> from startup_gr55xx.o(.text) referenced from startup_gr55xx.o(RESET)
 <LI><a href="#[3d]">I2S_S_IRQHandler</a> from startup_gr55xx.o(.text) referenced from startup_gr55xx.o(RESET)
 <LI><a href="#[3e]">ISO7816_IRQHandler</a> from startup_gr55xx.o(.text) referenced from startup_gr55xx.o(RESET)
 <LI><a href="#[18]">MemManage_Handler</a> from interrupt_gr55xx.o(RAM_CODE) referenced from startup_gr55xx.o(RESET)
 <LI><a href="#[16]">NMI_Handler</a> from startup_gr55xx.o(.text) referenced from startup_gr55xx.o(RESET)
 <LI><a href="#[34]">PKC_IRQHandler</a> from startup_gr55xx.o(.text) referenced from startup_gr55xx.o(RESET)
 <LI><a href="#[33]">PMU_IRQHandler</a> from startup_gr55xx.o(.text) referenced from startup_gr55xx.o(RESET)
 <LI><a href="#[3f]">PRESENT_IRQHandler</a> from startup_gr55xx.o(.text) referenced from startup_gr55xx.o(RESET)
 <LI><a href="#[37]">PWR_CMD_IRQHandler</a> from startup_gr55xx.o(.text) referenced from startup_gr55xx.o(RESET)
 <LI><a href="#[1d]">PendSV_Handler</a> from startup_gr55xx.o(.text) referenced from startup_gr55xx.o(RESET)
 <LI><a href="#[2a]">QSPI0_IRQHandler</a> from startup_gr55xx.o(.text) referenced from startup_gr55xx.o(RESET)
 <LI><a href="#[36]">QSPI1_IRQHandler</a> from startup_gr55xx.o(.text) referenced from startup_gr55xx.o(RESET)
 <LI><a href="#[32]">RNG_IRQHandler</a> from startup_gr55xx.o(.text) referenced from startup_gr55xx.o(RESET)
 <LI><a href="#[15]">Reset_Handler</a> from startup_gr55xx.o(.text) referenced from startup_gr55xx.o(RESET)
 <LI><a href="#[39]">SLPTIMER_IRQHandler</a> from interrupt_gr55xx.o(RAM_CODE) referenced from startup_gr55xx.o(RESET)
 <LI><a href="#[23]">SPI_M_IRQHandler</a> from startup_gr55xx.o(.text) referenced from startup_gr55xx.o(RESET)
 <LI><a href="#[24]">SPI_S_IRQHandler</a> from startup_gr55xx.o(.text) referenced from startup_gr55xx.o(RESET)
 <LI><a href="#[1b]">SVC_Handler</a> from interrupt_gr55xx.o(RAM_CODE) referenced from startup_gr55xx.o(RESET)
 <LI><a href="#[1e]">SysTick_Handler</a> from interrupt_gr55xx.o(i.SysTick_Handler) referenced from startup_gr55xx.o(RESET)
 <LI><a href="#[43]">SystemInit</a> from system_gr55xx.o(i.SystemInit) referenced from startup_gr55xx.o(.text)
 <LI><a href="#[27]">TIMER0_IRQHandler</a> from startup_gr55xx.o(.text) referenced from startup_gr55xx.o(RESET)
 <LI><a href="#[28]">TIMER1_IRQHandler</a> from startup_gr55xx.o(.text) referenced from startup_gr55xx.o(RESET)
 <LI><a href="#[2b]">UART0_IRQHandler</a> from app_uart.o(RAM_CODE) referenced from startup_gr55xx.o(RESET)
 <LI><a href="#[2c]">UART1_IRQHandler</a> from app_uart.o(RAM_CODE) referenced from startup_gr55xx.o(RESET)
 <LI><a href="#[1a]">UsageFault_Handler</a> from interrupt_gr55xx.o(RAM_CODE) referenced from startup_gr55xx.o(RESET)
 <LI><a href="#[1f]">WDT_IRQHandler</a> from startup_gr55xx.o(.text) referenced from startup_gr55xx.o(RESET)
 <LI><a href="#[35]">XQSPI_IRQHandler</a> from startup_gr55xx.o(.text) referenced from startup_gr55xx.o(RESET)
 <LI><a href="#[45]">_snputc</a> from printfa.o(i._snputc) referenced from printfa.o(i.__0snprintf)
 <LI><a href="#[45]">_snputc</a> from printfa.o(i._snputc) referenced from printfa.o(i.__0vsnprintf)
 <LI><a href="#[46]">_sputc</a> from printfa.o(i._sputc) referenced from printfa.o(i.__0sprintf)
 <LI><a href="#[c]">app_assert_err_cb</a> from app_assert.o(i.app_assert_err_cb) referenced 2 times from app_assert.o(.data)
 <LI><a href="#[d]">app_assert_param_cb</a> from app_assert.o(i.app_assert_param_cb) referenced 2 times from app_assert.o(.data)
 <LI><a href="#[e]">app_assert_warn_cb</a> from app_assert.o(i.app_assert_warn_cb) referenced 2 times from app_assert.o(.data)
 <LI><a href="#[c4]">app_gap_adv_start_cb</a> from user_gap_callback.o(i.app_gap_adv_start_cb) referenced from user_gap_callback.o(.constdata)
 <LI><a href="#[c5]">app_gap_connect_cb</a> from user_gap_callback.o(i.app_gap_connect_cb) referenced from user_gap_callback.o(.constdata)
 <LI><a href="#[c7]">app_gap_connection_update_req_cb</a> from user_gap_callback.o(i.app_gap_connection_update_req_cb) referenced from user_gap_callback.o(.constdata)
 <LI><a href="#[c6]">app_gap_disconnect_cb</a> from user_gap_callback.o(i.app_gap_disconnect_cb) referenced from user_gap_callback.o(.constdata)
 <LI><a href="#[c8]">app_gatt_mtu_exchange_cb</a> from user_gatt_common_callback.o(i.app_gatt_mtu_exchange_cb) referenced from user_gatt_common_callback.o(.constdata)
 <LI><a href="#[d9]">atts_execute_write_req</a> from rom_symbol.txt(ABSOLUTE) referenced from atts_patch.o(.constdata)
 <LI><a href="#[cf]">atts_find_by_type_req</a> from rom_symbol.txt(ABSOLUTE) referenced from atts_patch.o(.constdata)
 <LI><a href="#[ce]">atts_find_info_req</a> from rom_symbol.txt(ABSOLUTE) referenced from atts_patch.o(.constdata)
 <LI><a href="#[cd]">atts_mtu_exc_req</a> from rom_symbol.txt(ABSOLUTE) referenced from atts_patch.o(.constdata)
 <LI><a href="#[d8]">atts_prepare_write_req</a> from rom_symbol.txt(ABSOLUTE) referenced from atts_patch.o(.constdata)
 <LI><a href="#[d3]">atts_read_blob_req</a> from rom_symbol.txt(ABSOLUTE) referenced from atts_patch.o(.constdata)
 <LI><a href="#[d1]">atts_read_by_grp_type_req</a> from rom_symbol.txt(ABSOLUTE) referenced from atts_patch.o(.constdata)
 <LI><a href="#[d0]">atts_read_by_type_req</a> from rom_symbol.txt(ABSOLUTE) referenced from atts_patch.o(.constdata)
 <LI><a href="#[d4]">atts_read_mult_req_patch</a> from atts_patch.o(i.atts_read_mult_req_patch) referenced from atts_patch.o(.constdata)
 <LI><a href="#[d2]">atts_read_req</a> from rom_symbol.txt(ABSOLUTE) referenced from atts_patch.o(.constdata)
 <LI><a href="#[d5]">atts_write_cmd</a> from rom_symbol.txt(ABSOLUTE) referenced from atts_patch.o(.constdata)
 <LI><a href="#[d6]">atts_write_req</a> from rom_symbol.txt(ABSOLUTE) referenced from atts_patch.o(.constdata)
 <LI><a href="#[d7]">atts_write_signed</a> from rom_symbol.txt(ABSOLUTE) referenced from atts_patch.o(.constdata)
 <LI><a href="#[aa]">bb_watch_timer_cbk_patch</a> from sch_prog_patch.o(RAM_CODE) referenced from sch_prog_patch.o(i.sch_prog_frm_cbk_replace)
 <LI><a href="#[a8]">bb_watch_timer_start_patch</a> from sch_prog_patch.o(RAM_CODE) referenced from sch_prog_patch.o(i.sch_prog_frm_cbk_replace)
 <LI><a href="#[cc]">ble_bm_set_sec_info_patch</a> from ble_bondmgr_patch.o(i.ble_bm_set_sec_info_patch) referenced from fpb_patch_init.o(.constdata)
 <LI><a href="#[a4]">ble_core_sleep_patch</a> from rwip_sleep_patch.o(RAM_CODE) referenced from rwip_sleep_patch.o(i.rwip_sleep_func_replace)
 <LI><a href="#[14]">ble_init_cmp_callback</a> from user_app.o(i.ble_init_cmp_callback) referenced 2 times from main.o(.data)
 <LI><a href="#[50]">ble_nvds_del</a> from sdk_nvds_patch.o(i.ble_nvds_del) referenced from sdk_nvds_patch.o(i.ble_nvds_set_entry)
 <LI><a href="#[4e]">ble_nvds_get</a> from rom_symbol.txt(ABSOLUTE) referenced from sdk_nvds_patch.o(i.ble_nvds_set_entry)
 <LI><a href="#[4d]">ble_nvds_initialized</a> from rom_symbol.txt(ABSOLUTE) referenced from sdk_nvds_patch.o(i.ble_nvds_set_entry)
 <LI><a href="#[4f]">ble_nvds_put</a> from sdk_nvds_patch.o(i.ble_nvds_put) referenced from sdk_nvds_patch.o(i.ble_nvds_set_entry)
 <LI><a href="#[55]">ble_rwip_wakeup</a> from rom_symbol.txt(ABSOLUTE) referenced from system_sdk_patch.o(i.ble_stack_init)
 <LI><a href="#[56]">ble_rwip_wakeup_end</a> from rom_symbol.txt(ABSOLUTE) referenced from system_sdk_patch.o(i.ble_stack_init)
 <LI><a href="#[3c3]">ble_rwip_wakeup_patch</a> from rwip_sleep_patch.o(RAM_CODE) referenced from rwip_sleep_patch.o(RAM_CODE)
 <LI><a href="#[b3]">ble_sdk_gattc_event_ind_handler_patch</a> from ble_sdk_gatt_task_patch.o(i.ble_sdk_gattc_event_ind_handler_patch) referenced from ble_sdk_gatt_task_patch.o(i.sdk_gatt_msg_handler_tab_replace)
 <LI><a href="#[b4]">ble_sdk_gatts_svc_changed_cfg_ind_handler_patch</a> from ble_sdk_gatt_task_patch.o(i.ble_sdk_gatts_svc_changed_cfg_ind_handler_patch) referenced from ble_sdk_gatt_task_patch.o(i.sdk_gatt_msg_handler_tab_replace)
 <LI><a href="#[53]">ble_sdk_init_patch</a> from ble_sdk_patch.o(i.ble_sdk_init_patch) referenced from ble_sdk_patch.o(i.ble_sdk_replace)
 <LI><a href="#[4c]">bsp_uart_flush</a> from bsp.o(i.bsp_uart_flush) referenced from app_log.o(i.app_log_init)
 <LI><a href="#[4b]">bsp_uart_send</a> from bsp.o(i.bsp_uart_send) referenced from app_log.o(i.app_log_init)
 <LI><a href="#[58]">config_1M_tx_gain_value</a> from rom_symbol.txt(ABSOLUTE) referenced from system_sdk_patch.o(i.ble_stack_init)
 <LI><a href="#[59]">config_2M_tx_gain_value</a> from rom_symbol.txt(ABSOLUTE) referenced from system_sdk_patch.o(i.ble_stack_init)
 <LI><a href="#[5a]">config_coded_tx_gain_value</a> from rom_symbol.txt(ABSOLUTE) referenced from system_sdk_patch.o(i.ble_stack_init)
 <LI><a href="#[9b]">cpll_calibration</a> from platform_sdk.o(i.cpll_calibration) referenced from platform_sdk.o(i.platform_sdk_init)
 <LI><a href="#[48]">dma_err_callback</a> from app_dma.o(i.dma_err_callback) referenced from app_dma.o(i.app_dma_init)
 <LI><a href="#[bb]">dma_prepare_for_sleep</a> from app_dma.o(i.dma_prepare_for_sleep) referenced from app_dma.o(.constdata)
 <LI><a href="#[bc]">dma_sleep_canceled</a> from app_dma.o(i.dma_sleep_canceled) referenced from app_dma.o(.constdata)
 <LI><a href="#[47]">dma_tfr_callback</a> from app_dma.o(i.dma_tfr_callback) referenced from app_dma.o(i.app_dma_init)
 <LI><a href="#[bd]">dma_wake_up_ind</a> from app_dma.o(RAM_CODE) referenced from app_dma.o(.constdata)
 <LI><a href="#[97]">fpb_patch_enable</a> from fpb_patch_init.o(RAM_CODE) referenced from platform_gr55xx.o(i.platform_init)
 <LI><a href="#[b0]">gap_activity_stopped_ind_handler_patch</a> from ble_sdk_gapm_patch.o(i.gap_activity_stopped_ind_handler_patch) referenced from ble_sdk_gapm_patch.o(i.sdk_gapm_msg_handler_tab_replace)
 <LI><a href="#[af]">gap_cmp_evt_handler_patch</a> from ble_sdk_gapc_patch.o(i.gap_cmp_evt_handler_patch) referenced from ble_sdk_gapc_patch.o(i.sdk_gapc_msg_handler_tab_replace)
 <LI><a href="#[ab]">gap_connection_req_ind_handler_patch</a> from ble_sdk_gapc_patch.o(i.gap_connection_req_ind_handler_patch) referenced from ble_sdk_gapc_patch.o(i.sdk_gapc_msg_handler_tab_replace)
 <LI><a href="#[b2]">gap_dev_bdaddr_ind_handler_patch</a> from ble_sdk_gapm_patch.o(i.gap_dev_bdaddr_ind_handler_patch) referenced from ble_sdk_gapm_patch.o(i.sdk_gapm_msg_handler_tab_replace)
 <LI><a href="#[51]">gap_device_config_params_init_patch</a> from ble_sdk_gapm_patch.o(i.gap_device_config_params_init_patch) referenced from ble_sdk_gapm_patch.o(i.ble_sdk_gapm_replace)
 <LI><a href="#[ac]">gap_disconnect_ind_handler_patch</a> from ble_sdk_gapc_patch.o(i.gap_disconnect_ind_handler_patch) referenced from ble_sdk_gapc_patch.o(i.sdk_gapc_msg_handler_tab_replace)
 <LI><a href="#[52]">gap_init_fsm_next_func_patch</a> from ble_sdk_gapm_patch.o(i.gap_init_fsm_next_func_patch) referenced from ble_sdk_gapm_patch.o(i.ble_sdk_gapm_replace)
 <LI><a href="#[5e]">gapc_hci_handler_patch</a> from gapc_hci_patch.o(i.gapc_hci_handler_patch) referenced from gapc_hci_patch.o(i.gapc_msg_handler_tab_func_replace)
 <LI><a href="#[64]">gapm_activity_create_cmd_handler_patch</a> from gapm_actv_patch.o(i.gapm_activity_create_cmd_handler_patch) referenced from gapm_task_patch.o(i.gapm_msg_init_handler_replace)
 <LI><a href="#[b1]">gapm_cmp_evt_handler_patch</a> from ble_sdk_gapm_patch.o(i.gapm_cmp_evt_handler_patch) referenced from ble_sdk_gapm_patch.o(i.sdk_gapm_msg_handler_tab_replace)
 <LI><a href="#[62]">gapm_init_connection_ind_func_patch</a> from gapm_init_patch.o(i.gapm_init_connection_ind_func_patch) referenced from gapm_init_patch.o(i.gapm_init_replace)
 <LI><a href="#[61]">gapm_init_delete</a> from rom_symbol.txt(ABSOLUTE) referenced from gapm_init_patch.o(i.gapm_init_create_patch)
 <LI><a href="#[5f]">gapm_init_start_patch</a> from gapm_init_patch.o(i.gapm_init_start_patch) referenced from gapm_init_patch.o(i.gapm_init_create_patch)
 <LI><a href="#[60]">gapm_init_stop_patch</a> from gapm_init_patch.o(i.gapm_init_stop_patch) referenced from gapm_init_patch.o(i.gapm_init_create_patch)
 <LI><a href="#[65]">gatt_on_disconnection_func_patch</a> from ble_sdk_gatts_patch.o(i.gatt_on_disconnection_func_patch) referenced from ble_sdk_gatts_patch.o(i.gatt_on_disconnection_replace)
 <LI><a href="#[b5]">gattc_write_req_ind_handler_patch</a> from ble_sdk_prf_patch.o(i.gattc_write_req_ind_handler_patch) referenced from ble_sdk_prf_patch.o(i.sdk_prf_msg_handler_tab_replace)
 <LI><a href="#[5d]">get_info</a> from dfu_cmd_handler_patch.o(i.get_info) referenced from dfu_cmd_handler_patch.o(i.dfu_cmd_handler_replace)
 <LI><a href="#[13]">gus_cccd_set_cb</a> from gus.o(i.gus_cccd_set_cb) referenced 2 times from gus.o(.data)
 <LI><a href="#[f]">gus_init</a> from gus.o(i.gus_init) referenced 2 times from gus.o(.data)
 <LI><a href="#[12]">gus_ntf_ind_cb</a> from gus.o(i.gus_ntf_ind_cb) referenced 2 times from gus.o(.data)
 <LI><a href="#[10]">gus_read_att_cb</a> from gus.o(i.gus_read_att_cb) referenced 2 times from gus.o(.data)
 <LI><a href="#[b6]">gus_service_process_event</a> from user_app.o(i.gus_service_process_event) referenced from user_app.o(i.services_init)
 <LI><a href="#[11]">gus_write_att_cb</a> from gus.o(i.gus_write_att_cb) referenced 2 times from gus.o(.data)
 <LI><a href="#[b]">hal_aon_gpio_callback</a> from app_gpiote.o(i.hal_aon_gpio_callback) referenced 2 times from gr55xx_hal_aon_gpio.o(.data)
 <LI><a href="#[cb]">hal_exflash_erase</a> from gr55xx_hal_exflash_patch.o(RAM_CODE) referenced from fpb_patch_init.o(.constdata)
 <LI><a href="#[ca]">hal_exflash_write</a> from gr55xx_hal_exflash_patch.o(RAM_CODE) referenced from fpb_patch_init.o(.constdata)
 <LI><a href="#[a]">hal_gpio_exti_callback</a> from app_gpiote.o(i.hal_gpio_exti_callback) referenced 2 times from gr55xx_hal_gpio.o(.data)
 <LI><a href="#[9]">hal_msp_deinit</a> from gr55xx_hal.o(i.hal_msp_deinit) referenced 2 times from gr55xx_hal.o(.data)
 <LI><a href="#[8]">hal_msp_init</a> from gr55xx_hal.o(i.hal_msp_init) referenced 2 times from gr55xx_hal.o(.data)
 <LI><a href="#[67]">hal_pwr_sleep_timer_elapsed_callback</a> from app_timer.o(RAM_CODE) referenced from gr55xx_hal_pwr.o(i.hal_pwr_config_timer_wakeup)
 <LI><a href="#[5]">hal_uart_abort_cplt_callback</a> from gr55xx_hal_uart.o(i.hal_uart_abort_cplt_callback) referenced 2 times from gr55xx_hal_uart.o(.data)
 <LI><a href="#[7]">hal_uart_abort_rx_cplt_callback</a> from app_uart.o(i.hal_uart_abort_rx_cplt_callback) referenced 2 times from gr55xx_hal_uart.o(.data)
 <LI><a href="#[6]">hal_uart_abort_tx_cplt_callback</a> from app_uart.o(i.hal_uart_abort_tx_cplt_callback) referenced 2 times from gr55xx_hal_uart.o(.data)
 <LI><a href="#[4]">hal_uart_error_callback</a> from app_uart.o(i.hal_uart_error_callback) referenced 2 times from gr55xx_hal_uart.o(.data)
 <LI><a href="#[1]">hal_uart_msp_deinit</a> from gr55xx_hal_uart.o(i.hal_uart_msp_deinit) referenced 2 times from gr55xx_hal_uart.o(.data)
 <LI><a href="#[0]">hal_uart_msp_init</a> from gr55xx_hal_uart.o(i.hal_uart_msp_init) referenced 2 times from gr55xx_hal_uart.o(.data)
 <LI><a href="#[3]">hal_uart_rx_cplt_callback</a> from app_uart.o(i.hal_uart_rx_cplt_callback) referenced 2 times from gr55xx_hal_uart.o(.data)
 <LI><a href="#[2]">hal_uart_tx_cplt_callback</a> from app_uart.o(i.hal_uart_tx_cplt_callback) referenced 2 times from gr55xx_hal_uart.o(.data)
 <LI><a href="#[91]">hci_le_add_dev_to_wlst_cmd_handler_patch</a> from llm_hci_patch.o(i.hci_le_add_dev_to_wlst_cmd_handler_patch) referenced from llm_hci_patch.o(i.llm_hci_apply_cmd_handler_patch)
 <LI><a href="#[93]">hci_le_clear_wlst_cmd_handler_patch</a> from llm_hci_patch.o(i.hci_le_clear_wlst_cmd_handler_patch) referenced from llm_hci_patch.o(i.llm_hci_apply_cmd_handler_patch)
 <LI><a href="#[63]">hci_le_cmd_cmp_evt_init_handler_patch</a> from gapm_init_patch.o(i.hci_le_cmd_cmp_evt_init_handler_patch) referenced from gapm_task_patch.o(i.gapm_msg_handler_replace)
 <LI><a href="#[94]">hci_le_ext_create_con_cmd_handler_patch</a> from llm_hci_patch.o(i.hci_le_ext_create_con_cmd_handler_patch) referenced from llm_hci_patch.o(i.llm_hci_apply_scan_cmd_handler_patch)
 <LI><a href="#[68]">hci_le_ltk_request_evt_handler_patch</a> from gapc_hci_patch.o(i.hci_le_ltk_request_evt_handler_patch) referenced from gapc_hci_patch.o(i.hci_le_event_handler_tab_func_replace)
 <LI><a href="#[92]">hci_le_rmv_dev_from_wlst_cmd_handler_patch</a> from llm_hci_patch.o(i.hci_le_rmv_dev_from_wlst_cmd_handler_patch) referenced from llm_hci_patch.o(i.llm_hci_apply_cmd_handler_patch)
 <LI><a href="#[95]">hci_le_set_ext_scan_en_cmd_handler_patch</a> from llm_scan_patch.o(i.hci_le_set_ext_scan_en_cmd_handler_patch) referenced from llm_hci_patch.o(i.llm_hci_apply_scan_cmd_handler_patch)
 <LI><a href="#[96]">hci_le_set_ext_scan_param_cmd_handler_patch</a> from llm_scan_patch.o(i.hci_le_set_ext_scan_param_cmd_handler_patch) referenced from llm_hci_patch.o(i.llm_hci_apply_scan_cmd_handler_patch)
 <LI><a href="#[69]">hci_nb_cmp_pkts_evt_handler_patch</a> from l2cc_task_patch.o(i.hci_nb_cmp_pkts_evt_handler_patch) referenced from l2cc_task_patch.o(i.l2cc_msg_handler_tab_replace)
 <LI><a href="#[c9]">hci_send_2_controller_patch</a> from hci_patch.o(RAM_CODE) referenced from fpb_patch_init.o(.constdata)
 <LI><a href="#[66]">l2cc_pdu_recv_ind_handler_patch</a> from gattc_task_patch.o(i.l2cc_pdu_recv_ind_handler_patch) referenced from gattc_task_patch.o(i.gattc_msg_handler_tab_func_replace)
 <LI><a href="#[6a]">l2cm_l2cap_tx_handler_patch</a> from l2cm_patch.o(i.l2cm_l2cap_tx_handler_patch) referenced from l2cm_patch.o(i.l2cm_l2cap_tx_handler_replace)
 <LI><a href="#[80]">ll_channel_map_ind_handler_patch</a> from llc_chmap_upd_patch.o(i.ll_channel_map_ind_handler_patch) referenced from llc_llcp_patch.o(i.llcp_pdu_handler_tab_replace)
 <LI><a href="#[82]">ll_connection_param_req_handler_patch</a> from llc_con_upd_patch.o(i.ll_connection_param_req_handler_patch) referenced from llc_llcp_patch.o(i.llcp_pdu_handler_tab_replace)
 <LI><a href="#[81]">ll_connection_update_ind_handler_patch</a> from llc_con_upd_patch.o(i.ll_connection_update_ind_handler_patch) referenced from llc_llcp_patch.o(i.llcp_pdu_handler_tab_replace)
 <LI><a href="#[83]">ll_phy_req_handler_patch</a> from llc_phy_upd_patch.o(i.ll_phy_req_handler_patch) referenced from llc_llcp_patch.o(i.llcp_pdu_handler_tab_replace)
 <LI><a href="#[7a]">llc_auth_payl_nearly_to_handler_patch</a> from llc_le_ping_patch.o(i.llc_auth_payl_nearly_to_handler_patch) referenced from llc_task_patch.o(i.llc_msg_handler_tab_replace)
 <LI><a href="#[7b]">llc_auth_payl_real_to_handler_patch</a> from llc_le_ping_patch.o(i.llc_auth_payl_real_to_handler_patch) referenced from llc_task_patch.o(i.llc_msg_handler_tab_replace)
 <LI><a href="#[6b]">llc_ch_map_up_proc_err_cb</a> from rom_symbol.txt(ABSOLUTE) referenced from llc_chmap_upd_patch.o(i.ll_channel_map_ind_handler_patch)
 <LI><a href="#[7e]">llc_ll_enc_rsp_ack_handler</a> from rom_symbol.txt(ABSOLUTE) referenced from llc_encrypt_patch.o(i.llc_rem_encrypt_proc_continue_patch)
 <LI><a href="#[7d]">llc_ll_reject_ind_ack_handler</a> from rom_symbol.txt(ABSOLUTE) referenced from llc_encrypt_patch.o(i.llc_rem_encrypt_proc_continue_patch)
 <LI><a href="#[7f]">llc_ll_start_enc_rsp_ack_handler</a> from rom_symbol.txt(ABSOLUTE) referenced from llc_encrypt_patch.o(i.llc_rem_encrypt_proc_continue_patch)
 <LI><a href="#[7c]">llc_loc_con_upd_proc_err_cb</a> from rom_symbol.txt(ABSOLUTE) referenced from llc_con_upd_patch.o(i.llc_rem_con_upd_proc_continue_patch)
 <LI><a href="#[71]">llc_loc_llcp_rsp_to_handler_patch</a> from llc_task_patch.o(i.llc_loc_llcp_rsp_to_handler_patch) referenced from llc_task_patch.o(i.llc_msg_handler_tab_replace)
 <LI><a href="#[6e]">llc_pref_param_compute_func_patch</a> from llc_con_upd_patch.o(i.llc_pref_param_compute_func_patch) referenced from llc_con_upd_patch.o(i.llc_con_upd_replace)
 <LI><a href="#[6f]">llc_rem_con_upd_proc_continue_patch</a> from llc_con_upd_patch.o(i.llc_rem_con_upd_proc_continue_patch) referenced from llc_con_upd_patch.o(i.llc_con_upd_replace)
 <LI><a href="#[6c]">llc_rem_con_upd_proc_err_cb</a> from rom_symbol.txt(ABSOLUTE) referenced from llc_con_upd_patch.o(i.ll_connection_param_req_handler_patch)
 <LI><a href="#[6c]">llc_rem_con_upd_proc_err_cb</a> from rom_symbol.txt(ABSOLUTE) referenced from llc_con_upd_patch.o(i.ll_connection_update_ind_handler_patch)
 <LI><a href="#[70]">llc_rem_encrypt_proc_continue_patch</a> from llc_encrypt_patch.o(i.llc_rem_encrypt_proc_continue_patch) referenced from llc_encrypt_patch.o(i.llc_encrypt_replace)
 <LI><a href="#[72]">llc_rem_llcp_rsp_to_handler_patch</a> from llc_task_patch.o(i.llc_rem_llcp_rsp_to_handler_patch) referenced from llc_task_patch.o(i.llc_msg_handler_tab_replace)
 <LI><a href="#[6d]">llc_rem_phy_upd_proc_err_cb</a> from rom_symbol.txt(ABSOLUTE) referenced from llc_phy_upd_patch.o(i.ll_phy_req_handler_patch)
 <LI><a href="#[75]">lld_acl_rx_ind_handler_patch</a> from llc_task_patch.o(i.lld_acl_rx_ind_handler_patch) referenced from llc_task_patch.o(i.llc_msg_handler_tab_replace)
 <LI><a href="#[84]">lld_adv_frm_cbk_func_patch</a> from lld_adv_patch.o(i.lld_adv_frm_cbk_func_patch) referenced from lld_adv_patch.o(i.lld_adv_replace)
 <LI><a href="#[8f]">lld_adv_start_func_patch</a> from lld_scan_patch.o(i.lld_adv_start_func_patch) referenced from lld_scan_patch.o(i.lld_scan_frm_cbk_replace)
 <LI><a href="#[dc]">lld_bi_frm_cbk</a> from rom_symbol.txt(ABSOLUTE) referenced from sch_prog_patch.o(RAM_CODE)
 <LI><a href="#[77]">lld_ch_map_upd_cfm_handler_patch</a> from llc_chmap_upd_patch.o(i.lld_ch_map_upd_cfm_handler_patch) referenced from llc_task_patch.o(i.llc_msg_handler_tab_replace)
 <LI><a href="#[dd]">lld_ci_frm_cbk</a> from rom_symbol.txt(ABSOLUTE) referenced from sch_prog_patch.o(RAM_CODE)
 <LI><a href="#[417]">lld_con_evt_start_cbk_patch</a> from lld_con_patch.o(RAM_CODE) referenced from lld_con_patch.o(RAM_CODE)
 <LI><a href="#[87]">lld_con_frm_cbk_patch</a> from lld_con_patch.o(RAM_CODE) referenced from lld_con_patch.o(i.lld_con_replace)
 <LI><a href="#[79]">lld_con_offset_upd_ind_handler_patch</a> from llc_con_upd_patch.o(i.lld_con_offset_upd_ind_handler_patch) referenced from llc_task_patch.o(i.llc_msg_handler_tab_replace)
 <LI><a href="#[76]">lld_con_param_upd_cfm_handler_patch</a> from llc_con_upd_patch.o(i.lld_con_param_upd_cfm_handler_patch) referenced from llc_task_patch.o(i.llc_msg_handler_tab_replace)
 <LI><a href="#[85]">lld_con_sched_patch</a> from lld_con_patch.o(RAM_CODE) referenced from lld_con_patch.o(i.lld_con_replace)
 <LI><a href="#[86]">lld_con_start_patch</a> from lld_con_patch.o(RAM_CODE) referenced from lld_con_patch.o(i.lld_con_replace)
 <LI><a href="#[88]">lld_con_tx_prog_patch</a> from lld_con_patch.o(RAM_CODE) referenced from lld_con_patch.o(i.lld_con_replace)
 <LI><a href="#[8a]">lld_init_evt_canceled_cbk</a> from rom_symbol.txt(ABSOLUTE) referenced from lld_init_patch.o(i.lld_init_start_patch)
 <LI><a href="#[8b]">lld_init_evt_start_cbk_patch</a> from lld_init_patch.o(RAM_CODE) referenced from lld_init_patch.o(i.lld_init_start_patch)
 <LI><a href="#[89]">lld_init_patch</a> from lld_patch.o(i.lld_init_patch) referenced from lld_patch.o(i.lld_init_replace)
 <LI><a href="#[8c]">lld_init_start_patch</a> from lld_init_patch.o(i.lld_init_start_patch) referenced from lld_init_patch.o(i.lld_init_start_replace)
 <LI><a href="#[73]">lld_llcp_rx_ind_handler_patch</a> from llc_llcp_patch.o(RAM_CODE) referenced from llc_task_patch.o(i.llc_msg_handler_tab_replace)
 <LI><a href="#[74]">lld_llcp_tx_cfm_handler_patch</a> from llc_llcp_patch.o(RAM_CODE) referenced from llc_task_patch.o(i.llc_msg_handler_tab_replace)
 <LI><a href="#[78]">lld_phy_upd_cfm_handler_patch</a> from llc_phy_upd_patch.o(i.lld_phy_upd_cfm_handler_patch) referenced from llc_task_patch.o(i.llc_msg_handler_tab_replace)
 <LI><a href="#[90]">lld_scan_evt_start_cbk_patch</a> from lld_scan_patch.o(RAM_CODE) referenced from lld_scan_patch.o(i.lld_scan_start_func_patch)
 <LI><a href="#[8d]">lld_scan_frm_cbk_func_patch</a> from lld_scan_patch.o(RAM_CODE) referenced from lld_scan_patch.o(i.lld_scan_frm_cbk_replace)
 <LI><a href="#[8e]">lld_scan_start_func_patch</a> from lld_scan_patch.o(i.lld_scan_start_func_patch) referenced from lld_scan_patch.o(i.lld_scan_frm_cbk_replace)
 <LI><a href="#[de]">lld_supervision_to_cb</a> from rom_symbol.txt(ABSOLUTE) referenced from lld_con_patch.o(RAM_CODE)
 <LI><a href="#[db]">lld_test_frm_cbk</a> from rom_symbol.txt(ABSOLUTE) referenced from sch_prog_patch.o(RAM_CODE)
 <LI><a href="#[49]">log_flush</a> from user_periph_setup.o(i.log_flush) referenced from user_periph_setup.o(i.app_log_assert_init)
 <LI><a href="#[da]">lp_cali_watch_alarm_cb</a> from sch_prog_patch.o(RAM_CODE) referenced from sch_prog_patch.o(RAM_CODE)
 <LI><a href="#[41]">main</a> from platform_gr55xx.o(i.$Sub$$main) referenced from entry9a.o(.ARM.Collect$$$$0000000B)
 <LI><a href="#[44]">main_init</a> from system_gr55xx.o(i.main_init) referenced from startup_gr55xx.o(.text)
 <LI><a href="#[b8]">pmu_calibration_handler</a> from platform_sdk.o(i.pmu_calibration_handler) referenced from pmu_calibration.o(i.system_pmu_calibration_init)
 <LI><a href="#[9e]">pwr_enter_sleep_check</a> from app_pwr_mgmt.o(i.pwr_enter_sleep_check) referenced from app_pwr_mgmt.o(i.pwr_register_sleep_cb)
 <LI><a href="#[9c]">pwr_mgmt_shutdown_patch</a> from sdk_pwr_mgmt_patch.o(RAM_CODE) referenced from sdk_pwr_mgmt_patch.o(i.pwr_mgmt_shutdown_replace)
 <LI><a href="#[9d]">pwr_wake_up_ind</a> from app_pwr_mgmt.o(RAM_CODE) referenced from app_pwr_mgmt.o(i.pwr_register_sleep_cb)
 <LI><a href="#[9f]">rf_init_patch</a> from rf_gdx_patch.o(i.rf_init_patch) referenced from rf_gdx_patch.o(i.rf_gdx_replace)
 <LI><a href="#[5b]">rf_recalibrate</a> from rom_symbol.txt(ABSOLUTE) referenced from system_sdk_patch.o(i.ble_stack_init)
 <LI><a href="#[a1]">rf_txpwr_cs_get_patch</a> from rf_gdx_patch.o(i.rf_txpwr_cs_get_patch) referenced from rf_gdx_patch.o(i.rf_init_patch)
 <LI><a href="#[a0]">rf_txpwr_dbm_get_patch</a> from rf_gdx_patch.o(i.rf_txpwr_dbm_get_patch) referenced from rf_gdx_patch.o(i.rf_init_patch)
 <LI><a href="#[a2]">rom_callback_patch</a> from rwip_sleep_patch.o(RAM_CODE) referenced from rwip_sleep_patch.o(i.rom_callback_replace)
 <LI><a href="#[54]">rwip_us_2_lpcycles</a> from rom_symbol.txt(ABSOLUTE) referenced from system_sdk_patch.o(i.ble_stack_init)
 <LI><a href="#[a7]">sch_arb_event_start_isr_patch</a> from sch_arb_patch.o(RAM_CODE) referenced from sch_arb_patch.o(i.sch_arb_replace)
 <LI><a href="#[a6]">sch_arb_insert_patch</a> from sch_arb_patch.o(RAM_CODE) referenced from sch_arb_patch.o(i.sch_arb_replace)
 <LI><a href="#[a9]">sch_prog_activity_isr_patch</a> from sch_prog_patch.o(RAM_CODE) referenced from sch_prog_patch.o(i.sch_prog_frm_cbk_replace)
 <LI><a href="#[ae]">sec_rcv_encrypt_req_ind_handler_patch</a> from ble_sdk_sec_patch.o(i.sec_rcv_encrypt_req_ind_handler_patch) referenced from ble_sdk_gapc_patch.o(i.sdk_gapc_msg_handler_tab_replace)
 <LI><a href="#[ad]">sec_rcv_sec_req_ind_handler_patch</a> from ble_sdk_sec_patch.o(i.sec_rcv_sec_req_ind_handler_patch) referenced from ble_sdk_gapc_patch.o(i.sdk_gapc_msg_handler_tab_replace)
 <LI><a href="#[42]">set_msp</a> from system_gr55xx.o(i.set_msp) referenced from startup_gr55xx.o(.text)
 <LI><a href="#[57]">set_sdk_schedule_event</a> from rom_symbol.txt(ABSOLUTE) referenced from system_sdk_patch.o(i.ble_stack_init)
 <LI><a href="#[b7]">smpc_handle_enc_change_evt_func_patch</a> from smpc_patch.o(i.smpc_handle_enc_change_evt_func_patch) referenced from smpc_patch.o(i.smpc_handle_enc_change_evt_func_replace)
 <LI><a href="#[5c]">sync_evt_sch_arb_cb</a> from sch_arb_patch.o(i.sync_evt_sch_arb_cb) referenced from sch_arb_patch.o(i.create_sch_arb_sync_event)
 <LI><a href="#[5c]">sync_evt_sch_arb_cb</a> from sch_arb_patch.o(i.sync_evt_sch_arb_cb) referenced from sch_arb_patch.o(i.sync_evt_sch_arb_cb)
 <LI><a href="#[99]">sys_context_restore_func</a> from platform_sys_context.o(RAM_CODE) referenced from platform_sdk.o(i.platform_sdk_init)
 <LI><a href="#[98]">sys_context_save_func</a> from platform_sys_context.o(RAM_CODE) referenced from platform_sdk.o(i.platform_sdk_init)
 <LI><a href="#[c1]">systick_prepare_for_sleep</a> from app_systick.o(i.systick_prepare_for_sleep) referenced from app_systick.o(.constdata)
 <LI><a href="#[c2]">systick_sleep_canceled</a> from app_systick.o(i.systick_sleep_canceled) referenced from app_systick.o(.constdata)
 <LI><a href="#[c3]">systick_wake_up_ind</a> from app_systick.o(RAM_CODE) referenced from app_systick.o(.constdata)
 <LI><a href="#[ba]">uart_evt_handler</a> from user_periph_setup.o(i.uart_evt_handler) referenced from user_periph_setup.o(i.uart_init)
 <LI><a href="#[be]">uart_prepare_for_sleep</a> from app_uart.o(i.uart_prepare_for_sleep) referenced from app_uart.o(.constdata)
 <LI><a href="#[bf]">uart_sleep_canceled</a> from app_uart.o(i.uart_sleep_canceled) referenced from app_uart.o(.constdata)
 <LI><a href="#[4a]">uart_tx_data_send</a> from user_periph_setup.o(i.uart_tx_data_send) referenced from user_periph_setup.o(i.app_log_assert_init)
 <LI><a href="#[c0]">uart_wake_up_ind</a> from app_uart.o(RAM_CODE) referenced from app_uart.o(.constdata)
 <LI><a href="#[9a]">ultra_wfi</a> from rom_symbol.txt(ABSOLUTE) referenced from platform_sdk.o(i.platform_sdk_init)
</UL>
<P>
<H3>
Global Symbols
</H3>
<P><STRONG><a name="[325]"></a>bl1_srand</STRONG> (Thumb, 0 bytes, Stack size 0 bytes, rom_symbol.txt(ABSOLUTE))
<BR><BR>[Called By]<UL><LI><a href="#[1ad]">&gt;&gt;</a>&nbsp;&nbsp;&nbsp;rand_seed_gen (via Veneer)
</UL>

<P><STRONG><a name="[211]"></a>assert_err</STRONG> (Thumb, 0 bytes, Stack size 0 bytes, rom_symbol.txt(ABSOLUTE))
<BR><BR>[Called By]<UL><LI><a href="#[c9]">&gt;&gt;</a>&nbsp;&nbsp;&nbsp;hci_send_2_controller_patch
<LI><a href="#[17c]">&gt;&gt;</a>&nbsp;&nbsp;&nbsp;llm_hci_command_handler_tab_replace (via Veneer)
<LI><a href="#[185]">&gt;&gt;</a>&nbsp;&nbsp;&nbsp;llc_msg_handler_tab_replace (via Veneer)
<LI><a href="#[52]">&gt;&gt;</a>&nbsp;&nbsp;&nbsp;gap_init_fsm_next_func_patch (via Veneer)
<LI><a href="#[2ce]">&gt;&gt;</a>&nbsp;&nbsp;&nbsp;lld_adv_frm_isr_patch (via Veneer)
<LI><a href="#[62]">&gt;&gt;</a>&nbsp;&nbsp;&nbsp;gapm_init_connection_ind_func_patch (via Veneer)
<LI><a href="#[8c]">&gt;&gt;</a>&nbsp;&nbsp;&nbsp;lld_init_start_patch (via Veneer)
<LI><a href="#[8b]">&gt;&gt;</a>&nbsp;&nbsp;&nbsp;lld_init_evt_start_cbk_patch
<LI><a href="#[b7]">&gt;&gt;</a>&nbsp;&nbsp;&nbsp;smpc_handle_enc_change_evt_func_patch (via Veneer)
<LI><a href="#[88]">&gt;&gt;</a>&nbsp;&nbsp;&nbsp;lld_con_tx_prog_patch
<LI><a href="#[417]">&gt;&gt;</a>&nbsp;&nbsp;&nbsp;lld_con_evt_start_cbk_patch
<LI><a href="#[6e]">&gt;&gt;</a>&nbsp;&nbsp;&nbsp;llc_pref_param_compute_func_patch (via Veneer)
<LI><a href="#[8e]">&gt;&gt;</a>&nbsp;&nbsp;&nbsp;lld_scan_start_func_patch (via Veneer)
<LI><a href="#[8f]">&gt;&gt;</a>&nbsp;&nbsp;&nbsp;lld_adv_start_func_patch (via Veneer)
<LI><a href="#[408]">&gt;&gt;</a>&nbsp;&nbsp;&nbsp;lld_scan_frm_rx_isr_patch
<LI><a href="#[402]">&gt;&gt;</a>&nbsp;&nbsp;&nbsp;lld_scan_process_pkt_rx_patch
<LI><a href="#[94]">&gt;&gt;</a>&nbsp;&nbsp;&nbsp;hci_le_ext_create_con_cmd_handler_patch (via Veneer)
<LI><a href="#[1df]">&gt;&gt;</a>&nbsp;&nbsp;&nbsp;sch_arb_hus_timer_set (via Veneer)
<LI><a href="#[3df]">&gt;&gt;</a>&nbsp;&nbsp;&nbsp;rwble_reset_recovery
<LI><a href="#[a7]">&gt;&gt;</a>&nbsp;&nbsp;&nbsp;sch_arb_event_start_isr_patch
<LI><a href="#[a5]">&gt;&gt;</a>&nbsp;&nbsp;&nbsp;BLESLEEP_IRQHandler_patch
<LI><a href="#[3c3]">&gt;&gt;</a>&nbsp;&nbsp;&nbsp;ble_rwip_wakeup_patch
</UL>

<P><STRONG><a name="[275]"></a>assert_param</STRONG> (Thumb, 0 bytes, Stack size 0 bytes, rom_symbol.txt(ABSOLUTE))
<BR><BR>[Called By]<UL><LI><a href="#[2ce]">&gt;&gt;</a>&nbsp;&nbsp;&nbsp;lld_adv_frm_isr_patch (via Veneer)
<LI><a href="#[84]">&gt;&gt;</a>&nbsp;&nbsp;&nbsp;lld_adv_frm_cbk_func_patch (via Veneer)
<LI><a href="#[69]">&gt;&gt;</a>&nbsp;&nbsp;&nbsp;hci_nb_cmp_pkts_evt_handler_patch (via Veneer)
<LI><a href="#[6f]">&gt;&gt;</a>&nbsp;&nbsp;&nbsp;llc_rem_con_upd_proc_continue_patch (via Veneer)
<LI><a href="#[8d]">&gt;&gt;</a>&nbsp;&nbsp;&nbsp;lld_scan_frm_cbk_func_patch
<LI><a href="#[409]">&gt;&gt;</a>&nbsp;&nbsp;&nbsp;lld_scan_frm_eof_isr_patch
<LI><a href="#[94]">&gt;&gt;</a>&nbsp;&nbsp;&nbsp;hci_le_ext_create_con_cmd_handler_patch (via Veneer)
<LI><a href="#[3fe]">&gt;&gt;</a>&nbsp;&nbsp;&nbsp;rwble_isr_patch
<LI><a href="#[70]">&gt;&gt;</a>&nbsp;&nbsp;&nbsp;llc_rem_encrypt_proc_continue_patch (via Veneer)
</UL>

<P><STRONG><a name="[2b6]"></a>assert_warn</STRONG> (Thumb, 0 bytes, Stack size 0 bytes, rom_symbol.txt(ABSOLUTE))
<BR><BR>[Called By]<UL><LI><a href="#[c9]">&gt;&gt;</a>&nbsp;&nbsp;&nbsp;hci_send_2_controller_patch
<LI><a href="#[6f]">&gt;&gt;</a>&nbsp;&nbsp;&nbsp;llc_rem_con_upd_proc_continue_patch (via Veneer)
</UL>

<P><STRONG><a name="[28e]"></a>attc_l2cc_pdu_recv_handler</STRONG> (Thumb, 0 bytes, Stack size 0 bytes, rom_symbol.txt(ABSOLUTE))
<BR><BR>[Called By]<UL><LI><a href="#[66]">&gt;&gt;</a>&nbsp;&nbsp;&nbsp;l2cc_pdu_recv_ind_handler_patch (via Veneer)
</UL>

<P><STRONG><a name="[15e]"></a>attmdb_get_attribute</STRONG> (Thumb, 0 bytes, Stack size 0 bytes, rom_symbol.txt(ABSOLUTE))
<BR><BR>[Called By]<UL><LI><a href="#[15d]">&gt;&gt;</a>&nbsp;&nbsp;&nbsp;attm_update_max_len (via Veneer)
</UL>

<P><STRONG><a name="[15f]"></a>attmdb_uuid16_comp</STRONG> (Thumb, 0 bytes, Stack size 0 bytes, rom_symbol.txt(ABSOLUTE))
<BR><BR>[Called By]<UL><LI><a href="#[15d]">&gt;&gt;</a>&nbsp;&nbsp;&nbsp;attm_update_max_len (via Veneer)
</UL>

<P><STRONG><a name="[16a]"></a>atts_clear_read_cache</STRONG> (Thumb, 0 bytes, Stack size 0 bytes, rom_symbol.txt(ABSOLUTE))
<BR><BR>[Called By]<UL><LI><a href="#[d4]">&gt;&gt;</a>&nbsp;&nbsp;&nbsp;atts_read_mult_req_patch (via Veneer)
</UL>

<P><STRONG><a name="[d9]"></a>atts_execute_write_req</STRONG> (Thumb, 0 bytes, Stack size 0 bytes, rom_symbol.txt(ABSOLUTE), UNUSED)
<BR>[Address Reference Count : 1]<UL><LI> atts_patch.o(.constdata)
</UL>
<P><STRONG><a name="[cf]"></a>atts_find_by_type_req</STRONG> (Thumb, 0 bytes, Stack size 0 bytes, rom_symbol.txt(ABSOLUTE), UNUSED)
<BR>[Address Reference Count : 1]<UL><LI> atts_patch.o(.constdata)
</UL>
<P><STRONG><a name="[ce]"></a>atts_find_info_req</STRONG> (Thumb, 0 bytes, Stack size 0 bytes, rom_symbol.txt(ABSOLUTE), UNUSED)
<BR>[Address Reference Count : 1]<UL><LI> atts_patch.o(.constdata)
</UL>
<P><STRONG><a name="[167]"></a>atts_get_att_chk_perm</STRONG> (Thumb, 0 bytes, Stack size 0 bytes, rom_symbol.txt(ABSOLUTE))
<BR><BR>[Called By]<UL><LI><a href="#[d4]">&gt;&gt;</a>&nbsp;&nbsp;&nbsp;atts_read_mult_req_patch (via Veneer)
</UL>

<P><STRONG><a name="[168]"></a>atts_get_value</STRONG> (Thumb, 0 bytes, Stack size 0 bytes, rom_symbol.txt(ABSOLUTE))
<BR><BR>[Called By]<UL><LI><a href="#[d4]">&gt;&gt;</a>&nbsp;&nbsp;&nbsp;atts_read_mult_req_patch (via Veneer)
</UL>

<P><STRONG><a name="[161]"></a>atts_hdl_value_cfm</STRONG> (Thumb, 0 bytes, Stack size 0 bytes, rom_symbol.txt(ABSOLUTE))
<BR><BR>[Called By]<UL><LI><a href="#[160]">&gt;&gt;</a>&nbsp;&nbsp;&nbsp;atts_l2cc_pdu_recv_handler_patch (via Veneer)
</UL>

<P><STRONG><a name="[cd]"></a>atts_mtu_exc_req</STRONG> (Thumb, 0 bytes, Stack size 0 bytes, rom_symbol.txt(ABSOLUTE), UNUSED)
<BR>[Address Reference Count : 1]<UL><LI> atts_patch.o(.constdata)
</UL>
<P><STRONG><a name="[d8]"></a>atts_prepare_write_req</STRONG> (Thumb, 0 bytes, Stack size 0 bytes, rom_symbol.txt(ABSOLUTE), UNUSED)
<BR>[Address Reference Count : 1]<UL><LI> atts_patch.o(.constdata)
</UL>
<P><STRONG><a name="[164]"></a>atts_process_pdu</STRONG> (Thumb, 0 bytes, Stack size 0 bytes, rom_symbol.txt(ABSOLUTE))
<BR><BR>[Called By]<UL><LI><a href="#[160]">&gt;&gt;</a>&nbsp;&nbsp;&nbsp;atts_l2cc_pdu_recv_handler_patch (via Veneer)
</UL>

<P><STRONG><a name="[d3]"></a>atts_read_blob_req</STRONG> (Thumb, 0 bytes, Stack size 0 bytes, rom_symbol.txt(ABSOLUTE), UNUSED)
<BR>[Address Reference Count : 1]<UL><LI> atts_patch.o(.constdata)
</UL>
<P><STRONG><a name="[d1]"></a>atts_read_by_grp_type_req</STRONG> (Thumb, 0 bytes, Stack size 0 bytes, rom_symbol.txt(ABSOLUTE), UNUSED)
<BR>[Address Reference Count : 1]<UL><LI> atts_patch.o(.constdata)
</UL>
<P><STRONG><a name="[d0]"></a>atts_read_by_type_req</STRONG> (Thumb, 0 bytes, Stack size 0 bytes, rom_symbol.txt(ABSOLUTE), UNUSED)
<BR>[Address Reference Count : 1]<UL><LI> atts_patch.o(.constdata)
</UL>
<P><STRONG><a name="[d2]"></a>atts_read_req</STRONG> (Thumb, 0 bytes, Stack size 0 bytes, rom_symbol.txt(ABSOLUTE), UNUSED)
<BR>[Address Reference Count : 1]<UL><LI> atts_patch.o(.constdata)
</UL>
<P><STRONG><a name="[16d]"></a>atts_send_error</STRONG> (Thumb, 0 bytes, Stack size 0 bytes, rom_symbol.txt(ABSOLUTE))
<BR><BR>[Called By]<UL><LI><a href="#[d4]">&gt;&gt;</a>&nbsp;&nbsp;&nbsp;atts_read_mult_req_patch (via Veneer)
</UL>

<P><STRONG><a name="[16c]"></a>atts_send_pdu</STRONG> (Thumb, 0 bytes, Stack size 0 bytes, rom_symbol.txt(ABSOLUTE))
<BR><BR>[Called By]<UL><LI><a href="#[d4]">&gt;&gt;</a>&nbsp;&nbsp;&nbsp;atts_read_mult_req_patch (via Veneer)
</UL>

<P><STRONG><a name="[d5]"></a>atts_write_cmd</STRONG> (Thumb, 0 bytes, Stack size 0 bytes, rom_symbol.txt(ABSOLUTE), UNUSED)
<BR>[Address Reference Count : 1]<UL><LI> atts_patch.o(.constdata)
</UL>
<P><STRONG><a name="[d6]"></a>atts_write_req</STRONG> (Thumb, 0 bytes, Stack size 0 bytes, rom_symbol.txt(ABSOLUTE), UNUSED)
<BR>[Address Reference Count : 1]<UL><LI> atts_patch.o(.constdata)
</UL>
<P><STRONG><a name="[d7]"></a>atts_write_signed</STRONG> (Thumb, 0 bytes, Stack size 0 bytes, rom_symbol.txt(ABSOLUTE), UNUSED)
<BR>[Address Reference Count : 1]<UL><LI> atts_patch.o(.constdata)
</UL>
<P><STRONG><a name="[3eb]"></a>ble_get_role_and_cs_idx_from_et</STRONG> (Thumb, 0 bytes, Stack size 0 bytes, rom_symbol.txt(ABSOLUTE))
<BR><BR>[Called By]<UL><LI><a href="#[a9]">&gt;&gt;</a>&nbsp;&nbsp;&nbsp;sch_prog_activity_isr_patch
</UL>

<P><STRONG><a name="[3b5]"></a>ble_util_buf_acl_tx_free</STRONG> (Thumb, 0 bytes, Stack size 0 bytes, rom_symbol.txt(ABSOLUTE))
<BR><BR>[Called By]<UL><LI><a href="#[c9]">&gt;&gt;</a>&nbsp;&nbsp;&nbsp;hci_send_2_controller_patch
</UL>

<P><STRONG><a name="[2eb]"></a>ble_util_buf_adv_tx_free</STRONG> (Thumb, 0 bytes, Stack size 0 bytes, rom_symbol.txt(ABSOLUTE))
<BR><BR>[Called By]<UL><LI><a href="#[2d5]">&gt;&gt;</a>&nbsp;&nbsp;&nbsp;lld_try_to_free_old_buffer (via Veneer)
</UL>

<P><STRONG><a name="[40e]"></a>ble_util_buf_rx_free</STRONG> (Thumb, 0 bytes, Stack size 0 bytes, rom_symbol.txt(ABSOLUTE))
<BR><BR>[Called By]<UL><LI><a href="#[73]">&gt;&gt;</a>&nbsp;&nbsp;&nbsp;lld_llcp_rx_ind_handler_patch
</UL>

<P><STRONG><a name="[272]"></a>co_bdaddr_compare</STRONG> (Thumb, 0 bytes, Stack size 0 bytes, rom_symbol.txt(ABSOLUTE))
<BR><BR>[Called By]<UL><LI><a href="#[95]">&gt;&gt;</a>&nbsp;&nbsp;&nbsp;hci_le_set_ext_scan_en_cmd_handler_patch (via Veneer)
<LI><a href="#[94]">&gt;&gt;</a>&nbsp;&nbsp;&nbsp;hci_le_ext_create_con_cmd_handler_patch (via Veneer)
</UL>

<P><STRONG><a name="[400]"></a>co_list_extract</STRONG> (Thumb, 0 bytes, Stack size 0 bytes, rom_symbol.txt(ABSOLUTE))
<BR><BR>[Called By]<UL><LI><a href="#[2e3]">&gt;&gt;</a>&nbsp;&nbsp;&nbsp;lld_scan_discard_last_rx_buff
</UL>

<P><STRONG><a name="[3dc]"></a>co_list_find</STRONG> (Thumb, 0 bytes, Stack size 0 bytes, rom_symbol.txt(ABSOLUTE))
<BR><BR>[Called By]<UL><LI><a href="#[2e3]">&gt;&gt;</a>&nbsp;&nbsp;&nbsp;lld_scan_discard_last_rx_buff
<LI><a href="#[3c2]">&gt;&gt;</a>&nbsp;&nbsp;&nbsp;lp_cali_watch_alarm_start
</UL>

<P><STRONG><a name="[3f0]"></a>co_list_pop_front</STRONG> (Thumb, 0 bytes, Stack size 0 bytes, rom_symbol.txt(ABSOLUTE))
<BR><BR>[Called By]<UL><LI><a href="#[a7]">&gt;&gt;</a>&nbsp;&nbsp;&nbsp;sch_arb_event_start_isr_patch
</UL>

<P><STRONG><a name="[163]"></a>co_list_push_back</STRONG> (Thumb, 0 bytes, Stack size 0 bytes, rom_symbol.txt(ABSOLUTE))
<BR><BR>[Called By]<UL><LI><a href="#[160]">&gt;&gt;</a>&nbsp;&nbsp;&nbsp;atts_l2cc_pdu_recv_handler_patch (via Veneer)
<LI><a href="#[a7]">&gt;&gt;</a>&nbsp;&nbsp;&nbsp;sch_arb_event_start_isr_patch
<LI><a href="#[d4]">&gt;&gt;</a>&nbsp;&nbsp;&nbsp;atts_read_mult_req_patch (via Veneer)
</UL>

<P><STRONG><a name="[165]"></a>co_list_size</STRONG> (Thumb, 0 bytes, Stack size 0 bytes, rom_symbol.txt(ABSOLUTE))
<BR><BR>[Called By]<UL><LI><a href="#[d4]">&gt;&gt;</a>&nbsp;&nbsp;&nbsp;atts_read_mult_req_patch (via Veneer)
</UL>

<P><STRONG><a name="[10c]"></a>dbg_log_printf</STRONG> (Thumb, 0 bytes, Stack size 0 bytes, rom_symbol.txt(ABSOLUTE))
<BR><BR>[Called By]<UL><LI><a href="#[133]">&gt;&gt;</a>&nbsp;&nbsp;&nbsp;nvds_put (via Veneer)
<LI><a href="#[17e]">&gt;&gt;</a>&nbsp;&nbsp;&nbsp;gapm_msg_handler_replace (via Veneer)
<LI><a href="#[15c]">&gt;&gt;</a>&nbsp;&nbsp;&nbsp;write_item (via Veneer)
<LI><a href="#[1d4]">&gt;&gt;</a>&nbsp;&nbsp;&nbsp;write_compacted_items (via Veneer)
<LI><a href="#[2f5]">&gt;&gt;</a>&nbsp;&nbsp;&nbsp;replace_item (via Veneer)
<LI><a href="#[15b]">&gt;&gt;</a>&nbsp;&nbsp;&nbsp;compact_nvds (via Veneer)
<LI><a href="#[159]">&gt;&gt;</a>&nbsp;&nbsp;&nbsp;append_item (via Veneer)
<LI><a href="#[207]">&gt;&gt;</a>&nbsp;&nbsp;&nbsp;init_ltk_list (via Veneer)
<LI><a href="#[52]">&gt;&gt;</a>&nbsp;&nbsp;&nbsp;gap_init_fsm_next_func_patch (via Veneer)
<LI><a href="#[b0]">&gt;&gt;</a>&nbsp;&nbsp;&nbsp;gap_activity_stopped_ind_handler_patch (via Veneer)
<LI><a href="#[b7]">&gt;&gt;</a>&nbsp;&nbsp;&nbsp;smpc_handle_enc_change_evt_func_patch (via Veneer)
<LI><a href="#[160]">&gt;&gt;</a>&nbsp;&nbsp;&nbsp;atts_l2cc_pdu_recv_handler_patch (via Veneer)
<LI><a href="#[66]">&gt;&gt;</a>&nbsp;&nbsp;&nbsp;l2cc_pdu_recv_ind_handler_patch (via Veneer)
<LI><a href="#[10a]">&gt;&gt;</a>&nbsp;&nbsp;&nbsp;add_ltk_item (via Veneer)
<LI><a href="#[d4]">&gt;&gt;</a>&nbsp;&nbsp;&nbsp;atts_read_mult_req_patch (via Veneer)
<LI><a href="#[b5]">&gt;&gt;</a>&nbsp;&nbsp;&nbsp;gattc_write_req_ind_handler_patch (via Veneer)
<LI><a href="#[65]">&gt;&gt;</a>&nbsp;&nbsp;&nbsp;gatt_on_disconnection_func_patch (via Veneer)
<LI><a href="#[1aa]">&gt;&gt;</a>&nbsp;&nbsp;&nbsp;sec_check_conn_bond_patch (via Veneer)
<LI><a href="#[b4]">&gt;&gt;</a>&nbsp;&nbsp;&nbsp;ble_sdk_gatts_svc_changed_cfg_ind_handler_patch (via Veneer)
<LI><a href="#[ad]">&gt;&gt;</a>&nbsp;&nbsp;&nbsp;sec_rcv_sec_req_ind_handler_patch (via Veneer)
<LI><a href="#[ae]">&gt;&gt;</a>&nbsp;&nbsp;&nbsp;sec_rcv_encrypt_req_ind_handler_patch (via Veneer)
<LI><a href="#[ac]">&gt;&gt;</a>&nbsp;&nbsp;&nbsp;gap_disconnect_ind_handler_patch (via Veneer)
<LI><a href="#[ab]">&gt;&gt;</a>&nbsp;&nbsp;&nbsp;gap_connection_req_ind_handler_patch (via Veneer)
<LI><a href="#[af]">&gt;&gt;</a>&nbsp;&nbsp;&nbsp;gap_cmp_evt_handler_patch (via Veneer)
</UL>

<P><STRONG><a name="[393]"></a>exflash_check_id</STRONG> (Thumb, 0 bytes, Stack size 0 bytes, rom_symbol.txt(ABSOLUTE))
<BR><BR>[Called By]<UL><LI><a href="#[ca]">&gt;&gt;</a>&nbsp;&nbsp;&nbsp;hal_exflash_write
<LI><a href="#[cb]">&gt;&gt;</a>&nbsp;&nbsp;&nbsp;hal_exflash_erase
<LI><a href="#[303]">&gt;&gt;</a>&nbsp;&nbsp;&nbsp;platform_exflash_enable_quad
<LI><a href="#[38f]">&gt;&gt;</a>&nbsp;&nbsp;&nbsp;hal_exflash_warm_init
</UL>

<P><STRONG><a name="[3ad]"></a>exflash_deepsleep</STRONG> (Thumb, 0 bytes, Stack size 0 bytes, rom_symbol.txt(ABSOLUTE))
<BR><BR>[Called By]<UL><LI><a href="#[ca]">&gt;&gt;</a>&nbsp;&nbsp;&nbsp;hal_exflash_write
<LI><a href="#[cb]">&gt;&gt;</a>&nbsp;&nbsp;&nbsp;hal_exflash_erase
<LI><a href="#[303]">&gt;&gt;</a>&nbsp;&nbsp;&nbsp;platform_exflash_enable_quad
<LI><a href="#[382]">&gt;&gt;</a>&nbsp;&nbsp;&nbsp;hal_exflash_deepsleep_patch
</UL>

<P><STRONG><a name="[3a7]"></a>exflash_enable_write</STRONG> (Thumb, 0 bytes, Stack size 0 bytes, rom_symbol.txt(ABSOLUTE))
<BR><BR>[Called By]<UL><LI><a href="#[3a8]">&gt;&gt;</a>&nbsp;&nbsp;&nbsp;enable_quad_mode1
<LI><a href="#[3a6]">&gt;&gt;</a>&nbsp;&nbsp;&nbsp;enable_quad_mode2
</UL>

<P><STRONG><a name="[3ba]"></a>exflash_erase_chip</STRONG> (Thumb, 0 bytes, Stack size 0 bytes, rom_symbol.txt(ABSOLUTE))
<BR><BR>[Called By]<UL><LI><a href="#[cb]">&gt;&gt;</a>&nbsp;&nbsp;&nbsp;hal_exflash_erase
</UL>

<P><STRONG><a name="[3bb]"></a>exflash_erase_sector</STRONG> (Thumb, 0 bytes, Stack size 0 bytes, rom_symbol.txt(ABSOLUTE))
<BR><BR>[Called By]<UL><LI><a href="#[cb]">&gt;&gt;</a>&nbsp;&nbsp;&nbsp;hal_exflash_erase
</UL>

<P><STRONG><a name="[3b9]"></a>exflash_page_program</STRONG> (Thumb, 0 bytes, Stack size 0 bytes, rom_symbol.txt(ABSOLUTE))
<BR><BR>[Called By]<UL><LI><a href="#[ca]">&gt;&gt;</a>&nbsp;&nbsp;&nbsp;hal_exflash_write
</UL>

<P><STRONG><a name="[3bd]"></a>exflash_resume</STRONG> (Thumb, 0 bytes, Stack size 0 bytes, rom_symbol.txt(ABSOLUTE))
<BR><BR>[Called By]<UL><LI><a href="#[3b1]">&gt;&gt;</a>&nbsp;&nbsp;&nbsp;hal_exflash_resume
</UL>

<P><STRONG><a name="[3bc]"></a>exflash_suspend</STRONG> (Thumb, 0 bytes, Stack size 0 bytes, rom_symbol.txt(ABSOLUTE))
<BR><BR>[Called By]<UL><LI><a href="#[3af]">&gt;&gt;</a>&nbsp;&nbsp;&nbsp;hal_exflash_suspend
</UL>

<P><STRONG><a name="[3a5]"></a>exflash_wait_busy</STRONG> (Thumb, 0 bytes, Stack size 0 bytes, rom_symbol.txt(ABSOLUTE))
<BR><BR>[Called By]<UL><LI><a href="#[3a8]">&gt;&gt;</a>&nbsp;&nbsp;&nbsp;enable_quad_mode1
<LI><a href="#[3a6]">&gt;&gt;</a>&nbsp;&nbsp;&nbsp;enable_quad_mode2
<LI><a href="#[3a3]">&gt;&gt;</a>&nbsp;&nbsp;&nbsp;enable_quad_xmc
</UL>

<P><STRONG><a name="[391]"></a>exflash_wakeup</STRONG> (Thumb, 0 bytes, Stack size 0 bytes, rom_symbol.txt(ABSOLUTE))
<BR><BR>[Called By]<UL><LI><a href="#[ca]">&gt;&gt;</a>&nbsp;&nbsp;&nbsp;hal_exflash_write
<LI><a href="#[cb]">&gt;&gt;</a>&nbsp;&nbsp;&nbsp;hal_exflash_erase
<LI><a href="#[303]">&gt;&gt;</a>&nbsp;&nbsp;&nbsp;platform_exflash_enable_quad
<LI><a href="#[38f]">&gt;&gt;</a>&nbsp;&nbsp;&nbsp;hal_exflash_warm_init
<LI><a href="#[384]">&gt;&gt;</a>&nbsp;&nbsp;&nbsp;hal_exflash_wakeup_patch
</UL>

<P><STRONG><a name="[3aa]"></a>exflash_write_status</STRONG> (Thumb, 0 bytes, Stack size 0 bytes, rom_symbol.txt(ABSOLUTE))
<BR><BR>[Called By]<UL><LI><a href="#[3a9]">&gt;&gt;</a>&nbsp;&nbsp;&nbsp;enable_quad_mode0
</UL>

<P><STRONG><a name="[3db]"></a>force_dpad_le_high</STRONG> (Thumb, 0 bytes, Stack size 0 bytes, rom_symbol.txt(ABSOLUTE))
<BR><BR>[Called By]<UL><LI><a href="#[99]">&gt;&gt;</a>&nbsp;&nbsp;&nbsp;sys_context_restore_func
</UL>

<P><STRONG><a name="[278]"></a>gapc_get_conidx</STRONG> (Thumb, 0 bytes, Stack size 0 bytes, rom_symbol.txt(ABSOLUTE))
<BR><BR>[Called By]<UL><LI><a href="#[68]">&gt;&gt;</a>&nbsp;&nbsp;&nbsp;hci_le_ltk_request_evt_handler_patch
<LI><a href="#[69]">&gt;&gt;</a>&nbsp;&nbsp;&nbsp;hci_nb_cmp_pkts_evt_handler_patch
</UL>

<P><STRONG><a name="[34d]"></a>gapc_get_dest_task</STRONG> (Thumb, 0 bytes, Stack size 0 bytes, rom_symbol.txt(ABSOLUTE))
<BR><BR>[Called By]<UL><LI><a href="#[b7]">&gt;&gt;</a>&nbsp;&nbsp;&nbsp;smpc_handle_enc_change_evt_func_patch
</UL>

<P><STRONG><a name="[279]"></a>gapc_get_operation</STRONG> (Thumb, 0 bytes, Stack size 0 bytes, rom_symbol.txt(ABSOLUTE))
<BR><BR>[Called By]<UL><LI><a href="#[68]">&gt;&gt;</a>&nbsp;&nbsp;&nbsp;hci_le_ltk_request_evt_handler_patch
<LI><a href="#[b7]">&gt;&gt;</a>&nbsp;&nbsp;&nbsp;smpc_handle_enc_change_evt_func_patch
</UL>

<P><STRONG><a name="[34e]"></a>gapc_link_encrypted</STRONG> (Thumb, 0 bytes, Stack size 0 bytes, rom_symbol.txt(ABSOLUTE))
<BR><BR>[Called By]<UL><LI><a href="#[b7]">&gt;&gt;</a>&nbsp;&nbsp;&nbsp;smpc_handle_enc_change_evt_func_patch
</UL>

<P><STRONG><a name="[34c]"></a>gapc_send_complete_evt</STRONG> (Thumb, 0 bytes, Stack size 0 bytes, rom_symbol.txt(ABSOLUTE))
<BR><BR>[Called By]<UL><LI><a href="#[b7]">&gt;&gt;</a>&nbsp;&nbsp;&nbsp;smpc_handle_enc_change_evt_func_patch
</UL>

<P><STRONG><a name="[225]"></a>gapc_set_local_addr</STRONG> (Thumb, 0 bytes, Stack size 0 bytes, rom_symbol.txt(ABSOLUTE))
<BR><BR>[Called By]<UL><LI><a href="#[62]">&gt;&gt;</a>&nbsp;&nbsp;&nbsp;gapm_init_connection_ind_func_patch
</UL>

<P><STRONG><a name="[34b]"></a>gapc_update_state</STRONG> (Thumb, 0 bytes, Stack size 0 bytes, rom_symbol.txt(ABSOLUTE))
<BR><BR>[Called By]<UL><LI><a href="#[b7]">&gt;&gt;</a>&nbsp;&nbsp;&nbsp;smpc_handle_enc_change_evt_func_patch
</UL>

<P><STRONG><a name="[22c]"></a>gapm_actv_alloc</STRONG> (Thumb, 0 bytes, Stack size 0 bytes, rom_symbol.txt(ABSOLUTE))
<BR><BR>[Called By]<UL><LI><a href="#[220]">&gt;&gt;</a>&nbsp;&nbsp;&nbsp;gapm_init_create_patch
</UL>

<P><STRONG><a name="[21b]"></a>gapm_actv_check_create_param</STRONG> (Thumb, 0 bytes, Stack size 0 bytes, rom_symbol.txt(ABSOLUTE))
<BR><BR>[Called By]<UL><LI><a href="#[64]">&gt;&gt;</a>&nbsp;&nbsp;&nbsp;gapm_activity_create_cmd_handler_patch
</UL>

<P><STRONG><a name="[22e]"></a>gapm_actv_created</STRONG> (Thumb, 0 bytes, Stack size 0 bytes, rom_symbol.txt(ABSOLUTE))
<BR><BR>[Called By]<UL><LI><a href="#[220]">&gt;&gt;</a>&nbsp;&nbsp;&nbsp;gapm_init_create_patch
</UL>

<P><STRONG><a name="[21c]"></a>gapm_actv_get_free_idx</STRONG> (Thumb, 0 bytes, Stack size 0 bytes, rom_symbol.txt(ABSOLUTE))
<BR><BR>[Called By]<UL><LI><a href="#[64]">&gt;&gt;</a>&nbsp;&nbsp;&nbsp;gapm_activity_create_cmd_handler_patch
</UL>

<P><STRONG><a name="[26c]"></a>gapm_actv_retrieve_cmd_cmp_evt</STRONG> (Thumb, 0 bytes, Stack size 0 bytes, rom_symbol.txt(ABSOLUTE))
<BR><BR>[Called By]<UL><LI><a href="#[63]">&gt;&gt;</a>&nbsp;&nbsp;&nbsp;hci_le_cmd_cmp_evt_init_handler_patch
</UL>

<P><STRONG><a name="[270]"></a>gapm_actv_started</STRONG> (Thumb, 0 bytes, Stack size 0 bytes, rom_symbol.txt(ABSOLUTE))
<BR><BR>[Called By]<UL><LI><a href="#[26d]">&gt;&gt;</a>&nbsp;&nbsp;&nbsp;hci_le_cmd_cmp_evt_starting_handler_patch
</UL>

<P><STRONG><a name="[21d]"></a>gapm_adv_create</STRONG> (Thumb, 0 bytes, Stack size 0 bytes, rom_symbol.txt(ABSOLUTE))
<BR><BR>[Called By]<UL><LI><a href="#[64]">&gt;&gt;</a>&nbsp;&nbsp;&nbsp;gapm_activity_create_cmd_handler_patch
</UL>

<P><STRONG><a name="[224]"></a>gapm_get_address_type</STRONG> (Thumb, 0 bytes, Stack size 0 bytes, rom_symbol.txt(ABSOLUTE))
<BR><BR>[Called By]<UL><LI><a href="#[220]">&gt;&gt;</a>&nbsp;&nbsp;&nbsp;gapm_init_create_patch
<LI><a href="#[62]">&gt;&gt;</a>&nbsp;&nbsp;&nbsp;gapm_init_connection_ind_func_patch
</UL>

<P><STRONG><a name="[221]"></a>gapm_get_att_handle</STRONG> (Thumb, 0 bytes, Stack size 0 bytes, rom_symbol.txt(ABSOLUTE))
<BR><BR>[Called By]<UL><LI><a href="#[b1]">&gt;&gt;</a>&nbsp;&nbsp;&nbsp;gapm_cmp_evt_handler_patch
</UL>

<P><STRONG><a name="[22d]"></a>gapm_get_requester</STRONG> (Thumb, 0 bytes, Stack size 0 bytes, rom_symbol.txt(ABSOLUTE))
<BR><BR>[Called By]<UL><LI><a href="#[220]">&gt;&gt;</a>&nbsp;&nbsp;&nbsp;gapm_init_create_patch
</UL>

<P><STRONG><a name="[22f]"></a>gapm_init_check_param</STRONG> (Thumb, 0 bytes, Stack size 0 bytes, rom_symbol.txt(ABSOLUTE))
<BR><BR>[Called By]<UL><LI><a href="#[5f]">&gt;&gt;</a>&nbsp;&nbsp;&nbsp;gapm_init_start_patch
</UL>

<P><STRONG><a name="[61]"></a>gapm_init_delete</STRONG> (Thumb, 0 bytes, Stack size 0 bytes, rom_symbol.txt(ABSOLUTE), UNUSED)
<BR>[Address Reference Count : 1]<UL><LI> gapm_init_patch.o(i.gapm_init_create_patch)
</UL>
<P><STRONG><a name="[231]"></a>gapm_init_send_hci_le_create_con_cancel_cmd</STRONG> (Thumb, 0 bytes, Stack size 0 bytes, rom_symbol.txt(ABSOLUTE))
<BR><BR>[Called By]<UL><LI><a href="#[60]">&gt;&gt;</a>&nbsp;&nbsp;&nbsp;gapm_init_stop_patch
</UL>

<P><STRONG><a name="[229]"></a>gapm_init_send_hci_le_ext_create_con_cmd</STRONG> (Thumb, 0 bytes, Stack size 0 bytes, rom_symbol.txt(ABSOLUTE))
<BR><BR>[Called By]<UL><LI><a href="#[5f]">&gt;&gt;</a>&nbsp;&nbsp;&nbsp;gapm_init_start_patch
<LI><a href="#[62]">&gt;&gt;</a>&nbsp;&nbsp;&nbsp;gapm_init_connection_ind_func_patch
</UL>

<P><STRONG><a name="[22a]"></a>gapm_init_stopped</STRONG> (Thumb, 0 bytes, Stack size 0 bytes, rom_symbol.txt(ABSOLUTE))
<BR><BR>[Called By]<UL><LI><a href="#[26d]">&gt;&gt;</a>&nbsp;&nbsp;&nbsp;hci_le_cmd_cmp_evt_starting_handler_patch
<LI><a href="#[62]">&gt;&gt;</a>&nbsp;&nbsp;&nbsp;gapm_init_connection_ind_func_patch
</UL>

<P><STRONG><a name="[22b]"></a>gapm_is_addr_type_valid</STRONG> (Thumb, 0 bytes, Stack size 0 bytes, rom_symbol.txt(ABSOLUTE))
<BR><BR>[Called By]<UL><LI><a href="#[220]">&gt;&gt;</a>&nbsp;&nbsp;&nbsp;gapm_init_create_patch
</UL>

<P><STRONG><a name="[21f]"></a>gapm_per_sync_create</STRONG> (Thumb, 0 bytes, Stack size 0 bytes, rom_symbol.txt(ABSOLUTE))
<BR><BR>[Called By]<UL><LI><a href="#[64]">&gt;&gt;</a>&nbsp;&nbsp;&nbsp;gapm_activity_create_cmd_handler_patch
</UL>

<P><STRONG><a name="[21a]"></a>gapm_process_op</STRONG> (Thumb, 0 bytes, Stack size 0 bytes, rom_symbol.txt(ABSOLUTE))
<BR><BR>[Called By]<UL><LI><a href="#[64]">&gt;&gt;</a>&nbsp;&nbsp;&nbsp;gapm_activity_create_cmd_handler_patch
</UL>

<P><STRONG><a name="[21e]"></a>gapm_scan_create</STRONG> (Thumb, 0 bytes, Stack size 0 bytes, rom_symbol.txt(ABSOLUTE))
<BR><BR>[Called By]<UL><LI><a href="#[64]">&gt;&gt;</a>&nbsp;&nbsp;&nbsp;gapm_activity_create_cmd_handler_patch
</UL>

<P><STRONG><a name="[166]"></a>gattc_get_mtu</STRONG> (Thumb, 0 bytes, Stack size 0 bytes, rom_symbol.txt(ABSOLUTE))
<BR><BR>[Called By]<UL><LI><a href="#[d4]">&gt;&gt;</a>&nbsp;&nbsp;&nbsp;atts_read_mult_req_patch
</UL>

<P><STRONG><a name="[24d]"></a>hal_aon_gpio_br_callback</STRONG> (Thumb, 0 bytes, Stack size 0 bytes, rom_symbol.txt(ABSOLUTE))
<BR><BR>[Called By]<UL><LI><a href="#[24b]">&gt;&gt;</a>&nbsp;&nbsp;&nbsp;hal_aon_gpio_irq_handler
</UL>

<P><STRONG><a name="[248]"></a>hal_aon_gpio_register_callback</STRONG> (Thumb, 0 bytes, Stack size 0 bytes, rom_symbol.txt(ABSOLUTE))
<BR><BR>[Called By]<UL><LI><a href="#[127]">&gt;&gt;</a>&nbsp;&nbsp;&nbsp;hal_aon_gpio_init
</UL>

<P><STRONG><a name="[1e6]"></a>hal_dma_get_state</STRONG> (Thumb, 0 bytes, Stack size 0 bytes, rom_symbol.txt(ABSOLUTE))
<BR><BR>[Called By]<UL><LI><a href="#[bb]">&gt;&gt;</a>&nbsp;&nbsp;&nbsp;dma_prepare_for_sleep
</UL>

<P><STRONG><a name="[36b]"></a>hal_dma_irq_handler</STRONG> (Thumb, 0 bytes, Stack size 0 bytes, rom_symbol.txt(ABSOLUTE))
<BR><BR>[Called By]<UL><LI><a href="#[22]">&gt;&gt;</a>&nbsp;&nbsp;&nbsp;DMA_IRQHandler
</UL>

<P><STRONG><a name="[36a]"></a>hal_dma_resume_reg</STRONG> (Thumb, 0 bytes, Stack size 0 bytes, rom_symbol.txt(ABSOLUTE))
<BR><BR>[Called By]<UL><LI><a href="#[bd]">&gt;&gt;</a>&nbsp;&nbsp;&nbsp;dma_wake_up_ind
</UL>

<P><STRONG><a name="[1e7]"></a>hal_dma_suspend_reg</STRONG> (Thumb, 0 bytes, Stack size 0 bytes, rom_symbol.txt(ABSOLUTE))
<BR><BR>[Called By]<UL><LI><a href="#[bb]">&gt;&gt;</a>&nbsp;&nbsp;&nbsp;dma_prepare_for_sleep
</UL>

<P><STRONG><a name="[355]"></a>hal_efuse_read</STRONG> (Thumb, 0 bytes, Stack size 0 bytes, rom_symbol.txt(ABSOLUTE))
<BR><BR>[Called By]<UL><LI><a href="#[288]">&gt;&gt;</a>&nbsp;&nbsp;&nbsp;sys_get_efuse_io_ldo
<LI><a href="#[351]">&gt;&gt;</a>&nbsp;&nbsp;&nbsp;sys_efuse_info_sync
</UL>

<P><STRONG><a name="[254]"></a>hal_exflash_init_ext</STRONG> (Thumb, 0 bytes, Stack size 0 bytes, rom_symbol.txt(ABSOLUTE))
<BR><BR>[Called By]<UL><LI><a href="#[252]">&gt;&gt;</a>&nbsp;&nbsp;&nbsp;hal_flash_init
</UL>

<P><STRONG><a name="[251]"></a>hal_exflash_read_rom</STRONG> (Thumb, 0 bytes, Stack size 0 bytes, rom_symbol.txt(ABSOLUTE))
<BR><BR>[Called By]<UL><LI><a href="#[250]">&gt;&gt;</a>&nbsp;&nbsp;&nbsp;hal_exflash_read
</UL>

<P><STRONG><a name="[390]"></a>hal_exflash_set_retry</STRONG> (Thumb, 0 bytes, Stack size 0 bytes, rom_symbol.txt(ABSOLUTE))
<BR><BR>[Called By]<UL><LI><a href="#[38f]">&gt;&gt;</a>&nbsp;&nbsp;&nbsp;hal_exflash_warm_init
</UL>

<P><STRONG><a name="[36d]"></a>hal_gpio_exti_irq_handler</STRONG> (Thumb, 0 bytes, Stack size 0 bytes, rom_symbol.txt(ABSOLUTE))
<BR><BR>[Called By]<UL><LI><a href="#[26]">&gt;&gt;</a>&nbsp;&nbsp;&nbsp;EXT1_IRQHandler
<LI><a href="#[25]">&gt;&gt;</a>&nbsp;&nbsp;&nbsp;EXT0_IRQHandler
</UL>

<P><STRONG><a name="[256]"></a>hal_gpio_init_ext</STRONG> (Thumb, 0 bytes, Stack size 0 bytes, rom_symbol.txt(ABSOLUTE))
<BR><BR>[Called By]<UL><LI><a href="#[126]">&gt;&gt;</a>&nbsp;&nbsp;&nbsp;hal_gpio_init
</UL>

<P><STRONG><a name="[255]"></a>hal_gpio_register_callback</STRONG> (Thumb, 0 bytes, Stack size 0 bytes, rom_symbol.txt(ABSOLUTE))
<BR><BR>[Called By]<UL><LI><a href="#[126]">&gt;&gt;</a>&nbsp;&nbsp;&nbsp;hal_gpio_init
</UL>

<P><STRONG><a name="[258]"></a>hal_init_ext</STRONG> (Thumb, 0 bytes, Stack size 0 bytes, rom_symbol.txt(ABSOLUTE))
<BR><BR>[Called By]<UL><LI><a href="#[137]">&gt;&gt;</a>&nbsp;&nbsp;&nbsp;hal_init
</UL>

<P><STRONG><a name="[11f]"></a>hal_nvic_clear_pending_irq</STRONG> (Thumb, 0 bytes, Stack size 0 bytes, rom_symbol.txt(ABSOLUTE))
<BR><BR>[Called By]<UL><LI><a href="#[14d]">&gt;&gt;</a>&nbsp;&nbsp;&nbsp;app_uart_init
<LI><a href="#[c0]">&gt;&gt;</a>&nbsp;&nbsp;&nbsp;uart_wake_up_ind
<LI><a href="#[11d]">&gt;&gt;</a>&nbsp;&nbsp;&nbsp;app_dma_init
<LI><a href="#[bd]">&gt;&gt;</a>&nbsp;&nbsp;&nbsp;dma_wake_up_ind
</UL>

<P><STRONG><a name="[120]"></a>hal_nvic_enable_irq</STRONG> (Thumb, 0 bytes, Stack size 0 bytes, rom_symbol.txt(ABSOLUTE))
<BR><BR>[Called By]<UL><LI><a href="#[14d]">&gt;&gt;</a>&nbsp;&nbsp;&nbsp;app_uart_init
<LI><a href="#[c0]">&gt;&gt;</a>&nbsp;&nbsp;&nbsp;uart_wake_up_ind
<LI><a href="#[36c]">&gt;&gt;</a>&nbsp;&nbsp;&nbsp;gpiote_wake_up_ind
<LI><a href="#[11d]">&gt;&gt;</a>&nbsp;&nbsp;&nbsp;app_dma_init
<LI><a href="#[bd]">&gt;&gt;</a>&nbsp;&nbsp;&nbsp;dma_wake_up_ind
</UL>

<P><STRONG><a name="[25b]"></a>hal_pwr_config_timer_wakeup_ext</STRONG> (Thumb, 0 bytes, Stack size 0 bytes, rom_symbol.txt(ABSOLUTE))
<BR><BR>[Called By]<UL><LI><a href="#[141]">&gt;&gt;</a>&nbsp;&nbsp;&nbsp;hal_pwr_config_timer_wakeup
</UL>

<P><STRONG><a name="[383]"></a>hal_pwr_enter_chip_deepsleep</STRONG> (Thumb, 0 bytes, Stack size 0 bytes, rom_symbol.txt(ABSOLUTE))
<BR><BR>[Called By]<UL><LI><a href="#[9c]">&gt;&gt;</a>&nbsp;&nbsp;&nbsp;pwr_mgmt_shutdown_patch
</UL>

<P><STRONG><a name="[25a]"></a>hal_pwr_register_timer_elaspsed_handler</STRONG> (Thumb, 0 bytes, Stack size 0 bytes, rom_symbol.txt(ABSOLUTE))
<BR><BR>[Called By]<UL><LI><a href="#[141]">&gt;&gt;</a>&nbsp;&nbsp;&nbsp;hal_pwr_config_timer_wakeup
</UL>

<P><STRONG><a name="[367]"></a>hal_pwr_sleep_timer_irq_handler</STRONG> (Thumb, 0 bytes, Stack size 0 bytes, rom_symbol.txt(ABSOLUTE))
<BR><BR>[Called By]<UL><LI><a href="#[39]">&gt;&gt;</a>&nbsp;&nbsp;&nbsp;SLPTIMER_IRQHandler
</UL>

<P><STRONG><a name="[257]"></a>hal_register_callback</STRONG> (Thumb, 0 bytes, Stack size 0 bytes, rom_symbol.txt(ABSOLUTE))
<BR><BR>[Called By]<UL><LI><a href="#[137]">&gt;&gt;</a>&nbsp;&nbsp;&nbsp;hal_init
</UL>

<P><STRONG><a name="[14a]"></a>hal_uart_abort_transmit_it</STRONG> (Thumb, 0 bytes, Stack size 0 bytes, rom_symbol.txt(ABSOLUTE))
<BR><BR>[Called By]<UL><LI><a href="#[147]">&gt;&gt;</a>&nbsp;&nbsp;&nbsp;app_uart_flush
</UL>

<P><STRONG><a name="[262]"></a>hal_uart_deinit_ext</STRONG> (Thumb, 0 bytes, Stack size 0 bytes, rom_symbol.txt(ABSOLUTE))
<BR><BR>[Called By]<UL><LI><a href="#[150]">&gt;&gt;</a>&nbsp;&nbsp;&nbsp;hal_uart_deinit
</UL>

<P><STRONG><a name="[263]"></a>hal_uart_init_ext</STRONG> (Thumb, 0 bytes, Stack size 0 bytes, rom_symbol.txt(ABSOLUTE))
<BR><BR>[Called By]<UL><LI><a href="#[151]">&gt;&gt;</a>&nbsp;&nbsp;&nbsp;hal_uart_init
</UL>

<P><STRONG><a name="[36f]"></a>hal_uart_irq_handler</STRONG> (Thumb, 0 bytes, Stack size 0 bytes, rom_symbol.txt(ABSOLUTE))
<BR><BR>[Called By]<UL><LI><a href="#[2c]">&gt;&gt;</a>&nbsp;&nbsp;&nbsp;UART1_IRQHandler
<LI><a href="#[2b]">&gt;&gt;</a>&nbsp;&nbsp;&nbsp;UART0_IRQHandler
</UL>

<P><STRONG><a name="[154]"></a>hal_uart_receive_dma</STRONG> (Thumb, 0 bytes, Stack size 0 bytes, rom_symbol.txt(ABSOLUTE))
<BR><BR>[Called By]<UL><LI><a href="#[152]">&gt;&gt;</a>&nbsp;&nbsp;&nbsp;app_uart_receive_async
</UL>

<P><STRONG><a name="[153]"></a>hal_uart_receive_it</STRONG> (Thumb, 0 bytes, Stack size 0 bytes, rom_symbol.txt(ABSOLUTE))
<BR><BR>[Called By]<UL><LI><a href="#[152]">&gt;&gt;</a>&nbsp;&nbsp;&nbsp;app_uart_receive_async
</UL>

<P><STRONG><a name="[261]"></a>hal_uart_register_callback</STRONG> (Thumb, 0 bytes, Stack size 0 bytes, rom_symbol.txt(ABSOLUTE))
<BR><BR>[Called By]<UL><LI><a href="#[151]">&gt;&gt;</a>&nbsp;&nbsp;&nbsp;hal_uart_init
<LI><a href="#[150]">&gt;&gt;</a>&nbsp;&nbsp;&nbsp;hal_uart_deinit
</UL>

<P><STRONG><a name="[36e]"></a>hal_uart_resume_reg</STRONG> (Thumb, 0 bytes, Stack size 0 bytes, rom_symbol.txt(ABSOLUTE))
<BR><BR>[Called By]<UL><LI><a href="#[c0]">&gt;&gt;</a>&nbsp;&nbsp;&nbsp;uart_wake_up_ind
</UL>

<P><STRONG><a name="[360]"></a>hal_uart_suspend_reg</STRONG> (Thumb, 0 bytes, Stack size 0 bytes, rom_symbol.txt(ABSOLUTE))
<BR><BR>[Called By]<UL><LI><a href="#[be]">&gt;&gt;</a>&nbsp;&nbsp;&nbsp;uart_prepare_for_sleep
</UL>

<P><STRONG><a name="[14b]"></a>hal_uart_transmit</STRONG> (Thumb, 0 bytes, Stack size 0 bytes, rom_symbol.txt(ABSOLUTE))
<BR><BR>[Called By]<UL><LI><a href="#[147]">&gt;&gt;</a>&nbsp;&nbsp;&nbsp;app_uart_flush
</UL>

<P><STRONG><a name="[156]"></a>hal_uart_transmit_dma</STRONG> (Thumb, 0 bytes, Stack size 0 bytes, rom_symbol.txt(ABSOLUTE))
<BR><BR>[Called By]<UL><LI><a href="#[146]">&gt;&gt;</a>&nbsp;&nbsp;&nbsp;app_uart_start_transmit_async
</UL>

<P><STRONG><a name="[155]"></a>hal_uart_transmit_it</STRONG> (Thumb, 0 bytes, Stack size 0 bytes, rom_symbol.txt(ABSOLUTE))
<BR><BR>[Called By]<UL><LI><a href="#[146]">&gt;&gt;</a>&nbsp;&nbsp;&nbsp;app_uart_start_transmit_async
</UL>

<P><STRONG><a name="[3a2]"></a>hal_xqspi_command_receive</STRONG> (Thumb, 0 bytes, Stack size 0 bytes, rom_symbol.txt(ABSOLUTE))
<BR><BR>[Called By]<UL><LI><a href="#[3a1]">&gt;&gt;</a>&nbsp;&nbsp;&nbsp;enable_quad_stat
<LI><a href="#[392]">&gt;&gt;</a>&nbsp;&nbsp;&nbsp;exflash_check_id_patch
</UL>

<P><STRONG><a name="[369]"></a>hal_xqspi_init_ext_rom</STRONG> (Thumb, 0 bytes, Stack size 0 bytes, rom_symbol.txt(ABSOLUTE))
<BR><BR>[Called By]<UL><LI><a href="#[368]">&gt;&gt;</a>&nbsp;&nbsp;&nbsp;hal_xqspi_init_ext
</UL>

<P><STRONG><a name="[3a4]"></a>hal_xqspi_transmit</STRONG> (Thumb, 0 bytes, Stack size 0 bytes, rom_symbol.txt(ABSOLUTE))
<BR><BR>[Called By]<UL><LI><a href="#[3a8]">&gt;&gt;</a>&nbsp;&nbsp;&nbsp;enable_quad_mode1
<LI><a href="#[3a6]">&gt;&gt;</a>&nbsp;&nbsp;&nbsp;enable_quad_mode2
<LI><a href="#[3a3]">&gt;&gt;</a>&nbsp;&nbsp;&nbsp;enable_quad_xmc
</UL>

<P><STRONG><a name="[26e]"></a>hci_le_cmd_cmp_evt_started_handler</STRONG> (Thumb, 0 bytes, Stack size 0 bytes, rom_symbol.txt(ABSOLUTE))
<BR><BR>[Called By]<UL><LI><a href="#[63]">&gt;&gt;</a>&nbsp;&nbsp;&nbsp;hci_le_cmd_cmp_evt_init_handler_patch
</UL>

<P><STRONG><a name="[26f]"></a>hci_le_cmd_cmp_evt_stopping_handler</STRONG> (Thumb, 0 bytes, Stack size 0 bytes, rom_symbol.txt(ABSOLUTE))
<BR><BR>[Called By]<UL><LI><a href="#[63]">&gt;&gt;</a>&nbsp;&nbsp;&nbsp;hci_le_cmd_cmp_evt_init_handler_patch
</UL>

<P><STRONG><a name="[3b4]"></a>hci_look_for_cmd_desc</STRONG> (Thumb, 0 bytes, Stack size 0 bytes, rom_symbol.txt(ABSOLUTE))
<BR><BR>[Called By]<UL><LI><a href="#[c9]">&gt;&gt;</a>&nbsp;&nbsp;&nbsp;hci_send_2_controller_patch
</UL>

<P><STRONG><a name="[395]"></a>jump_app</STRONG> (Thumb, 0 bytes, Stack size 0 bytes, rom_symbol.txt(ABSOLUTE))
<BR><BR>[Called By]<UL><LI><a href="#[394]">&gt;&gt;</a>&nbsp;&nbsp;&nbsp;warm_boot_patch
</UL>

<P><STRONG><a name="[292]"></a>ke_event_callback_set</STRONG> (Thumb, 0 bytes, Stack size 0 bytes, rom_symbol.txt(ABSOLUTE))
<BR><BR>[Called By]<UL><LI><a href="#[186]">&gt;&gt;</a>&nbsp;&nbsp;&nbsp;l2cm_l2cap_tx_handler_replace
</UL>

<P><STRONG><a name="[290]"></a>ke_event_clear</STRONG> (Thumb, 0 bytes, Stack size 0 bytes, rom_symbol.txt(ABSOLUTE))
<BR><BR>[Called By]<UL><LI><a href="#[6a]">&gt;&gt;</a>&nbsp;&nbsp;&nbsp;l2cm_l2cap_tx_handler_patch
</UL>

<P><STRONG><a name="[286]"></a>ke_event_set</STRONG> (Thumb, 0 bytes, Stack size 0 bytes, rom_symbol.txt(ABSOLUTE))
<BR><BR>[Called By]<UL><LI><a href="#[69]">&gt;&gt;</a>&nbsp;&nbsp;&nbsp;hci_nb_cmp_pkts_evt_handler_patch
<LI><a href="#[6a]">&gt;&gt;</a>&nbsp;&nbsp;&nbsp;l2cm_l2cap_tx_handler_patch
</UL>

<P><STRONG><a name="[407]"></a>ke_free</STRONG> (Thumb, 0 bytes, Stack size 0 bytes, rom_symbol.txt(ABSOLUTE))
<BR><BR>[Called By]<UL><LI><a href="#[402]">&gt;&gt;</a>&nbsp;&nbsp;&nbsp;lld_scan_process_pkt_rx_patch
</UL>

<P><STRONG><a name="[169]"></a>ke_malloc</STRONG> (Thumb, 0 bytes, Stack size 0 bytes, rom_symbol.txt(ABSOLUTE))
<BR><BR>[Called By]<UL><LI><a href="#[8c]">&gt;&gt;</a>&nbsp;&nbsp;&nbsp;lld_init_start_patch
<LI><a href="#[d4]">&gt;&gt;</a>&nbsp;&nbsp;&nbsp;atts_read_mult_req_patch
</UL>

<P><STRONG><a name="[226]"></a>ke_msg_alloc</STRONG> (Thumb, 0 bytes, Stack size 0 bytes, rom_symbol.txt(ABSOLUTE))
<BR><BR>[Called By]<UL><LI><a href="#[68]">&gt;&gt;</a>&nbsp;&nbsp;&nbsp;hci_le_ltk_request_evt_handler_patch
<LI><a href="#[62]">&gt;&gt;</a>&nbsp;&nbsp;&nbsp;gapm_init_connection_ind_func_patch
<LI><a href="#[b7]">&gt;&gt;</a>&nbsp;&nbsp;&nbsp;smpc_handle_enc_change_evt_func_patch
<LI><a href="#[6f]">&gt;&gt;</a>&nbsp;&nbsp;&nbsp;llc_rem_con_upd_proc_continue_patch
<LI><a href="#[83]">&gt;&gt;</a>&nbsp;&nbsp;&nbsp;ll_phy_req_handler_patch
<LI><a href="#[81]">&gt;&gt;</a>&nbsp;&nbsp;&nbsp;ll_connection_update_ind_handler_patch
<LI><a href="#[82]">&gt;&gt;</a>&nbsp;&nbsp;&nbsp;ll_connection_param_req_handler_patch
<LI><a href="#[80]">&gt;&gt;</a>&nbsp;&nbsp;&nbsp;ll_channel_map_ind_handler_patch
<LI><a href="#[402]">&gt;&gt;</a>&nbsp;&nbsp;&nbsp;lld_scan_process_pkt_rx_patch
</UL>

<P><STRONG><a name="[276]"></a>ke_msg_free</STRONG> (Thumb, 0 bytes, Stack size 0 bytes, rom_symbol.txt(ABSOLUTE))
<BR><BR>[Called By]<UL><LI><a href="#[c9]">&gt;&gt;</a>&nbsp;&nbsp;&nbsp;hci_send_2_controller_patch
<LI><a href="#[402]">&gt;&gt;</a>&nbsp;&nbsp;&nbsp;lld_scan_process_pkt_rx_patch
<LI><a href="#[94]">&gt;&gt;</a>&nbsp;&nbsp;&nbsp;hci_le_ext_create_con_cmd_handler_patch
</UL>

<P><STRONG><a name="[227]"></a>ke_msg_send</STRONG> (Thumb, 0 bytes, Stack size 0 bytes, rom_symbol.txt(ABSOLUTE))
<BR><BR>[Called By]<UL><LI><a href="#[c9]">&gt;&gt;</a>&nbsp;&nbsp;&nbsp;hci_send_2_controller_patch
<LI><a href="#[68]">&gt;&gt;</a>&nbsp;&nbsp;&nbsp;hci_le_ltk_request_evt_handler_patch
<LI><a href="#[62]">&gt;&gt;</a>&nbsp;&nbsp;&nbsp;gapm_init_connection_ind_func_patch
<LI><a href="#[b7]">&gt;&gt;</a>&nbsp;&nbsp;&nbsp;smpc_handle_enc_change_evt_func_patch
<LI><a href="#[6f]">&gt;&gt;</a>&nbsp;&nbsp;&nbsp;llc_rem_con_upd_proc_continue_patch
<LI><a href="#[402]">&gt;&gt;</a>&nbsp;&nbsp;&nbsp;lld_scan_process_pkt_rx_patch
</UL>

<P><STRONG><a name="[162]"></a>ke_state_get</STRONG> (Thumb, 0 bytes, Stack size 0 bytes, rom_symbol.txt(ABSOLUTE))
<BR><BR>[Called By]<UL><LI><a href="#[160]">&gt;&gt;</a>&nbsp;&nbsp;&nbsp;atts_l2cc_pdu_recv_handler_patch
<LI><a href="#[66]">&gt;&gt;</a>&nbsp;&nbsp;&nbsp;l2cc_pdu_recv_ind_handler_patch
</UL>

<P><STRONG><a name="[228]"></a>ke_timer_clear</STRONG> (Thumb, 0 bytes, Stack size 0 bytes, rom_symbol.txt(ABSOLUTE))
<BR><BR>[Called By]<UL><LI><a href="#[26d]">&gt;&gt;</a>&nbsp;&nbsp;&nbsp;hci_le_cmd_cmp_evt_starting_handler_patch
<LI><a href="#[60]">&gt;&gt;</a>&nbsp;&nbsp;&nbsp;gapm_init_stop_patch
<LI><a href="#[62]">&gt;&gt;</a>&nbsp;&nbsp;&nbsp;gapm_init_connection_ind_func_patch
<LI><a href="#[95]">&gt;&gt;</a>&nbsp;&nbsp;&nbsp;hci_le_set_ext_scan_en_cmd_handler_patch
</UL>

<P><STRONG><a name="[230]"></a>ke_timer_set</STRONG> (Thumb, 0 bytes, Stack size 0 bytes, rom_symbol.txt(ABSOLUTE))
<BR><BR>[Called By]<UL><LI><a href="#[5f]">&gt;&gt;</a>&nbsp;&nbsp;&nbsp;gapm_init_start_patch
</UL>

<P><STRONG><a name="[28f]"></a>l2cc_pdu_send</STRONG> (Thumb, 0 bytes, Stack size 0 bytes, rom_symbol.txt(ABSOLUTE))
<BR><BR>[Called By]<UL><LI><a href="#[66]">&gt;&gt;</a>&nbsp;&nbsp;&nbsp;l2cc_pdu_recv_ind_handler_patch
</UL>

<P><STRONG><a name="[16b]"></a>l2cc_pdu_alloc</STRONG> (Thumb, 0 bytes, Stack size 0 bytes, rom_symbol.txt(ABSOLUTE))
<BR><BR>[Called By]<UL><LI><a href="#[66]">&gt;&gt;</a>&nbsp;&nbsp;&nbsp;l2cc_pdu_recv_ind_handler_patch
<LI><a href="#[d4]">&gt;&gt;</a>&nbsp;&nbsp;&nbsp;atts_read_mult_req_patch
</UL>

<P><STRONG><a name="[284]"></a>l2cm_get_nb_buffer_available</STRONG> (Thumb, 0 bytes, Stack size 0 bytes, rom_symbol.txt(ABSOLUTE))
<BR><BR>[Called By]<UL><LI><a href="#[69]">&gt;&gt;</a>&nbsp;&nbsp;&nbsp;hci_nb_cmp_pkts_evt_handler_patch
</UL>

<P><STRONG><a name="[24e]"></a>ll_dma_struct_init</STRONG> (Thumb, 0 bytes, Stack size 0 bytes, rom_symbol.txt(ABSOLUTE))
<BR><BR>[Called By]<UL><LI><a href="#[121]">&gt;&gt;</a>&nbsp;&nbsp;&nbsp;hal_dma_init
</UL>

<P><STRONG><a name="[25d]"></a>ll_rng_deinit</STRONG> (Thumb, 0 bytes, Stack size 0 bytes, rom_symbol.txt(ABSOLUTE))
<BR><BR>[Called By]<UL><LI><a href="#[25c]">&gt;&gt;</a>&nbsp;&nbsp;&nbsp;hal_rng_deinit_ext
</UL>

<P><STRONG><a name="[25f]"></a>ll_rng_init</STRONG> (Thumb, 0 bytes, Stack size 0 bytes, rom_symbol.txt(ABSOLUTE))
<BR><BR>[Called By]<UL><LI><a href="#[25e]">&gt;&gt;</a>&nbsp;&nbsp;&nbsp;hal_rng_generate_random_number
</UL>

<P><STRONG><a name="[2a8]"></a>llc_auth_payl_nearly_to_handler</STRONG> (Thumb, 0 bytes, Stack size 0 bytes, rom_symbol.txt(ABSOLUTE))
<BR><BR>[Called By]<UL><LI><a href="#[7a]">&gt;&gt;</a>&nbsp;&nbsp;&nbsp;llc_auth_payl_nearly_to_handler_patch
</UL>

<P><STRONG><a name="[2a9]"></a>llc_auth_payl_real_to_handler</STRONG> (Thumb, 0 bytes, Stack size 0 bytes, rom_symbol.txt(ABSOLUTE))
<BR><BR>[Called By]<UL><LI><a href="#[7b]">&gt;&gt;</a>&nbsp;&nbsp;&nbsp;llc_auth_payl_real_to_handler_patch
</UL>

<P><STRONG><a name="[6b]"></a>llc_ch_map_up_proc_err_cb</STRONG> (Thumb, 0 bytes, Stack size 0 bytes, rom_symbol.txt(ABSOLUTE), UNUSED)
<BR>[Address Reference Count : 1]<UL><LI> llc_chmap_upd_patch.o(i.ll_channel_map_ind_handler_patch)
</UL>
<P><STRONG><a name="[29e]"></a>llc_con_upd_param_in_range</STRONG> (Thumb, 0 bytes, Stack size 0 bytes, rom_symbol.txt(ABSOLUTE))
<BR><BR>[Called By]<UL><LI><a href="#[81]">&gt;&gt;</a>&nbsp;&nbsp;&nbsp;ll_connection_update_ind_handler_patch
<LI><a href="#[82]">&gt;&gt;</a>&nbsp;&nbsp;&nbsp;ll_connection_param_req_handler_patch
</UL>

<P><STRONG><a name="[2ac]"></a>llc_disconnect</STRONG> (Thumb, 0 bytes, Stack size 0 bytes, rom_symbol.txt(ABSOLUTE))
<BR><BR>[Called By]<UL><LI><a href="#[2aa]">&gt;&gt;</a>&nbsp;&nbsp;&nbsp;llc_llcp_rsp_to
<LI><a href="#[70]">&gt;&gt;</a>&nbsp;&nbsp;&nbsp;llc_rem_encrypt_proc_continue_patch
</UL>

<P><STRONG><a name="[2ba]"></a>llc_hci_con_param_req_evt_send</STRONG> (Thumb, 0 bytes, Stack size 0 bytes, rom_symbol.txt(ABSOLUTE))
<BR><BR>[Called By]<UL><LI><a href="#[6f]">&gt;&gt;</a>&nbsp;&nbsp;&nbsp;llc_rem_con_upd_proc_continue_patch
</UL>

<P><STRONG><a name="[2bc]"></a>llc_hci_con_upd_info_send</STRONG> (Thumb, 0 bytes, Stack size 0 bytes, rom_symbol.txt(ABSOLUTE))
<BR><BR>[Called By]<UL><LI><a href="#[6f]">&gt;&gt;</a>&nbsp;&nbsp;&nbsp;llc_rem_con_upd_proc_continue_patch
</UL>

<P><STRONG><a name="[2cb]"></a>llc_hci_enc_evt_send</STRONG> (Thumb, 0 bytes, Stack size 0 bytes, rom_symbol.txt(ABSOLUTE))
<BR><BR>[Called By]<UL><LI><a href="#[1f2]">&gt;&gt;</a>&nbsp;&nbsp;&nbsp;llc_rem_encrypt_proc_finish
</UL>

<P><STRONG><a name="[2c6]"></a>llc_hci_ltk_request_evt_send</STRONG> (Thumb, 0 bytes, Stack size 0 bytes, rom_symbol.txt(ABSOLUTE))
<BR><BR>[Called By]<UL><LI><a href="#[70]">&gt;&gt;</a>&nbsp;&nbsp;&nbsp;llc_rem_encrypt_proc_continue_patch
</UL>

<P><STRONG><a name="[2c3]"></a>llc_iv_skd_rand_gen</STRONG> (Thumb, 0 bytes, Stack size 0 bytes, rom_symbol.txt(ABSOLUTE))
<BR><BR>[Called By]<UL><LI><a href="#[70]">&gt;&gt;</a>&nbsp;&nbsp;&nbsp;llc_rem_encrypt_proc_continue_patch
</UL>

<P><STRONG><a name="[2cc]"></a>llc_le_ping_restart</STRONG> (Thumb, 0 bytes, Stack size 0 bytes, rom_symbol.txt(ABSOLUTE))
<BR><BR>[Called By]<UL><LI><a href="#[1f2]">&gt;&gt;</a>&nbsp;&nbsp;&nbsp;llc_rem_encrypt_proc_finish
</UL>

<P><STRONG><a name="[2bb]"></a>llc_ll_connection_param_rsp_pdu_send</STRONG> (Thumb, 0 bytes, Stack size 0 bytes, rom_symbol.txt(ABSOLUTE))
<BR><BR>[Called By]<UL><LI><a href="#[6f]">&gt;&gt;</a>&nbsp;&nbsp;&nbsp;llc_rem_con_upd_proc_continue_patch
</UL>

<P><STRONG><a name="[7e]"></a>llc_ll_enc_rsp_ack_handler</STRONG> (Thumb, 0 bytes, Stack size 0 bytes, rom_symbol.txt(ABSOLUTE), UNUSED)
<BR>[Address Reference Count : 1]<UL><LI> llc_encrypt_patch.o(i.llc_rem_encrypt_proc_continue_patch)
</UL>
<P><STRONG><a name="[2c5]"></a>llc_ll_enc_rsp_pdu_send</STRONG> (Thumb, 0 bytes, Stack size 0 bytes, rom_symbol.txt(ABSOLUTE))
<BR><BR>[Called By]<UL><LI><a href="#[70]">&gt;&gt;</a>&nbsp;&nbsp;&nbsp;llc_rem_encrypt_proc_continue_patch
</UL>

<P><STRONG><a name="[2c2]"></a>llc_ll_pause_enc_rsp_pdu_send</STRONG> (Thumb, 0 bytes, Stack size 0 bytes, rom_symbol.txt(ABSOLUTE))
<BR><BR>[Called By]<UL><LI><a href="#[70]">&gt;&gt;</a>&nbsp;&nbsp;&nbsp;llc_rem_encrypt_proc_continue_patch
</UL>

<P><STRONG><a name="[7d]"></a>llc_ll_reject_ind_ack_handler</STRONG> (Thumb, 0 bytes, Stack size 0 bytes, rom_symbol.txt(ABSOLUTE), UNUSED)
<BR>[Address Reference Count : 1]<UL><LI> llc_encrypt_patch.o(i.llc_rem_encrypt_proc_continue_patch)
</UL>
<P><STRONG><a name="[2b9]"></a>llc_ll_reject_ind_pdu_send</STRONG> (Thumb, 0 bytes, Stack size 0 bytes, rom_symbol.txt(ABSOLUTE))
<BR><BR>[Called By]<UL><LI><a href="#[6f]">&gt;&gt;</a>&nbsp;&nbsp;&nbsp;llc_rem_con_upd_proc_continue_patch
<LI><a href="#[70]">&gt;&gt;</a>&nbsp;&nbsp;&nbsp;llc_rem_encrypt_proc_continue_patch
</UL>

<P><STRONG><a name="[2c9]"></a>llc_ll_start_enc_req_pdu_send</STRONG> (Thumb, 0 bytes, Stack size 0 bytes, rom_symbol.txt(ABSOLUTE))
<BR><BR>[Called By]<UL><LI><a href="#[70]">&gt;&gt;</a>&nbsp;&nbsp;&nbsp;llc_rem_encrypt_proc_continue_patch
</UL>

<P><STRONG><a name="[7f]"></a>llc_ll_start_enc_rsp_ack_handler</STRONG> (Thumb, 0 bytes, Stack size 0 bytes, rom_symbol.txt(ABSOLUTE), UNUSED)
<BR>[Address Reference Count : 1]<UL><LI> llc_encrypt_patch.o(i.llc_rem_encrypt_proc_continue_patch)
</UL>
<P><STRONG><a name="[2ca]"></a>llc_ll_start_enc_rsp_pdu_send</STRONG> (Thumb, 0 bytes, Stack size 0 bytes, rom_symbol.txt(ABSOLUTE))
<BR><BR>[Called By]<UL><LI><a href="#[70]">&gt;&gt;</a>&nbsp;&nbsp;&nbsp;llc_rem_encrypt_proc_continue_patch
</UL>

<P><STRONG><a name="[2c1]"></a>llc_llcp_state_set</STRONG> (Thumb, 0 bytes, Stack size 0 bytes, rom_symbol.txt(ABSOLUTE))
<BR><BR>[Called By]<UL><LI><a href="#[70]">&gt;&gt;</a>&nbsp;&nbsp;&nbsp;llc_rem_encrypt_proc_continue_patch
<LI><a href="#[1f2]">&gt;&gt;</a>&nbsp;&nbsp;&nbsp;llc_rem_encrypt_proc_finish
</UL>

<P><STRONG><a name="[7c]"></a>llc_loc_con_upd_proc_err_cb</STRONG> (Thumb, 0 bytes, Stack size 0 bytes, rom_symbol.txt(ABSOLUTE), UNUSED)
<BR>[Address Reference Count : 1]<UL><LI> llc_con_upd_patch.o(i.llc_rem_con_upd_proc_continue_patch)
</UL>
<P><STRONG><a name="[2a0]"></a>llc_proc_collision_check</STRONG> (Thumb, 0 bytes, Stack size 0 bytes, rom_symbol.txt(ABSOLUTE))
<BR><BR>[Called By]<UL><LI><a href="#[83]">&gt;&gt;</a>&nbsp;&nbsp;&nbsp;ll_phy_req_handler_patch
<LI><a href="#[82]">&gt;&gt;</a>&nbsp;&nbsp;&nbsp;ll_connection_param_req_handler_patch
</UL>

<P><STRONG><a name="[2a1]"></a>llc_proc_get</STRONG> (Thumb, 0 bytes, Stack size 0 bytes, rom_symbol.txt(ABSOLUTE))
<BR><BR>[Called By]<UL><LI><a href="#[6f]">&gt;&gt;</a>&nbsp;&nbsp;&nbsp;llc_rem_con_upd_proc_continue_patch
<LI><a href="#[81]">&gt;&gt;</a>&nbsp;&nbsp;&nbsp;ll_connection_update_ind_handler_patch
<LI><a href="#[70]">&gt;&gt;</a>&nbsp;&nbsp;&nbsp;llc_rem_encrypt_proc_continue_patch
<LI><a href="#[1f2]">&gt;&gt;</a>&nbsp;&nbsp;&nbsp;llc_rem_encrypt_proc_finish
</UL>

<P><STRONG><a name="[299]"></a>llc_proc_id_get</STRONG> (Thumb, 0 bytes, Stack size 0 bytes, rom_symbol.txt(ABSOLUTE))
<BR><BR>[Called By]<UL><LI><a href="#[29a]">&gt;&gt;</a>&nbsp;&nbsp;&nbsp;llc_proc_collision_check_slave
<LI><a href="#[83]">&gt;&gt;</a>&nbsp;&nbsp;&nbsp;ll_phy_req_handler_patch
[...]
<BR><BR>[Stack]<UL><LI>Max Depth = 12<LI>Call Chain = l2cc_msg_handler_replace
</UL>
<BR>[Called By]<UL><LI><a href="#[187]">&gt;&gt;</a>&nbsp;&nbsp;&nbsp;l2cc_msg_handler_tab_replace
</UL>

<P><STRONG><a name="[2d5]"></a>lld_try_to_free_old_buffer</STRONG> (Thumb, 56 bytes, Stack size 0 bytes, lld_adv_patch.o(i.lld_try_to_free_old_buffer))
<BR><BR>[Calls]<UL><LI><a href="#[2eb]">&gt;&gt;</a>&nbsp;&nbsp;&nbsp;ble_util_buf_adv_tx_free (via Veneer)
</UL>
<BR>[Called By]<UL><LI><a href="#[2ce]">&gt;&gt;</a>&nbsp;&nbsp;&nbsp;lld_adv_frm_isr_patch
</UL>

<P><STRONG><a name="[68]"></a>hci_le_ltk_request_evt_handler_patch</STRONG> (Thumb, 178 bytes, Stack size 24 bytes, gapc_hci_patch.o(i.hci_le_ltk_request_evt_handler_patch))
<BR><BR>[Stack]<UL><LI>Max Depth = 24<LI>Call Chain = hci_le_ltk_request_evt_handler_patch
</UL>
<BR>[Calls]<UL><LI><a href="#[27d]">&gt;&gt;</a>&nbsp;&nbsp;&nbsp;smpc_send_pairing_ind
<LI><a href="#[27b]">&gt;&gt;</a>&nbsp;&nbsp;&nbsp;smpc_send_ltk_req_rsp
<LI><a href="#[27a]">&gt;&gt;</a>&nbsp;&nbsp;&nbsp;smpc_secure_connections_enabled
<LI><a href="#[27c]">&gt;&gt;</a>&nbsp;&nbsp;&nbsp;smpc_generate_stk
<LI><a href="#[279]">&gt;&gt;</a>&nbsp;&nbsp;&nbsp;gapc_get_operation
<LI><a href="#[278]">&gt;&gt;</a>&nbsp;&nbsp;&nbsp;gapc_get_conidx
<LI><a href="#[227]">&gt;&gt;</a>&nbsp;&nbsp;&nbsp;ke_msg_send
<LI><a href="#[226]">&gt;&gt;</a>&nbsp;&nbsp;&nbsp;ke_msg_alloc
</UL>
<BR>[Address Reference Count : 1]<UL><LI> gapc_hci_patch.o(i.hci_le_event_handler_tab_func_replace)
</UL>
<P><STRONG><a name="[5d]"></a>get_info</STRONG> (Thumb, 70 bytes, Stack size 16 bytes, dfu_cmd_handler_patch.o(i.get_info))
<BR><BR>[Stack]<UL><LI>Max Depth = 16<LI>Call Chain = get_info
</UL>
<BR>[Calls]<UL><LI><a href="#[23b]">&gt;&gt;</a>&nbsp;&nbsp;&nbsp;dfu_send_frame
</UL>
<BR>[Address Reference Count : 1]<UL><LI> dfu_cmd_handler_patch.o(i.dfu_cmd_handler_replace)
</UL>
<P><STRONG><a name="[1ec]"></a>get_F_value_patch</STRONG> (Thumb, 32 bytes, Stack size 0 bytes, rf_gdx_patch.o(i.get_F_value_patch))
<BR><BR>[Called By]<UL><LI><a href="#[330]">&gt;&gt;</a>&nbsp;&nbsp;&nbsp;rf_modulation_accuracy_calibration_patch
<LI><a href="#[1e8]">&gt;&gt;</a>&nbsp;&nbsp;&nbsp;ext_hp_gain_calibration
</UL>

<P><STRONG><a name="[9f]"></a>rf_init_patch</STRONG> (Thumb, 102 bytes, Stack size 16 bytes, rf_gdx_patch.o(i.rf_init_patch))
<BR><BR>[Stack]<UL><LI>Max Depth = 360<LI>Call Chain = rf_init_patch &rArr; rf_modulation_accuracy_calibration_patch &rArr; round &rArr; __aeabi_dsub &rArr; __aeabi_dadd &rArr; _double_epilogue &rArr; _double_round
</UL>
<BR>[Calls]<UL><LI><a href="#[333]">&gt;&gt;</a>&nbsp;&nbsp;&nbsp;rf_trim_calibration
<LI><a href="#[331]">&gt;&gt;</a>&nbsp;&nbsp;&nbsp;rf_misc_init
<LI><a href="#[32c]">&gt;&gt;</a>&nbsp;&nbsp;&nbsp;rf_freq_table_init
<LI><a href="#[32f]">&gt;&gt;</a>&nbsp;&nbsp;&nbsp;rf_em_init
<LI><a href="#[32e]">&gt;&gt;</a>&nbsp;&nbsp;&nbsp;rf_communication_core_init
<LI><a href="#[32d]">&gt;&gt;</a>&nbsp;&nbsp;&nbsp;rf_api_init
<LI><a href="#[332]">&gt;&gt;</a>&nbsp;&nbsp;&nbsp;rf_agc_init
<LI><a href="#[330]">&gt;&gt;</a>&nbsp;&nbsp;&nbsp;rf_modulation_accuracy_calibration_patch
<LI><a href="#[32a]">&gt;&gt;</a>&nbsp;&nbsp;&nbsp;rf_hp_gain_offset_cfg
<LI><a href="#[1e8]">&gt;&gt;</a>&nbsp;&nbsp;&nbsp;ext_hp_gain_calibration
<LI><a href="#[334]">&gt;&gt;</a>&nbsp;&nbsp;&nbsp;rf_timing_cfg
</UL>
<BR>[Address Reference Count : 1]<UL><LI> rf_gdx_patch.o(i.rf_gdx_replace)
</UL>
<P><STRONG><a name="[339]"></a>rf_tx_pw_conv_tbl_get</STRONG> (Thumb, 78 bytes, Stack size 0 bytes, rf_gdx_patch.o(i.rf_tx_pw_conv_tbl_get))
<BR><BR>[Called By]<UL><LI><a href="#[a0]">&gt;&gt;</a>&nbsp;&nbsp;&nbsp;rf_txpwr_dbm_get_patch
<LI><a href="#[a1]">&gt;&gt;</a>&nbsp;&nbsp;&nbsp;rf_txpwr_cs_get_patch
</UL>

<P><STRONG><a name="[a1]"></a>rf_txpwr_cs_get_patch</STRONG> (Thumb, 96 bytes, Stack size 16 bytes, rf_gdx_patch.o(i.rf_txpwr_cs_get_patch))
<BR><BR>[Stack]<UL><LI>Max Depth = 16<LI>Call Chain = rf_txpwr_cs_get_patch
</UL>
<BR>[Calls]<UL><LI><a href="#[337]">&gt;&gt;</a>&nbsp;&nbsp;&nbsp;rf_tx_mode_get
<LI><a href="#[338]">&gt;&gt;</a>&nbsp;&nbsp;&nbsp;rf_mat_cir_get
<LI><a href="#[339]">&gt;&gt;</a>&nbsp;&nbsp;&nbsp;rf_tx_pw_conv_tbl_get
</UL>
<BR>[Address Reference Count : 1]<UL><LI> rf_gdx_patch.o(i.rf_init_patch)
</UL>
<P><STRONG><a name="[a0]"></a>rf_txpwr_dbm_get_patch</STRONG> (Thumb, 94 bytes, Stack size 24 bytes, rf_gdx_patch.o(i.rf_txpwr_dbm_get_patch))
<BR><BR>[Stack]<UL><LI>Max Depth = 24<LI>Call Chain = rf_txpwr_dbm_get_patch
</UL>
<BR>[Calls]<UL><LI><a href="#[337]">&gt;&gt;</a>&nbsp;&nbsp;&nbsp;rf_tx_mode_get
<LI><a href="#[338]">&gt;&gt;</a>&nbsp;&nbsp;&nbsp;rf_mat_cir_get
<LI><a href="#[339]">&gt;&gt;</a>&nbsp;&nbsp;&nbsp;rf_tx_pw_conv_tbl_get
</UL>
<BR>[Address Reference Count : 1]<UL><LI> rf_gdx_patch.o(i.rf_init_patch)
</UL>
<P><STRONG><a name="[15d]"></a>attm_update_max_len</STRONG> (Thumb, 102 bytes, Stack size 24 bytes, ble_sdk_gapm_patch.o(i.attm_update_max_len))
<BR><BR>[Stack]<UL><LI>Max Depth = 24<LI>Call Chain = attm_update_max_len
</UL>
<BR>[Calls]<UL><LI><a href="#[15f]">&gt;&gt;</a>&nbsp;&nbsp;&nbsp;attmdb_uuid16_comp (via Veneer)
<LI><a href="#[15e]">&gt;&gt;</a>&nbsp;&nbsp;&nbsp;attmdb_get_attribute (via Veneer)
</UL>
<BR>[Called By]<UL><LI><a href="#[b1]">&gt;&gt;</a>&nbsp;&nbsp;&nbsp;gapm_cmp_evt_handler_patch
</UL>

<P><STRONG><a name="[b0]"></a>gap_activity_stopped_ind_handler_patch</STRONG> (Thumb, 274 bytes, Stack size 32 bytes, ble_sdk_gapm_patch.o(i.gap_activity_stopped_ind_handler_patch))
<BR><BR>[Stack]<UL><LI>Max Depth = 32<LI>Call Chain = gap_activity_stopped_ind_handler_patch
</UL>
<BR>[Calls]<UL><LI><a href="#[10c]">&gt;&gt;</a>&nbsp;&nbsp;&nbsp;dbg_log_printf (via Veneer)
<LI><a href="#[1f7]">&gt;&gt;</a>&nbsp;&nbsp;&nbsp;gap_get_per_sync_idx_by_actv_idx
<LI><a href="#[1f6]">&gt;&gt;</a>&nbsp;&nbsp;&nbsp;gap_get_adv_idx_by_actv_idx
</UL>
<BR>[Address Reference Count : 1]<UL><LI> ble_sdk_gapm_patch.o(i.sdk_gapm_msg_handler_tab_replace)
</UL>
<P><STRONG><a name="[51]"></a>gap_device_config_params_init_patch</STRONG> (Thumb, 256 bytes, Stack size 72 bytes, ble_sdk_gapm_patch.o(i.gap_device_config_params_init_patch))
<BR><BR>[Stack]<UL><LI>Max Depth = 336<LI>Call Chain = gap_device_config_params_init_patch &rArr; init_ltk_list
</UL>
<BR>[Calls]<UL><LI><a href="#[206]">&gt;&gt;</a>&nbsp;&nbsp;&nbsp;sec_build_rand16
<LI><a href="#[4e]">&gt;&gt;</a>&nbsp;&nbsp;&nbsp;ble_nvds_get
<LI><a href="#[205]">&gt;&gt;</a>&nbsp;&nbsp;&nbsp;rwip_time_get
<LI><a href="#[204]">&gt;&gt;</a>&nbsp;&nbsp;&nbsp;sys_trim_sum_get
<LI><a href="#[203]">&gt;&gt;</a>&nbsp;&nbsp;&nbsp;sys_device_uid_get
<LI><a href="#[207]">&gt;&gt;</a>&nbsp;&nbsp;&nbsp;init_ltk_list
<LI><a href="#[10b]">&gt;&gt;</a>&nbsp;&nbsp;&nbsp;memcmp
<LI><a href="#[10d]">&gt;&gt;</a>&nbsp;&nbsp;&nbsp;__aeabi_memcpy
<LI><a href="#[1b5]">&gt;&gt;</a>&nbsp;&nbsp;&nbsp;srand
</UL>
<BR>[Address Reference Count : 1]<UL><LI> ble_sdk_gapm_patch.o(i.ble_sdk_gapm_replace)
</UL>
<P><STRONG><a name="[52]"></a>gap_init_fsm_next_func_patch</STRONG> (Thumb, 448 bytes, Stack size 48 bytes, ble_sdk_gapm_patch.o(i.gap_init_fsm_next_func_patch))
<BR><BR>[Stack]<UL><LI>Max Depth = 48<LI>Call Chain = gap_init_fsm_next_func_patch
</UL>
<BR>[Calls]<UL><LI><a href="#[1a5]">&gt;&gt;</a>&nbsp;&nbsp;&nbsp;fpb_save_state
<LI><a href="#[1a4]">&gt;&gt;</a>&nbsp;&nbsp;&nbsp;fpb_load_state
<LI><a href="#[10c]">&gt;&gt;</a>&nbsp;&nbsp;&nbsp;dbg_log_printf (via Veneer)
<LI><a href="#[211]">&gt;&gt;</a>&nbsp;&nbsp;&nbsp;assert_err (via Veneer)
<LI><a href="#[210]">&gt;&gt;</a>&nbsp;&nbsp;&nbsp;get_conn_idx_by_hdl
<LI><a href="#[20f]">&gt;&gt;</a>&nbsp;&nbsp;&nbsp;gap_stop_initiating
<LI><a href="#[20e]">&gt;&gt;</a>&nbsp;&nbsp;&nbsp;gap_start_initiating
<LI><a href="#[20d]">&gt;&gt;</a>&nbsp;&nbsp;&nbsp;gap_delete_initiating
<LI><a href="#[20b]">&gt;&gt;</a>&nbsp;&nbsp;&nbsp;gap_create_initiating
<LI><a href="#[20c]">&gt;&gt;</a>&nbsp;&nbsp;&nbsp;gap_activity_opera_end
</UL>
<BR>[Address Reference Count : 1]<UL><LI> ble_sdk_gapm_patch.o(i.ble_sdk_gapm_replace)
</UL>
<P><STRONG><a name="[b1]"></a>gapm_cmp_evt_handler_patch</STRONG> (Thumb, 158 bytes, Stack size 208 bytes, ble_sdk_gapm_patch.o(i.gapm_cmp_evt_handler_patch))
<BR><BR>[Stack]<UL><LI>Max Depth = 232<LI>Call Chain = gapm_cmp_evt_handler_patch &rArr; attm_update_max_len
</UL>
<BR>[Calls]<UL><LI><a href="#[1f9]">&gt;&gt;</a>&nbsp;&nbsp;&nbsp;gap_cache_data_init
<LI><a href="#[1a5]">&gt;&gt;</a>&nbsp;&nbsp;&nbsp;fpb_save_state
<LI><a href="#[1a4]">&gt;&gt;</a>&nbsp;&nbsp;&nbsp;fpb_load_state
<LI><a href="#[222]">&gt;&gt;</a>&nbsp;&nbsp;&nbsp;ble_bm_get_sec_info_by_peer_irk
<LI><a href="#[221]">&gt;&gt;</a>&nbsp;&nbsp;&nbsp;gapm_get_att_handle
<LI><a href="#[223]">&gt;&gt;</a>&nbsp;&nbsp;&nbsp;gapm_cmp_evt_handler
<LI><a href="#[1f8]">&gt;&gt;</a>&nbsp;&nbsp;&nbsp;gap_cache_data_get
<LI><a href="#[186]">&gt;&gt;</a>&nbsp;&nbsp;&nbsp;l2cm_l2cap_tx_handler_replace
<LI><a href="#[15d]">&gt;&gt;</a>&nbsp;&nbsp;&nbsp;attm_update_max_len
</UL>
<BR>[Address Reference Count : 1]<UL><LI> ble_sdk_gapm_patch.o(i.sdk_gapm_msg_handler_tab_replace)
</UL>
<P><STRONG><a name="[207]"></a>init_ltk_list</STRONG> (Thumb, 206 bytes, Stack size 264 bytes, ble_sdk_gapm_patch.o(i.init_ltk_list))
<BR><BR>[Stack]<UL><LI>Max Depth = 264<LI>Call Chain = init_ltk_list
</UL>
<BR>[Calls]<UL><LI><a href="#[28a]">&gt;&gt;</a>&nbsp;&nbsp;&nbsp;ble_bm_get_sec_info
<LI><a href="#[10c]">&gt;&gt;</a>&nbsp;&nbsp;&nbsp;dbg_log_printf (via Veneer)
<LI><a href="#[289]">&gt;&gt;</a>&nbsp;&nbsp;&nbsp;ble_bm_get_bond_devs
<LI><a href="#[113]">&gt;&gt;</a>&nbsp;&nbsp;&nbsp;__aeabi_memclr4
<LI><a href="#[e6]">&gt;&gt;</a>&nbsp;&nbsp;&nbsp;__aeabi_memclr
<LI><a href="#[10d]">&gt;&gt;</a>&nbsp;&nbsp;&nbsp;__aeabi_memcpy
</UL>
<BR>[Called By]<UL><LI><a href="#[51]">&gt;&gt;</a>&nbsp;&nbsp;&nbsp;gap_device_config_params_init_patch
</UL>

<P><STRONG><a name="[af]"></a>gap_cmp_evt_handler_patch</STRONG> (Thumb, 384 bytes, Stack size 48 bytes, ble_sdk_gapc_patch.o(i.gap_cmp_evt_handler_patch))
<BR><BR>[Stack]<UL><LI>Max Depth = 48<LI>Call Chain = gap_cmp_evt_handler_patch
</UL>
<BR>[Calls]<UL><LI><a href="#[1f9]">&gt;&gt;</a>&nbsp;&nbsp;&nbsp;gap_cache_data_init
<LI><a href="#[1a5]">&gt;&gt;</a>&nbsp;&nbsp;&nbsp;fpb_save_state
<LI><a href="#[1a4]">&gt;&gt;</a>&nbsp;&nbsp;&nbsp;fpb_load_state
<LI><a href="#[10c]">&gt;&gt;</a>&nbsp;&nbsp;&nbsp;dbg_log_printf (via Veneer)
<LI><a href="#[1f8]">&gt;&gt;</a>&nbsp;&nbsp;&nbsp;gap_cache_data_get
</UL>
<BR>[Address Reference Count : 1]<UL><LI> ble_sdk_gapc_patch.o(i.sdk_gapc_msg_handler_tab_replace)
</UL>
<P><STRONG><a name="[ab]"></a>gap_connection_req_ind_handler_patch</STRONG> (Thumb, 302 bytes, Stack size 592 bytes, ble_sdk_gapc_patch.o(i.gap_connection_req_ind_handler_patch))
<BR><BR>[Stack]<UL><LI>Max Depth = 592<LI>Call Chain = gap_connection_req_ind_handler_patch
</UL>
<BR>[Calls]<UL><LI><a href="#[1a5]">&gt;&gt;</a>&nbsp;&nbsp;&nbsp;fpb_save_state
<LI><a href="#[1a4]">&gt;&gt;</a>&nbsp;&nbsp;&nbsp;fpb_load_state
<LI><a href="#[1fa]">&gt;&gt;</a>&nbsp;&nbsp;&nbsp;ble_gapc_role_get
<LI><a href="#[10c]">&gt;&gt;</a>&nbsp;&nbsp;&nbsp;dbg_log_printf (via Veneer)
<LI><a href="#[1fc]">&gt;&gt;</a>&nbsp;&nbsp;&nbsp;sec_on_conn_complete
<LI><a href="#[1fd]">&gt;&gt;</a>&nbsp;&nbsp;&nbsp;gatt_on_connection
<LI><a href="#[1fe]">&gt;&gt;</a>&nbsp;&nbsp;&nbsp;gap_reslv_addr
<LI><a href="#[1fb]">&gt;&gt;</a>&nbsp;&nbsp;&nbsp;ble_bm_get_ral_dev_list
<LI><a href="#[113]">&gt;&gt;</a>&nbsp;&nbsp;&nbsp;__aeabi_memclr4
<LI><a href="#[10d]">&gt;&gt;</a>&nbsp;&nbsp;&nbsp;__aeabi_memcpy
</UL>
<BR>[Address Reference Count : 1]<UL><LI> ble_sdk_gapc_patch.o(i.sdk_gapc_msg_handler_tab_replace)
</UL>
<P><STRONG><a name="[ac]"></a>gap_disconnect_ind_handler_patch</STRONG> (Thumb, 128 bytes, Stack size 16 bytes, ble_sdk_gapc_patch.o(i.gap_disconnect_ind_handler_patch))
<BR><BR>[Stack]<UL><LI>Max Depth = 16<LI>Call Chain = gap_disconnect_ind_handler_patch
</UL>
<BR>[Calls]<UL><LI><a href="#[1a5]">&gt;&gt;</a>&nbsp;&nbsp;&nbsp;fpb_save_state
<LI><a href="#[1a4]">&gt;&gt;</a>&nbsp;&nbsp;&nbsp;fpb_load_state
<LI><a href="#[10c]">&gt;&gt;</a>&nbsp;&nbsp;&nbsp;dbg_log_printf (via Veneer)
<LI><a href="#[20a]">&gt;&gt;</a>&nbsp;&nbsp;&nbsp;sec_clear_bond_info_env
<LI><a href="#[209]">&gt;&gt;</a>&nbsp;&nbsp;&nbsp;gatt_on_disconnection
<LI><a href="#[208]">&gt;&gt;</a>&nbsp;&nbsp;&nbsp;sec_on_disconn
</UL>
<BR>[Address Reference Count : 1]<UL><LI> ble_sdk_gapc_patch.o(i.sdk_gapc_msg_handler_tab_replace)
</UL>
<P><STRONG><a name="[b3]"></a>ble_sdk_gattc_event_ind_handler_patch</STRONG> (Thumb, 98 bytes, Stack size 24 bytes, ble_sdk_gatt_task_patch.o(i.ble_sdk_gattc_event_ind_handler_patch))
<BR><BR>[Stack]<UL><LI>Max Depth = 40<LI>Call Chain = ble_sdk_gattc_event_ind_handler_patch &rArr; ble_gattc_indicate_cfm
</UL>
<BR>[Calls]<UL><LI><a href="#[1a5]">&gt;&gt;</a>&nbsp;&nbsp;&nbsp;fpb_save_state
<LI><a href="#[1a4]">&gt;&gt;</a>&nbsp;&nbsp;&nbsp;fpb_load_state
<LI><a href="#[18f]">&gt;&gt;</a>&nbsp;&nbsp;&nbsp;ble_gattc_indicate_cfm
</UL>
<BR>[Address Reference Count : 1]<UL><LI> ble_sdk_gatt_task_patch.o(i.sdk_gatt_msg_handler_tab_replace)
</UL>
<P><STRONG><a name="[b4]"></a>ble_sdk_gatts_svc_changed_cfg_ind_handler_patch</STRONG> (Thumb, 94 bytes, Stack size 24 bytes, ble_sdk_gatt_task_patch.o(i.ble_sdk_gatts_svc_changed_cfg_ind_handler_patch))
<BR><BR>[Stack]<UL><LI>Max Depth = 48<LI>Call Chain = ble_sdk_gatts_svc_changed_cfg_ind_handler_patch &rArr; sec_check_conn_bond_patch
</UL>
<BR>[Calls]<UL><LI><a href="#[1a6]">&gt;&gt;</a>&nbsp;&nbsp;&nbsp;sec_get_bond_dev_addr
<LI><a href="#[1a7]">&gt;&gt;</a>&nbsp;&nbsp;&nbsp;gatt_find_item
<LI><a href="#[1a9]">&gt;&gt;</a>&nbsp;&nbsp;&nbsp;gatt_add_bond_cccd
<LI><a href="#[1a8]">&gt;&gt;</a>&nbsp;&nbsp;&nbsp;ble_gattm_svc_start_hdl_get
<LI><a href="#[1ab]">&gt;&gt;</a>&nbsp;&nbsp;&nbsp;ble_bm_set_gatt_info
<LI><a href="#[10c]">&gt;&gt;</a>&nbsp;&nbsp;&nbsp;dbg_log_printf (via Veneer)
<LI><a href="#[1aa]">&gt;&gt;</a>&nbsp;&nbsp;&nbsp;sec_check_conn_bond_patch
</UL>
<BR>[Address Reference Count : 1]<UL><LI> ble_sdk_gatt_task_patch.o(i.sdk_gatt_msg_handler_tab_replace)
</UL>
<P><STRONG><a name="[b5]"></a>gattc_write_req_ind_handler_patch</STRONG> (Thumb, 178 bytes, Stack size 40 bytes, ble_sdk_prf_patch.o(i.gattc_write_req_ind_handler_patch))
<BR><BR>[Stack]<UL><LI>Max Depth = 64<LI>Call Chain = gattc_write_req_ind_handler_patch &rArr; sec_check_conn_bond_patch
</UL>
<BR>[Calls]<UL><LI><a href="#[1a5]">&gt;&gt;</a>&nbsp;&nbsp;&nbsp;fpb_save_state
<LI><a href="#[1a4]">&gt;&gt;</a>&nbsp;&nbsp;&nbsp;fpb_load_state
<LI><a href="#[236]">&gt;&gt;</a>&nbsp;&nbsp;&nbsp;prf_get_prf_cb_by_task_id
<LI><a href="#[239]">&gt;&gt;</a>&nbsp;&nbsp;&nbsp;ble_prf_get_id_from_task
<LI><a href="#[238]">&gt;&gt;</a>&nbsp;&nbsp;&nbsp;ble_attmdb_uuid16_comp
<LI><a href="#[237]">&gt;&gt;</a>&nbsp;&nbsp;&nbsp;ble_attmdb_get_attribute
<LI><a href="#[1a6]">&gt;&gt;</a>&nbsp;&nbsp;&nbsp;sec_get_bond_dev_addr
<LI><a href="#[1a7]">&gt;&gt;</a>&nbsp;&nbsp;&nbsp;gatt_find_item
<LI><a href="#[1a9]">&gt;&gt;</a>&nbsp;&nbsp;&nbsp;gatt_add_bond_cccd
<LI><a href="#[1ab]">&gt;&gt;</a>&nbsp;&nbsp;&nbsp;ble_bm_set_gatt_info
<LI><a href="#[10c]">&gt;&gt;</a>&nbsp;&nbsp;&nbsp;dbg_log_printf (via Veneer)
<LI><a href="#[1aa]">&gt;&gt;</a>&nbsp;&nbsp;&nbsp;sec_check_conn_bond_patch
</UL>
<BR>[Address Reference Count : 1]<UL><LI> ble_sdk_prf_patch.o(i.sdk_prf_msg_handler_tab_replace)
</UL>
<P><STRONG><a name="[d4]"></a>atts_read_mult_req_patch</STRONG> (Thumb, 376 bytes, Stack size 56 bytes, atts_patch.o(i.atts_read_mult_req_patch))
<BR><BR>[Stack]<UL><LI>Max Depth = 56<LI>Call Chain = atts_read_mult_req_patch
</UL>
<BR>[Calls]<UL><LI><a href="#[169]">&gt;&gt;</a>&nbsp;&nbsp;&nbsp;ke_malloc
<LI><a href="#[166]">&gt;&gt;</a>&nbsp;&nbsp;&nbsp;gattc_get_mtu
<LI><a href="#[165]">&gt;&gt;</a>&nbsp;&nbsp;&nbsp;co_list_size (via Veneer)
<LI><a href="#[163]">&gt;&gt;</a>&nbsp;&nbsp;&nbsp;co_list_push_back (via Veneer)
<LI><a href="#[16c]">&gt;&gt;</a>&nbsp;&nbsp;&nbsp;atts_send_pdu (via Veneer)
<LI><a href="#[16d]">&gt;&gt;</a>&nbsp;&nbsp;&nbsp;atts_send_error (via Veneer)
<LI><a href="#[168]">&gt;&gt;</a>&nbsp;&nbsp;&nbsp;atts_get_value (via Veneer)
<LI><a href="#[167]">&gt;&gt;</a>&nbsp;&nbsp;&nbsp;atts_get_att_chk_perm (via Veneer)
<LI><a href="#[16a]">&gt;&gt;</a>&nbsp;&nbsp;&nbsp;atts_clear_read_cache (via Veneer)
<LI><a href="#[16b]">&gt;&gt;</a>&nbsp;&nbsp;&nbsp;l2cc_pdu_alloc
<LI><a href="#[10c]">&gt;&gt;</a>&nbsp;&nbsp;&nbsp;dbg_log_printf (via Veneer)
<LI><a href="#[10d]">&gt;&gt;</a>&nbsp;&nbsp;&nbsp;__aeabi_memcpy
</UL>
<BR>[Address Reference Count : 1]<UL><LI> atts_patch.o(.constdata)
</UL>
<P><STRONG><a name="[1f0]"></a>find_ltk_again</STRONG> (Thumb, 44 bytes, Stack size 16 bytes, ble_sdk_sec_patch.o(i.find_ltk_again))
<BR><BR>[Stack]<UL><LI>Max Depth = 28<LI>Call Chain = find_ltk_again &rArr; memcmp
</UL>
<BR>[Calls]<UL><LI><a href="#[10b]">&gt;&gt;</a>&nbsp;&nbsp;&nbsp;memcmp
</UL>
<BR>[Called By]<UL><LI><a href="#[ae]">&gt;&gt;</a>&nbsp;&nbsp;&nbsp;sec_rcv_encrypt_req_ind_handler_patch
</UL>

<P><STRONG><a name="[345]"></a>sec_bond_info_miss_check</STRONG> (Thumb, 70 bytes, Stack size 192 bytes, ble_sdk_sec_patch.o(i.sec_bond_info_miss_check))
<BR><BR>[Stack]<UL><LI>Max Depth = 192<LI>Call Chain = sec_bond_info_miss_check
</UL>
<BR>[Calls]<UL><LI><a href="#[28a]">&gt;&gt;</a>&nbsp;&nbsp;&nbsp;ble_bm_get_sec_info
</UL>
<BR>[Called By]<UL><LI><a href="#[ad]">&gt;&gt;</a>&nbsp;&nbsp;&nbsp;sec_rcv_sec_req_ind_handler_patch
</UL>

<P><STRONG><a name="[102]"></a>_fp_digits</STRONG> (Thumb, 334 bytes, Stack size 56 bytes, printfa.o(i._fp_digits), UNUSED)
<BR><BR>[Calls]<UL><LI><a href="#[103]">&gt;&gt;</a>&nbsp;&nbsp;&nbsp;__aeabi_cdrcmple
<LI><a href="#[ef]">&gt;&gt;</a>&nbsp;&nbsp;&nbsp;__aeabi_dmul
<LI><a href="#[f0]">&gt;&gt;</a>&nbsp;&nbsp;&nbsp;__aeabi_ddiv
<LI><a href="#[e9]">&gt;&gt;</a>&nbsp;&nbsp;&nbsp;__aeabi_dadd
<LI><a href="#[f7]">&gt;&gt;</a>&nbsp;&nbsp;&nbsp;__aeabi_d2ulz
<LI><a href="#[e3]">&gt;&gt;</a>&nbsp;&nbsp;&nbsp;__aeabi_uldivmod
</UL>
<BR>[Called By]<UL><LI><a href="#[ff]">&gt;&gt;</a>&nbsp;&nbsp;&nbsp;_printf_core
</UL>

<P><STRONG><a name="[ff]"></a>_printf_core</STRONG> (Thumb, 1744 bytes, Stack size 136 bytes, printfa.o(i._printf_core), UNUSED)
<BR><BR>[Calls]<UL><LI><a href="#[104]">&gt;&gt;</a>&nbsp;&nbsp;&nbsp;_printf_pre_padding
<LI><a href="#[105]">&gt;&gt;</a>&nbsp;&nbsp;&nbsp;_printf_post_padding
<LI><a href="#[102]">&gt;&gt;</a>&nbsp;&nbsp;&nbsp;_fp_digits
<LI><a href="#[e3]">&gt;&gt;</a>&nbsp;&nbsp;&nbsp;__aeabi_uldivmod
<LI><a href="#[106]">&gt;&gt;</a>&nbsp;&nbsp;&nbsp;__aeabi_uidivmod
</UL>
<BR>[Called By]<UL><LI><a href="#[101]">&gt;&gt;</a>&nbsp;&nbsp;&nbsp;__0vsnprintf
<LI><a href="#[100]">&gt;&gt;</a>&nbsp;&nbsp;&nbsp;__0sprintf
<LI><a href="#[fe]">&gt;&gt;</a>&nbsp;&nbsp;&nbsp;__0snprintf
</UL>

<P><STRONG><a name="[105]"></a>_printf_post_padding</STRONG> (Thumb, 36 bytes, Stack size 24 bytes, printfa.o(i._printf_post_padding), UNUSED)
<BR><BR>[Called By]<UL><LI><a href="#[ff]">&gt;&gt;</a>&nbsp;&nbsp;&nbsp;_printf_core
</UL>

<P><STRONG><a name="[104]"></a>_printf_pre_padding</STRONG> (Thumb, 46 bytes, Stack size 24 bytes, printfa.o(i._printf_pre_padding), UNUSED)
<BR><BR>[Called By]<UL><LI><a href="#[ff]">&gt;&gt;</a>&nbsp;&nbsp;&nbsp;_printf_core
</UL>

<P><STRONG><a name="[45]"></a>_snputc</STRONG> (Thumb, 22 bytes, Stack size 0 bytes, printfa.o(i._snputc))
<BR>[Address Reference Count : 2]<UL><LI> printfa.o(i.__0snprintf)
<LI> printfa.o(i.__0vsnprintf)
</UL>
<P><STRONG><a name="[46]"></a>_sputc</STRONG> (Thumb, 10 bytes, Stack size 0 bytes, printfa.o(i._sputc))
<BR><BR>[Called By]<UL><LI><a href="#[100]">&gt;&gt;</a>&nbsp;&nbsp;&nbsp;__0sprintf
</UL>
<BR>[Address Reference Count : 1]<UL><LI> printfa.o(i.__0sprintf)
</UL><P>
<H3>
Undefined Global Symbols
</H3><HR></body></html>
