<html>
<body>
<pre>
<h1>礦ision Build Log</h1>
<h2>Tool Versions:</h2>
IDE-Version: μVision V5.18.0.0
Copyright (C) 2016 ARM Ltd and ARM Germany GmbH. All rights reserved.
License Information: 软件安装管家 Microsoft, Microsoft, LIC=IK1BF-6Q6TR-QDEKD-8TUN2-X9RM1-XKGPU
 
Tool Versions:
Toolchain:       MDK-ARM Standard  Version: 5.18
Toolchain Path:  D:\Keil_v5MDK\ARM\ARMCC\Bin
C Compiler:      Armcc.exe V5.06 update 1 (build 61)
Assembler:       Armasm.exe V5.06 update 1 (build 61)
Linker/Locator:  ArmLink.exe V5.06 update 1 (build 61)
Library Manager: ArmAr.exe V5.06 update 1 (build 61)
Hex Converter:   FromElf.exe V5.06 update 1 (build 61)
CPU DLL:         SARMCM3.DLL V5.18
Dialog DLL:      DCM.DLL V1.13.6.0
Target DLL:      Segger\JL2CM3.dll V2.99.18.0
Dialog DLL:      TCM.DLL V1.14.8.0
 
<h2>Project:</h2>
E:\GR551开发资料\GR5515_V1_6_10_B6815\projects\ble\ble_peripheral\ble_app_uart\Keil_5\ble_app_uart.uvprojx
Project File Date:  08/18/2022

<h2>Output:</h2>
*** Using Compiler 'V5.06 update 1 (build 61)', folder: 'D:\Keil_v5MDK\ARM\ARMCC\Bin'
Build target 'GR5515_SK'
compiling gus.c...
compiling transport_scheduler.c...
compiling user_app.c...
compiling main.c...
linking...
Program Size: Code=67972 RO-data=4332 RW-data=1296 ZI-data=78608  
After Build - User command #1: ..\..\..\..\..\build\scripts\after_build.bat ble_app_uart D:\Keil_v5MDK\
Goodix BLE tools V2.8 [build time:  10:42:01, Jun 25 2021]
---------------------------------------------------------------
boot_info = 
{
    .bin_size       = 0x00011d00,
    .check_sum      = 0x006ffce0,
    .load_addr      = 0x01002000,
    .run_addr       = 0x01002000,
    .xqspi_xip_cmd  = 0x0b,
    .xqspi_speed    = 0x04,
    .code_copy_mode = 0x00,
    .boot_clk       = 0x02,
    .check_image    = 0x01,
    .boot_delay     = 0x01,
}
---------------------------------------------------------------
Firmware has been successfully generated!
".\Objects\ble_app_uart.axf" - 0 Error(s), 0 Warning(s).

<h2>Collection of Component include folders:</h2>
  E:\GR551开发资料\GR5515_V1_6_10_B6815\projects\ble\ble_peripheral\ble_app_uart\Keil_5\RTE
  D:\Keil_v5MDK\ARM\PACK\ARM\CMSIS\4.5.0\Device\ARM\ARMCM4\Include

<h2>Collection of Component Files used:</h2>
Build Time Elapsed:  00:00:06
</pre>
</body>
</html>
